Reusing configuration cache.
> Task :app:generateDebugAssets UP-TO-DATE
> Task :app:preBuild UP-TO-DATE
> Task :app:preDebugBuild UP-TO-DATE
> Task :app:processDebugGoogleServices UP-TO-DATE
> Task :app:mergeDebugNativeDebugMetadata NO-SOURCE
> Task :app:generateDebugResources UP-TO-DATE
> Task :app:generateDebugBuildConfig UP-TO-DATE
> Task :app:packageDebugResources UP-TO-DATE
> Task :app:mergeDebugAssets UP-TO-DATE
> Task :app:compressDebugAssets UP-TO-DATE
> Task :app:createDebugCompatibleScreenManifests UP-TO-DATE
> Task :app:validateSigningDebug UP-TO-DATE
> Task :app:extractDeepLinksDebug UP-TO-DATE
> Task :app:writeDebugAppMetadata UP-TO-DATE
> Task :app:writeDebugSigningConfigVersions UP-TO-DATE
> Task :app:javaPreCompileDebug UP-TO-DATE
> Task :app:desugarDebugFileDependencies UP-TO-DATE
> Task :app:processDebugNavigationResources UP-TO-DATE
> Task :app:mergeDebugJniLibFolders UP-TO-DATE
> Task :app:parseDebugLocalResources UP-TO-DATE
> Task :app:compileDebugNavigationResources UP-TO-DATE
> Task :app:mergeDebugResources UP-TO-DATE
> Task :app:checkDebugAarMetadata UP-TO-DATE
> Task :app:generateDebugRFile UP-TO-DATE
> Task :app:mapDebugSourceSetPaths UP-TO-DATE
> Task :app:checkDebugDuplicateClasses UP-TO-DATE
> Task :app:processDebugMainManifest UP-TO-DATE
> Task :app:mergeLibDexDebug UP-TO-DATE
> Task :app:mergeDebugNativeLibs UP-TO-DATE
> Task :app:processDebugManifest UP-TO-DATE
> Task :app:processDebugManifestForPackage UP-TO-DATE
> Task :app:stripDebugDebugSymbols UP-TO-DATE
> Task :app:mergeExtDexDebug UP-TO-DATE
> Task :app:kspDebugKotlin UP-TO-DATE
> Task :app:processDebugResources UP-TO-DATE

> Task :app:compileDebugKotlin FAILED
e: file:///C:/Android%20Development/dex_reader/DexReader/app/src/main/java/com/decoutkhanqindev/dexreader/presentation/model/error/UserError.kt:29:55 Unresolved reference 'error_registration_failed'.
e: file:///C:/Android%20Development/dex_reader/DexReader/app/src/main/java/com/decoutkhanqindev/dexreader/presentation/screens/favorites/FavoritesViewModel.kt:6:56 Unresolved reference 'FavoritesException'.
e: file:///C:/Android%20Development/dex_reader/DexReader/app/src/main/java/com/decoutkhanqindev/dexreader/presentation/screens/favorites/FavoritesViewModel.kt:75:56 Unresolved reference 'FavoritesException'.
e: file:///C:/Android%20Development/dex_reader/DexReader/app/src/main/java/com/decoutkhanqindev/dexreader/presentation/screens/history/HistoryViewModel.kt:6:56 Unresolved reference 'HistoryException'.
e: file:///C:/Android%20Development/dex_reader/DexReader/app/src/main/java/com/decoutkhanqindev/dexreader/presentation/screens/history/HistoryViewModel.kt:82:56 Unresolved reference 'HistoryException'.
e: file:///C:/Android%20Development/dex_reader/DexReader/app/src/main/java/com/decoutkhanqindev/dexreader/presentation/screens/manga_details/MangaDetailsViewModel.kt:7:56 Unresolved reference 'FavoritesException'.
e: file:///C:/Android%20Development/dex_reader/DexReader/app/src/main/java/com/decoutkhanqindev/dexreader/presentation/screens/manga_details/MangaDetailsViewModel.kt:8:56 Unresolved reference 'HistoryException'.
e: file:///C:/Android%20Development/dex_reader/DexReader/app/src/main/java/com/decoutkhanqindev/dexreader/presentation/screens/manga_details/MangaDetailsViewModel.kt:238:36 Unresolved reference 'FavoritesException'.
e: file:///C:/Android%20Development/dex_reader/DexReader/app/src/main/java/com/decoutkhanqindev/dexreader/presentation/screens/manga_details/MangaDetailsViewModel.kt:321:38 Unresolved reference 'HistoryException'.
e: file:///C:/Android%20Development/dex_reader/DexReader/app/src/main/java/com/decoutkhanqindev/dexreader/presentation/screens/manga_details/MangaDetailsViewModel.kt:383:38 Unresolved reference 'HistoryException'.
e: file:///C:/Android%20Development/dex_reader/DexReader/app/src/main/java/com/decoutkhanqindev/dexreader/presentation/screens/reader/ReaderViewModel.kt:7:56 Unresolved reference 'HistoryException'.
e: file:///C:/Android%20Development/dex_reader/DexReader/app/src/main/java/com/decoutkhanqindev/dexreader/presentation/screens/reader/ReaderViewModel.kt:8:56 Unresolved reference 'MangaException'.
e: file:///C:/Android%20Development/dex_reader/DexReader/app/src/main/java/com/decoutkhanqindev/dexreader/presentation/screens/reader/ReaderViewModel.kt:141:28 Unresolved reference 'MangaException'.
e: file:///C:/Android%20Development/dex_reader/DexReader/app/src/main/java/com/decoutkhanqindev/dexreader/presentation/screens/reader/ReaderViewModel.kt:439:38 Unresolved reference 'HistoryException'.
e: file:///C:/Android%20Development/dex_reader/DexReader/app/src/main/java/com/decoutkhanqindev/dexreader/presentation/screens/reader/ReaderViewModel.kt:503:38 Unresolved reference 'HistoryException'.

FAILURE: Build failed with an exception.

* What went wrong:
Execution failed for task ':app:compileDebugKotlin'.
> A failure occurred while executing org.jetbrains.kotlin.compilerRunner.GradleCompilerRunnerWithWorkers$GradleKotlinCompilerWorkAction
   > Compilation error. See log for more details

* Try:
> Run with --stacktrace option to get the stack trace.
> Run with --info or --debug option to get more log output.
> Run with --scan to get full insights from a Build Scan (powered by Develocity).
> Get more help at https://help.gradle.org.

BUILD FAILED in 6s
32 actionable tasks: 1 executed, 31 up-to-date
Configuration cache entry reused.
