> Task :app:checkKotlinGradlePluginConfigurationErrors SKIPPED
> Task :app:preBuild UP-TO-DATE
> Task :app:preDebugBuild UP-TO-DATE
> Task :app:generateDebugBuildConfig UP-TO-DATE
> Task :app:checkDebugAarMetadata UP-TO-DATE
> Task :app:processDebugNavigationResources UP-TO-DATE
> Task :app:compileDebugNavigationResources UP-TO-DATE
> Task :app:generateDebugResValues UP-TO-DATE
> Task :app:processDebugGoogleServices UP-TO-DATE
> Task :app:mapDebugSourceSetPaths UP-TO-DATE
> Task :app:generateDebugResources UP-TO-DATE
> Task :app:mergeDebugResources UP-TO-DATE
> Task :app:packageDebugResources UP-TO-DATE
> Task :app:parseDebugLocalResources UP-TO-DATE
> Task :app:createDebugCompatibleScreenManifests UP-TO-DATE
> Task :app:extractDeepLinksDebug UP-TO-DATE
> Task :app:processDebugMainManifest UP-TO-DATE
> Task :app:processDebugManifest UP-TO-DATE
> Task :app:processDebugManifestForPackage UP-TO-DATE
> Task :app:processDebugResources UP-TO-DATE
> Task :app:kspDebugKotlin UP-TO-DATE

> Task :app:compileDebugKotlin FAILED
e: file:///C:/Android%20Development/dex_reader/DexReader/app/src/main/java/com/decoutkhanqindev/dexreader/domain/usecase/chapter/GetChapterDetailsUseCase.kt:20:5 Argument type mismatch: actual type is 'kotlin.Result<com.decoutkhanqindev.dexreader.domain.model.Chapter>', but 'com.decoutkhanqindev.dexreader.domain.model.Chapter' was expected.
e: file:///C:/Android%20Development/dex_reader/DexReader/app/src/main/java/com/decoutkhanqindev/dexreader/domain/usecase/chapter/GetChapterPagesUseCase.kt:20:5 Argument type mismatch: actual type is 'kotlin.Result<com.decoutkhanqindev.dexreader.domain.model.ChapterPages>', but 'com.decoutkhanqindev.dexreader.domain.model.ChapterPages' was expected.
e: file:///C:/Android%20Development/dex_reader/DexReader/app/src/main/java/com/decoutkhanqindev/dexreader/domain/usecase/manga/GetLatestUpdateMangaListUseCase.kt:13:5 Argument type mismatch: actual type is 'kotlin.Result<kotlin.collections.List<com.decoutkhanqindev.dexreader.domain.model.Manga>>', but 'kotlin.collections.List<com.decoutkhanqindev.dexreader.domain.model.Manga>' was expected.
e: file:///C:/Android%20Development/dex_reader/DexReader/app/src/main/java/com/decoutkhanqindev/dexreader/domain/usecase/manga/GetMangaDetailsUseCase.kt:20:5 Argument type mismatch: actual type is 'kotlin.Result<com.decoutkhanqindev.dexreader.domain.model.Manga>', but 'com.decoutkhanqindev.dexreader.domain.model.Manga' was expected.
e: file:///C:/Android%20Development/dex_reader/DexReader/app/src/main/java/com/decoutkhanqindev/dexreader/domain/usecase/manga/GetNewReleaseMangaListUseCase.kt:13:5 Argument type mismatch: actual type is 'kotlin.Result<kotlin.collections.List<com.decoutkhanqindev.dexreader.domain.model.Manga>>', but 'kotlin.collections.List<com.decoutkhanqindev.dexreader.domain.model.Manga>' was expected.
e: file:///C:/Android%20Development/dex_reader/DexReader/app/src/main/java/com/decoutkhanqindev/dexreader/domain/usecase/manga/GetTopRatedMangaListUseCase.kt:13:5 Argument type mismatch: actual type is 'kotlin.Result<kotlin.collections.List<com.decoutkhanqindev.dexreader.domain.model.Manga>>', but 'kotlin.collections.List<com.decoutkhanqindev.dexreader.domain.model.Manga>' was expected.
e: file:///C:/Android%20Development/dex_reader/DexReader/app/src/main/java/com/decoutkhanqindev/dexreader/domain/usecase/manga/GetTrendingMangaListUseCase.kt:13:5 Argument type mismatch: actual type is 'kotlin.Result<kotlin.collections.List<com.decoutkhanqindev.dexreader.domain.model.Manga>>', but 'kotlin.collections.List<com.decoutkhanqindev.dexreader.domain.model.Manga>' was expected.
e: file:///C:/Android%20Development/dex_reader/DexReader/app/src/main/java/com/decoutkhanqindev/dexreader/domain/usecase/manga/SearchMangaUseCase.kt:25:5 Argument type mismatch: actual type is 'kotlin.Result<kotlin.collections.List<com.decoutkhanqindev.dexreader.domain.model.Manga>>', but 'kotlin.collections.List<com.decoutkhanqindev.dexreader.domain.model.Manga>' was expected.

FAILURE: Build failed with an exception.

* What went wrong:
Execution failed for task ':app:compileDebugKotlin'.
> A failure occurred while executing org.jetbrains.kotlin.compilerRunner.GradleCompilerRunnerWithWorkers$GradleKotlinCompilerWorkAction
   > Compilation error. See log for more details

* Try:
> Run with --stacktrace option to get the stack trace.
> Run with --info or --debug option to get more log output.
> Run with --scan to get full insights.
> Get more help at https://help.gradle.org.

BUILD FAILED in 2s
19 actionable tasks: 1 executed, 18 up-to-date
