05-17 23:54:29.425   326   348 I System.out: 24 0,554938702,921032540916974,921032540916974,0,921032545550680,921032545551409,921032547641200,921032547773909,921032560865935,921032545530002,8324280,921032550126305,921032553351721,921032553601930,921032557461409,921032561677450,52604,1274896,921032561677450,921032560927138,921032581532034,921032557461409,
05-17 23:54:29.425   326   348 I System.out: 25 0,554938710,921032549241348,921032549241348,0,921032554199898,921032554200315,921032554909169,921032554987294,921032577556481,921032554177190,8324212,921032555564221,921032561455784,921032561808596,921032564916096,921032569634898,59375,657239,921032569634898,921032566666617,921032589857502,921032564916096,
05-17 23:54:29.425   326   348 I System.out: 26 0,554938717,921032557564664,921032557564664,0,921032562424065,921032562424690,921032563245888,921032563317919,921032585880693,921032562398596,8324212,921032564191096,921032566907294,921032567051461,921032569460419,921032578706565,317344,410000,921032578706565,921032570331877,921032598181357,921032569460419,
05-17 23:54:29.425   326   348 I System.out: 27 0,554938725,921032565883159,921032565883159,0,921032568592502,921032568594846,921032569990680,921032570110992,921032594204905,921032568529638,8323815,921032571168596,921032571334534,921032571475055,921032579149430,921032583132398,5115573,527812,921032583132398,921032580389273,921032606519898,921032579149430,
05-17 23:54:29.425   326   348 I System.out: 28 0,554938733,921032574206974,921032574206974,0,921032575509534,921032575511513,921032577556200,921032577679846,921032602528720,921032575439377,8323815,921032579835732,921032580538700,921032580622763,921032588166200,921032596276200,4935416,412448,921032596276200,921032589554221,921032614878492,921032588166200,
05-17 23:54:29.425   326   348 I System.out: 29 0,554938741,921032582521707,921032582521707,0,921032583480888,921032583482450,921032585223857,921032585400419,921032610852535,921032583436773,8323231,921032586448596,921032589695992,921032589780523,921032599350523,921032600795419,4639375,468281,921032600795419,921032600516252,921032623187763,921032599350523,
05-17 23:54:29.425   326   348 I System.out: 30 0,554938749,921032590840124,921032590840124,0,921032591902659,921032591904065,921032594709742,921032594873336,921032619175766,921032591826825,8322982,921032595827086,921032600643961,921032600720836,921032607669898,921032610499846,4991667,321614,921032610499846,921032610143596,921032631496357,921032607669898,
05-17 23:54:29.425   326   348 I System.out: 31 0,554938757,921032599174397,921032599174397,0,921032601286617,921032601287555,921032601924898,921032601990159,921032627498748,921032601269430,8324059,921032602484273,921032610324898,921032610508700,921032617121513,921032619022190,3740208,807239,921032618997815,921032619022190,921032639876461,921032617121513,
05-17 23:54:29.425   326   348 I System.out: 32 0,554938765,921032607492535,921032607492535,0,921032611224534,921032611226148,921032612446982,921032612591357,921032635822807,921032611197502,8323712,921032615462398,921032619163232,921032619241096,921032625608752,921032627560263,4622448,653021,921032627129377,921032627560263,921032648127971,921032625608752,
05-17 23:54:29.425   326   348 I System.out: 33 0,554938773,921032615818818,921032615818818,0,921032619880107,921032619880992,921032621102555,921032621229898,921032644146519,921032619858700,8323946,921032622241669,921032627691044,921032627761200,921032635430732,921032637011877,5255990,317552,921032637011877,921032636655940,921032656457867,921032635430732,
05-17 23:54:29.425   326   348 I System.out: 34 0,554938781,921032624150598,921032624150598,0,921032629398284,921032629399638,921032631104534,921032631312034,921032652470465,921032629351252,8324387,921032631996617,921032636839898,921032636928284,921032641377711,921032643446096,2346042,1246771,921032642908857,921032643446096,921032664932346,921032641377711,
05-17 23:54:29.425   326   348 I System.out: 35 0,554938789,921032632475445,921032632475445,0,921032638279534,921032638280211,921032639638492,921032639833857,921032660794852,921032638233023,8324341,921032640923805,921032643594430,921032643673961,921032651418648,921032656662815,3965209,1663959,921032656662815,921032654769534,0,921032651418648,
05-17 23:54:29.425   326   348 I System.out: 36 0,554938797,921032640797973,921032640797973,0,921032646258544,921032646260211,921032663753336,921032664275055,921032669119193,921032646186096,8324226,921032780691252,921032780806513,921032781000732,921032911116409,921032917893492,48282,512031,921032917893492,921032913762763,0,921032911116409,
05-17 23:54:29.425   326   348 I System.out: 37 0,554938805,921032649135208,921032782335096,0,921032785472242,921032785472763,921032787905940,921032787983648,921032935488324,921032785087763,8324993,921032790175315,921032914069586,921032914221044,921033006700888,921033010498596,31614,350417,921033010498596,921033007974325,0,921033006700888,
05-17 23:54:29.425   326   348 I System.out: 38 0,554938822,921032790677724,921032915559744,0,921032916313232,921032916313804,921032922574013,921032922642502,921032802344391,921032915878596,8325468,921032926334429,921033008184013,921033008316669,921033092470471,0,20937,244479,0,921033093402606,0,921033092470471,
05-17 23:54:29.427   326   348 I PerfettoCapture: Stopping perfetto.
05-17 23:54:29.425  1370  1370 W RenderThread: type=1400 audit(0.0:1023207): avc:  denied  { getattr } for  path="/sys/module/metis/parameters/minor_window_app" dev="sysfs" ino=61699 scontext=u:r:untrusted_app:s0:c159,c257,c512,c768 tcontext=u:object_r:sysfs_migt:s0 tclass=file permissive=0 app=com.decoutkhanqindev.dexreader
05-17 23:54:29.429  1370  1370 W RenderThread: type=1400 audit(0.0:1023208): avc:  denied  { getattr } for  path="/sys/module/metis/parameters/minor_window_app" dev="sysfs" ino=61699 scontext=u:r:untrusted_app:s0:c159,c257,c512,c768 tcontext=u:object_r:sysfs_migt:s0 tclass=file permissive=0 app=com.decoutkhanqindev.dexreader
05-17 23:54:29.440  6516 27157 W MediaProvider: isAppCloneUserPair for user 0: false
05-17 23:54:29.451 29591 29645 I UriTaskContentObserver: (REDACTED) Throttling content uri change event for %s
05-17 23:54:29.485  1234  1234 I perfetto:    perfetto_cmd.cc:1265 SIGINT/SIGTERM received: disabling tracing.
05-17 23:54:29.487  1725 12748 I QC2CompStore: Setting heap usage to system
05-17 23:54:29.498  2255  2255 I perfetto:  probes_producer.cc:454 Producer stop (id=1)
05-17 23:54:29.500  2255  2255 I perfetto:    ftrace_procfs.cc:445 disabled ftrace in /sys/kernel/tracing/
05-17 23:54:29.518  2255  2255 I perfetto:    ftrace_procfs.cc:445 disabled ftrace in /sys/kernel/tracing/
05-17 23:54:29.577  6516 25001 I MediaProvider: Invalidating LocalCallingIdentity cache for package com.decoutkhanqindev.dexreader.baselineprofile. Reason: owned_database_row_deleted:/storage/emulated/0/Android/media/com.decoutkhanqindev.dexreader.baselineprofile/temporaryScript_357469588.sh
05-17 23:54:29.583  6516 25001 I MediaProvider: Deleted 0 0 0 0 0 0 1 items on external_primary due to com.android.shell
05-17 23:54:29.596  1657 10484 I MiStcImpl: Dispatching command: 35 SET_HISTOGRAM
05-17 23:54:29.598   326   348 D Benchmark: kill -TERM command output - Output(stdout=, stderr=)
05-17 23:54:29.605  2255  2255 I perfetto:  probes_producer.cc:454 Producer stop (id=2)
05-17 23:54:29.606  2255  2255 I perfetto:  probes_producer.cc:454 Producer stop (id=3)
05-17 23:54:29.606  2255  2255 I perfetto:  probes_producer.cc:454 Producer stop (id=4)
05-17 23:54:29.606  2255  2255 I perfetto:  probes_producer.cc:454 Producer stop (id=5)
05-17 23:54:29.618  4689 32613 I FA      : Application backgrounded at: timestamp_millis: 1779036867617
05-17 23:54:29.638  1234  1234 I perfetto:    perfetto_cmd.cc:1210 Trace written into the output file
05-17 23:54:29.642  2260  2260 I perfetto: ng_service_impl.cc:2553 Tracing session 1 ended, total sessions:0
05-17 23:54:29.771   326   348 D Benchmark: Waiting 100 ms for [ProcessPid(processName=perfetto, pid=1234)] to die
05-17 23:54:29.800  1657 10484 I MiStcImpl: Dispatching command: 35 SET_HISTOGRAM
05-17 23:54:29.828   326   348 I PerfettoCapture: Writing to /storage/emulated/0/Android/media/com.decoutkhanqindev.dexreader.baselineprofile/StartupBenchmarks_startupNoCompilation_iter000_2026-05-17-16-54-29.perfetto-trace.
05-17 23:54:29.837 25570 25570 D BoundBrokerSvc: onUnbind: Intent { act=com.google.android.gms.feedback.internal.IFeedbackService dat=chimera-action:/... cmp=com.google.android.gms/.chimera.GmsBoundBrokerService }
05-17 23:54:29.841  6516 27156 W MediaProvider: isAppCloneUserPair for user 0: false
05-17 23:54:29.880  6516 27156 W MediaProvider: isAppCloneUserPair for user 0: false
05-17 23:54:29.886 29591 29645 I UriTaskContentObserver: (REDACTED) Throttling content uri change event for %s
05-17 23:54:29.930  6516 25201 I MediaProvider: Invalidating LocalCallingIdentity cache for package com.decoutkhanqindev.dexreader.baselineprofile. Reason: owned_database_row_deleted:/storage/emulated/0/Android/media/com.decoutkhanqindev.dexreader.baselineprofile/temporaryScript_683034010.sh
05-17 23:54:29.932  6516 25201 I MediaProvider: Deleted 0 0 0 0 0 0 1 items on external_primary due to com.android.shell
05-17 23:54:29.934 29591 29645 I UriTaskContentObserver: (REDACTED) Throttling content uri change event for %s
05-17 23:54:29.936   326   348 D Benchmark: Moving /storage/emulated/0/Android/media/com.decoutkhanqindev.dexreader.baselineprofile/StartupBenchmarks_startupNoCompilation_iter000_2026-05-17-16-54-29.perfetto-trace to /sdcard/Android/media/com.decoutkhanqindev.dexreader.baselineprofile/additional_test_output/StartupBenchmarks_startupNoCompilation_iter000_2026-05-17-16-54-29.perfetto-trace
05-17 23:54:29.946  6516 27152 W MediaProvider: isAppCloneUserPair for user 0: false
05-17 23:54:29.953   326   348 D Benchmark: Iteration 0 captured UiState{highlight_process=HighlightProcess{cmdline=com.decoutkhanqindev.dexreader}}
05-17 23:54:29.971  2444  3645 I libsensor-displayalgo: the value of channelCali C:341.396493,R:207.450681,G:120.626082,B:41.870094,scales C:1.017574,R:1.092311,G:1.010372,B:1.025091
05-17 23:54:29.971  2444  3645 E libsensor-displayalgo: value of coefs 5,850.303000,7.300256,-2.660090,1.550054,-8.640300, line 99
05-17 23:54:29.971  2444  3645 D libsensor-displayalgo: brightness:372.000000,R:112.198167,G:125.798682,B:152.293339,EVENT C:282.509583,R:147.505005,G:107.503647,B:40.001358, lux: 0.000000
05-17 23:54:29.971  2444  3645 I libsensor-displayalgo: ##### the value of lux: 0.000000, cct: 0.000000
05-17 23:54:29.971  2444  3645 I libsensor-ssccalapi: value of set_lux: 0.000000
05-17 23:54:29.971  2444  3645 I libsensor-ssccalapi: value of set cct: 0.000000
05-17 23:54:29.971  2444  3645 I sensors : send_request:296,  send_request suid high 48dd16bd suid low 2c177798
05-17 23:54:29.973  2444  3523 I sensors : handle_resp_cb:364, _fifo_resp not empty
05-17 23:54:29.973  2444  3523 I sensors : handle_resp_cb:377,  handle_resp_cb suid high 48dd16bd suid low 2c177798,_fifo_resp.begin() 4580e1e0
05-17 23:54:29.973  2444  3523 I sensors : handle_resp_cb:379, _fifo_resp still not empty
05-17 23:54:29.974  2444  3645 I libsensor-displayalgo: the value of channelCali C:341.396493,R:207.450681,G:120.626082,B:41.870094,scales C:1.017574,R:1.092311,G:1.010372,B:1.025091
05-17 23:54:29.974  2444  3645 E libsensor-displayalgo: value of coefs 5,850.303000,7.300256,-2.660090,1.550054,-8.640300, line 99
05-17 23:54:29.974  2444  3645 D libsensor-displayalgo: brightness:372.000000,R:112.198167,G:125.798682,B:152.293339,EVENT C:287.509766,R:150.005096,G:107.503647,B:42.501442, lux: 0.000000
05-17 23:54:29.974  2444  3645 I libsensor-displayalgo: ##### the value of lux: 0.000000, cct: 0.000000
05-17 23:54:29.974  2444  3645 I libsensor-ssccalapi: value of set_lux: 0.000000
05-17 23:54:29.974  2444  3645 I libsensor-ssccalapi: value of set cct: 0.000000
05-17 23:54:29.974  2444  3645 I sensors : send_request:296,  send_request suid high 48dd16bd suid low 2c177798
05-17 23:54:29.975  2444  3523 I sensors : handle_resp_cb:364, _fifo_resp not empty
05-17 23:54:29.975  2444  3523 I sensors : handle_resp_cb:377,  handle_resp_cb suid high 48dd16bd suid low 2c177798,_fifo_resp.begin() 4580e1e0
05-17 23:54:29.975  2444  3523 I sensors : handle_resp_cb:379, _fifo_resp still not empty
05-17 23:54:30.001  1657 10484 I MiStcImpl: Dispatching command: 35 SET_HISTOGRAM
05-17 23:54:30.058   630   630 I perfetto:      http_server.cc:271 [HTTP] POST /parse [body=10020521B, origin=""]
05-17 23:54:30.071  2444  3645 I libsensor-displayalgo: the value of channelCali C:341.396493,R:207.450681,G:120.626082,B:41.870094,scales C:1.017574,R:1.092311,G:1.010372,B:1.025091
05-17 23:54:30.071  2444  3645 E libsensor-displayalgo: value of coefs 5,850.303000,7.300256,-2.660090,1.550054,-8.640300, line 99
05-17 23:54:30.071  2444  3645 D libsensor-displayalgo: brightness:372.000000,R:112.198167,G:125.798682,B:152.293339,EVENT C:287.509766,R:150.005096,G:110.003738,B:40.001358, lux: 0.000000
05-17 23:54:30.071  2444  3645 I libsensor-displayalgo: ##### the value of lux: 0.000000, cct: 0.000000
05-17 23:54:30.071  2444  3645 I libsensor-ssccalapi: value of set_lux: 0.000000
05-17 23:54:30.071  2444  3645 I libsensor-ssccalapi: value of set cct: 0.000000
05-17 23:54:30.071  2444  3645 I sensors : send_request:296,  send_request suid high 48dd16bd suid low 2c177798
05-17 23:54:30.073  2444  3523 I sensors : handle_resp_cb:364, _fifo_resp not empty
05-17 23:54:30.073  2444  3523 I sensors : handle_resp_cb:377,  handle_resp_cb suid high 48dd16bd suid low 2c177798,_fifo_resp.begin() 4580e1e0
05-17 23:54:30.073  2444  3523 I sensors : handle_resp_cb:379, _fifo_resp still not empty
05-17 23:54:30.076  1725 12748 I QC2CompStore: Setting heap usage to system
05-17 23:54:30.116   630   630 I perfetto:      http_server.cc:271 [HTTP] GET /notify_eof [body=0B, origin=""]
05-17 23:54:30.126   326   335 W baselineprofile: userfaultfd: MOVE ioctl seems unsupported: Success
05-17 23:54:30.140   326   337 W System  : A resource failed to call close.
05-17 23:54:30.171  2444  3645 I libsensor-displayalgo: the value of channelCali C:341.396493,R:207.450681,G:120.626082,B:41.870094,scales C:1.017574,R:1.092311,G:1.010372,B:1.025091
05-17 23:54:30.171  2444  3645 E libsensor-displayalgo: value of coefs 5,850.303000,7.300256,-2.660090,1.550054,-8.640300, line 99
05-17 23:54:30.171  2444  3645 D libsensor-displayalgo: brightness:372.000000,R:112.198167,G:125.798682,B:152.293339,EVENT C:285.009674,R:147.505005,G:107.503647,B:37.501274, lux: 0.000000
05-17 23:54:30.171  2444  3645 I libsensor-displayalgo: ##### the value of lux: 0.000000, cct: 0.000000
05-17 23:54:30.171  2444  3645 I libsensor-ssccalapi: value of set_lux: 0.000000
05-17 23:54:30.171  2444  3645 I libsensor-ssccalapi: value of set cct: 0.000000
05-17 23:54:30.171  2444  3645 I sensors : send_request:296,  send_request suid high 48dd16bd suid low 2c177798
05-17 23:54:30.172  2444  3523 I sensors : handle_resp_cb:364, _fifo_resp not empty
05-17 23:54:30.172  2444  3523 I sensors : handle_resp_cb:377,  handle_resp_cb suid high 48dd16bd suid low 2c177798,_fifo_resp.begin() 4580e1e0
05-17 23:54:30.172  2444  3523 I sensors : handle_resp_cb:379, _fifo_resp still not empty
05-17 23:54:30.173  2444  3645 I libsensor-displayalgo: the value of channelCali C:341.396493,R:207.450681,G:120.626082,B:41.870094,scales C:1.017574,R:1.092311,G:1.010372,B:1.025091
05-17 23:54:30.173  2444  3645 E libsensor-displayalgo: value of coefs 5,850.303000,7.300256,-2.660090,1.550054,-8.640300, line 99
05-17 23:54:30.173  2444  3645 D libsensor-displayalgo: brightness:372.000000,R:112.198167,G:125.798682,B:152.293339,EVENT C:285.009674,R:150.005096,G:107.503647,B:40.001358, lux: 0.000000
05-17 23:54:30.173  2444  3645 I libsensor-displayalgo: ##### the value of lux: 0.000000, cct: 0.000000
05-17 23:54:30.173  2444  3645 I libsensor-ssccalapi: value of set_lux: 0.000000
05-17 23:54:30.173  2444  3645 I libsensor-ssccalapi: value of set cct: 0.000000
05-17 23:54:30.173  2444  3645 I sensors : send_request:296,  send_request suid high 48dd16bd suid low 2c177798
05-17 23:54:30.173  2444  3523 I sensors : handle_resp_cb:364, _fifo_resp not empty
05-17 23:54:30.173  2444  3523 I sensors : handle_resp_cb:377,  handle_resp_cb suid high 48dd16bd suid low 2c177798,_fifo_resp.begin() 4580e1e0
05-17 23:54:30.173  2444  3523 I sensors : handle_resp_cb:379, _fifo_resp still not empty
05-17 23:54:30.174  2444  3645 I libsensor-displayalgo: the value of channelCali C:341.396493,R:207.450681,G:120.626082,B:41.870094,scales C:1.017574,R:1.092311,G:1.010372,B:1.025091
05-17 23:54:30.174  2444  3645 E libsensor-displayalgo: value of coefs 5,850.303000,7.300256,-2.660090,1.550054,-8.640300, line 99
05-17 23:54:30.174  2444  3645 D libsensor-displayalgo: brightness:372.000000,R:112.198167,G:125.798682,B:152.293339,EVENT C:290.009857,R:150.005096,G:110.003738,B:40.001358, lux: 0.000000
05-17 23:54:30.174  2444  3645 I libsensor-displayalgo: ##### the value of lux: 0.000000, cct: 0.000000
05-17 23:54:30.174  2444  3645 I libsensor-ssccalapi: value of set_lux: 0.000000
05-17 23:54:30.174  2444  3645 I libsensor-ssccalapi: value of set cct: 0.000000
05-17 23:54:30.174  2444  3645 I sensors : send_request:296,  send_request suid high 48dd16bd suid low 2c177798
05-17 23:54:30.175  2444  3523 I sensors : handle_resp_cb:364, _fifo_resp not empty
05-17 23:54:30.175  2444  3523 I sensors : handle_resp_cb:377,  handle_resp_cb suid high 48dd16bd suid low 2c177798,_fifo_resp.begin() 4580e1e0
05-17 23:54:30.175  2444  3523 I sensors : handle_resp_cb:379, _fifo_resp still not empty
05-17 23:54:30.202  1657 10484 I MiStcImpl: Dispatching command: 35 SET_HISTOGRAM
05-17 23:54:30.271  2444  3645 I libsensor-displayalgo: the value of channelCali C:341.396493,R:207.450681,G:120.626082,B:41.870094,scales C:1.017574,R:1.092311,G:1.010372,B:1.025091
05-17 23:54:30.271  2444  3645 E libsensor-displayalgo: value of coefs 5,850.303000,7.300256,-2.660090,1.550054,-8.640300, line 99
05-17 23:54:30.271  2444  3645 D libsensor-displayalgo: brightness:372.000000,R:112.198167,G:125.798682,B:152.293339,EVENT C:282.509583,R:147.505005,G:105.003563,B:37.501274, lux: 0.000000
05-17 23:54:30.271  2444  3645 I libsensor-displayalgo: ##### the value of lux: 0.000000, cct: 0.000000
05-17 23:54:30.271  2444  3645 I libsensor-ssccalapi: value of set_lux: 0.000000
05-17 23:54:30.271  2444  3645 I libsensor-ssccalapi: value of set cct: 0.000000
05-17 23:54:30.271  2444  3645 I sensors : send_request:296,  send_request suid high 48dd16bd suid low 2c177798
05-17 23:54:30.272  2444  3523 I sensors : handle_resp_cb:364, _fifo_resp not empty
05-17 23:54:30.272  2444  3523 I sensors : handle_resp_cb:377,  handle_resp_cb suid high 48dd16bd suid low 2c177798,_fifo_resp.begin() 4580e1e0
05-17 23:54:30.272  2444  3523 I sensors : handle_resp_cb:379, _fifo_resp still not empty
05-17 23:54:30.273  2444  3645 I libsensor-displayalgo: the value of channelCali C:341.396493,R:207.450681,G:120.626082,B:41.870094,scales C:1.017574,R:1.092311,G:1.010372,B:1.025091
05-17 23:54:30.273  2444  3645 E libsensor-displayalgo: value of coefs 5,850.303000,7.300256,-2.660090,1.550054,-8.640300, line 99
05-17 23:54:30.273  2444  3645 D libsensor-displayalgo: brightness:372.000000,R:112.198167,G:125.798682,B:152.293339,EVENT C:285.009674,R:150.005096,G:110.003738,B:40.001358, lux: 0.000000
05-17 23:54:30.273  2444  3645 I libsensor-displayalgo: ##### the value of lux: 0.000000, cct: 0.000000
05-17 23:54:30.273  2444  3645 I libsensor-ssccalapi: value of set_lux: 0.000000
05-17 23:54:30.273  2444  3645 I libsensor-ssccalapi: value of set cct: 0.000000
05-17 23:54:30.273  2444  3645 I sensors : send_request:296,  send_request suid high 48dd16bd suid low 2c177798
05-17 23:54:30.273  2444  3523 I sensors : handle_resp_cb:364, _fifo_resp not empty
05-17 23:54:30.273  2444  3523 I sensors : handle_resp_cb:377,  handle_resp_cb suid high 48dd16bd suid low 2c177798,_fifo_resp.begin() 4580e1e0
05-17 23:54:30.273  2444  3523 I sensors : handle_resp_cb:379, _fifo_resp still not empty
05-17 23:54:30.274  2444  3645 I libsensor-displayalgo: the value of channelCali C:341.396493,R:207.450681,G:120.626082,B:41.870094,scales C:1.017574,R:1.092311,G:1.010372,B:1.025091
05-17 23:54:30.274  2444  3645 E libsensor-displayalgo: value of coefs 5,850.303000,7.300256,-2.660090,1.550054,-8.640300, line 99
05-17 23:54:30.274  2444  3645 D libsensor-displayalgo: brightness:372.000000,R:112.198167,G:125.798682,B:152.293339,EVENT C:282.509583,R:150.005096,G:110.003738,B:42.501442, lux: 0.000000
05-17 23:54:30.274  2444  3645 I libsensor-displayalgo: ##### the value of lux: 0.000000, cct: 0.000000
05-17 23:54:30.274  2444  3645 I libsensor-ssccalapi: value of set_lux: 0.000000
05-17 23:54:30.274  2444  3645 I libsensor-ssccalapi: value of set cct: 0.000000
05-17 23:54:30.274  2444  3645 I sensors : send_request:296,  send_request suid high 48dd16bd suid low 2c177798
05-17 23:54:30.274  2444  3523 I sensors : handle_resp_cb:364, _fifo_resp not empty
05-17 23:54:30.274  2444  3523 I sensors : handle_resp_cb:377,  handle_resp_cb suid high 48dd16bd suid low 2c177798,_fifo_resp.begin() 4580e1e0
05-17 23:54:30.275  2444  3523 I sensors : handle_resp_cb:379, _fifo_resp still not empty
05-17 23:54:30.275  2444  3645 I libsensor-displayalgo: the value of channelCali C:341.396493,R:207.450681,G:120.626082,B:41.870094,scales C:1.017574,R:1.092311,G:1.010372,B:1.025091
05-17 23:54:30.275  2444  3645 E libsensor-displayalgo: value of coefs 5,850.303000,7.300256,-2.660090,1.550054,-8.640300, line 99
05-17 23:54:30.275  2444  3645 D libsensor-displayalgo: brightness:372.000000,R:112.198167,G:125.798682,B:152.293339,EVENT C:287.509766,R:152.505173,G:107.503647,B:40.001358, lux: 0.000000
05-17 23:54:30.275  2444  3645 I libsensor-displayalgo: ##### the value of lux: 0.000000, cct: 0.000000
05-17 23:54:30.275  2444  3645 I libsensor-ssccalapi: value of set_lux: 0.000000
05-17 23:54:30.275  2444  3645 I libsensor-ssccalapi: value of set cct: 0.000000
05-17 23:54:30.276  2444  3645 I sensors : send_request:296,  send_request suid high 48dd16bd suid low 2c177798
05-17 23:54:30.277  2444  3523 I sensors : handle_resp_cb:364, _fifo_resp not empty
05-17 23:54:30.277  2444  3523 I sensors : handle_resp_cb:377,  handle_resp_cb suid high 48dd16bd suid low 2c177798,_fifo_resp.begin() 4580e1e0
05-17 23:54:30.277  2444  3523 I sensors : handle_resp_cb:379, _fifo_resp still not empty
05-17 23:54:30.277  2444  3645 I libsensor-displayalgo: the value of channelCali C:341.396493,R:207.450681,G:120.626082,B:41.870094,scales C:1.017574,R:1.092311,G:1.010372,B:1.025091
05-17 23:54:30.277  2444  3645 E libsensor-displayalgo: value of coefs 5,850.303000,7.300256,-2.660090,1.550054,-8.640300, line 99
05-17 23:54:30.277  2444  3645 D libsensor-displayalgo: brightness:372.000000,R:112.198167,G:125.798682,B:152.293339,EVENT C:287.509766,R:150.005096,G:110.003738,B:40.001358, lux: 0.000000
05-17 23:54:30.277  2444  3645 I libsensor-displayalgo: ##### the value of lux: 0.000000, cct: 0.000000
05-17 23:54:30.277  2444  3645 I libsensor-ssccalapi: value of set_lux: 0.000000
05-17 23:54:30.277  2444  3645 I libsensor-ssccalapi: value of set cct: 0.000000
05-17 23:54:30.277  2444  3645 I sensors : send_request:296,  send_request suid high 48dd16bd suid low 2c177798
05-17 23:54:30.279  2444  3523 I sensors : handle_resp_cb:364, _fifo_resp not empty
05-17 23:54:30.279  2444  3523 I sensors : handle_resp_cb:377,  handle_resp_cb suid high 48dd16bd suid low 2c177798,_fifo_resp.begin() 4580e1e0
05-17 23:54:30.279  2444  3523 I sensors : handle_resp_cb:379, _fifo_resp still not empty
05-17 23:54:30.371  2444  3645 I libsensor-displayalgo: the value of channelCali C:341.396493,R:207.450681,G:120.626082,B:41.870094,scales C:1.017574,R:1.092311,G:1.010372,B:1.025091
05-17 23:54:30.371  2444  3645 E libsensor-displayalgo: value of coefs 5,850.303000,7.300256,-2.660090,1.550054,-8.640300, line 99
05-17 23:54:30.371  2444  3645 D libsensor-displayalgo: brightness:372.000000,R:112.198167,G:125.798682,B:152.293339,EVENT C:280.009521,R:147.505005,G:107.503647,B:40.001358, lux: 0.000000
05-17 23:54:30.371  2444  3645 I libsensor-displayalgo: ##### the value of lux: 0.000000, cct: 0.000000
05-17 23:54:30.371  2444  3645 I libsensor-ssccalapi: value of set_lux: 0.000000
05-17 23:54:30.371  2444  3645 I libsensor-ssccalapi: value of set cct: 0.000000
05-17 23:54:30.371  2444  3645 I sensors : send_request:296,  send_request suid high 48dd16bd suid low 2c177798
05-17 23:54:30.372  2444  3523 I sensors : handle_resp_cb:364, _fifo_resp not empty
05-17 23:54:30.372  2444  3523 I sensors : handle_resp_cb:377,  handle_resp_cb suid high 48dd16bd suid low 2c177798,_fifo_resp.begin() 4580e1e0
05-17 23:54:30.372  2444  3523 I sensors : handle_resp_cb:379, _fifo_resp still not empty
05-17 23:54:30.373  2444  3645 I libsensor-displayalgo: the value of channelCali C:341.396493,R:207.450681,G:120.626082,B:41.870094,scales C:1.017574,R:1.092311,G:1.010372,B:1.025091
05-17 23:54:30.373  2444  3645 E libsensor-displayalgo: value of coefs 5,850.303000,7.300256,-2.660090,1.550054,-8.640300, line 99
05-17 23:54:30.373  2444  3645 D libsensor-displayalgo: brightness:372.000000,R:112.198167,G:125.798682,B:152.293339,EVENT C:285.009674,R:147.505005,G:107.503647,B:40.001358, lux: 0.000000
05-17 23:54:30.373  2444  3645 I libsensor-displayalgo: ##### the value of lux: 0.000000, cct: 0.000000
05-17 23:54:30.373  2444  3645 I libsensor-ssccalapi: value of set_lux: 0.000000
05-17 23:54:30.373  2444  3645 I libsensor-ssccalapi: value of set cct: 0.000000
05-17 23:54:30.373  2444  3645 I sensors : send_request:296,  send_request suid high 48dd16bd suid low 2c177798
05-17 23:54:30.373  2444  3523 I sensors : handle_resp_cb:364, _fifo_resp not empty
05-17 23:54:30.373  2444  3523 I sensors : handle_resp_cb:377,  handle_resp_cb suid high 48dd16bd suid low 2c177798,_fifo_resp.begin() 4580e1e0
05-17 23:54:30.373  2444  3523 I sensors : handle_resp_cb:379, _fifo_resp still not empty
05-17 23:54:30.375  2444  3645 I libsensor-displayalgo: the value of channelCali C:341.396493,R:207.450681,G:120.626082,B:41.870094,scales C:1.017574,R:1.092311,G:1.010372,B:1.025091
05-17 23:54:30.375  2444  3645 E libsensor-displayalgo: value of coefs 5,850.303000,7.300256,-2.660090,1.550054,-8.640300, line 99
05-17 23:54:30.375  2444  3645 D libsensor-displayalgo: brightness:372.000000,R:112.198167,G:125.798682,B:152.293339,EVENT C:285.009674,R:152.505173,G:107.503647,B:40.001358, lux: 0.000000
05-17 23:54:30.375  2444  3645 I libsensor-displayalgo: ##### the value of lux: 0.000000, cct: 0.000000
05-17 23:54:30.375  2444  3645 I libsensor-ssccalapi: value of set_lux: 0.000000
05-17 23:54:30.375  2444  3645 I libsensor-ssccalapi: value of set cct: 0.000000
05-17 23:54:30.375  2444  3645 I sensors : send_request:296,  send_request suid high 48dd16bd suid low 2c177798
05-17 23:54:30.376  2444  3523 I sensors : handle_resp_cb:364, _fifo_resp not empty
05-17 23:54:30.376  2444  3523 I sensors : handle_resp_cb:377,  handle_resp_cb suid high 48dd16bd suid low 2c177798,_fifo_resp.begin() 4580e1e0
05-17 23:54:30.376  2444  3523 I sensors : handle_resp_cb:379, _fifo_resp still not empty
05-17 23:54:30.376  2444  3645 I libsensor-displayalgo: the value of channelCali C:341.396493,R:207.450681,G:120.626082,B:41.870094,scales C:1.017574,R:1.092311,G:1.010372,B:1.025091
05-17 23:54:30.376  2444  3645 E libsensor-displayalgo: value of coefs 5,850.303000,7.300256,-2.660090,1.550054,-8.640300, line 99
05-17 23:54:30.376  2444  3645 D libsensor-displayalgo: brightness:372.000000,R:112.198167,G:125.798682,B:152.293339,EVENT C:285.009674,R:150.005096,G:107.503647,B:40.001358, lux: 0.000000
05-17 23:54:30.376  2444  3645 I libsensor-displayalgo: ##### the value of lux: 0.000000, cct: 0.000000
05-17 23:54:30.376  2444  3645 I libsensor-ssccalapi: value of set_lux: 0.000000
05-17 23:54:30.376  2444  3645 I libsensor-ssccalapi: value of set cct: 0.000000
05-17 23:54:30.376  2444  3645 I sensors : send_request:296,  send_request suid high 48dd16bd suid low 2c177798
05-17 23:54:30.378  2444  3523 I sensors : handle_resp_cb:364, _fifo_resp not empty
05-17 23:54:30.378  2444  3523 I sensors : handle_resp_cb:377,  handle_resp_cb suid high 48dd16bd suid low 2c177798,_fifo_resp.begin() 4580e1e0
05-17 23:54:30.378  2444  3523 I sensors : handle_resp_cb:379, _fifo_resp still not empty
05-17 23:54:30.403  1657 10484 I MiStcImpl: Dispatching command: 35 SET_HISTOGRAM
05-17 23:54:30.471  2444  3645 I libsensor-displayalgo: the value of channelCali C:341.396493,R:207.450681,G:120.626082,B:41.870094,scales C:1.017574,R:1.092311,G:1.010372,B:1.025091
05-17 23:54:30.471  2444  3645 E libsensor-displayalgo: value of coefs 5,850.303000,7.300256,-2.660090,1.550054,-8.640300, line 99
05-17 23:54:30.471  2444  3645 D libsensor-displayalgo: brightness:372.000000,R:112.198167,G:125.798682,B:152.293339,EVENT C:282.509583,R:147.505005,G:107.503647,B:40.001358, lux: 0.000000
05-17 23:54:30.471  2444  3645 I libsensor-displayalgo: ##### the value of lux: 0.000000, cct: 0.000000
05-17 23:54:30.471  2444  3645 I libsensor-ssccalapi: value of set_lux: 0.000000
05-17 23:54:30.471  2444  3645 I libsensor-ssccalapi: value of set cct: 0.000000
05-17 23:54:30.471  2444  3645 I sensors : send_request:296,  send_request suid high 48dd16bd suid low 2c177798
05-17 23:54:30.473  2444  3523 I sensors : handle_resp_cb:364, _fifo_resp not empty
05-17 23:54:30.473  2444  3523 I sensors : handle_resp_cb:377,  handle_resp_cb suid high 48dd16bd suid low 2c177798,_fifo_resp.begin() 4580e1e0
05-17 23:54:30.473  2444  3523 I sensors : handle_resp_cb:379, _fifo_resp still not empty
05-17 23:54:30.474  2444  3645 I libsensor-displayalgo: the value of channelCali C:341.396493,R:207.450681,G:120.626082,B:41.870094,scales C:1.017574,R:1.092311,G:1.010372,B:1.025091
05-17 23:54:30.474  2444  3645 E libsensor-displayalgo: value of coefs 5,850.303000,7.300256,-2.660090,1.550054,-8.640300, line 99
05-17 23:54:30.474  2444  3645 D libsensor-displayalgo: brightness:372.000000,R:112.198167,G:125.798682,B:152.293339,EVENT C:287.509766,R:150.005096,G:110.003738,B:40.001358, lux: 0.000000
05-17 23:54:30.474  2444  3645 I libsensor-displayalgo: ##### the value of lux: 0.000000, cct: 0.000000
05-17 23:54:30.474  2444  3645 I libsensor-ssccalapi: value of set_lux: 0.000000
05-17 23:54:30.474  2444  3645 I libsensor-ssccalapi: value of set cct: 0.000000
05-17 23:54:30.474  2444  3645 I sensors : send_request:296,  send_request suid high 48dd16bd suid low 2c177798
05-17 23:54:30.474  2444  3523 I sensors : handle_resp_cb:364, _fifo_resp not empty
05-17 23:54:30.474  2444  3523 I sensors : handle_resp_cb:377,  handle_resp_cb suid high 48dd16bd suid low 2c177798,_fifo_resp.begin() 4580e1e0
05-17 23:54:30.474  2444  3523 I sensors : handle_resp_cb:379, _fifo_resp still not empty
05-17 23:54:30.476  2444  3645 I libsensor-displayalgo: the value of channelCali C:341.396493,R:207.450681,G:120.626082,B:41.870094,scales C:1.017574,R:1.092311,G:1.010372,B:1.025091
05-17 23:54:30.476  2444  3645 E libsensor-displayalgo: value of coefs 5,850.303000,7.300256,-2.660090,1.550054,-8.640300, line 99
05-17 23:54:30.476  2444  3645 D libsensor-displayalgo: brightness:372.000000,R:112.198167,G:125.798682,B:152.293339,EVENT C:280.009521,R:147.505005,G:107.503647,B:42.501442, lux: 0.000000
05-17 23:54:30.476  2444  3645 I libsensor-displayalgo: ##### the value of lux: 0.000000, cct: 0.000000
05-17 23:54:30.476  2444  3645 I libsensor-ssccalapi: value of set_lux: 0.000000
05-17 23:54:30.476  2444  3645 I libsensor-ssccalapi: value of set cct: 0.000000
05-17 23:54:30.476  2444  3645 I sensors : send_request:296,  send_request suid high 48dd16bd suid low 2c177798
05-17 23:54:30.477  2444  3523 I sensors : handle_resp_cb:364, _fifo_resp not empty
05-17 23:54:30.478  2444  3523 I sensors : handle_resp_cb:377,  handle_resp_cb suid high 48dd16bd suid low 2c177798,_fifo_resp.begin() 4580e1e0
05-17 23:54:30.478  2444  3523 I sensors : handle_resp_cb:379, _fifo_resp still not empty
05-17 23:54:30.478  2444  3645 I libsensor-displayalgo: the value of channelCali C:341.396493,R:207.450681,G:120.626082,B:41.870094,scales C:1.017574,R:1.092311,G:1.010372,B:1.025091
05-17 23:54:30.478  2444  3645 E libsensor-displayalgo: value of coefs 5,850.303000,7.300256,-2.660090,1.550054,-8.640300, line 99
05-17 23:54:30.478  2444  3645 D libsensor-displayalgo: brightness:372.000000,R:112.198167,G:125.798682,B:152.293339,EVENT C:285.009674,R:150.005096,G:110.003738,B:42.501442, lux: 0.000000
05-17 23:54:30.478  2444  3645 I libsensor-displayalgo: ##### the value of lux: 0.000000, cct: 0.000000
05-17 23:54:30.478  2444  3645 I libsensor-ssccalapi: value of set_lux: 0.000000
05-17 23:54:30.478  2444  3645 I libsensor-ssccalapi: value of set cct: 0.000000
05-17 23:54:30.478  2444  3645 I sensors : send_request:296,  send_request suid high 48dd16bd suid low 2c177798
05-17 23:54:30.479  2444  3523 I sensors : handle_resp_cb:364, _fifo_resp not empty
05-17 23:54:30.479  2444  3523 I sensors : handle_resp_cb:377,  handle_resp_cb suid high 48dd16bd suid low 2c177798,_fifo_resp.begin() 4580e1e0
05-17 23:54:30.479  2444  3523 I sensors : handle_resp_cb:379, _fifo_resp still not empty
05-17 23:54:30.480  2444  3645 I libsensor-displayalgo: the value of channelCali C:341.396493,R:207.450681,G:120.626082,B:41.870094,scales C:1.017574,R:1.092311,G:1.010372,B:1.025091
05-17 23:54:30.480  2444  3645 E libsensor-displayalgo: value of coefs 5,850.303000,7.300256,-2.660090,1.550054,-8.640300, line 99
05-17 23:54:30.480  2444  3645 D libsensor-displayalgo: brightness:372.000000,R:112.198167,G:125.798682,B:152.293339,EVENT C:282.509583,R:145.004929,G:107.503647,B:40.001358, lux: 0.000000
05-17 23:54:30.480  2444  3645 I libsensor-displayalgo: ##### the value of lux: 0.000000, cct: 0.000000
05-17 23:54:30.480  2444  3645 I libsensor-ssccalapi: value of set_lux: 0.000000
05-17 23:54:30.480  2444  3645 I libsensor-ssccalapi: value of set cct: 0.000000
05-17 23:54:30.480  2444  3645 I sensors : send_request:296,  send_request suid high 48dd16bd suid low 2c177798
05-17 23:54:30.481  2444  3523 I sensors : handle_resp_cb:364, _fifo_resp not empty
05-17 23:54:30.481  2444  3523 I sensors : handle_resp_cb:377,  handle_resp_cb suid high 48dd16bd suid low 2c177798,_fifo_resp.begin() 4580e1e0
05-17 23:54:30.481  2444  3523 I sensors : handle_resp_cb:379, _fifo_resp still not empty
05-17 23:54:30.571  2444  3645 I libsensor-displayalgo: the value of channelCali C:341.396493,R:207.450681,G:120.626082,B:41.870094,scales C:1.017574,R:1.092311,G:1.010372,B:1.025091
05-17 23:54:30.571  2444  3645 E libsensor-displayalgo: value of coefs 5,850.303000,7.300256,-2.660090,1.550054,-8.640300, line 99
05-17 23:54:30.571  2444  3645 D libsensor-displayalgo: brightness:372.000000,R:112.198167,G:125.798682,B:152.293339,EVENT C:287.509766,R:150.005096,G:110.003738,B:40.001358, lux: 0.000000
05-17 23:54:30.571  2444  3645 I libsensor-displayalgo: ##### the value of lux: 0.000000, cct: 0.000000
05-17 23:54:30.571  2444  3645 I libsensor-ssccalapi: value of set_lux: 0.000000
05-17 23:54:30.571  2444  3645 I libsensor-ssccalapi: value of set cct: 0.000000
05-17 23:54:30.571  2444  3645 I sensors : send_request:296,  send_request suid high 48dd16bd suid low 2c177798
05-17 23:54:30.572  2444  3523 I sensors : handle_resp_cb:364, _fifo_resp not empty
05-17 23:54:30.572  2444  3523 I sensors : handle_resp_cb:377,  handle_resp_cb suid high 48dd16bd suid low 2c177798,_fifo_resp.begin() 4580e1e0
05-17 23:54:30.572  2444  3523 I sensors : handle_resp_cb:379, _fifo_resp still not empty
05-17 23:54:30.573  2444  3645 I libsensor-displayalgo: the value of channelCali C:341.396493,R:207.450681,G:120.626082,B:41.870094,scales C:1.017574,R:1.092311,G:1.010372,B:1.025091
05-17 23:54:30.573  2444  3645 E libsensor-displayalgo: value of coefs 5,850.303000,7.300256,-2.660090,1.550054,-8.640300, line 99
05-17 23:54:30.573  2444  3645 D libsensor-displayalgo: brightness:372.000000,R:112.198167,G:125.798682,B:152.293339,EVENT C:290.009857,R:150.005096,G:110.003738,B:40.001358, lux: 0.000000
05-17 23:54:30.573  2444  3645 I libsensor-displayalgo: ##### the value of lux: 0.000000, cct: 0.000000
05-17 23:54:30.573  2444  3645 I libsensor-ssccalapi: value of set_lux: 0.000000
05-17 23:54:30.573  2444  3645 I libsensor-ssccalapi: value of set cct: 0.000000
05-17 23:54:30.573  2444  3645 I sensors : send_request:296,  send_request suid high 48dd16bd suid low 2c177798
05-17 23:54:30.574  2444  3523 I sensors : handle_resp_cb:364, _fifo_resp not empty
05-17 23:54:30.574  2444  3523 I sensors : handle_resp_cb:377,  handle_resp_cb suid high 48dd16bd suid low 2c177798,_fifo_resp.begin() 4580e1e0
05-17 23:54:30.574  2444  3523 I sensors : handle_resp_cb:379, _fifo_resp still not empty
05-17 23:54:30.575  2444  3645 I libsensor-displayalgo: the value of channelCali C:341.396493,R:207.450681,G:120.626082,B:41.870094,scales C:1.017574,R:1.092311,G:1.010372,B:1.025091
05-17 23:54:30.575  2444  3645 E libsensor-displayalgo: value of coefs 5,850.303000,7.300256,-2.660090,1.550054,-8.640300, line 99
05-17 23:54:30.575  2444  3645 D libsensor-displayalgo: brightness:372.000000,R:112.198167,G:125.798682,B:152.293339,EVENT C:280.009521,R:150.005096,G:110.003738,B:40.001358, lux: 0.000000
05-17 23:54:30.575  2444  3645 I libsensor-displayalgo: ##### the value of lux: 0.000000, cct: 0.000000
05-17 23:54:30.575  2444  3645 I libsensor-ssccalapi: value of set_lux: 0.000000
05-17 23:54:30.575  2444  3645 I libsensor-ssccalapi: value of set cct: 0.000000
05-17 23:54:30.575  2444  3645 I sensors : send_request:296,  send_request suid high 48dd16bd suid low 2c177798
05-17 23:54:30.576  2444  3523 I sensors : handle_resp_cb:364, _fifo_resp not empty
05-17 23:54:30.576  2444  3523 I sensors : handle_resp_cb:377,  handle_resp_cb suid high 48dd16bd suid low 2c177798,_fifo_resp.begin() 4580e1e0
05-17 23:54:30.576  2444  3523 I sensors : handle_resp_cb:379, _fifo_resp still not empty
05-17 23:54:30.577  2444  3645 I libsensor-displayalgo: the value of channelCali C:341.396493,R:207.450681,G:120.626082,B:41.870094,scales C:1.017574,R:1.092311,G:1.010372,B:1.025091
05-17 23:54:30.577  2444  3645 E libsensor-displayalgo: value of coefs 5,850.303000,7.300256,-2.660090,1.550054,-8.640300, line 99
05-17 23:54:30.577  2444  3645 D libsensor-displayalgo: brightness:372.000000,R:112.198167,G:125.798682,B:152.293339,EVENT C:290.009857,R:150.005096,G:112.503822,B:40.001358, lux: 0.000000
05-17 23:54:30.577  2444  3645 I libsensor-displayalgo: ##### the value of lux: 0.000000, cct: 0.000000
05-17 23:54:30.577  2444  3645 I libsensor-ssccalapi: value of set_lux: 0.000000
05-17 23:54:30.577  2444  3645 I libsensor-ssccalapi: value of set cct: 0.000000
05-17 23:54:30.577  2444  3645 I sensors : send_request:296,  send_request suid high 48dd16bd suid low 2c177798
05-17 23:54:30.579  2444  3523 I sensors : handle_resp_cb:364, _fifo_resp not empty
05-17 23:54:30.579  2444  3523 I sensors : handle_resp_cb:377,  handle_resp_cb suid high 48dd16bd suid low 2c177798,_fifo_resp.begin() 4580e1e0
05-17 23:54:30.579  2444  3523 I sensors : handle_resp_cb:379, _fifo_resp still not empty
05-17 23:54:30.579  2444  3645 I libsensor-displayalgo: the value of channelCali C:341.396493,R:207.450681,G:120.626082,B:41.870094,scales C:1.017574,R:1.092311,G:1.010372,B:1.025091
05-17 23:54:30.579  2444  3645 E libsensor-displayalgo: value of coefs 5,850.303000,7.300256,-2.660090,1.550054,-8.640300, line 99
05-17 23:54:30.579  2444  3645 D libsensor-displayalgo: brightness:372.000000,R:112.198167,G:125.798682,B:152.293339,EVENT C:282.509583,R:147.505005,G:110.003738,B:37.501274, lux: 0.000000
05-17 23:54:30.580  2444  3645 I libsensor-displayalgo: ##### the value of lux: 0.000000, cct: 0.000000
05-17 23:54:30.580  2444  3645 I libsensor-ssccalapi: value of set_lux: 0.000000
05-17 23:54:30.580  2444  3645 I libsensor-ssccalapi: value of set cct: 0.000000
05-17 23:54:30.580  2444  3645 I sensors : send_request:296,  send_request suid high 48dd16bd suid low 2c177798
05-17 23:54:30.580  2444  3523 I sensors : handle_resp_cb:364, _fifo_resp not empty
05-17 23:54:30.580  2444  3523 I sensors : handle_resp_cb:377,  handle_resp_cb suid high 48dd16bd suid low 2c177798,_fifo_resp.begin() 4580e1e0
05-17 23:54:30.580  2444  3523 I sensors : handle_resp_cb:379, _fifo_resp still not empty
05-17 23:54:30.604  1657 10484 I MiStcImpl: Dispatching command: 35 SET_HISTOGRAM
05-17 23:54:30.671  2444  3645 I libsensor-displayalgo: the value of channelCali C:341.396493,R:207.450681,G:120.626082,B:41.870094,scales C:1.017574,R:1.092311,G:1.010372,B:1.025091
05-17 23:54:30.671  2444  3645 E libsensor-displayalgo: value of coefs 5,850.303000,7.300256,-2.660090,1.550054,-8.640300, line 99
05-17 23:54:30.671  2444  3645 D libsensor-displayalgo: brightness:372.000000,R:112.198167,G:125.798682,B:152.293339,EVENT C:285.009674,R:150.005096,G:107.503647,B:40.001358, lux: 0.000000
05-17 23:54:30.671  2444  3645 I libsensor-displayalgo: ##### the value of lux: 0.000000, cct: 0.000000
05-17 23:54:30.671  2444  3645 I libsensor-ssccalapi: value of set_lux: 0.000000
05-17 23:54:30.671  2444  3645 I libsensor-ssccalapi: value of set cct: 0.000000
05-17 23:54:30.671  2444  3645 I sensors : send_request:296,  send_request suid high 48dd16bd suid low 2c177798
05-17 23:54:30.672  2444  3523 I sensors : handle_resp_cb:364, _fifo_resp not empty
05-17 23:54:30.672  2444  3523 I sensors : handle_resp_cb:377,  handle_resp_cb suid high 48dd16bd suid low 2c177798,_fifo_resp.begin() 4580e1e0
05-17 23:54:30.672  2444  3523 I sensors : handle_resp_cb:379, _fifo_resp still not empty
05-17 23:54:30.673  2444  3645 I libsensor-displayalgo: the value of channelCali C:341.396493,R:207.450681,G:120.626082,B:41.870094,scales C:1.017574,R:1.092311,G:1.010372,B:1.025091
05-17 23:54:30.673  2444  3645 E libsensor-displayalgo: value of coefs 5,850.303000,7.300256,-2.660090,1.550054,-8.640300, line 99
05-17 23:54:30.673  2444  3645 D libsensor-displayalgo: brightness:372.000000,R:112.198167,G:125.798682,B:152.293339,EVENT C:282.509583,R:150.005096,G:110.003738,B:40.001358, lux: 0.000000
05-17 23:54:30.673  2444  3645 I libsensor-displayalgo: ##### the value of lux: 0.000000, cct: 0.000000
05-17 23:54:30.673  2444  3645 I libsensor-ssccalapi: value of set_lux: 0.000000
05-17 23:54:30.673  2444  3645 I libsensor-ssccalapi: value of set cct: 0.000000
05-17 23:54:30.673  2444  3645 I sensors : send_request:296,  send_request suid high 48dd16bd suid low 2c177798
05-17 23:54:30.673  2444  3523 I sensors : handle_resp_cb:364, _fifo_resp not empty
05-17 23:54:30.673  2444  3523 I sensors : handle_resp_cb:377,  handle_resp_cb suid high 48dd16bd suid low 2c177798,_fifo_resp.begin() 4580e1e0
05-17 23:54:30.673  2444  3523 I sensors : handle_resp_cb:379, _fifo_resp still not empty
05-17 23:54:30.674  2444  3645 I libsensor-displayalgo: the value of channelCali C:341.396493,R:207.450681,G:120.626082,B:41.870094,scales C:1.017574,R:1.092311,G:1.010372,B:1.025091
05-17 23:54:30.674  2444  3645 E libsensor-displayalgo: value of coefs 5,850.303000,7.300256,-2.660090,1.550054,-8.640300, line 99
05-17 23:54:30.674  2444  3645 D libsensor-displayalgo: brightness:372.000000,R:112.198167,G:125.798682,B:152.293339,EVENT C:285.009674,R:150.005096,G:107.503647,B:40.001358, lux: 0.000000
05-17 23:54:30.674  2444  3645 I libsensor-displayalgo: ##### the value of lux: 0.000000, cct: 0.000000
05-17 23:54:30.674  2444  3645 I libsensor-ssccalapi: value of set_lux: 0.000000
05-17 23:54:30.674  2444  3645 I libsensor-ssccalapi: value of set cct: 0.000000
05-17 23:54:30.674  2444  3645 I sensors : send_request:296,  send_request suid high 48dd16bd suid low 2c177798
05-17 23:54:30.675  2444  3523 I sensors : handle_resp_cb:364, _fifo_resp not empty
05-17 23:54:30.675  2444  3523 I sensors : handle_resp_cb:377,  handle_resp_cb suid high 48dd16bd suid low 2c177798,_fifo_resp.begin() 4580e1e0
05-17 23:54:30.675  2444  3523 I sensors : handle_resp_cb:379, _fifo_resp still not empty
05-17 23:54:30.675  2444  3645 I libsensor-displayalgo: the value of channelCali C:341.396493,R:207.450681,G:120.626082,B:41.870094,scales C:1.017574,R:1.092311,G:1.010372,B:1.025091
05-17 23:54:30.675  2444  3645 E libsensor-displayalgo: value of coefs 5,850.303000,7.300256,-2.660090,1.550054,-8.640300, line 99
05-17 23:54:30.675  2444  3645 D libsensor-displayalgo: brightness:372.000000,R:112.198167,G:125.798682,B:152.293339,EVENT C:287.509766,R:150.005096,G:112.503822,B:42.501442, lux: 0.000000
05-17 23:54:30.675  2444  3645 I libsensor-displayalgo: ##### the value of lux: 0.000000, cct: 0.000000
05-17 23:54:30.675  2444  3645 I libsensor-ssccalapi: value of set_lux: 0.000000
05-17 23:54:30.675  2444  3645 I libsensor-ssccalapi: value of set cct: 0.000000
05-17 23:54:30.675  2444  3645 I sensors : send_request:296,  send_request suid high 48dd16bd suid low 2c177798
05-17 23:54:30.676  2444  3523 I sensors : handle_resp_cb:364, _fifo_resp not empty
05-17 23:54:30.676  2444  3523 I sensors : handle_resp_cb:377,  handle_resp_cb suid high 48dd16bd suid low 2c177798,_fifo_resp.begin() 4580e1e0
05-17 23:54:30.676  2444  3523 I sensors : handle_resp_cb:379, _fifo_resp still not empty
05-17 23:54:30.677  2444  3645 I libsensor-displayalgo: the value of channelCali C:341.396493,R:207.450681,G:120.626082,B:41.870094,scales C:1.017574,R:1.092311,G:1.010372,B:1.025091
05-17 23:54:30.677  2444  3645 E libsensor-displayalgo: value of coefs 5,850.303000,7.300256,-2.660090,1.550054,-8.640300, line 99
05-17 23:54:30.677  2444  3645 D libsensor-displayalgo: brightness:372.000000,R:112.198167,G:125.798682,B:152.293339,EVENT C:280.009521,R:150.005096,G:107.503647,B:37.501274, lux: 0.000000
05-17 23:54:30.677  2444  3645 I libsensor-displayalgo: ##### the value of lux: 0.000000, cct: 0.000000
05-17 23:54:30.677  2444  3645 I libsensor-ssccalapi: value of set_lux: 0.000000
05-17 23:54:30.677  2444  3645 I libsensor-ssccalapi: value of set cct: 0.000000
05-17 23:54:30.677  2444  3645 I sensors : send_request:296,  send_request suid high 48dd16bd suid low 2c177798
05-17 23:54:30.677  2444  3523 I sensors : handle_resp_cb:364, _fifo_resp not empty
05-17 23:54:30.678  2444  3523 I sensors : handle_resp_cb:377,  handle_resp_cb suid high 48dd16bd suid low 2c177798,_fifo_resp.begin() 4580e1e0
05-17 23:54:30.678  2444  3523 I sensors : handle_resp_cb:379, _fifo_resp still not empty
05-17 23:54:30.771  2444  3645 I libsensor-displayalgo: the value of channelCali C:341.396493,R:207.450681,G:120.626082,B:41.870094,scales C:1.017574,R:1.092311,G:1.010372,B:1.025091
05-17 23:54:30.771  2444  3645 E libsensor-displayalgo: value of coefs 5,850.303000,7.300256,-2.660090,1.550054,-8.640300, line 99
05-17 23:54:30.771  2444  3645 D libsensor-displayalgo: brightness:372.000000,R:112.198167,G:125.798682,B:152.293339,EVENT C:290.009857,R:150.005096,G:107.503647,B:40.001358, lux: 0.000000
05-17 23:54:30.771  2444  3645 I libsensor-displayalgo: ##### the value of lux: 0.000000, cct: 0.000000
05-17 23:54:30.771  2444  3645 I libsensor-ssccalapi: value of set_lux: 0.000000
05-17 23:54:30.771  2444  3645 I libsensor-ssccalapi: value of set cct: 0.000000
05-17 23:54:30.771  2444  3645 I sensors : send_request:296,  send_request suid high 48dd16bd suid low 2c177798
05-17 23:54:30.772  2444  3523 I sensors : handle_resp_cb:364, _fifo_resp not empty
05-17 23:54:30.772  2444  3523 I sensors : handle_resp_cb:377,  handle_resp_cb suid high 48dd16bd suid low 2c177798,_fifo_resp.begin() 4580e1e0
05-17 23:54:30.772  2444  3523 I sensors : handle_resp_cb:379, _fifo_resp still not empty
05-17 23:54:30.773  2444  3645 I libsensor-displayalgo: the value of channelCali C:341.396493,R:207.450681,G:120.626082,B:41.870094,scales C:1.017574,R:1.092311,G:1.010372,B:1.025091
05-17 23:54:30.773  2444  3645 E libsensor-displayalgo: value of coefs 5,850.303000,7.300256,-2.660090,1.550054,-8.640300, line 99
05-17 23:54:30.773  2444  3645 D libsensor-displayalgo: brightness:372.000000,R:112.198167,G:125.798682,B:152.293339,EVENT C:280.009521,R:147.505005,G:107.503647,B:40.001358, lux: 0.000000
05-17 23:54:30.773  2444  3645 I libsensor-displayalgo: ##### the value of lux: 0.000000, cct: 0.000000
05-17 23:54:30.773  2444  3645 I libsensor-ssccalapi: value of set_lux: 0.000000
05-17 23:54:30.773  2444  3645 I libsensor-ssccalapi: value of set cct: 0.000000
05-17 23:54:30.773  2444  3645 I sensors : send_request:296,  send_request suid high 48dd16bd suid low 2c177798
05-17 23:54:30.773  2444  3523 I sensors : handle_resp_cb:364, _fifo_resp not empty
05-17 23:54:30.773  2444  3523 I sensors : handle_resp_cb:377,  handle_resp_cb suid high 48dd16bd suid low 2c177798,_fifo_resp.begin() 4580e1e0
05-17 23:54:30.773  2444  3523 I sensors : handle_resp_cb:379, _fifo_resp still not empty
05-17 23:54:30.774  2444  3645 I libsensor-displayalgo: the value of channelCali C:341.396493,R:207.450681,G:120.626082,B:41.870094,scales C:1.017574,R:1.092311,G:1.010372,B:1.025091
05-17 23:54:30.774  2444  3645 E libsensor-displayalgo: value of coefs 5,850.303000,7.300256,-2.660090,1.550054,-8.640300, line 99
05-17 23:54:30.774  2444  3645 D libsensor-displayalgo: brightness:372.000000,R:112.198167,G:125.798682,B:152.293339,EVENT C:285.009674,R:150.005096,G:107.503647,B:37.501274, lux: 0.000000
05-17 23:54:30.774  2444  3645 I libsensor-displayalgo: ##### the value of lux: 0.000000, cct: 0.000000
05-17 23:54:30.774  2444  3645 I libsensor-ssccalapi: value of set_lux: 0.000000
05-17 23:54:30.774  2444  3645 I libsensor-ssccalapi: value of set cct: 0.000000
