05-17 23:54:23.077  2444  3645 I sensors : send_request:296,  send_request suid high 48dd16bd suid low 2c177798
05-17 23:54:23.078  2444  3523 I sensors : handle_resp_cb:364, _fifo_resp not empty
05-17 23:54:23.078  2444  3523 I sensors : handle_resp_cb:377,  handle_resp_cb suid high 48dd16bd suid low 2c177798,_fifo_resp.begin() 4580e1e0
05-17 23:54:23.078  2444  3523 I sensors : handle_resp_cb:379, _fifo_resp still not empty
05-17 23:54:23.150  6516 25464 I MediaProvider: Deleted 1 0 0 0 0 0 0 items on external_primary due to com.decoutkhanqindev.dexreader.baselineprofile
05-17 23:54:23.156  6516 25201 W MediaProvider: isAppCloneUserPair for user 0: false
05-17 23:54:23.156  1657 10484 I MiStcImpl: Dispatching command: 35 SET_HISTOGRAM
05-17 23:54:23.159 29591 29645 I UriTaskContentObserver: (REDACTED) Throttling content uri change event for %s
05-17 23:54:23.171  2444  3645 I libsensor-displayalgo: the value of channelCali C:371.714447,R:221.028393,G:134.331479,B:47.956911,scales C:1.017574,R:1.092311,G:1.010372,B:1.025091
05-17 23:54:23.171  2444  3645 E libsensor-displayalgo: value of coefs 5,850.303000,7.300256,-2.660090,1.550054,-8.640300, line 99
05-17 23:54:23.171  2444  3645 D libsensor-displayalgo: brightness:372.000000,R:165.759944,G:200.148703,B:332.895639,EVENT C:315.010681,R:162.505524,G:122.504158,B:47.501614, lux: 0.000000
05-17 23:54:23.171  2444  3645 I libsensor-displayalgo: ##### the value of lux: 0.000000, cct: 0.000000
05-17 23:54:23.171  2444  3645 I libsensor-ssccalapi: value of set_lux: 0.000000
05-17 23:54:23.171  2444  3645 I libsensor-ssccalapi: value of set cct: 0.000000
05-17 23:54:23.171  2444  3645 I sensors : send_request:296,  send_request suid high 48dd16bd suid low 2c177798
05-17 23:54:23.172  2444  3523 I sensors : handle_resp_cb:364, _fifo_resp not empty
05-17 23:54:23.172  2444  3523 I sensors : handle_resp_cb:377,  handle_resp_cb suid high 48dd16bd suid low 2c177798,_fifo_resp.begin() 4580e1e0
05-17 23:54:23.172  2444  3523 I sensors : handle_resp_cb:379, _fifo_resp still not empty
05-17 23:54:23.172  2444  3645 I libsensor-displayalgo: the value of channelCali C:371.714447,R:221.028393,G:134.331479,B:47.956911,scales C:1.017574,R:1.092311,G:1.010372,B:1.025091
05-17 23:54:23.172  2444  3645 E libsensor-displayalgo: value of coefs 5,850.303000,7.300256,-2.660090,1.550054,-8.640300, line 99
05-17 23:54:23.172  2444  3645 D libsensor-displayalgo: brightness:372.000000,R:165.759944,G:200.148703,B:332.895639,EVENT C:310.010529,R:160.005432,G:117.503990,B:42.501442, lux: 0.000000
05-17 23:54:23.172  2444  3645 I libsensor-displayalgo: ##### the value of lux: 0.000000, cct: 0.000000
05-17 23:54:23.172  2444  3645 I libsensor-ssccalapi: value of set_lux: 0.000000
05-17 23:54:23.172  2444  3645 I libsensor-ssccalapi: value of set cct: 0.000000
05-17 23:54:23.172  2444  3645 I sensors : send_request:296,  send_request suid high 48dd16bd suid low 2c177798
05-17 23:54:23.173  2444  3523 I sensors : handle_resp_cb:364, _fifo_resp not empty
05-17 23:54:23.173  2444  3523 I sensors : handle_resp_cb:377,  handle_resp_cb suid high 48dd16bd suid low 2c177798,_fifo_resp.begin() 4580e1e0
05-17 23:54:23.173  2444  3523 I sensors : handle_resp_cb:379, _fifo_resp still not empty
05-17 23:54:23.173   326   348 I System.out: Started, processId 630
05-17 23:54:23.173  2444  3645 I libsensor-displayalgo: the value of channelCali C:371.714447,R:221.028393,G:134.331479,B:47.956911,scales C:1.017574,R:1.092311,G:1.010372,B:1.025091
05-17 23:54:23.174  2444  3645 E libsensor-displayalgo: value of coefs 5,850.303000,7.300256,-2.660090,1.550054,-8.640300, line 99
05-17 23:54:23.174  2444  3645 D libsensor-displayalgo: brightness:372.000000,R:165.759944,G:200.148703,B:332.895639,EVENT C:312.510620,R:162.505524,G:122.504158,B:45.001530, lux: 0.000000
05-17 23:54:23.174  2444  3645 I libsensor-displayalgo: ##### the value of lux: 0.000000, cct: 0.000000
05-17 23:54:23.174  2444  3645 I libsensor-ssccalapi: value of set_lux: 0.000000
05-17 23:54:23.174  2444  3645 I libsensor-ssccalapi: value of set cct: 0.000000
05-17 23:54:23.174  2444  3645 I sensors : send_request:296,  send_request suid high 48dd16bd suid low 2c177798
05-17 23:54:23.174  2444  3523 I sensors : handle_resp_cb:364, _fifo_resp not empty
05-17 23:54:23.174  2444  3523 I sensors : handle_resp_cb:377,  handle_resp_cb suid high 48dd16bd suid low 2c177798,_fifo_resp.begin() 4580e1e0
05-17 23:54:23.174  2444  3523 I sensors : handle_resp_cb:379, _fifo_resp still not empty
05-17 23:54:23.231 11028 31147 D MediaCodec: [mId: 19] video-debug Stats over last 5027ms:
05-17 23:54:23.231 11028 31147 D MediaCodec: [mId: 19] video-debug configure: ClientName: com.android.shell ComponentName: c2.android.vp8.encoder
05-17 23:54:23.231 11028 31147 D MediaCodec: [mId: 19] video-debug Qinput: 0, DQinput: 0 success out of 0 tries
05-17 23:54:23.231 11028 31147 D MediaCodec: [mId: 19] video-debug Render: 0, Drop: 107, DQoutput: 107 success out of 107 tries
05-17 23:54:23.264  8353 12307 W emon.lvoverseas: PerfMonitor async binderTransact :  time=1502ms interface=android.accounts.IAccountAuthenticator code=3
05-17 23:54:23.269   630   630 I perfetto:       http_server.cc:67 [HTTP] Starting HTTP server on 127.0.0.1:9001
05-17 23:54:23.269   630   630 I perfetto:       http_server.cc:78 [HTTP] Starting HTTP server on [::1]:9001
05-17 23:54:23.269   630   630 W perfetto:            httpd.cc:112 [HTTP] This server can be used by reloading https://ui.perfetto.dev and clicking on YES on the "Trace Processor native acceleration" dialog or through the Python API (see https://perfetto.dev/docs/analysis/trace-processor#python-api).
05-17 23:54:23.270  2626  3780 I MiuiNetworkPolicy: updateUidState uid = 99706, uidState = 10
05-17 23:54:23.270  2626  3780 I MiuiNetworkPolicy: updateUidState uid = 10322, uidState = 10
05-17 23:54:23.271  2444  3645 I libsensor-displayalgo: the value of channelCali C:371.714447,R:221.028393,G:134.331479,B:47.956911,scales C:1.017574,R:1.092311,G:1.010372,B:1.025091
05-17 23:54:23.271  2444  3645 E libsensor-displayalgo: value of coefs 5,850.303000,7.300256,-2.660090,1.550054,-8.640300, line 99
05-17 23:54:23.271  2444  3645 D libsensor-displayalgo: brightness:372.000000,R:165.759944,G:200.148703,B:332.895639,EVENT C:317.510773,R:165.005600,G:122.504158,B:45.001530, lux: 0.000000
05-17 23:54:23.271  2444  3645 I libsensor-displayalgo: ##### the value of lux: 0.000000, cct: 0.000000
05-17 23:54:23.271  2444  3645 I libsensor-ssccalapi: value of set_lux: 0.000000
05-17 23:54:23.271  2444  3645 I libsensor-ssccalapi: value of set cct: 0.000000
05-17 23:54:23.271  2444  3645 I sensors : send_request:296,  send_request suid high 48dd16bd suid low 2c177798
05-17 23:54:23.273  2444  3523 I sensors : handle_resp_cb:364, _fifo_resp not empty
05-17 23:54:23.273  2444  3523 I sensors : handle_resp_cb:377,  handle_resp_cb suid high 48dd16bd suid low 2c177798,_fifo_resp.begin() 4580e1e0
05-17 23:54:23.273  2444  3523 I sensors : handle_resp_cb:379, _fifo_resp still not empty
05-17 23:54:23.273   630   630 I perfetto:      http_server.cc:120 [HTTP] New connection
05-17 23:54:23.274  2444  3645 I libsensor-displayalgo: the value of channelCali C:371.714447,R:221.028393,G:134.331479,B:47.956911,scales C:1.017574,R:1.092311,G:1.010372,B:1.025091
05-17 23:54:23.274  2444  3645 E libsensor-displayalgo: value of coefs 5,850.303000,7.300256,-2.660090,1.550054,-8.640300, line 99
05-17 23:54:23.274  2444  3645 D libsensor-displayalgo: brightness:372.000000,R:165.759944,G:200.148703,B:332.895639,EVENT C:310.010529,R:160.005432,G:120.004074,B:42.501442, lux: 0.000000
05-17 23:54:23.274  2444  3645 I libsensor-displayalgo: ##### the value of lux: 0.000000, cct: 0.000000
05-17 23:54:23.274  2444  3645 I libsensor-ssccalapi: value of set_lux: 0.000000
05-17 23:54:23.274  2444  3645 I libsensor-ssccalapi: value of set cct: 0.000000
05-17 23:54:23.274  2444  3645 I sensors : send_request:296,  send_request suid high 48dd16bd suid low 2c177798
05-17 23:54:23.274  2444  3523 I sensors : handle_resp_cb:364, _fifo_resp not empty
05-17 23:54:23.274  2444  3523 I sensors : handle_resp_cb:377,  handle_resp_cb suid high 48dd16bd suid low 2c177798,_fifo_resp.begin() 4580e1e0
05-17 23:54:23.274  2444  3523 I sensors : handle_resp_cb:379, _fifo_resp still not empty
05-17 23:54:23.275  2626  3780 I MiuiNetworkPolicy: updateUidState uid = 99706, uidState = 6
05-17 23:54:23.276  2626  3780 I MiuiNetworkPolicy: updateUidState uid = 10322, uidState = 6
05-17 23:54:23.276   630   630 I perfetto:      http_server.cc:271 [HTTP] GET /status [body=0B, origin=""]
05-17 23:54:23.282  1938  1938 I MiuiWallpaper-MiuiWallpaperManagerService: receive broadcast action = android.intent.action.PACKAGE_RESTARTED
05-17 23:54:23.288   326   348 D Benchmark: Perfetto trace processor shell server started (port=9001).
05-17 23:54:23.289   326   348 D UiDevice: Turning on screen.
05-17 23:54:23.289   326   348 D Benchmark: Dropping shader cache for com.decoutkhanqindev.dexreader
05-17 23:54:23.290   326   348 D Benchmark: Profile Installer - Benchmark Operation: DROP_SHADER_CACHE
05-17 23:54:23.309  2626  7401 I ActivityManager: Broadcasting: Intent { act=androidx.profileinstaller.action.BENCHMARK_OPERATION flg=0x400000 cmp=com.decoutkhanqindev.dexreader/androidx.profileinstaller.ProfileInstallReceiver (has extras) }
05-17 23:54:23.321  1515  1515 D Zygote  : Forked child process 642
05-17 23:54:23.328   642   642 E Zygote  : process_name_ptr:642 com.decoutkhanqindev.dexreader
05-17 23:54:23.328   642   642 E zygote64: Failed to parse /data/system/mfz.xml: Tinyxml2 error (3): Error=XML_ERROR_FILE_NOT_FOUND ErrorID=3 (0x3) Line number=0: filename=/data/system/mfz.xml
05-17 23:54:23.328   642   642 E zygote64: MemoryFreeze XMLFile not found
05-17 23:54:23.328   642   642 E zygote64: Failed to parse /product/etc/mfz.xml: Tinyxml2 error (3): Error=XML_ERROR_FILE_NOT_FOUND ErrorID=3 (0x3) Line number=0: filename=/product/etc/mfz.xml
05-17 23:54:23.328   642   642 E zygote64: MemoryFreeze XMLFile not found
05-17 23:54:23.337   642   642 I indev.dexreader: Using CollectorTypeCMC GC.
05-17 23:54:23.341 10888 10895 I adbd    : jdwp connection from 642
05-17 23:54:23.345   642   642 D nativeloader: Load libframework-connectivity-tiramisu-jni.so using APEX ns com_android_tethering for caller /apex/com.android.tethering/javalib/framework-connectivity-t.jar: ok
05-17 23:54:23.350   642   642 I MessageMonitor: Load libmiui_runtime
05-17 23:54:23.356  2626  4959 D SymlinkUtils: attachApplication file op go pass: 1 ms
05-17 23:54:23.357  1657 10484 I MiStcImpl: Dispatching command: 35 SET_HISTOGRAM
05-17 23:54:23.357  2626  4959 D CompatibilityInfo: mCompatibilityFlags - 4
05-17 23:54:23.357  2626  4959 D CompatibilityInfo: applicationDensity - 480
05-17 23:54:23.357  2626  4959 D CompatibilityInfo: applicationScale - 1.0
05-17 23:54:23.362  2626  3780 I MiuiNetworkPolicy: updateUidState uid = 10415, uidState = 11
05-17 23:54:23.365   642   642 D CompatibilityChangeReporter: Compat change id reported: 171979766; UID 10415; state: ENABLED
05-17 23:54:23.365   642   642 D CompatibilityChangeReporter: Compat change id reported: 242716250; UID 10415; state: ENABLED
05-17 23:54:23.371  2444  3645 I libsensor-displayalgo: the value of channelCali C:371.714447,R:221.028393,G:134.331479,B:47.956911,scales C:1.017574,R:1.092311,G:1.010372,B:1.025091
05-17 23:54:23.371  2444  3645 E libsensor-displayalgo: value of coefs 5,850.303000,7.300256,-2.660090,1.550054,-8.640300, line 99
05-17 23:54:23.371  2444  3645 D libsensor-displayalgo: brightness:372.000000,R:165.759944,G:200.148703,B:332.895639,EVENT C:312.510620,R:162.505524,G:120.004074,B:42.501442, lux: 0.000000
05-17 23:54:23.371  2444  3645 I libsensor-displayalgo: ##### the value of lux: 0.000000, cct: 0.000000
05-17 23:54:23.371  2444  3645 I libsensor-ssccalapi: value of set_lux: 0.000000
05-17 23:54:23.371  2444  3645 I libsensor-ssccalapi: value of set cct: 0.000000
05-17 23:54:23.371  2444  3645 I sensors : send_request:296,  send_request suid high 48dd16bd suid low 2c177798
05-17 23:54:23.371  2444  3523 I sensors : handle_resp_cb:364, _fifo_resp not empty
05-17 23:54:23.371  2444  3523 I sensors : handle_resp_cb:377,  handle_resp_cb suid high 48dd16bd suid low 2c177798,_fifo_resp.begin() 4580e1e0
05-17 23:54:23.371  2444  3523 I sensors : handle_resp_cb:379, _fifo_resp still not empty
05-17 23:54:23.372  2444  3645 I libsensor-displayalgo: the value of channelCali C:371.714447,R:221.028393,G:134.331479,B:47.956911,scales C:1.017574,R:1.092311,G:1.010372,B:1.025091
05-17 23:54:23.372  2444  3645 E libsensor-displayalgo: value of coefs 5,850.303000,7.300256,-2.660090,1.550054,-8.640300, line 99
05-17 23:54:23.372  2444  3645 D libsensor-displayalgo: brightness:372.000000,R:165.759944,G:200.148703,B:332.895639,EVENT C:320.010864,R:162.505524,G:125.004242,B:45.001530, lux: 0.000000
05-17 23:54:23.372  2444  3645 I libsensor-displayalgo: ##### the value of lux: 0.000000, cct: 0.000000
05-17 23:54:23.372  2444  3645 I libsensor-ssccalapi: value of set_lux: 0.000000
05-17 23:54:23.372  2444  3645 I libsensor-ssccalapi: value of set cct: 0.000000
05-17 23:54:23.372  2444  3645 I sensors : send_request:296,  send_request suid high 48dd16bd suid low 2c177798
05-17 23:54:23.373  2444  3523 I sensors : handle_resp_cb:364, _fifo_resp not empty
05-17 23:54:23.373  2444  3523 I sensors : handle_resp_cb:377,  handle_resp_cb suid high 48dd16bd suid low 2c177798,_fifo_resp.begin() 4580e1e0
05-17 23:54:23.373  2444  3523 I sensors : handle_resp_cb:379, _fifo_resp still not empty
05-17 23:54:23.373  2444  3645 I libsensor-displayalgo: the value of channelCali C:371.714447,R:221.028393,G:134.331479,B:47.956911,scales C:1.017574,R:1.092311,G:1.010372,B:1.025091
05-17 23:54:23.373  2444  3645 E libsensor-displayalgo: value of coefs 5,850.303000,7.300256,-2.660090,1.550054,-8.640300, line 99
05-17 23:54:23.373  2444  3645 D libsensor-displayalgo: brightness:372.000000,R:165.759944,G:200.148703,B:332.895639,EVENT C:307.510437,R:162.505524,G:117.503990,B:45.001530, lux: 0.000000
05-17 23:54:23.373  2444  3645 I libsensor-displayalgo: ##### the value of lux: 0.000000, cct: 0.000000
05-17 23:54:23.373  2444  3645 I libsensor-ssccalapi: value of set_lux: 0.000000
05-17 23:54:23.373  2444  3645 I libsensor-ssccalapi: value of set cct: 0.000000
05-17 23:54:23.373  2444  3645 I sensors : send_request:296,  send_request suid high 48dd16bd suid low 2c177798
05-17 23:54:23.374  2444  3523 I sensors : handle_resp_cb:364, _fifo_resp not empty
05-17 23:54:23.374  2444  3523 I sensors : handle_resp_cb:377,  handle_resp_cb suid high 48dd16bd suid low 2c177798,_fifo_resp.begin() 4580e1e0
05-17 23:54:23.374  2444  3523 I sensors : handle_resp_cb:379, _fifo_resp still not empty
05-17 23:54:23.375  2444  3645 I libsensor-displayalgo: the value of channelCali C:371.714447,R:221.028393,G:134.331479,B:47.956911,scales C:1.017574,R:1.092311,G:1.010372,B:1.025091
05-17 23:54:23.375  2444  3645 E libsensor-displayalgo: value of coefs 5,850.303000,7.300256,-2.660090,1.550054,-8.640300, line 99
05-17 23:54:23.375  2444  3645 D libsensor-displayalgo: brightness:372.000000,R:165.759944,G:200.148703,B:332.895639,EVENT C:315.010681,R:162.505524,G:122.504158,B:47.501614, lux: 0.000000
05-17 23:54:23.375  2444  3645 I libsensor-displayalgo: ##### the value of lux: 0.000000, cct: 0.000000
05-17 23:54:23.375  2444  3645 I libsensor-ssccalapi: value of set_lux: 0.000000
05-17 23:54:23.375  2444  3645 I libsensor-ssccalapi: value of set cct: 0.000000
05-17 23:54:23.375  2444  3645 I sensors : send_request:296,  send_request suid high 48dd16bd suid low 2c177798
05-17 23:54:23.376   642   642 D nativeloader: Configuring clns-4 for other apk /data/app/~~2_mlpUm7vpJgaorjnNHw0A==/com.decoutkhanqindev.dexreader-m1-ImPtdYsV0Ff8U579f0g==/base.apk. target_sdk_version=36, uses_libraries=, library_path=/data/app/~~2_mlpUm7vpJgaorjnNHw0A==/com.decoutkhanqindev.dexreader-m1-ImPtdYsV0Ff8U579f0g==/lib/arm64:/data/app/~~2_mlpUm7vpJgaorjnNHw0A==/com.decoutkhanqindev.dexreader-m1-ImPtdYsV0Ff8U579f0g==/base.apk!/lib/arm64-v8a, permitted_path=/data:/mnt/expand:/data/user/0/com.decoutkhanqindev.dexreader
05-17 23:54:23.376  2444  3523 I sensors : handle_resp_cb:364, _fifo_resp not empty
05-17 23:54:23.376  2444  3523 I sensors : handle_resp_cb:377,  handle_resp_cb suid high 48dd16bd suid low 2c177798,_fifo_resp.begin() 4580e1e0
05-17 23:54:23.376  2444  3523 I sensors : handle_resp_cb:379, _fifo_resp still not empty
05-17 23:54:23.383   642   642 D nativeloader: Load libframework-connectivity-jni.so using APEX ns com_android_tethering for caller /apex/com.android.tethering/javalib/framework-connectivity.jar: ok
05-17 23:54:23.384   642   642 I Perf    : Connecting to perf service.
05-17 23:54:23.387   642   642 V GraphicsEnvironment: Currently set values for:
05-17 23:54:23.387   642   642 V GraphicsEnvironment:   angle_gl_driver_selection_pkgs=[]
05-17 23:54:23.387   642   642 V GraphicsEnvironment:   angle_gl_driver_selection_values=[]
05-17 23:54:23.388   642   642 V GraphicsEnvironment: ANGLE GameManagerService for com.decoutkhanqindev.dexreader: false
05-17 23:54:23.388   642   642 V GraphicsEnvironment: com.decoutkhanqindev.dexreader is not listed in per-application setting
05-17 23:54:23.388   642   642 V GraphicsEnvironment: App is not on the allowlist for updatable production driver.
05-17 23:54:23.391   642   642 I ForceDarkHelperStubImpl: initialize for com.decoutkhanqindev.dexreader , ForceDarkOrigin
05-17 23:54:23.392   642   642 D nativeloader: Load libforcedarkimpl.so using system ns (caller=/system_ext/framework/miui-framework.jar): ok
05-17 23:54:23.393   642   642 D OpenGLRenderer: JNI_OnLoad success
05-17 23:54:23.393   642   642 I MiuiForceDarkConfig: setConfig density:3.000000, mainRule:0, secondaryRule:0, tertiaryRule:0
05-17 23:54:23.401   642   642 D CompatibilityChangeReporter: Compat change id reported: 183155436; UID 10415; state: ENABLED
05-17 23:54:23.407   642   642 I FirebaseApp: Device unlocked: initializing all Firebase APIs for app [DEFAULT]
05-17 23:54:23.410   642   642 I FirebaseInitProvider: FirebaseApp initialization successful
05-17 23:54:23.419  2626  4959 I ClipboardServiceI: checkProviderWakePathForClipboard: com.decoutkhanqindev.dexreaderis not a activePermissionOwner
05-17 23:54:23.422  1657  2058 I SDM     : HWEventsDRM::SetEventState: Setup vsync event for CRTC 104, Connector 57
05-17 23:54:23.424   642   679 W indev.dexreader: ClassLoaderContext classpath size mismatch. expected=1, found=0 (DLC[];PCL[base.apk*217194814]{PCL[/system/framework/org.apache.http.legacy.jar*2865211571]#PCL[/system/framework/com.android.location.provider.jar*3994156537]#PCL[/system/framework/com.android.media.remotedisplay.jar*2114713712]} | DLC[];PCL[])
05-17 23:54:23.427   642   679 I DynamiteModule: Considering local module com.google.android.gms.measurement.dynamite:185 and remote module com.google.android.gms.measurement.dynamite:191
05-17 23:54:23.427   642   679 I DynamiteModule: Selected remote version of com.google.android.gms.measurement.dynamite, version >= 191
05-17 23:54:23.427   642   679 V DynamiteModule: Dynamite loader version >= 2, using loadModule2NoCrashUtils
05-17 23:54:23.429   642   642 D ProfileInstaller:
05-17 23:54:23.429  2626  2644 I ActivityManager: Broadcast completed: result=14
05-17 23:54:23.432  2626  3780 I MiuiNetworkPolicy: updateUidState uid = 10415, uidState = 19
05-17 23:54:23.436   642   679 W System  : ClassLoader referenced unknown path:
05-17 23:54:23.437   642   679 D nativeloader: Configuring clns-5 for other apk . target_sdk_version=37, uses_libraries=, library_path=/data/app/~~yWD3JApKUgAuI-3psyatCw==/com.google.android.gms-tWhXQCPi9BmOgyfukWLsag==/lib/arm64:/data/app/~~yWD3JApKUgAuI-3psyatCw==/com.google.android.gms-tWhXQCPi9BmOgyfukWLsag==/base.apk!/lib/arm64-v8a, permitted_path=/data:/mnt/expand:/data/user/0/com.google.android.gms
05-17 23:54:23.444   642   679 W indev.dexreader: ClassLoaderContext classpath element checksum mismatch. expected=217194814, found=1835327172 (DLC[];PCL[base.apk*217194814]{PCL[/system/framework/org.apache.http.legacy.jar*2865211571]#PCL[/system/framework/com.android.location.provider.jar*3994156537]#PCL[/system/framework/com.android.media.remotedisplay.jar*2114713712]} | DLC[];PCL[/data/app/~~2_mlpUm7vpJgaorjnNHw0A==/com.decoutkhanqindev.dexreader-m1-ImPtdYsV0Ff8U579f0g==/base.apk*1835327172])
05-17 23:54:23.471  2444  3645 I libsensor-displayalgo: the value of channelCali C:371.714447,R:221.028393,G:134.331479,B:47.956911,scales C:1.017574,R:1.092311,G:1.010372,B:1.025091
05-17 23:54:23.471  2444  3645 E libsensor-displayalgo: value of coefs 5,850.303000,7.300256,-2.660090,1.550054,-8.640300, line 99
05-17 23:54:23.471  2444  3645 D libsensor-displayalgo: brightness:372.000000,R:165.759944,G:200.148703,B:332.895639,EVENT C:307.510437,R:160.005432,G:120.004074,B:47.501614, lux: 0.000000
05-17 23:54:23.471  2444  3645 I libsensor-displayalgo: ##### the value of lux: 0.000000, cct: 0.000000
05-17 23:54:23.471  2444  3645 I libsensor-ssccalapi: value of set_lux: 0.000000
05-17 23:54:23.471  2444  3645 I libsensor-ssccalapi: value of set cct: 0.000000
05-17 23:54:23.471  2444  3645 I sensors : send_request:296,  send_request suid high 48dd16bd suid low 2c177798
05-17 23:54:23.474  2444  3523 I sensors : handle_resp_cb:364, _fifo_resp not empty
05-17 23:54:23.474  2444  3523 I sensors : handle_resp_cb:377,  handle_resp_cb suid high 48dd16bd suid low 2c177798,_fifo_resp.begin() 4580e1e0
05-17 23:54:23.474  2444  3523 I sensors : handle_resp_cb:379, _fifo_resp still not empty
05-17 23:54:23.475  2444  3645 I libsensor-displayalgo: the value of channelCali C:371.714447,R:221.028393,G:134.331479,B:47.956911,scales C:1.017574,R:1.092311,G:1.010372,B:1.025091
05-17 23:54:23.475  2444  3645 E libsensor-displayalgo: value of coefs 5,850.303000,7.300256,-2.660090,1.550054,-8.640300, line 99
05-17 23:54:23.475  2444  3645 D libsensor-displayalgo: brightness:372.000000,R:165.759944,G:200.148703,B:332.895639,EVENT C:317.510773,R:165.005600,G:122.504158,B:45.001530, lux: 0.000000
05-17 23:54:23.475  2444  3645 I libsensor-displayalgo: ##### the value of lux: 0.000000, cct: 0.000000
05-17 23:54:23.475  2444  3645 I libsensor-ssccalapi: value of set_lux: 0.000000
05-17 23:54:23.475  2444  3645 I libsensor-ssccalapi: value of set cct: 0.000000
05-17 23:54:23.475  2444  3645 I sensors : send_request:296,  send_request suid high 48dd16bd suid low 2c177798
05-17 23:54:23.475  2444  3523 I sensors : handle_resp_cb:364, _fifo_resp not empty
05-17 23:54:23.475  2444  3523 I sensors : handle_resp_cb:377,  handle_resp_cb suid high 48dd16bd suid low 2c177798,_fifo_resp.begin() 4580e1e0
05-17 23:54:23.475  2444  3523 I sensors : handle_resp_cb:379, _fifo_resp still not empty
05-17 23:54:23.477 29591 13805 I PhenotypeResourceReader: unable to find any Phenotype resource metadata for com.decoutkhanqindev.dexreader
05-17 23:54:23.480   642   701 E indev.dexreader: No package ID 6a found for resource ID 0x6a0b0013.
05-17 23:54:23.481   642   701 I FA      : App measurement initialized, version: 167000
05-17 23:54:23.481   642   701 I FA      : To enable debug logging run: adb shell setprop log.tag.FA VERBOSE
05-17 23:54:23.481   642   701 I FA      : To enable faster debug mode event logging run:
05-17 23:54:23.481   642   701 I FA      :   adb shell setprop debug.firebase.analytics.app com.decoutkhanqindev.dexreader
05-17 23:54:23.491  2626  7401 I ClipboardServiceI: checkProviderWakePathForClipboard: com.decoutkhanqindev.dexreaderis not a activePermissionOwner
05-17 23:54:23.492   326   348 D Benchmark: Force-stopping process com.decoutkhanqindev.dexreader
05-17 23:54:23.496  6516 27155 W MediaProvider: isAppCloneUserPair for user 0: false
05-17 23:54:23.536  2626  3780 I MiuiNetworkPolicy: removeUidState uid = 10415
05-17 23:54:23.537  2626  2779 I NetworkBoostStatusManager: onUidGone uid: 10415
05-17 23:54:23.539  9609 28310 D UidObserver: onUidGone entry uid = 10415
05-17 23:54:23.539  4413 10491 I IPCThreadState: oneway function results for code 3 on binder at 0xb400007658f69720 will be dropped but finished with status UNKNOWN_TRANSACTION
05-17 23:54:23.540  7324 25335 I IPCThreadState: oneway function results for code 3 on binder at 0xb400007663658360 will be dropped but finished with status UNKNOWN_TRANSACTION
05-17 23:54:23.553  4655  4655 D CarrierSvcBindHelper: onHandleForceStop: [com.decoutkhanqindev.dexreader]
05-17 23:54:23.554 10888 10888 I adbd    : Remote process closed the socket (on MSG_PEEK)
05-17 23:54:23.555  1515  1515 I Zygote  : Process 642 exited due to signal 9 (Killed)
05-17 23:54:23.555  4655  5102 D EuiccConnector: handleMessage: E msg.what=1
05-17 23:54:23.555  4655  5102 D EuiccConnector: processMsg: ConnectedState
05-17 23:54:23.555  4655  5102 D EuiccConnector: processMsg: DisconnectedState
05-17 23:54:23.556  6695  6695 D RegisteredServicesCache: Intent action: android.intent.action.PACKAGE_RESTARTED
05-17 23:54:23.556  4655  4655 D CarrierSvcBindHelper: No carrier app for: 0
05-17 23:54:23.558  4655  4655 D CarrierSvcBindHelper: No carrier app for: 1
05-17 23:54:23.558  1657 10484 I MiStcImpl: Dispatching command: 35 SET_HISTOGRAM
05-17 23:54:23.558  4655  5102 D EuiccConnector: handleMessage: X
05-17 23:54:23.565  6695  6695 D RegisteredServicesCache: Adding service: ComponentInfo{com.google.android.gms/com.google.android.gms.tapandpay.hce.service.TpHceService} AIDs: [325041592E5359532E4444463031]
05-17 23:54:23.565  6695  6695 D RegisteredServicesCache: Adding service: ComponentInfo{com.google.android.gms/com.google.android.gms.nearby.mediums.nearfieldcommunication.NfcAdvertisingService} AIDs: [F00000FE2C]
05-17 23:54:23.565  6695  6695 D RegisteredServicesCache: Adding service: ComponentInfo{com.google.android.gms/com.google.android.gms.pay.hce.service.PayHceService} AIDs: []
05-17 23:54:23.566  6695  6695 D RegisteredServicesCache: Adding service: ComponentInfo{com.google.android.gms/com.google.android.gms.dck.service.DckNfcApduService} AIDs: [A000000809434343444B467631]
05-17 23:54:23.566  6695  6695 D RegisteredServicesCache: Adding service: ComponentInfo{com.google.android.gms/com.google.android.gms.fido.fido2.ui.hybrid.NfcEmulationService} AIDs: [A000000476B00003]
05-17 23:54:23.566  6695  6695 D RegisteredServicesCache: Adding service: ComponentInfo{com.android.nfc/com.android.nfc.cardemulation.SIMWalletDummyService} AIDs: [BBBBBBBBBBBBBBBBBBBBBBBBBBBBBBBB]
05-17 23:54:23.566  6695  6695 D CardEmulationManager: Current default: ComponentInfo{com.android.nfc/com.android.nfc.cardemulation.SIMWalletDummyService} for user:0
05-17 23:54:23.566  6695  6695 D RegisteredAidCache: onServicesUpdated
05-17 23:54:23.568  6695  6695 D RegisteredAidCache: generateServiceMap component: ComponentInfo{com.google.android.gms/com.google.android.gms.tapandpay.hce.service.TpHceService}
05-17 23:54:23.568  6695  6695 D RegisteredAidCache: generateServiceMap component: ComponentInfo{com.google.android.gms/com.google.android.gms.nearby.mediums.nearfieldcommunication.NfcAdvertisingService}
05-17 23:54:23.568  6695  6695 D RegisteredAidCache: generateServiceMap component: ComponentInfo{com.google.android.gms/com.google.android.gms.pay.hce.service.PayHceService}
05-17 23:54:23.568  6695  6695 D RegisteredAidCache: generateServiceMap component: ComponentInfo{com.google.android.gms/com.google.android.gms.dck.service.DckNfcApduService}
05-17 23:54:23.568  6695  6695 D RegisteredAidCache: generateServiceMap component: ComponentInfo{com.google.android.gms/com.google.android.gms.fido.fido2.ui.hybrid.NfcEmulationService}
05-17 23:54:23.568  6695  6695 D RegisteredAidCache: generateServiceMap component: ComponentInfo{com.android.nfc/com.android.nfc.cardemulation.SIMWalletDummyService}
05-17 23:54:23.568  6695  6695 D RegisteredAidCache: generateAidCacheLocked: starting with aid 4F53452E5641532E3031
05-17 23:54:23.568  6695  6695 D RegisteredAidCache: Exact AID, resolving.
05-17 23:54:23.568  6695  6695 D RegisteredAidCache: resolveAidLocked: DECISION: making single handling service ComponentInfo{com.google.android.gms/com.google.android.gms.pay.hce.service.PayHceService} default.
05-17 23:54:23.568  6695  6695 D RegisteredAidCache: AIDs: [4F53452E5641532E3031] were resolved.
05-17 23:54:23.568  6695  6695 D RegisteredAidCache: generateAidCacheLocked: starting with aid A00000047643276C1FDE7A39B9C05716
05-17 23:54:23.568  6695  6695 D RegisteredAidCache: Exact AID, resolving.
05-17 23:54:23.568  6695  6695 D RegisteredAidCache: resolveAidLocked: (Ignoring handling service ComponentInfo{com.google.android.gms/com.google.android.gms.tapandpay.hce.service.TpHceService} because it's not the payment default.)
05-17 23:54:23.568  6695  6695 D RegisteredAidCache: resolveAidLocked: DECISION: routing to all matching services
05-17 23:54:23.568  6695  6695 D RegisteredAidCache: AIDs: [A00000047643276C1FDE7A39B9C05716] were resolved.
05-17 23:54:23.568  6695  6695 D RegisteredAidCache: generateAidCacheLocked: starting with aid A000000476B00003
05-17 23:54:23.568  6695  6695 D RegisteredAidCache: Exact AID, resolving.
05-17 23:54:23.568  6695  6695 D RegisteredAidCache: resolveAidLocked: DECISION: making single handling service ComponentInfo{com.google.android.gms/com.google.android.gms.fido.fido2.ui.hybrid.NfcEmulationService} default.
05-17 23:54:23.568  6695  6695 D RegisteredAidCache: AIDs: [A000000476B00003] were resolved.
05-17 23:54:23.568  6695  6695 D RegisteredAidCache: generateAidCacheLocked: starting with aid A000000476D0000111
05-17 23:54:23.568  6695  6695 D RegisteredAidCache: Exact AID, resolving.
05-17 23:54:23.569  6695  6695 D RegisteredAidCache: resolveAidLocked: DECISION: making single handling service ComponentInfo{com.google.android.gms/com.google.android.gms.pay.hce.service.PayHceService} default.
05-17 23:54:23.569  6695  6695 D RegisteredAidCache: AIDs: [A000000476D0000111] were resolved.
05-17 23:54:23.569  6695  6695 D RegisteredAidCache: generateAidCacheLocked: starting with aid A000000809434343444B467631
05-17 23:54:23.569  6695  6695 D RegisteredAidCache: Exact AID, resolving.
05-17 23:54:23.569  6695  6695 D RegisteredAidCache: resolveAidLocked: DECISION: making single handling service ComponentInfo{com.google.android.gms/com.google.android.gms.dck.service.DckNfcApduService} default.
05-17 23:54:23.569  6695  6695 D RegisteredAidCache: AIDs: [A000000809434343444B467631] were resolved.
05-17 23:54:23.569  6695  6695 D RegisteredAidCache: generateAidCacheLocked: starting with aid A000000940BCB000
05-17 23:54:23.569  6695  6695 D RegisteredAidCache: Exact AID, resolving.
05-17 23:54:23.569  6695  6695 D RegisteredAidCache: resolveAidLocked: (Ignoring handling service ComponentInfo{com.google.android.gms/com.google.android.gms.tapandpay.hce.service.TpHceService} because it's not the payment default.)
05-17 23:54:23.569  6695  6695 D RegisteredAidCache: resolveAidLocked: DECISION: routing to all matching services
05-17 23:54:23.569  6695  6695 D RegisteredAidCache: AIDs: [A000000940BCB000] were resolved.
05-17 23:54:23.569  6695  6695 D RegisteredAidCache: generateAidCacheLocked: starting with aid BBBBBBBBBBBBBBBBBBBBBBBBBBBBBBBB
05-17 23:54:23.569  6695  6695 D RegisteredAidCache: Exact AID, resolving.
05-17 23:54:23.569  6695  6695 D RegisteredAidCache: resolveAidLocked: DECISION: routing to payment default default ApduService: ComponentInfo{com.android.nfc/com.android.nfc.cardemulation.SIMWalletDummyService}, UID: 1027, description: SIM Wallet, Static AID Groups: Category: payment, AIDs:BBBBBBBBBBBBBBBBBBBBBBBBBBBBBBBB, , Dynamic AID Groups:
05-17 23:54:23.569  6695  6695 D RegisteredAidCache: AIDs: [BBBBBBBBBBBBBBBBBBBBBBBBBBBBBBBB] were resolved.
05-17 23:54:23.569  6695  6695 D RegisteredAidCache: generateAidCacheLocked: starting with aid F00000FE2C
05-17 23:54:23.569  6695  6695 D RegisteredAidCache: Exact AID, resolving.
05-17 23:54:23.569  6695  6695 D RegisteredAidCache: resolveAidLocked: DECISION: making single handling service ComponentInfo{com.google.android.gms/com.google.android.gms.nearby.mediums.nearfieldcommunication.NfcAdvertisingService} default.
05-17 23:54:23.569  6695  6695 D RegisteredAidCache: AIDs: [F00000FE2C] were resolved.
05-17 23:54:23.569  6695  6695 D RegisteredAidCache: Exact or Prefix AID.F00000FE2C
05-17 23:54:23.569  6695  6695 D RegisteredAidCache: AIDs: [F00000FE2C] were resolved.
05-17 23:54:23.569  6695  6695 D RegisteredAidCache: Exact or Prefix AID.BBBBBBBBBBBBBBBBBBBBBBBBBBBBBBBB
05-17 23:54:23.569  6695  6695 D RegisteredAidCache: AIDs: [BBBBBBBBBBBBBBBBBBBBBBBBBBBBBBBB] were resolved.
05-17 23:54:23.569  6695  6695 D RegisteredAidCache: Exact or Prefix AID.A000000940BCB000
05-17 23:54:23.569  6695  6695 D RegisteredAidCache: AIDs: [A000000940BCB000] were resolved.
05-17 23:54:23.569  6695  6695 D RegisteredAidCache: Exact or Prefix AID.A000000809434343444B467631
05-17 23:54:23.569  6695  6695 D RegisteredAidCache: AIDs: [A000000809434343444B467631] were resolved.
05-17 23:54:23.569  6695  6695 D RegisteredAidCache: Exact or Prefix AID.A000000476D0000111
05-17 23:54:23.569  6695  6695 D RegisteredAidCache: AIDs: [A000000476D0000111] were resolved.
05-17 23:54:23.569  6695  6695 D RegisteredAidCache: Exact or Prefix AID.A000000476B00003
05-17 23:54:23.569  6695  6695 D RegisteredAidCache: AIDs: [A000000476B00003] were resolved.
05-17 23:54:23.569  6695  6695 D RegisteredAidCache: Exact or Prefix AID.A00000047643276C1FDE7A39B9C05716
05-17 23:54:23.569  6695  6695 D RegisteredAidCache: AIDs: [A00000047643276C1FDE7A39B9C05716] were resolved.
05-17 23:54:23.569  6695  6695 D RegisteredAidCache: Exact or Prefix AID.4F53452E5641532E3031
05-17 23:54:23.569  6695  6695 D RegisteredAidCache: AIDs: [4F53452E5641532E3031] were resolved.
05-17 23:54:23.569  6695  6695 I RegisteredAidCache: updateRoutingLocked(false): Enter
05-17 23:54:23.569  6695  6695 D RegisteredAidCache: Not updating routing table because NFC is off.
05-17 23:54:23.569  6695  6695 D RegisteredServicesCache: ApduService: ComponentInfo{com.google.android.gms/com.google.android.gms.tapandpay.hce.service.TpHceService}, UID: 10146, description: Google Pay, Static AID Groups: Category: payment, AIDs:325041592E5359532E4444463031, , Dynamic AID Groups: Category: payment, AIDs:A00000047643276C1FDE7A39B9C05716, A000000940BCB000,
05-17 23:54:23.569  6695  6695 D RegisteredServicesCache: ApduService: ComponentInfo{com.google.android.gms/com.google.android.gms.nearby.mediums.nearfieldcommunication.NfcAdvertisingService}, UID: 10146, description: Nearby, Static AID Groups: Category: other, AIDs:F00000FE2C, , Dynamic AID Groups:
05-17 23:54:23.569  6695  6695 D RegisteredServicesCache: ApduService: ComponentInfo{com.google.android.gms/com.google.android.gms.pay.hce.service.PayHceService}, UID: 10146, description: Google Wallet, Static AID Groups: , Dynamic AID Groups: Category: other, AIDs:4F53452E5641532E3031, A000000476D0000111,
05-17 23:54:23.569  6695  6695 D RegisteredServicesCache: ApduService: ComponentInfo{com.google.android.gms/com.google.android.gms.dck.service.DckNfcApduService}, UID: 10146, description: Android Digital Car Key (System Service), Static AID Groups: Category: other, AIDs:A000000809434343444B467631, , Dynamic AID Groups:
05-17 23:54:23.569  6695  6695 D RegisteredServicesCache: ApduService: ComponentInfo{com.google.android.gms/com.google.android.gms.fido.fido2.ui.hybrid.NfcEmulationService}, UID: 10146, description: Fido NFC Emulation Service, Static AID Groups: Category: other, AIDs:A000000476B00003, , Dynamic AID Groups:
05-17 23:54:23.569  6695  6695 D RegisteredServicesCache: ApduService: ComponentInfo{com.android.nfc/com.android.nfc.cardemulation.SIMWalletDummyService}, UID: 1027, description: SIM Wallet, Static AID Groups: Category: payment, AIDs:BBBBBBBBBBBBBBBBBBBBBBBBBBBBBBBB, , Dynamic AID Groups:
05-17 23:54:23.571  6516 29020 I MediaProvider: Invalidating LocalCallingIdentity cache for package com.decoutkhanqindev.dexreader.baselineprofile. Reason: owned_database_row_deleted:/storage/emulated/0/Android/media/com.decoutkhanqindev.dexreader.baselineprofile/temporaryScript_957630431.sh
05-17 23:54:23.571  6695  6695 D RegisteredNfcFServicesCache: Service unchanged, not updating
05-17 23:54:23.571  2444  3645 I libsensor-displayalgo: the value of channelCali C:371.714447,R:221.028393,G:134.331479,B:47.956911,scales C:1.017574,R:1.092311,G:1.010372,B:1.025091
05-17 23:54:23.571  2444  3645 E libsensor-displayalgo: value of coefs 5,850.303000,7.300256,-2.660090,1.550054,-8.640300, line 99
05-17 23:54:23.571  2444  3645 D libsensor-displayalgo: brightness:372.000000,R:165.759944,G:200.148703,B:332.895639,EVENT C:307.510437,R:160.005432,G:120.004074,B:42.501442, lux: 0.000000
05-17 23:54:23.571  2444  3645 I libsensor-displayalgo: ##### the value of lux: 0.000000, cct: 0.000000
05-17 23:54:23.571  2444  3645 I libsensor-ssccalapi: value of set_lux: 0.000000
05-17 23:54:23.571  2444  3645 I libsensor-ssccalapi: value of set cct: 0.000000
05-17 23:54:23.571  2444  3645 I sensors : send_request:296,  send_request suid high 48dd16bd suid low 2c177798
05-17 23:54:23.571  4617 17171 D SecureElementService: getReaders() for com.android.nfc
05-17 23:54:23.572  6516 29020 I MediaProvider: Deleted 0 0 0 0 0 0 1 items on external_primary due to com.android.shell
05-17 23:54:23.573  2444  3523 I sensors : handle_resp_cb:364, _fifo_resp not empty
05-17 23:54:23.573  2444  3523 I sensors : handle_resp_cb:377,  handle_resp_cb suid high 48dd16bd suid low 2c177798,_fifo_resp.begin() 4580e1e0
05-17 23:54:23.573  2444  3523 I sensors : handle_resp_cb:379, _fifo_resp still not empty
05-17 23:54:23.573  2444  3645 I libsensor-displayalgo: the value of channelCali C:371.714447,R:221.028393,G:134.331479,B:47.956911,scales C:1.017574,R:1.092311,G:1.010372,B:1.025091
05-17 23:54:23.573  2444  3645 E libsensor-displayalgo: value of coefs 5,850.303000,7.300256,-2.660090,1.550054,-8.640300, line 99
05-17 23:54:23.573  2444  3645 D libsensor-displayalgo: brightness:372.000000,R:165.759944,G:200.148703,B:332.895639,EVENT C:312.510620,R:162.505524,G:120.004074,B:45.001530, lux: 0.000000
05-17 23:54:23.573  2444  3645 I libsensor-displayalgo: ##### the value of lux: 0.000000, cct: 0.000000
05-17 23:54:23.573  2444  3645 I libsensor-ssccalapi: value of set_lux: 0.000000
05-17 23:54:23.573  2444  3645 I libsensor-ssccalapi: value of set cct: 0.000000
05-17 23:54:23.574  2444  3645 I sensors : send_request:296,  send_request suid high 48dd16bd suid low 2c177798
05-17 23:54:23.574  2444  3523 I sensors : handle_resp_cb:364, _fifo_resp not empty
05-17 23:54:23.575  2444  3523 I sensors : handle_resp_cb:377,  handle_resp_cb suid high 48dd16bd suid low 2c177798,_fifo_resp.begin() 4580e1e0
05-17 23:54:23.575  2444  3523 I sensors : handle_resp_cb:379, _fifo_resp still not empty
05-17 23:54:23.576  2444  3645 I libsensor-displayalgo: the value of channelCali C:371.714447,R:221.028393,G:134.331479,B:47.956911,scales C:1.017574,R:1.092311,G:1.010372,B:1.025091
05-17 23:54:23.576  2444  3645 E libsensor-displayalgo: value of coefs 5,850.303000,7.300256,-2.660090,1.550054,-8.640300, line 99
05-17 23:54:23.576  2444  3645 D libsensor-displayalgo: brightness:372.000000,R:165.759944,G:200.148703,B:332.895639,EVENT C:315.010681,R:162.505524,G:120.004074,B:47.501614, lux: 0.000000
05-17 23:54:23.576  2444  3645 I libsensor-displayalgo: ##### the value of lux: 0.000000, cct: 0.000000
05-17 23:54:23.576  2444  3645 I libsensor-ssccalapi: value of set_lux: 0.000000
05-17 23:54:23.576  2444  3645 I libsensor-ssccalapi: value of set cct: 0.000000
05-17 23:54:23.576  2444  3645 I sensors : send_request:296,  send_request suid high 48dd16bd suid low 2c177798
05-17 23:54:23.576  4617 17171 I SecureElement-Terminal-SIM2: isNfcEventAllowed: No access rules for checking.
05-17 23:54:23.576 29591 29645 I UriTaskContentObserver: (REDACTED) Throttling content uri change event for %s
05-17 23:54:23.577  2444  3523 I sensors : handle_resp_cb:364, _fifo_resp not empty
05-17 23:54:23.577  2444  3523 I sensors : handle_resp_cb:377,  handle_resp_cb suid high 48dd16bd suid low 2c177798,_fifo_resp.begin() 4580e1e0
05-17 23:54:23.577  2444  3523 I sensors : handle_resp_cb:379, _fifo_resp still not empty
05-17 23:54:23.639  6516 25201 W MediaProvider: isAppCloneUserPair for user 0: false
05-17 23:54:23.671  2444  3645 I libsensor-displayalgo: the value of channelCali C:371.714447,R:221.028393,G:134.331479,B:47.956911,scales C:1.017574,R:1.092311,G:1.010372,B:1.025091
05-17 23:54:23.671  2444  3645 E libsensor-displayalgo: value of coefs 5,850.303000,7.300256,-2.660090,1.550054,-8.640300, line 99
05-17 23:54:23.671  2444  3645 D libsensor-displayalgo: brightness:372.000000,R:165.759944,G:200.148703,B:332.895639,EVENT C:310.010529,R:162.505524,G:120.004074,B:45.001530, lux: 0.000000
05-17 23:54:23.671  2444  3645 I libsensor-displayalgo: ##### the value of lux: 0.000000, cct: 0.000000
05-17 23:54:23.671  2444  3645 I libsensor-ssccalapi: value of set_lux: 0.000000
05-17 23:54:23.671  2444  3645 I libsensor-ssccalapi: value of set cct: 0.000000
05-17 23:54:23.671  2444  3645 I sensors : send_request:296,  send_request suid high 48dd16bd suid low 2c177798
05-17 23:54:23.672  2444  3523 I sensors : handle_resp_cb:364, _fifo_resp not empty
05-17 23:54:23.672  2444  3523 I sensors : handle_resp_cb:377,  handle_resp_cb suid high 48dd16bd suid low 2c177798,_fifo_resp.begin() 4580e1e0
05-17 23:54:23.672  2444  3523 I sensors : handle_resp_cb:379, _fifo_resp still not empty
05-17 23:54:23.673  2444  3645 I libsensor-displayalgo: the value of channelCali C:371.714447,R:221.028393,G:134.331479,B:47.956911,scales C:1.017574,R:1.092311,G:1.010372,B:1.025091
05-17 23:54:23.673  2444  3645 E libsensor-displayalgo: value of coefs 5,850.303000,7.300256,-2.660090,1.550054,-8.640300, line 99
05-17 23:54:23.673  2444  3645 D libsensor-displayalgo: brightness:372.000000,R:165.759944,G:200.148703,B:332.895639,EVENT C:315.010681,R:162.505524,G:122.504158,B:45.001530, lux: 0.000000
05-17 23:54:23.673  2444  3645 I libsensor-displayalgo: ##### the value of lux: 0.000000, cct: 0.000000
05-17 23:54:23.673  2444  3645 I libsensor-ssccalapi: value of set_lux: 0.000000
05-17 23:54:23.673  2444  3645 I libsensor-ssccalapi: value of set cct: 0.000000
05-17 23:54:23.673  2444  3645 I sensors : send_request:296,  send_request suid high 48dd16bd suid low 2c177798
05-17 23:54:23.673 22886 24032 I artd    : GetBestInfo: odex next to the dex file (/data/app/~~2_mlpUm7vpJgaorjnNHw0A==/com.decoutkhanqindev.dexreader-m1-ImPtdYsV0Ff8U579f0g==/oat/arm64/base.odex) is kOatUpToDate with filter 'verify' executable 'false'
05-17 23:54:23.673 22886 24032 I artd    : Should recompile: targetFilterIsSame (current: verify, target: verify)
05-17 23:54:23.673  2444  3523 I sensors : handle_resp_cb:364, _fifo_resp not empty
05-17 23:54:23.673  2444  3523 I sensors : handle_resp_cb:377,  handle_resp_cb suid high 48dd16bd suid low 2c177798,_fifo_resp.begin() 4580e1e0
05-17 23:54:23.673  2444  3523 I sensors : handle_resp_cb:379, _fifo_resp still not empty
05-17 23:54:23.674  2444  3645 I libsensor-displayalgo: the value of channelCali C:371.714447,R:221.028393,G:134.331479,B:47.956911,scales C:1.017574,R:1.092311,G:1.010372,B:1.025091
05-17 23:54:23.674  2444  3645 E libsensor-displayalgo: value of coefs 5,850.303000,7.300256,-2.660090,1.550054,-8.640300, line 99
05-17 23:54:23.674  2444  3645 D libsensor-displayalgo: brightness:372.000000,R:165.759944,G:200.148703,B:332.895639,EVENT C:310.010529,R:160.005432,G:120.004074,B:45.001530, lux: 0.000000
05-17 23:54:23.674  2444  3645 I libsensor-displayalgo: ##### the value of lux: 0.000000, cct: 0.000000
05-17 23:54:23.674  2444  3645 I libsensor-ssccalapi: value of set_lux: 0.000000
05-17 23:54:23.674  2444  3645 I libsensor-ssccalapi: value of set cct: 0.000000
05-17 23:54:23.674  2444  3645 I sensors : send_request:296,  send_request suid high 48dd16bd suid low 2c177798
05-17 23:54:23.676  2444  3523 I sensors : handle_resp_cb:364, _fifo_resp not empty
05-17 23:54:23.676  2444  3523 I sensors : handle_resp_cb:377,  handle_resp_cb suid high 48dd16bd suid low 2c177798,_fifo_resp.begin() 4580e1e0
05-17 23:54:23.676  2444  3523 I sensors : handle_resp_cb:379, _fifo_resp still not empty
05-17 23:54:23.681 22886 24032 I artd    : Running dex2oat: /apex/com.android.art/bin/art_exec --drop-capabilities --set-task-profile=Dex2OatBootComplete --set-priority=background --keep-fds=7:8:9:10:11 -- /apex/com.android.art/bin/dex2oat64 --zip-fd=7 --zip-location=/data/app/~~2_mlpUm7vpJgaorjnNHw0A==/com.decoutkhanqindev.dexreader-m1-ImPtdYsV0Ff8U579f0g==/base.apk --oat-fd=8 --oat-location=/data/app/~~2_mlpUm7vpJgaorjnNHw0A==/com.decoutkhanqindev.dexreader-m1-ImPtdYsV0Ff8U579f0g==/oat/arm64/base.odex --output-vdex-fd=9 --swap-fd=10 --class-loader-context=PCL[] --classpath-dir=/data/app/~~2_mlpUm7vpJgaorjnNHw0A==/com.decoutkhanqindev.dexreader-m1-ImPtdYsV0Ff8U579f0g== --input-vdex-fd=11 --instruction-set=arm64 --instruction-set-features=default --instruction-set-variant=kryo300 --compiler-filter=verify --compilation-reason=cmdline --max-image-block-size=524288 --resolve-startup-const-strings=true --generate-mini-debug-info --runtime-arg -Xtarget-sdk-version:36 --runtime-arg -Xhidden-api-policy:enabled --assume-value=Landroid/os/Build$VERSION;->SDK_INT:34 --no-allow-profile-code -j6 --runtime-arg -Xms64m --runtime-arg -Xmx512m --comments=app-name:com.decoutkhanqindev.dexreader,app-version-name:1.0,app-version-code:1,art-version:361501120
05-17 23:54:23.681 22886 24032 I artd    : Opened FDs: 7:/data/app/~~2_mlpUm7vpJgaorjnNHw0A==/com.decoutkhanqindev.dexreader-m1-ImPtdYsV0Ff8U579f0g==/base.apk 8:/data/app/~~2_mlpUm7vpJgaorjnNHw0A==/com.decoutkhanqindev.dexreader-m1-ImPtdYsV0Ff8U579f0g==/oat/arm64/base.odex.Gp6SSN.tmp 9:/data/app/~~2_mlpUm7vpJgaorjnNHw0A==/com.decoutkhanqindev.dexreader-m1-ImPtdYsV0Ff8U579f0g==/oat/arm64/base.vdex.b4SAqS.tmp 10:/data/app/~~2_mlpUm7vpJgaorjnNHw0A==/com.decoutkhanqindev.dexreader-m1-ImPtdYsV0Ff8U579f0g==/oat/arm64/base.odex.swap.FxcOik.tmp 11:/data/app/~~2_mlpUm7vpJgaorjnNHw0A==/com.decoutkhanqindev.dexreader-m1-ImPtdYsV0Ff8U579f0g==/oat/arm64/base.vdex
05-17 23:54:23.694   755   755 W libprocessgroup: JoinCgroup: controller schedtune is not found
05-17 23:54:23.710   755   755 I dex2oat64: MMAP_TRYLOCK is not supported in uffd addr:0x7d86e89000 page-size:4096
05-17 23:54:23.714   755   755 I dex2oat64: /apex/com.android.art/bin/dex2oat64 --output-vdex-fd=9 --class-loader-context=PCL[] --classpath-dir=/data/app/~~2_mlpUm7vpJgaorjnNHw0A==/com.decoutkhanqindev.dexreader-m1-ImPtdYsV0Ff8U579f0g== --input-vdex-fd=11 --compiler-filter=verify --compilation-reason=cmdline --max-image-block-size=524288 --resolve-startup-const-strings=true --generate-mini-debug-info --assume-value=Landroid/os/Build$VERSION;->SDK_INT:34 --no-allow-profile-code -j6 --comments=app-name:com.decoutkhanqindev.dexreader,app-version-name:1.0,app-version-code:1,art-version:361501120
05-17 23:54:23.735   755   755 I dex2oat64: Using CollectorTypeCMC GC.
05-17 23:54:23.759  1657 10484 I MiStcImpl: Dispatching command: 35 SET_HISTOGRAM
05-17 23:54:23.771  2444  3645 I libsensor-displayalgo: the value of channelCali C:371.714447,R:221.028393,G:134.331479,B:47.956911,scales C:1.017574,R:1.092311,G:1.010372,B:1.025091
05-17 23:54:23.771  2444  3645 E libsensor-displayalgo: value of coefs 5,850.303000,7.300256,-2.660090,1.550054,-8.640300, line 99
05-17 23:54:23.771  2444  3645 D libsensor-displayalgo: brightness:372.000000,R:165.759944,G:200.148703,B:332.895639,EVENT C:312.510620,R:160.005432,G:120.004074,B:47.501614, lux: 0.000000
05-17 23:54:23.771  2444  3645 I libsensor-displayalgo: ##### the value of lux: 0.000000, cct: 0.000000
05-17 23:54:23.771  2444  3645 I libsensor-ssccalapi: value of set_lux: 0.000000
05-17 23:54:23.771  2444  3645 I libsensor-ssccalapi: value of set cct: 0.000000
05-17 23:54:23.772  2444  3645 I sensors : send_request:296,  send_request suid high 48dd16bd suid low 2c177798
05-17 23:54:23.773  2444  3523 I sensors : handle_resp_cb:364, _fifo_resp not empty
05-17 23:54:23.773  2444  3523 I sensors : handle_resp_cb:377,  handle_resp_cb suid high 48dd16bd suid low 2c177798,_fifo_resp.begin() 4580e1e0
05-17 23:54:23.773  2444  3523 I sensors : handle_resp_cb:379, _fifo_resp still not empty
05-17 23:54:23.774  2444  3645 I libsensor-displayalgo: the value of channelCali C:371.714447,R:221.028393,G:134.331479,B:47.956911,scales C:1.017574,R:1.092311,G:1.010372,B:1.025091
05-17 23:54:23.774  2444  3645 E libsensor-displayalgo: value of coefs 5,850.303000,7.300256,-2.660090,1.550054,-8.640300, line 99
05-17 23:54:23.774  2444  3645 D libsensor-displayalgo: brightness:372.000000,R:165.759944,G:200.148703,B:332.895639,EVENT C:320.010864,R:162.505524,G:122.504158,B:45.001530, lux: 0.000000
05-17 23:54:23.774  2444  3645 I libsensor-displayalgo: ##### the value of lux: 0.000000, cct: 0.000000
05-17 23:54:23.774  2444  3645 I libsensor-ssccalapi: value of set_lux: 0.000000
05-17 23:54:23.774  2444  3645 I libsensor-ssccalapi: value of set cct: 0.000000
05-17 23:54:23.774  2444  3645 I sensors : send_request:296,  send_request suid high 48dd16bd suid low 2c177798
05-17 23:54:23.774  2444  3523 I sensors : handle_resp_cb:364, _fifo_resp not empty
05-17 23:54:23.774  2444  3523 I sensors : handle_resp_cb:377,  handle_resp_cb suid high 48dd16bd suid low 2c177798,_fifo_resp.begin() 4580e1e0
05-17 23:54:23.774  2444  3523 I sensors : handle_resp_cb:379, _fifo_resp still not empty
05-17 23:54:23.776  2444  3645 I libsensor-displayalgo: the value of channelCali C:371.714447,R:221.028393,G:134.331479,B:47.956911,scales C:1.017574,R:1.092311,G:1.010372,B:1.025091
