05-17 23:54:22.536  2626  5964 I ActivityManager: Broadcasting: Intent { act=androidx.profileinstaller.action.SKIP_FILE flg=0x400000 cmp=com.decoutkhanqindev.dexreader/androidx.profileinstaller.ProfileInstallReceiver (has extras) }
05-17 23:54:22.549  1515  1515 D Zygote  : Forked child process 506
05-17 23:54:22.554  1657 10484 I MiStcImpl: Dispatching command: 35 SET_HISTOGRAM
05-17 23:54:22.556   506   506 E Zygote  : process_name_ptr:506 com.decoutkhanqindev.dexreader
05-17 23:54:22.556   506   506 E zygote64: Failed to parse /data/system/mfz.xml: Tinyxml2 error (3): Error=XML_ERROR_FILE_NOT_FOUND ErrorID=3 (0x3) Line number=0: filename=/data/system/mfz.xml
05-17 23:54:22.556   506   506 E zygote64: MemoryFreeze XMLFile not found
05-17 23:54:22.556   506   506 E zygote64: Failed to parse /product/etc/mfz.xml: Tinyxml2 error (3): Error=XML_ERROR_FILE_NOT_FOUND ErrorID=3 (0x3) Line number=0: filename=/product/etc/mfz.xml
05-17 23:54:22.557   506   506 E zygote64: MemoryFreeze XMLFile not found
05-17 23:54:22.566   506   506 I indev.dexreader: Using CollectorTypeCMC GC.
05-17 23:54:22.570 10888 10895 I adbd    : jdwp connection from 506
05-17 23:54:22.571  2444  3645 I libsensor-displayalgo: the value of channelCali C:371.714447,R:221.028393,G:134.331479,B:47.956911,scales C:1.017574,R:1.092311,G:1.010372,B:1.025091
05-17 23:54:22.571  2444  3645 E libsensor-displayalgo: value of coefs 5,850.303000,7.300256,-2.660090,1.550054,-8.640300, line 99
05-17 23:54:22.571  2444  3645 D libsensor-displayalgo: brightness:372.000000,R:165.759944,G:200.148703,B:332.895639,EVENT C:317.510773,R:162.505524,G:120.004074,B:45.001530, lux: 0.000000
05-17 23:54:22.571  2444  3645 I libsensor-displayalgo: ##### the value of lux: 0.000000, cct: 0.000000
05-17 23:54:22.571  2444  3645 I libsensor-ssccalapi: value of set_lux: 0.000000
05-17 23:54:22.571  2444  3645 I libsensor-ssccalapi: value of set cct: 0.000000
05-17 23:54:22.571  2444  3645 I sensors : send_request:296,  send_request suid high 48dd16bd suid low 2c177798
05-17 23:54:22.572  2444  3523 I sensors : handle_resp_cb:364, _fifo_resp not empty
05-17 23:54:22.573  2444  3523 I sensors : handle_resp_cb:377,  handle_resp_cb suid high 48dd16bd suid low 2c177798,_fifo_resp.begin() 4580e1e0
05-17 23:54:22.573  2444  3523 I sensors : handle_resp_cb:379, _fifo_resp still not empty
05-17 23:54:22.573  2444  3645 I libsensor-displayalgo: the value of channelCali C:371.714447,R:221.028393,G:134.331479,B:47.956911,scales C:1.017574,R:1.092311,G:1.010372,B:1.025091
05-17 23:54:22.573   506   506 D nativeloader: Load libframework-connectivity-tiramisu-jni.so using APEX ns com_android_tethering for caller /apex/com.android.tethering/javalib/framework-connectivity-t.jar: ok
05-17 23:54:22.573  2444  3645 E libsensor-displayalgo: value of coefs 5,850.303000,7.300256,-2.660090,1.550054,-8.640300, line 99
05-17 23:54:22.573  2444  3645 D libsensor-displayalgo: brightness:372.000000,R:165.759944,G:200.148703,B:332.895639,EVENT C:310.010529,R:160.005432,G:120.004074,B:45.001530, lux: 0.000000
05-17 23:54:22.573  2444  3645 I libsensor-displayalgo: ##### the value of lux: 0.000000, cct: 0.000000
05-17 23:54:22.573  2444  3645 I libsensor-ssccalapi: value of set_lux: 0.000000
05-17 23:54:22.573  2444  3645 I libsensor-ssccalapi: value of set cct: 0.000000
05-17 23:54:22.573  2444  3645 I sensors : send_request:296,  send_request suid high 48dd16bd suid low 2c177798
05-17 23:54:22.574  2444  3523 I sensors : handle_resp_cb:364, _fifo_resp not empty
05-17 23:54:22.574  2444  3523 I sensors : handle_resp_cb:377,  handle_resp_cb suid high 48dd16bd suid low 2c177798,_fifo_resp.begin() 4580e1e0
05-17 23:54:22.574  2444  3523 I sensors : handle_resp_cb:379, _fifo_resp still not empty
05-17 23:54:22.575  2444  3645 I libsensor-displayalgo: the value of channelCali C:371.714447,R:221.028393,G:134.331479,B:47.956911,scales C:1.017574,R:1.092311,G:1.010372,B:1.025091
05-17 23:54:22.575  2444  3645 E libsensor-displayalgo: value of coefs 5,850.303000,7.300256,-2.660090,1.550054,-8.640300, line 99
05-17 23:54:22.575  2444  3645 D libsensor-displayalgo: brightness:372.000000,R:165.759944,G:200.148703,B:332.895639,EVENT C:315.010681,R:165.005600,G:120.004074,B:45.001530, lux: 0.000000
05-17 23:54:22.575  2444  3645 I libsensor-displayalgo: ##### the value of lux: 0.000000, cct: 0.000000
05-17 23:54:22.575  2444  3645 I libsensor-ssccalapi: value of set_lux: 0.000000
05-17 23:54:22.575  2444  3645 I libsensor-ssccalapi: value of set cct: 0.000000
05-17 23:54:22.575  2444  3645 I sensors : send_request:296,  send_request suid high 48dd16bd suid low 2c177798
05-17 23:54:22.577  2444  3523 I sensors : handle_resp_cb:364, _fifo_resp not empty
05-17 23:54:22.577  2444  3523 I sensors : handle_resp_cb:377,  handle_resp_cb suid high 48dd16bd suid low 2c177798,_fifo_resp.begin() 4580e1e0
05-17 23:54:22.577  2444  3523 I sensors : handle_resp_cb:379, _fifo_resp still not empty
05-17 23:54:22.577  2444  3645 I libsensor-displayalgo: the value of channelCali C:371.714447,R:221.028393,G:134.331479,B:47.956911,scales C:1.017574,R:1.092311,G:1.010372,B:1.025091
05-17 23:54:22.577  2444  3645 E libsensor-displayalgo: value of coefs 5,850.303000,7.300256,-2.660090,1.550054,-8.640300, line 99
05-17 23:54:22.577  2444  3645 D libsensor-displayalgo: brightness:372.000000,R:165.759944,G:200.148703,B:332.895639,EVENT C:312.510620,R:162.505524,G:122.504158,B:45.001530, lux: 0.000000
05-17 23:54:22.577  2444  3645 I libsensor-displayalgo: ##### the value of lux: 0.000000, cct: 0.000000
05-17 23:54:22.577  2444  3645 I libsensor-ssccalapi: value of set_lux: 0.000000
05-17 23:54:22.577  2444  3645 I libsensor-ssccalapi: value of set cct: 0.000000
05-17 23:54:22.577  2444  3645 I sensors : send_request:296,  send_request suid high 48dd16bd suid low 2c177798
05-17 23:54:22.578   506   506 I MessageMonitor: Load libmiui_runtime
05-17 23:54:22.578  2444  3523 I sensors : handle_resp_cb:364, _fifo_resp not empty
05-17 23:54:22.578  2444  3523 I sensors : handle_resp_cb:377,  handle_resp_cb suid high 48dd16bd suid low 2c177798,_fifo_resp.begin() 4580e1e0
05-17 23:54:22.578  2444  3523 I sensors : handle_resp_cb:379, _fifo_resp still not empty
05-17 23:54:22.579  2444  3645 I libsensor-displayalgo: the value of channelCali C:371.714447,R:221.028393,G:134.331479,B:47.956911,scales C:1.017574,R:1.092311,G:1.010372,B:1.025091
05-17 23:54:22.579  2444  3645 E libsensor-displayalgo: value of coefs 5,850.303000,7.300256,-2.660090,1.550054,-8.640300, line 99
05-17 23:54:22.579  2444  3645 D libsensor-displayalgo: brightness:372.000000,R:165.759944,G:200.148703,B:332.895639,EVENT C:310.010529,R:162.505524,G:120.004074,B:45.001530, lux: 0.000000
05-17 23:54:22.579  2444  3645 I libsensor-displayalgo: ##### the value of lux: 0.000000, cct: 0.000000
05-17 23:54:22.579  2444  3645 I libsensor-ssccalapi: value of set_lux: 0.000000
05-17 23:54:22.579  2444  3645 I libsensor-ssccalapi: value of set cct: 0.000000
05-17 23:54:22.579  2444  3645 I sensors : send_request:296,  send_request suid high 48dd16bd suid low 2c177798
05-17 23:54:22.580  2444  3523 I sensors : handle_resp_cb:364, _fifo_resp not empty
05-17 23:54:22.580  2444  3523 I sensors : handle_resp_cb:377,  handle_resp_cb suid high 48dd16bd suid low 2c177798,_fifo_resp.begin() 4580e1e0
05-17 23:54:22.580  2444  3523 I sensors : handle_resp_cb:379, _fifo_resp still not empty
05-17 23:54:22.583  2626  3123 D SymlinkUtils: attachApplication file op go pass: 0 ms
05-17 23:54:22.585  2626  3123 D CompatibilityInfo: mCompatibilityFlags - 4
05-17 23:54:22.585  2626  3123 D CompatibilityInfo: applicationDensity - 480
05-17 23:54:22.585  2626  3123 D CompatibilityInfo: applicationScale - 1.0
05-17 23:54:22.591  2626  3780 I MiuiNetworkPolicy: updateUidState uid = 10415, uidState = 11
05-17 23:54:22.592   506   506 D CompatibilityChangeReporter: Compat change id reported: 171979766; UID 10415; state: ENABLED
05-17 23:54:22.592   506   506 D CompatibilityChangeReporter: Compat change id reported: 242716250; UID 10415; state: ENABLED
05-17 23:54:22.603   506   506 D nativeloader: Configuring clns-4 for other apk /data/app/~~2_mlpUm7vpJgaorjnNHw0A==/com.decoutkhanqindev.dexreader-m1-ImPtdYsV0Ff8U579f0g==/base.apk. target_sdk_version=36, uses_libraries=, library_path=/data/app/~~2_mlpUm7vpJgaorjnNHw0A==/com.decoutkhanqindev.dexreader-m1-ImPtdYsV0Ff8U579f0g==/lib/arm64:/data/app/~~2_mlpUm7vpJgaorjnNHw0A==/com.decoutkhanqindev.dexreader-m1-ImPtdYsV0Ff8U579f0g==/base.apk!/lib/arm64-v8a, permitted_path=/data:/mnt/expand:/data/user/0/com.decoutkhanqindev.dexreader
05-17 23:54:22.609   506   506 D nativeloader: Load libframework-connectivity-jni.so using APEX ns com_android_tethering for caller /apex/com.android.tethering/javalib/framework-connectivity.jar: ok
05-17 23:54:22.610   506   506 I Perf    : Connecting to perf service.
05-17 23:54:22.613   506   506 V GraphicsEnvironment: Currently set values for:
05-17 23:54:22.613   506   506 V GraphicsEnvironment:   angle_gl_driver_selection_pkgs=[]
05-17 23:54:22.613   506   506 V GraphicsEnvironment:   angle_gl_driver_selection_values=[]
05-17 23:54:22.613   506   506 V GraphicsEnvironment: ANGLE GameManagerService for com.decoutkhanqindev.dexreader: false
05-17 23:54:22.614   506   506 V GraphicsEnvironment: com.decoutkhanqindev.dexreader is not listed in per-application setting
05-17 23:54:22.614   506   506 V GraphicsEnvironment: App is not on the allowlist for updatable production driver.
05-17 23:54:22.616   506   506 I ForceDarkHelperStubImpl: initialize for com.decoutkhanqindev.dexreader , ForceDarkOrigin
05-17 23:54:22.618   506   506 D nativeloader: Load libforcedarkimpl.so using system ns (caller=/system_ext/framework/miui-framework.jar): ok
05-17 23:54:22.618   506   506 D OpenGLRenderer: JNI_OnLoad success
05-17 23:54:22.618   506   506 I MiuiForceDarkConfig: setConfig density:3.000000, mainRule:0, secondaryRule:0, tertiaryRule:0
05-17 23:54:22.626   506   506 D CompatibilityChangeReporter: Compat change id reported: 183155436; UID 10415; state: ENABLED
05-17 23:54:22.633   506   506 I FirebaseApp: Device unlocked: initializing all Firebase APIs for app [DEFAULT]
05-17 23:54:22.636   506   506 I FirebaseInitProvider: FirebaseApp initialization successful
05-17 23:54:22.646  1657  2058 I SDM     : HWEventsDRM::SetEventState: Setup vsync event for CRTC 104, Connector 57
05-17 23:54:22.647  2626  3123 I ClipboardServiceI: checkProviderWakePathForClipboard: com.decoutkhanqindev.dexreaderis not a activePermissionOwner
05-17 23:54:22.654   506   541 W indev.dexreader: ClassLoaderContext classpath size mismatch. expected=1, found=0 (DLC[];PCL[base.apk*217194814]{PCL[/system/framework/org.apache.http.legacy.jar*2865211571]#PCL[/system/framework/com.android.location.provider.jar*3994156537]#PCL[/system/framework/com.android.media.remotedisplay.jar*2114713712]} | DLC[];PCL[])
05-17 23:54:22.657   506   506 D ProfileInstaller: RESULT_INSTALL_SKIP_FILE_SUCCESS
05-17 23:54:22.658   506   541 I DynamiteModule: Considering local module com.google.android.gms.measurement.dynamite:185 and remote module com.google.android.gms.measurement.dynamite:191
05-17 23:54:22.658   506   541 I DynamiteModule: Selected remote version of com.google.android.gms.measurement.dynamite, version >= 191
05-17 23:54:22.658   506   541 V DynamiteModule: Dynamite loader version >= 2, using loadModule2NoCrashUtils
05-17 23:54:22.659  2626  2644 I ActivityManager: Broadcast completed: result=10
05-17 23:54:22.662  2626  3780 I MiuiNetworkPolicy: updateUidState uid = 10415, uidState = 19
05-17 23:54:22.663  1853  2072 D MI-SF   : mIsSupportAutomodeForMaxFpsSetting is 0(0), getCurrentBrightness() = 1272(1350), mIsKeepAutoMode 0
05-17 23:54:22.664  1853  2072 D RefreshRateSelector: fixedMode_group: 0, isFindModeGroup 0
05-17 23:54:22.664  1853  2072 D RefreshRateSelector: find max refresh rate:120, mode Group:0
05-17 23:54:22.665   326   348 D Benchmark: Killing process com.decoutkhanqindev.dexreader
05-17 23:54:22.670   506   541 W System  : ClassLoader referenced unknown path:
05-17 23:54:22.671   506   541 D nativeloader: Configuring clns-5 for other apk . target_sdk_version=37, uses_libraries=, library_path=/data/app/~~yWD3JApKUgAuI-3psyatCw==/com.google.android.gms-tWhXQCPi9BmOgyfukWLsag==/lib/arm64:/data/app/~~yWD3JApKUgAuI-3psyatCw==/com.google.android.gms-tWhXQCPi9BmOgyfukWLsag==/base.apk!/lib/arm64-v8a, permitted_path=/data:/mnt/expand:/data/user/0/com.google.android.gms
05-17 23:54:22.671  2444  3645 I libsensor-displayalgo: the value of channelCali C:371.714447,R:221.028393,G:134.331479,B:47.956911,scales C:1.017574,R:1.092311,G:1.010372,B:1.025091
05-17 23:54:22.671  2444  3645 E libsensor-displayalgo: value of coefs 5,850.303000,7.300256,-2.660090,1.550054,-8.640300, line 99
05-17 23:54:22.671  2444  3645 D libsensor-displayalgo: brightness:372.000000,R:165.759944,G:200.148703,B:332.895639,EVENT C:310.010529,R:157.505341,G:117.503990,B:42.501442, lux: 0.000000
05-17 23:54:22.671  2444  3645 I libsensor-displayalgo: ##### the value of lux: 0.000000, cct: 0.000000
05-17 23:54:22.671  2444  3645 I libsensor-ssccalapi: value of set_lux: 0.000000
05-17 23:54:22.671  2444  3645 I libsensor-ssccalapi: value of set cct: 0.000000
05-17 23:54:22.672  2444  3645 I sensors : send_request:296,  send_request suid high 48dd16bd suid low 2c177798
05-17 23:54:22.673  2444  3523 I sensors : handle_resp_cb:364, _fifo_resp not empty
05-17 23:54:22.673  2444  3523 I sensors : handle_resp_cb:377,  handle_resp_cb suid high 48dd16bd suid low 2c177798,_fifo_resp.begin() 4580e1e0
05-17 23:54:22.673  2444  3523 I sensors : handle_resp_cb:379, _fifo_resp still not empty
05-17 23:54:22.673  2444  3645 I libsensor-displayalgo: the value of channelCali C:371.714447,R:221.028393,G:134.331479,B:47.956911,scales C:1.017574,R:1.092311,G:1.010372,B:1.025091
05-17 23:54:22.673  2444  3645 E libsensor-displayalgo: value of coefs 5,850.303000,7.300256,-2.660090,1.550054,-8.640300, line 99
05-17 23:54:22.673  2444  3645 D libsensor-displayalgo: brightness:372.000000,R:165.759944,G:200.148703,B:332.895639,EVENT C:315.010681,R:162.505524,G:122.504158,B:45.001530, lux: 0.000000
05-17 23:54:22.673  2444  3645 I libsensor-displayalgo: ##### the value of lux: 0.000000, cct: 0.000000
05-17 23:54:22.673  2444  3645 I libsensor-ssccalapi: value of set_lux: 0.000000
05-17 23:54:22.673  2444  3645 I libsensor-ssccalapi: value of set cct: 0.000000
05-17 23:54:22.673  2444  3645 I sensors : send_request:296,  send_request suid high 48dd16bd suid low 2c177798
05-17 23:54:22.674  2444  3523 I sensors : handle_resp_cb:364, _fifo_resp not empty
05-17 23:54:22.674  2444  3523 I sensors : handle_resp_cb:377,  handle_resp_cb suid high 48dd16bd suid low 2c177798,_fifo_resp.begin() 4580e1e0
05-17 23:54:22.674  2444  3523 I sensors : handle_resp_cb:379, _fifo_resp still not empty
05-17 23:54:22.674  2444  3645 I libsensor-displayalgo: the value of channelCali C:371.714447,R:221.028393,G:134.331479,B:47.956911,scales C:1.017574,R:1.092311,G:1.010372,B:1.025091
05-17 23:54:22.674  2444  3645 E libsensor-displayalgo: value of coefs 5,850.303000,7.300256,-2.660090,1.550054,-8.640300, line 99
05-17 23:54:22.674  2444  3645 D libsensor-displayalgo: brightness:372.000000,R:165.759944,G:200.148703,B:332.895639,EVENT C:312.510620,R:160.005432,G:122.504158,B:45.001530, lux: 0.000000
05-17 23:54:22.674  2444  3645 I libsensor-displayalgo: ##### the value of lux: 0.000000, cct: 0.000000
05-17 23:54:22.674  2444  3645 I libsensor-ssccalapi: value of set_lux: 0.000000
05-17 23:54:22.674  2444  3645 I libsensor-ssccalapi: value of set cct: 0.000000
05-17 23:54:22.675  2444  3645 I sensors : send_request:296,  send_request suid high 48dd16bd suid low 2c177798
05-17 23:54:22.675  2444  3523 I sensors : handle_resp_cb:364, _fifo_resp not empty
05-17 23:54:22.675  2444  3523 I sensors : handle_resp_cb:377,  handle_resp_cb suid high 48dd16bd suid low 2c177798,_fifo_resp.begin() 4580e1e0
05-17 23:54:22.675  2444  3523 I sensors : handle_resp_cb:379, _fifo_resp still not empty
05-17 23:54:22.676  2444  3645 I libsensor-displayalgo: the value of channelCali C:371.714447,R:221.028393,G:134.331479,B:47.956911,scales C:1.017574,R:1.092311,G:1.010372,B:1.025091
05-17 23:54:22.676  2444  3645 E libsensor-displayalgo: value of coefs 5,850.303000,7.300256,-2.660090,1.550054,-8.640300, line 99
05-17 23:54:22.676  2444  3645 D libsensor-displayalgo: brightness:372.000000,R:165.759944,G:200.148703,B:332.895639,EVENT C:312.510620,R:165.005600,G:122.504158,B:45.001530, lux: 0.000000
05-17 23:54:22.676  2444  3645 I libsensor-displayalgo: ##### the value of lux: 0.000000, cct: 0.000000
05-17 23:54:22.676  2444  3645 I libsensor-ssccalapi: value of set_lux: 0.000000
05-17 23:54:22.676  2444  3645 I libsensor-ssccalapi: value of set cct: 0.000000
05-17 23:54:22.676  2444  3645 I sensors : send_request:296,  send_request suid high 48dd16bd suid low 2c177798
05-17 23:54:22.677  2444  3523 I sensors : handle_resp_cb:364, _fifo_resp not empty
05-17 23:54:22.677  2444  3523 I sensors : handle_resp_cb:377,  handle_resp_cb suid high 48dd16bd suid low 2c177798,_fifo_resp.begin() 4580e1e0
05-17 23:54:22.677  2444  3523 I sensors : handle_resp_cb:379, _fifo_resp still not empty
05-17 23:54:22.679   506   541 W indev.dexreader: ClassLoaderContext classpath element checksum mismatch. expected=217194814, found=1835327172 (DLC[];PCL[base.apk*217194814]{PCL[/system/framework/org.apache.http.legacy.jar*2865211571]#PCL[/system/framework/com.android.location.provider.jar*3994156537]#PCL[/system/framework/com.android.media.remotedisplay.jar*2114713712]} | DLC[];PCL[/data/app/~~2_mlpUm7vpJgaorjnNHw0A==/com.decoutkhanqindev.dexreader-m1-ImPtdYsV0Ff8U579f0g==/base.apk*1835327172])
05-17 23:54:22.709 29591 13805 I PhenotypeResourceReader: unable to find any Phenotype resource metadata for com.decoutkhanqindev.dexreader
05-17 23:54:22.712   506   564 E indev.dexreader: No package ID 6a found for resource ID 0x6a0b0013.
05-17 23:54:22.713   506   564 I FA      : App measurement initialized, version: 167000
05-17 23:54:22.713   506   564 I FA      : To enable debug logging run: adb shell setprop log.tag.FA VERBOSE
05-17 23:54:22.713   506   564 I FA      : To enable faster debug mode event logging run:
05-17 23:54:22.713   506   564 I FA      :   adb shell setprop debug.firebase.analytics.app com.decoutkhanqindev.dexreader
05-17 23:54:22.722  2626  3123 I ClipboardServiceI: checkProviderWakePathForClipboard: com.decoutkhanqindev.dexreaderis not a activePermissionOwner
05-17 23:54:22.723   326   348 D Benchmark: Force-stopping process com.decoutkhanqindev.dexreader
05-17 23:54:22.731  6516 29020 W MediaProvider: isAppCloneUserPair for user 0: false
05-17 23:54:22.742 25570 31639 D AdvertisingIdClient: AdvertisingIdClient already created.
05-17 23:54:22.746 25570 31639 I AdvertisingIdClient: shouldSendLog 2250781559
05-17 23:54:22.746 25570 31639 I AdvertisingIdClient: GetInfoInternal elapse 3ms
05-17 23:54:22.755  1657 10484 I MiStcImpl: Dispatching command: 35 SET_HISTOGRAM
05-17 23:54:22.771  2444  3645 I libsensor-displayalgo: the value of channelCali C:371.714447,R:221.028393,G:134.331479,B:47.956911,scales C:1.017574,R:1.092311,G:1.010372,B:1.025091
05-17 23:54:22.771  2444  3645 E libsensor-displayalgo: value of coefs 5,850.303000,7.300256,-2.660090,1.550054,-8.640300, line 99
05-17 23:54:22.771  2444  3645 D libsensor-displayalgo: brightness:372.000000,R:165.759944,G:200.148703,B:332.895639,EVENT C:315.010681,R:162.505524,G:122.504158,B:45.001530, lux: 0.000000
05-17 23:54:22.771  2444  3645 I libsensor-displayalgo: ##### the value of lux: 0.000000, cct: 0.000000
05-17 23:54:22.771  2444  3645 I libsensor-ssccalapi: value of set_lux: 0.000000
05-17 23:54:22.771  2444  3645 I libsensor-ssccalapi: value of set cct: 0.000000
05-17 23:54:22.771  2444  3645 I sensors : send_request:296,  send_request suid high 48dd16bd suid low 2c177798
05-17 23:54:22.772  2626  3780 I MiuiNetworkPolicy: removeUidState uid = 10415
05-17 23:54:22.772  2626  2779 I NetworkBoostStatusManager: onUidGone uid: 10415
05-17 23:54:22.773  2444  3523 I sensors : handle_resp_cb:364, _fifo_resp not empty
05-17 23:54:22.773  2444  3523 I sensors : handle_resp_cb:377,  handle_resp_cb suid high 48dd16bd suid low 2c177798,_fifo_resp.begin() 4580e1e0
05-17 23:54:22.773  2444  3523 I sensors : handle_resp_cb:379, _fifo_resp still not empty
05-17 23:54:22.775  4413 10491 I IPCThreadState: oneway function results for code 3 on binder at 0xb400007658f69720 will be dropped but finished with status UNKNOWN_TRANSACTION
05-17 23:54:22.776  7324 25335 I IPCThreadState: oneway function results for code 3 on binder at 0xb400007663658360 will be dropped but finished with status UNKNOWN_TRANSACTION
05-17 23:54:22.774  9609 28310 D UidObserver: onUidGone entry uid = 10415
05-17 23:54:22.791 10888 10888 I adbd    : Remote process closed the socket (on MSG_PEEK)
05-17 23:54:22.792  1515  1515 I Zygote  : Process 506 exited due to signal 9 (Killed)
05-17 23:54:22.793  4655  4655 D CarrierSvcBindHelper: onHandleForceStop: [com.decoutkhanqindev.dexreader]
05-17 23:54:22.794  6695  6695 D RegisteredServicesCache: Intent action: android.intent.action.PACKAGE_RESTARTED
05-17 23:54:22.795  4655  5102 D EuiccConnector: handleMessage: E msg.what=1
05-17 23:54:22.796  4655  5102 D EuiccConnector: processMsg: ConnectedState
05-17 23:54:22.796  4655  5102 D EuiccConnector: processMsg: DisconnectedState
05-17 23:54:22.797  4655  4655 D CarrierSvcBindHelper: No carrier app for: 0
05-17 23:54:22.797  4655  5102 D EuiccConnector: handleMessage: X
05-17 23:54:22.798  4655  4655 D CarrierSvcBindHelper: No carrier app for: 1
05-17 23:54:22.805  6695  6695 D RegisteredServicesCache: Adding service: ComponentInfo{com.google.android.gms/com.google.android.gms.tapandpay.hce.service.TpHceService} AIDs: [325041592E5359532E4444463031]
05-17 23:54:22.805  6695  6695 D RegisteredServicesCache: Adding service: ComponentInfo{com.google.android.gms/com.google.android.gms.nearby.mediums.nearfieldcommunication.NfcAdvertisingService} AIDs: [F00000FE2C]
05-17 23:54:22.805  6695  6695 D RegisteredServicesCache: Adding service: ComponentInfo{com.google.android.gms/com.google.android.gms.pay.hce.service.PayHceService} AIDs: []
05-17 23:54:22.805  6695  6695 D RegisteredServicesCache: Adding service: ComponentInfo{com.google.android.gms/com.google.android.gms.dck.service.DckNfcApduService} AIDs: [A000000809434343444B467631]
05-17 23:54:22.805  6695  6695 D RegisteredServicesCache: Adding service: ComponentInfo{com.google.android.gms/com.google.android.gms.fido.fido2.ui.hybrid.NfcEmulationService} AIDs: [A000000476B00003]
05-17 23:54:22.805  6695  6695 D RegisteredServicesCache: Adding service: ComponentInfo{com.android.nfc/com.android.nfc.cardemulation.SIMWalletDummyService} AIDs: [BBBBBBBBBBBBBBBBBBBBBBBBBBBBBBBB]
05-17 23:54:22.806  6695  6695 D CardEmulationManager: Current default: ComponentInfo{com.android.nfc/com.android.nfc.cardemulation.SIMWalletDummyService} for user:0
05-17 23:54:22.806  6695  6695 D RegisteredAidCache: onServicesUpdated
05-17 23:54:22.808  6695  6695 D RegisteredAidCache: generateServiceMap component: ComponentInfo{com.google.android.gms/com.google.android.gms.tapandpay.hce.service.TpHceService}
05-17 23:54:22.808  6695  6695 D RegisteredAidCache: generateServiceMap component: ComponentInfo{com.google.android.gms/com.google.android.gms.nearby.mediums.nearfieldcommunication.NfcAdvertisingService}
05-17 23:54:22.808  6695  6695 D RegisteredAidCache: generateServiceMap component: ComponentInfo{com.google.android.gms/com.google.android.gms.pay.hce.service.PayHceService}
05-17 23:54:22.808  6695  6695 D RegisteredAidCache: generateServiceMap component: ComponentInfo{com.google.android.gms/com.google.android.gms.dck.service.DckNfcApduService}
05-17 23:54:22.808  6695  6695 D RegisteredAidCache: generateServiceMap component: ComponentInfo{com.google.android.gms/com.google.android.gms.fido.fido2.ui.hybrid.NfcEmulationService}
05-17 23:54:22.808  6695  6695 D RegisteredAidCache: generateServiceMap component: ComponentInfo{com.android.nfc/com.android.nfc.cardemulation.SIMWalletDummyService}
05-17 23:54:22.808  6695  6695 D RegisteredAidCache: generateAidCacheLocked: starting with aid 4F53452E5641532E3031
05-17 23:54:22.808  6695  6695 D RegisteredAidCache: Exact AID, resolving.
05-17 23:54:22.808  6695  6695 D RegisteredAidCache: resolveAidLocked: DECISION: making single handling service ComponentInfo{com.google.android.gms/com.google.android.gms.pay.hce.service.PayHceService} default.
05-17 23:54:22.808  6695  6695 D RegisteredAidCache: AIDs: [4F53452E5641532E3031] were resolved.
05-17 23:54:22.808  6695  6695 D RegisteredAidCache: generateAidCacheLocked: starting with aid A00000047643276C1FDE7A39B9C05716
05-17 23:54:22.808  6695  6695 D RegisteredAidCache: Exact AID, resolving.
05-17 23:54:22.808  6695  6695 D RegisteredAidCache: resolveAidLocked: (Ignoring handling service ComponentInfo{com.google.android.gms/com.google.android.gms.tapandpay.hce.service.TpHceService} because it's not the payment default.)
05-17 23:54:22.808  6695  6695 D RegisteredAidCache: resolveAidLocked: DECISION: routing to all matching services
05-17 23:54:22.808  6695  6695 D RegisteredAidCache: AIDs: [A00000047643276C1FDE7A39B9C05716] were resolved.
05-17 23:54:22.808  6695  6695 D RegisteredAidCache: generateAidCacheLocked: starting with aid A000000476B00003
05-17 23:54:22.808  6695  6695 D RegisteredAidCache: Exact AID, resolving.
05-17 23:54:22.808  6695  6695 D RegisteredAidCache: resolveAidLocked: DECISION: making single handling service ComponentInfo{com.google.android.gms/com.google.android.gms.fido.fido2.ui.hybrid.NfcEmulationService} default.
05-17 23:54:22.808  6695  6695 D RegisteredAidCache: AIDs: [A000000476B00003] were resolved.
05-17 23:54:22.808  6695  6695 D RegisteredAidCache: generateAidCacheLocked: starting with aid A000000476D0000111
05-17 23:54:22.808  6695  6695 D RegisteredAidCache: Exact AID, resolving.
05-17 23:54:22.808  6695  6695 D RegisteredAidCache: resolveAidLocked: DECISION: making single handling service ComponentInfo{com.google.android.gms/com.google.android.gms.pay.hce.service.PayHceService} default.
05-17 23:54:22.808  6695  6695 D RegisteredAidCache: AIDs: [A000000476D0000111] were resolved.
05-17 23:54:22.808  6695  6695 D RegisteredAidCache: generateAidCacheLocked: starting with aid A000000809434343444B467631
05-17 23:54:22.809  6695  6695 D RegisteredAidCache: Exact AID, resolving.
05-17 23:54:22.809  6695  6695 D RegisteredAidCache: resolveAidLocked: DECISION: making single handling service ComponentInfo{com.google.android.gms/com.google.android.gms.dck.service.DckNfcApduService} default.
05-17 23:54:22.809  6695  6695 D RegisteredAidCache: AIDs: [A000000809434343444B467631] were resolved.
05-17 23:54:22.809  6695  6695 D RegisteredAidCache: generateAidCacheLocked: starting with aid A000000940BCB000
05-17 23:54:22.809  6695  6695 D RegisteredAidCache: Exact AID, resolving.
05-17 23:54:22.809  6695  6695 D RegisteredAidCache: resolveAidLocked: (Ignoring handling service ComponentInfo{com.google.android.gms/com.google.android.gms.tapandpay.hce.service.TpHceService} because it's not the payment default.)
05-17 23:54:22.809  6695  6695 D RegisteredAidCache: resolveAidLocked: DECISION: routing to all matching services
05-17 23:54:22.809  6695  6695 D RegisteredAidCache: AIDs: [A000000940BCB000] were resolved.
05-17 23:54:22.809  6695  6695 D RegisteredAidCache: generateAidCacheLocked: starting with aid BBBBBBBBBBBBBBBBBBBBBBBBBBBBBBBB
05-17 23:54:22.809  6695  6695 D RegisteredAidCache: Exact AID, resolving.
05-17 23:54:22.809  6695  6695 D RegisteredAidCache: resolveAidLocked: DECISION: routing to payment default default ApduService: ComponentInfo{com.android.nfc/com.android.nfc.cardemulation.SIMWalletDummyService}, UID: 1027, description: SIM Wallet, Static AID Groups: Category: payment, AIDs:BBBBBBBBBBBBBBBBBBBBBBBBBBBBBBBB, , Dynamic AID Groups:
05-17 23:54:22.809  6695  6695 D RegisteredAidCache: AIDs: [BBBBBBBBBBBBBBBBBBBBBBBBBBBBBBBB] were resolved.
05-17 23:54:22.809  6695  6695 D RegisteredAidCache: generateAidCacheLocked: starting with aid F00000FE2C
05-17 23:54:22.809  6695  6695 D RegisteredAidCache: Exact AID, resolving.
05-17 23:54:22.809  6695  6695 D RegisteredAidCache: resolveAidLocked: DECISION: making single handling service ComponentInfo{com.google.android.gms/com.google.android.gms.nearby.mediums.nearfieldcommunication.NfcAdvertisingService} default.
05-17 23:54:22.809  6695  6695 D RegisteredAidCache: AIDs: [F00000FE2C] were resolved.
05-17 23:54:22.809  6695  6695 D RegisteredAidCache: Exact or Prefix AID.F00000FE2C
05-17 23:54:22.809  6695  6695 D RegisteredAidCache: AIDs: [F00000FE2C] were resolved.
05-17 23:54:22.809  6695  6695 D RegisteredAidCache: Exact or Prefix AID.BBBBBBBBBBBBBBBBBBBBBBBBBBBBBBBB
05-17 23:54:22.809  6695  6695 D RegisteredAidCache: AIDs: [BBBBBBBBBBBBBBBBBBBBBBBBBBBBBBBB] were resolved.
05-17 23:54:22.809  6695  6695 D RegisteredAidCache: Exact or Prefix AID.A000000940BCB000
05-17 23:54:22.809  6695  6695 D RegisteredAidCache: AIDs: [A000000940BCB000] were resolved.
05-17 23:54:22.809  6695  6695 D RegisteredAidCache: Exact or Prefix AID.A000000809434343444B467631
05-17 23:54:22.809  6695  6695 D RegisteredAidCache: AIDs: [A000000809434343444B467631] were resolved.
05-17 23:54:22.809  6695  6695 D RegisteredAidCache: Exact or Prefix AID.A000000476D0000111
05-17 23:54:22.809  6695  6695 D RegisteredAidCache: AIDs: [A000000476D0000111] were resolved.
05-17 23:54:22.809  6695  6695 D RegisteredAidCache: Exact or Prefix AID.A000000476B00003
05-17 23:54:22.809  6695  6695 D RegisteredAidCache: AIDs: [A000000476B00003] were resolved.
05-17 23:54:22.809  6695  6695 D RegisteredAidCache: Exact or Prefix AID.A00000047643276C1FDE7A39B9C05716
05-17 23:54:22.809  6516 25464 I MediaProvider: Invalidating LocalCallingIdentity cache for package com.decoutkhanqindev.dexreader.baselineprofile. Reason: owned_database_row_deleted:/storage/emulated/0/Android/media/com.decoutkhanqindev.dexreader.baselineprofile/temporaryScript_211589061.sh
05-17 23:54:22.809  6695  6695 D RegisteredAidCache: AIDs: [A00000047643276C1FDE7A39B9C05716] were resolved.
05-17 23:54:22.809  6695  6695 D RegisteredAidCache: Exact or Prefix AID.4F53452E5641532E3031
05-17 23:54:22.809  6695  6695 D RegisteredAidCache: AIDs: [4F53452E5641532E3031] were resolved.
05-17 23:54:22.809  6695  6695 I RegisteredAidCache: updateRoutingLocked(false): Enter
05-17 23:54:22.809  6695  6695 D RegisteredAidCache: Not updating routing table because NFC is off.
05-17 23:54:22.809  6695  6695 D RegisteredServicesCache: ApduService: ComponentInfo{com.google.android.gms/com.google.android.gms.tapandpay.hce.service.TpHceService}, UID: 10146, description: Google Pay, Static AID Groups: Category: payment, AIDs:325041592E5359532E4444463031, , Dynamic AID Groups: Category: payment, AIDs:A00000047643276C1FDE7A39B9C05716, A000000940BCB000,
05-17 23:54:22.809  6695  6695 D RegisteredServicesCache: ApduService: ComponentInfo{com.google.android.gms/com.google.android.gms.nearby.mediums.nearfieldcommunication.NfcAdvertisingService}, UID: 10146, description: Nearby, Static AID Groups: Category: other, AIDs:F00000FE2C, , Dynamic AID Groups:
05-17 23:54:22.809  6695  6695 D RegisteredServicesCache: ApduService: ComponentInfo{com.google.android.gms/com.google.android.gms.pay.hce.service.PayHceService}, UID: 10146, description: Google Wallet, Static AID Groups: , Dynamic AID Groups: Category: other, AIDs:4F53452E5641532E3031, A000000476D0000111,
05-17 23:54:22.809  6695  6695 D RegisteredServicesCache: ApduService: ComponentInfo{com.google.android.gms/com.google.android.gms.dck.service.DckNfcApduService}, UID: 10146, description: Android Digital Car Key (System Service), Static AID Groups: Category: other, AIDs:A000000809434343444B467631, , Dynamic AID Groups:
05-17 23:54:22.809  6695  6695 D RegisteredServicesCache: ApduService: ComponentInfo{com.google.android.gms/com.google.android.gms.fido.fido2.ui.hybrid.NfcEmulationService}, UID: 10146, description: Fido NFC Emulation Service, Static AID Groups: Category: other, AIDs:A000000476B00003, , Dynamic AID Groups:
05-17 23:54:22.809  6695  6695 D RegisteredServicesCache: ApduService: ComponentInfo{com.android.nfc/com.android.nfc.cardemulation.SIMWalletDummyService}, UID: 1027, description: SIM Wallet, Static AID Groups: Category: payment, AIDs:BBBBBBBBBBBBBBBBBBBBBBBBBBBBBBBB, , Dynamic AID Groups:
05-17 23:54:22.810  6516 25464 I MediaProvider: Deleted 0 0 0 0 0 0 1 items on external_primary due to com.android.shell
05-17 23:54:22.811 29591 29645 I UriTaskContentObserver: (REDACTED) Throttling content uri change event for %s
05-17 23:54:22.811  6695  6695 D RegisteredNfcFServicesCache: Service unchanged, not updating
05-17 23:54:22.813  4617 17171 D SecureElementService: getReaders() for com.android.nfc
05-17 23:54:22.816  4617 17171 I SecureElement-Terminal-SIM2: isNfcEventAllowed: No access rules for checking.
05-17 23:54:22.835 11428 31768 I FA      : Application backgrounded at: timestamp_millis: 1779036860833
05-17 23:54:22.871  2444  3645 I libsensor-displayalgo: the value of channelCali C:371.714447,R:221.028393,G:134.331479,B:47.956911,scales C:1.017574,R:1.092311,G:1.010372,B:1.025091
05-17 23:54:22.871  2444  3645 E libsensor-displayalgo: value of coefs 5,850.303000,7.300256,-2.660090,1.550054,-8.640300, line 99
05-17 23:54:22.871  2444  3645 D libsensor-displayalgo: brightness:372.000000,R:165.759944,G:200.148703,B:332.895639,EVENT C:312.510620,R:162.505524,G:120.004074,B:45.001530, lux: 0.000000
05-17 23:54:22.871  2444  3645 I libsensor-displayalgo: ##### the value of lux: 0.000000, cct: 0.000000
05-17 23:54:22.871  2444  3645 I libsensor-ssccalapi: value of set_lux: 0.000000
05-17 23:54:22.871  2444  3645 I libsensor-ssccalapi: value of set cct: 0.000000
05-17 23:54:22.871  2444  3645 I sensors : send_request:296,  send_request suid high 48dd16bd suid low 2c177798
05-17 23:54:22.872  2444  3523 I sensors : handle_resp_cb:364, _fifo_resp not empty
05-17 23:54:22.872  2444  3523 I sensors : handle_resp_cb:377,  handle_resp_cb suid high 48dd16bd suid low 2c177798,_fifo_resp.begin() 4580e1e0
05-17 23:54:22.872  2444  3523 I sensors : handle_resp_cb:379, _fifo_resp still not empty
05-17 23:54:22.872  2444  3645 I libsensor-displayalgo: the value of channelCali C:371.714447,R:221.028393,G:134.331479,B:47.956911,scales C:1.017574,R:1.092311,G:1.010372,B:1.025091
05-17 23:54:22.872  2444  3645 E libsensor-displayalgo: value of coefs 5,850.303000,7.300256,-2.660090,1.550054,-8.640300, line 99
05-17 23:54:22.872  2444  3645 D libsensor-displayalgo: brightness:372.000000,R:165.759944,G:200.148703,B:332.895639,EVENT C:310.010529,R:160.005432,G:120.004074,B:45.001530, lux: 0.000000
05-17 23:54:22.872  2444  3645 I libsensor-displayalgo: ##### the value of lux: 0.000000, cct: 0.000000
05-17 23:54:22.872  2444  3645 I libsensor-ssccalapi: value of set_lux: 0.000000
05-17 23:54:22.872  2444  3645 I libsensor-ssccalapi: value of set cct: 0.000000
05-17 23:54:22.872  2444  3645 I sensors : send_request:296,  send_request suid high 48dd16bd suid low 2c177798
05-17 23:54:22.874  2444  3523 I sensors : handle_resp_cb:364, _fifo_resp not empty
05-17 23:54:22.874  2444  3523 I sensors : handle_resp_cb:377,  handle_resp_cb suid high 48dd16bd suid low 2c177798,_fifo_resp.begin() 4580e1e0
05-17 23:54:22.874  2444  3523 I sensors : handle_resp_cb:379, _fifo_resp still not empty
05-17 23:54:22.874  2444  3645 I libsensor-displayalgo: the value of channelCali C:371.714447,R:221.028393,G:134.331479,B:47.956911,scales C:1.017574,R:1.092311,G:1.010372,B:1.025091
05-17 23:54:22.874  2444  3645 E libsensor-displayalgo: value of coefs 5,850.303000,7.300256,-2.660090,1.550054,-8.640300, line 99
05-17 23:54:22.874  2444  3645 D libsensor-displayalgo: brightness:372.000000,R:165.759944,G:200.148703,B:332.895639,EVENT C:315.010681,R:162.505524,G:122.504158,B:45.001530, lux: 0.000000
05-17 23:54:22.874  2444  3645 I libsensor-displayalgo: ##### the value of lux: 0.000000, cct: 0.000000
05-17 23:54:22.874  2444  3645 I libsensor-ssccalapi: value of set_lux: 0.000000
05-17 23:54:22.874  2444  3645 I libsensor-ssccalapi: value of set cct: 0.000000
05-17 23:54:22.874  2444  3645 I sensors : send_request:296,  send_request suid high 48dd16bd suid low 2c177798
05-17 23:54:22.876  2444  3523 I sensors : handle_resp_cb:364, _fifo_resp not empty
05-17 23:54:22.876  2444  3523 I sensors : handle_resp_cb:377,  handle_resp_cb suid high 48dd16bd suid low 2c177798,_fifo_resp.begin() 4580e1e0
05-17 23:54:22.876  2444  3523 I sensors : handle_resp_cb:379, _fifo_resp still not empty
05-17 23:54:22.876  2444  3645 I libsensor-displayalgo: the value of channelCali C:371.714447,R:221.028393,G:134.331479,B:47.956911,scales C:1.017574,R:1.092311,G:1.010372,B:1.025091
05-17 23:54:22.876  2444  3645 E libsensor-displayalgo: value of coefs 5,850.303000,7.300256,-2.660090,1.550054,-8.640300, line 99
05-17 23:54:22.876  2444  3645 D libsensor-displayalgo: brightness:372.000000,R:165.759944,G:200.148703,B:332.895639,EVENT C:305.010345,R:160.005432,G:117.503990,B:45.001530, lux: 0.000000
05-17 23:54:22.876  2444  3645 I libsensor-displayalgo: ##### the value of lux: 0.000000, cct: 0.000000
05-17 23:54:22.876  2444  3645 I libsensor-ssccalapi: value of set_lux: 0.000000
05-17 23:54:22.876  2444  3645 I libsensor-ssccalapi: value of set cct: 0.000000
05-17 23:54:22.876  2444  3645 I sensors : send_request:296,  send_request suid high 48dd16bd suid low 2c177798
05-17 23:54:22.877   326   348 I System.out: startserver
05-17 23:54:22.877  2444  3523 I sensors : handle_resp_cb:364, _fifo_resp not empty
05-17 23:54:22.877  2444  3523 I sensors : handle_resp_cb:377,  handle_resp_cb suid high 48dd16bd suid low 2c177798,_fifo_resp.begin() 4580e1e0
05-17 23:54:22.877  2444  3523 I sensors : handle_resp_cb:379, _fifo_resp still not empty
05-17 23:54:22.878  2444  3645 I libsensor-displayalgo: the value of channelCali C:371.714447,R:221.028393,G:134.331479,B:47.956911,scales C:1.017574,R:1.092311,G:1.010372,B:1.025091
05-17 23:54:22.878  2444  3645 E libsensor-displayalgo: value of coefs 5,850.303000,7.300256,-2.660090,1.550054,-8.640300, line 99
05-17 23:54:22.878  2444  3645 D libsensor-displayalgo: brightness:372.000000,R:165.759944,G:200.148703,B:332.895639,EVENT C:317.510773,R:162.505524,G:120.004074,B:45.001530, lux: 0.000000
05-17 23:54:22.878  2444  3645 I libsensor-displayalgo: ##### the value of lux: 0.000000, cct: 0.000000
05-17 23:54:22.878  2444  3645 I libsensor-ssccalapi: value of set_lux: 0.000000
05-17 23:54:22.878  2444  3645 I libsensor-ssccalapi: value of set cct: 0.000000
05-17 23:54:22.878  2444  3645 I sensors : send_request:296,  send_request suid high 48dd16bd suid low 2c177798
05-17 23:54:22.879  2444  3523 I sensors : handle_resp_cb:364, _fifo_resp not empty
05-17 23:54:22.879  2444  3523 I sensors : handle_resp_cb:377,  handle_resp_cb suid high 48dd16bd suid low 2c177798,_fifo_resp.begin() 4580e1e0
05-17 23:54:22.879  2444  3523 I sensors : handle_resp_cb:379, _fifo_resp still not empty
05-17 23:54:22.880   326   348 D PerfettoCapture: Supported ABIs: arm64-v8a, armeabi-v7a, armeabi
05-17 23:54:22.889  6516 27152 W MediaProvider: isAppCloneUserPair for user 0: false
05-17 23:54:22.955  1657 10484 I MiStcImpl: Dispatching command: 35 SET_HISTOGRAM
05-17 23:54:22.971  2444  3645 I libsensor-displayalgo: the value of channelCali C:371.714447,R:221.028393,G:134.331479,B:47.956911,scales C:1.017574,R:1.092311,G:1.010372,B:1.025091
05-17 23:54:22.971  2444  3645 E libsensor-displayalgo: value of coefs 5,850.303000,7.300256,-2.660090,1.550054,-8.640300, line 99
05-17 23:54:22.971  2444  3645 D libsensor-displayalgo: brightness:372.000000,R:165.759944,G:200.148703,B:332.895639,EVENT C:312.510620,R:160.005432,G:120.004074,B:47.501614, lux: 0.000000
05-17 23:54:22.971  2444  3645 I libsensor-displayalgo: ##### the value of lux: 0.000000, cct: 0.000000
05-17 23:54:22.971  2444  3645 I libsensor-ssccalapi: value of set_lux: 0.000000
05-17 23:54:22.971  2444  3645 I libsensor-ssccalapi: value of set cct: 0.000000
05-17 23:54:22.971  2444  3645 I sensors : send_request:296,  send_request suid high 48dd16bd suid low 2c177798
05-17 23:54:22.972  2444  3523 I sensors : handle_resp_cb:364, _fifo_resp not empty
05-17 23:54:22.972  2444  3523 I sensors : handle_resp_cb:377,  handle_resp_cb suid high 48dd16bd suid low 2c177798,_fifo_resp.begin() 4580e1e0
05-17 23:54:22.972  2444  3523 I sensors : handle_resp_cb:379, _fifo_resp still not empty
05-17 23:54:22.972  2444  3645 I libsensor-displayalgo: the value of channelCali C:371.714447,R:221.028393,G:134.331479,B:47.956911,scales C:1.017574,R:1.092311,G:1.010372,B:1.025091
05-17 23:54:22.972  2444  3645 E libsensor-displayalgo: value of coefs 5,850.303000,7.300256,-2.660090,1.550054,-8.640300, line 99
05-17 23:54:22.972  2444  3645 D libsensor-displayalgo: brightness:372.000000,R:165.759944,G:200.148703,B:332.895639,EVENT C:315.010681,R:162.505524,G:120.004074,B:45.001530, lux: 0.000000
05-17 23:54:22.972  2444  3645 I libsensor-displayalgo: ##### the value of lux: 0.000000, cct: 0.000000
05-17 23:54:22.972  2444  3645 I libsensor-ssccalapi: value of set_lux: 0.000000
05-17 23:54:22.972  2444  3645 I libsensor-ssccalapi: value of set cct: 0.000000
05-17 23:54:22.972  2444  3645 I sensors : send_request:296,  send_request suid high 48dd16bd suid low 2c177798
05-17 23:54:22.973  2444  3523 I sensors : handle_resp_cb:364, _fifo_resp not empty
05-17 23:54:22.973  2444  3523 I sensors : handle_resp_cb:377,  handle_resp_cb suid high 48dd16bd suid low 2c177798,_fifo_resp.begin() 4580e1e0
05-17 23:54:22.973  2444  3523 I sensors : handle_resp_cb:379, _fifo_resp still not empty
05-17 23:54:22.973  2444  3645 I libsensor-displayalgo: the value of channelCali C:371.714447,R:221.028393,G:134.331479,B:47.956911,scales C:1.017574,R:1.092311,G:1.010372,B:1.025091
05-17 23:54:22.973  2444  3645 E libsensor-displayalgo: value of coefs 5,850.303000,7.300256,-2.660090,1.550054,-8.640300, line 99
05-17 23:54:22.973  2444  3645 D libsensor-displayalgo: brightness:372.000000,R:165.759944,G:200.148703,B:332.895639,EVENT C:310.010529,R:162.505524,G:122.504158,B:45.001530, lux: 0.000000
05-17 23:54:22.973  2444  3645 I libsensor-displayalgo: ##### the value of lux: 0.000000, cct: 0.000000
05-17 23:54:22.973  2444  3645 I libsensor-ssccalapi: value of set_lux: 0.000000
05-17 23:54:22.973  2444  3645 I libsensor-ssccalapi: value of set cct: 0.000000
05-17 23:54:22.973  2444  3645 I sensors : send_request:296,  send_request suid high 48dd16bd suid low 2c177798
05-17 23:54:22.974  2444  3523 I sensors : handle_resp_cb:364, _fifo_resp not empty
05-17 23:54:22.974  2444  3523 I sensors : handle_resp_cb:377,  handle_resp_cb suid high 48dd16bd suid low 2c177798,_fifo_resp.begin() 4580e1e0
05-17 23:54:22.974  2444  3523 I sensors : handle_resp_cb:379, _fifo_resp still not empty
05-17 23:54:22.975  2444  3645 I libsensor-displayalgo: the value of channelCali C:371.714447,R:221.028393,G:134.331479,B:47.956911,scales C:1.017574,R:1.092311,G:1.010372,B:1.025091
05-17 23:54:22.975  2444  3645 E libsensor-displayalgo: value of coefs 5,850.303000,7.300256,-2.660090,1.550054,-8.640300, line 99
05-17 23:54:22.975  2444  3645 D libsensor-displayalgo: brightness:372.000000,R:165.759944,G:200.148703,B:332.895639,EVENT C:315.010681,R:162.505524,G:120.004074,B:45.001530, lux: 0.000000
05-17 23:54:22.975  2444  3645 I libsensor-displayalgo: ##### the value of lux: 0.000000, cct: 0.000000
05-17 23:54:22.975  2444  3645 I libsensor-ssccalapi: value of set_lux: 0.000000
05-17 23:54:22.975  2444  3645 I libsensor-ssccalapi: value of set cct: 0.000000
05-17 23:54:22.975  2444  3645 I sensors : send_request:296,  send_request suid high 48dd16bd suid low 2c177798
05-17 23:54:22.976  2444  3523 I sensors : handle_resp_cb:364, _fifo_resp not empty
05-17 23:54:22.976  2444  3523 I sensors : handle_resp_cb:377,  handle_resp_cb suid high 48dd16bd suid low 2c177798,_fifo_resp.begin() 4580e1e0
05-17 23:54:22.976  2444  3523 I sensors : handle_resp_cb:379, _fifo_resp still not empty
05-17 23:54:23.071  2444  3645 I libsensor-displayalgo: the value of channelCali C:371.714447,R:221.028393,G:134.331479,B:47.956911,scales C:1.017574,R:1.092311,G:1.010372,B:1.025091
05-17 23:54:23.071  2444  3645 E libsensor-displayalgo: value of coefs 5,850.303000,7.300256,-2.660090,1.550054,-8.640300, line 99
05-17 23:54:23.071  2444  3645 D libsensor-displayalgo: brightness:372.000000,R:165.759944,G:200.148703,B:332.895639,EVENT C:310.010529,R:157.505341,G:122.504158,B:45.001530, lux: 0.000000
05-17 23:54:23.071  2444  3645 I libsensor-displayalgo: ##### the value of lux: 0.000000, cct: 0.000000
05-17 23:54:23.071  2444  3645 I libsensor-ssccalapi: value of set_lux: 0.000000
05-17 23:54:23.071  2444  3645 I libsensor-ssccalapi: value of set cct: 0.000000
05-17 23:54:23.071  2444  3645 I sensors : send_request:296,  send_request suid high 48dd16bd suid low 2c177798
05-17 23:54:23.072  2444  3523 I sensors : handle_resp_cb:364, _fifo_resp not empty
05-17 23:54:23.072  2444  3523 I sensors : handle_resp_cb:377,  handle_resp_cb suid high 48dd16bd suid low 2c177798,_fifo_resp.begin() 4580e1e0
05-17 23:54:23.072  2444  3523 I sensors : handle_resp_cb:379, _fifo_resp still not empty
05-17 23:54:23.073  2444  3645 I libsensor-displayalgo: the value of channelCali C:371.714447,R:221.028393,G:134.331479,B:47.956911,scales C:1.017574,R:1.092311,G:1.010372,B:1.025091
05-17 23:54:23.073  2444  3645 E libsensor-displayalgo: value of coefs 5,850.303000,7.300256,-2.660090,1.550054,-8.640300, line 99
05-17 23:54:23.073  2444  3645 D libsensor-displayalgo: brightness:372.000000,R:165.759944,G:200.148703,B:332.895639,EVENT C:315.010681,R:165.005600,G:120.004074,B:45.001530, lux: 0.000000
05-17 23:54:23.073  2444  3645 I libsensor-displayalgo: ##### the value of lux: 0.000000, cct: 0.000000
05-17 23:54:23.073  2444  3645 I libsensor-ssccalapi: value of set_lux: 0.000000
05-17 23:54:23.073  2444  3645 I libsensor-ssccalapi: value of set cct: 0.000000
05-17 23:54:23.073  2444  3645 I sensors : send_request:296,  send_request suid high 48dd16bd suid low 2c177798
05-17 23:54:23.073  2444  3523 I sensors : handle_resp_cb:364, _fifo_resp not empty
05-17 23:54:23.073  2444  3523 I sensors : handle_resp_cb:377,  handle_resp_cb suid high 48dd16bd suid low 2c177798,_fifo_resp.begin() 4580e1e0
05-17 23:54:23.073  2444  3523 I sensors : handle_resp_cb:379, _fifo_resp still not empty
05-17 23:54:23.074  2444  3645 I libsensor-displayalgo: the value of channelCali C:371.714447,R:221.028393,G:134.331479,B:47.956911,scales C:1.017574,R:1.092311,G:1.010372,B:1.025091
05-17 23:54:23.074  2444  3645 E libsensor-displayalgo: value of coefs 5,850.303000,7.300256,-2.660090,1.550054,-8.640300, line 99
05-17 23:54:23.074  2444  3645 D libsensor-displayalgo: brightness:372.000000,R:165.759944,G:200.148703,B:332.895639,EVENT C:315.010681,R:160.005432,G:120.004074,B:45.001530, lux: 0.000000
05-17 23:54:23.074  2444  3645 I libsensor-displayalgo: ##### the value of lux: 0.000000, cct: 0.000000
05-17 23:54:23.074  2444  3645 I libsensor-ssccalapi: value of set_lux: 0.000000
05-17 23:54:23.074  2444  3645 I libsensor-ssccalapi: value of set cct: 0.000000
05-17 23:54:23.074  2444  3645 I sensors : send_request:296,  send_request suid high 48dd16bd suid low 2c177798
05-17 23:54:23.074  2444  3523 I sensors : handle_resp_cb:364, _fifo_resp not empty
05-17 23:54:23.074  2444  3523 I sensors : handle_resp_cb:377,  handle_resp_cb suid high 48dd16bd suid low 2c177798,_fifo_resp.begin() 4580e1e0
05-17 23:54:23.074  2444  3523 I sensors : handle_resp_cb:379, _fifo_resp still not empty
05-17 23:54:23.075  2444  3645 I libsensor-displayalgo: the value of channelCali C:371.714447,R:221.028393,G:134.331479,B:47.956911,scales C:1.017574,R:1.092311,G:1.010372,B:1.025091
05-17 23:54:23.075  2444  3645 E libsensor-displayalgo: value of coefs 5,850.303000,7.300256,-2.660090,1.550054,-8.640300, line 99
05-17 23:54:23.075  2444  3645 D libsensor-displayalgo: brightness:372.000000,R:165.759944,G:200.148703,B:332.895639,EVENT C:312.510620,R:162.505524,G:120.004074,B:45.001530, lux: 0.000000
05-17 23:54:23.076  2444  3645 I libsensor-displayalgo: ##### the value of lux: 0.000000, cct: 0.000000
05-17 23:54:23.076  2444  3645 I libsensor-ssccalapi: value of set_lux: 0.000000
05-17 23:54:23.076  2444  3645 I libsensor-ssccalapi: value of set cct: 0.000000
05-17 23:54:23.076  2444  3645 I sensors : send_request:296,  send_request suid high 48dd16bd suid low 2c177798
05-17 23:54:23.077  2444  3523 I sensors : handle_resp_cb:364, _fifo_resp not empty
05-17 23:54:23.077  2444  3523 I sensors : handle_resp_cb:377,  handle_resp_cb suid high 48dd16bd suid low 2c177798,_fifo_resp.begin() 4580e1e0
05-17 23:54:23.077  2444  3523 I sensors : handle_resp_cb:379, _fifo_resp still not empty
05-17 23:54:23.077  2444  3645 I libsensor-displayalgo: the value of channelCali C:371.714447,R:221.028393,G:134.331479,B:47.956911,scales C:1.017574,R:1.092311,G:1.010372,B:1.025091
05-17 23:54:23.077  2444  3645 E libsensor-displayalgo: value of coefs 5,850.303000,7.300256,-2.660090,1.550054,-8.640300, line 99
05-17 23:54:23.077  2444  3645 D libsensor-displayalgo: brightness:372.000000,R:165.759944,G:200.148703,B:332.895639,EVENT C:317.510773,R:162.505524,G:125.004242,B:45.001530, lux: 0.000000
05-17 23:54:23.077  2444  3645 I libsensor-displayalgo: ##### the value of lux: 0.000000, cct: 0.000000
05-17 23:54:23.077  2444  3645 I libsensor-ssccalapi: value of set_lux: 0.000000
05-17 23:54:23.077  2444  3645 I libsensor-ssccalapi: value of set cct: 0.000000
