05-17 23:55:44.173  2444  3645 I libsensor-displayalgo: ##### the value of lux: 0.000000, cct: 0.000000
05-17 23:55:44.173  2444  3645 I libsensor-ssccalapi: value of set_lux: 0.000000
05-17 23:55:44.173  2444  3645 I libsensor-ssccalapi: value of set cct: 0.000000
05-17 23:55:44.173  2444  3645 I sensors : send_request:296,  send_request suid high 48dd16bd suid low 2c177798
05-17 23:55:44.175 11028 31147 D MediaCodec: [mId: 19] video-debug Stats over last 5015ms:
05-17 23:55:44.175 11028 31147 D MediaCodec: [mId: 19] video-debug configure: ClientName: com.android.shell ComponentName: c2.android.vp8.encoder
05-17 23:55:44.175 11028 31147 D MediaCodec: [mId: 19] video-debug Qinput: 0, DQinput: 0 success out of 0 tries
05-17 23:55:44.175 11028 31147 D MediaCodec: [mId: 19] video-debug Render: 0, Drop: 39, DQoutput: 39 success out of 39 tries
05-17 23:55:44.176  2444  3523 I sensors : handle_resp_cb:364, _fifo_resp not empty
05-17 23:55:44.176  2444  3523 I sensors : handle_resp_cb:377,  handle_resp_cb suid high 48dd16bd suid low 2c177798,_fifo_resp.begin() 4580e1e0
05-17 23:55:44.176  2444  3523 I sensors : handle_resp_cb:379, _fifo_resp still not empty
05-17 23:55:44.272  2444  3645 I libsensor-displayalgo: the value of channelCali C:371.714447,R:221.028393,G:134.331479,B:47.956911,scales C:1.017574,R:1.092311,G:1.010372,B:1.025091
05-17 23:55:44.272  2444  3645 E libsensor-displayalgo: value of coefs 5,850.303000,7.300256,-2.660090,1.550054,-8.640300, line 99
05-17 23:55:44.272  2444  3645 D libsensor-displayalgo: brightness:372.000000,R:165.759944,G:200.148703,B:332.895639,EVENT C:307.510437,R:160.005432,G:120.004074,B:45.001530, lux: 0.000000
05-17 23:55:44.272  2444  3645 I libsensor-displayalgo: ##### the value of lux: 0.000000, cct: 0.000000
05-17 23:55:44.272  2444  3645 I libsensor-ssccalapi: value of set_lux: 0.000000
05-17 23:55:44.272  2444  3645 I libsensor-ssccalapi: value of set cct: 0.000000
05-17 23:55:44.272  2444  3645 I sensors : send_request:296,  send_request suid high 48dd16bd suid low 2c177798
05-17 23:55:44.274  2444  3523 I sensors : handle_resp_cb:364, _fifo_resp not empty
05-17 23:55:44.274  2444  3523 I sensors : handle_resp_cb:377,  handle_resp_cb suid high 48dd16bd suid low 2c177798,_fifo_resp.begin() 4580e1e0
05-17 23:55:44.274  2444  3523 I sensors : handle_resp_cb:379, _fifo_resp still not empty
05-17 23:55:44.275  2444  3645 I libsensor-displayalgo: the value of channelCali C:371.714447,R:221.028393,G:134.331479,B:47.956911,scales C:1.017574,R:1.092311,G:1.010372,B:1.025091
05-17 23:55:44.275  2444  3645 E libsensor-displayalgo: value of coefs 5,850.303000,7.300256,-2.660090,1.550054,-8.640300, line 99
05-17 23:55:44.275  2444  3645 D libsensor-displayalgo: brightness:372.000000,R:165.759944,G:200.148703,B:332.895639,EVENT C:317.510773,R:162.505524,G:122.504158,B:45.001530, lux: 0.000000
05-17 23:55:44.276  2444  3645 I libsensor-displayalgo: ##### the value of lux: 0.000000, cct: 0.000000
05-17 23:55:44.276  2444  3645 I libsensor-ssccalapi: value of set_lux: 0.000000
05-17 23:55:44.276  2444  3645 I libsensor-ssccalapi: value of set cct: 0.000000
05-17 23:55:44.276  2444  3645 I sensors : send_request:296,  send_request suid high 48dd16bd suid low 2c177798
05-17 23:55:44.277  2444  3523 I sensors : handle_resp_cb:364, _fifo_resp not empty
05-17 23:55:44.277  2444  3523 I sensors : handle_resp_cb:377,  handle_resp_cb suid high 48dd16bd suid low 2c177798,_fifo_resp.begin() 4580e1e0
05-17 23:55:44.277  2444  3523 I sensors : handle_resp_cb:379, _fifo_resp still not empty
05-17 23:55:44.320  1657 10484 I MiStcImpl: Dispatching command: 35 SET_HISTOGRAM
05-17 23:55:44.372  2444  3645 I libsensor-displayalgo: the value of channelCali C:371.714447,R:221.028393,G:134.331479,B:47.956911,scales C:1.017574,R:1.092311,G:1.010372,B:1.025091
05-17 23:55:44.372  2444  3645 E libsensor-displayalgo: value of coefs 5,850.303000,7.300256,-2.660090,1.550054,-8.640300, line 99
05-17 23:55:44.372  2444  3645 D libsensor-displayalgo: brightness:372.000000,R:165.759944,G:200.148703,B:332.895639,EVENT C:317.510773,R:162.505524,G:122.504158,B:47.501614, lux: 0.000000
05-17 23:55:44.372  2444  3645 I libsensor-displayalgo: ##### the value of lux: 0.000000, cct: 0.000000
05-17 23:55:44.372  2444  3645 I libsensor-ssccalapi: value of set_lux: 0.000000
05-17 23:55:44.372  2444  3645 I libsensor-ssccalapi: value of set cct: 0.000000
05-17 23:55:44.372  2444  3645 I sensors : send_request:296,  send_request suid high 48dd16bd suid low 2c177798
05-17 23:55:44.374  2444  3523 I sensors : handle_resp_cb:364, _fifo_resp not empty
05-17 23:55:44.374  2444  3523 I sensors : handle_resp_cb:377,  handle_resp_cb suid high 48dd16bd suid low 2c177798,_fifo_resp.begin() 4580e1e0
05-17 23:55:44.374  2444  3523 I sensors : handle_resp_cb:379, _fifo_resp still not empty
05-17 23:55:44.473  2444  3645 I libsensor-displayalgo: the value of channelCali C:371.714447,R:221.028393,G:134.331479,B:47.956911,scales C:1.017574,R:1.092311,G:1.010372,B:1.025091
05-17 23:55:44.473  2444  3645 E libsensor-displayalgo: value of coefs 5,850.303000,7.300256,-2.660090,1.550054,-8.640300, line 99
05-17 23:55:44.473  2444  3645 D libsensor-displayalgo: brightness:372.000000,R:165.759944,G:200.148703,B:332.895639,EVENT C:310.010529,R:160.005432,G:120.004074,B:42.501442, lux: 0.000000
05-17 23:55:44.473  2444  3645 I libsensor-displayalgo: ##### the value of lux: 0.000000, cct: 0.000000
05-17 23:55:44.473  2444  3645 I libsensor-ssccalapi: value of set_lux: 0.000000
05-17 23:55:44.473  2444  3645 I libsensor-ssccalapi: value of set cct: 0.000000
05-17 23:55:44.473  2444  3645 I sensors : send_request:296,  send_request suid high 48dd16bd suid low 2c177798
05-17 23:55:44.475  2444  3523 I sensors : handle_resp_cb:364, _fifo_resp not empty
05-17 23:55:44.475  2444  3523 I sensors : handle_resp_cb:377,  handle_resp_cb suid high 48dd16bd suid low 2c177798,_fifo_resp.begin() 4580e1e0
05-17 23:55:44.475  2444  3523 I sensors : handle_resp_cb:379, _fifo_resp still not empty
05-17 23:55:44.522  1657 10484 I MiStcImpl: Dispatching command: 35 SET_HISTOGRAM
05-17 23:55:44.528  8353  9602 W emon.lvoverseas: PerfMonitor async binderTransact :  time=1502ms interface=android.accounts.IAccountAuthenticator code=3
05-17 23:55:44.538  2626  3780 I MiuiNetworkPolicy: updateUidState uid = 99706, uidState = 10
05-17 23:55:44.542  2626  3780 I MiuiNetworkPolicy: updateUidState uid = 10322, uidState = 10
05-17 23:55:44.573  2444  3645 I libsensor-displayalgo: the value of channelCali C:371.714447,R:221.028393,G:134.331479,B:47.956911,scales C:1.017574,R:1.092311,G:1.010372,B:1.025091
05-17 23:55:44.573  2444  3645 E libsensor-displayalgo: value of coefs 5,850.303000,7.300256,-2.660090,1.550054,-8.640300, line 99
05-17 23:55:44.573  2444  3645 D libsensor-displayalgo: brightness:372.000000,R:165.759944,G:200.148703,B:332.895639,EVENT C:317.510773,R:162.505524,G:117.503990,B:47.501614, lux: 0.000000
05-17 23:55:44.573  2444  3645 I libsensor-displayalgo: ##### the value of lux: 0.000000, cct: 0.000000
05-17 23:55:44.573  2444  3645 I libsensor-ssccalapi: value of set_lux: 0.000000
05-17 23:55:44.573  2444  3645 I libsensor-ssccalapi: value of set cct: 0.000000
05-17 23:55:44.573  2444  3645 I sensors : send_request:296,  send_request suid high 48dd16bd suid low 2c177798
05-17 23:55:44.575  2444  3523 I sensors : handle_resp_cb:364, _fifo_resp not empty
05-17 23:55:44.575  2444  3523 I sensors : handle_resp_cb:377,  handle_resp_cb suid high 48dd16bd suid low 2c177798,_fifo_resp.begin() 4580e1e0
05-17 23:55:44.575  2444  3523 I sensors : handle_resp_cb:379, _fifo_resp still not empty
05-17 23:55:44.576  2444  3645 I libsensor-displayalgo: the value of channelCali C:371.714447,R:221.028393,G:134.331479,B:47.956911,scales C:1.017574,R:1.092311,G:1.010372,B:1.025091
05-17 23:55:44.576  2444  3645 E libsensor-displayalgo: value of coefs 5,850.303000,7.300256,-2.660090,1.550054,-8.640300, line 99
05-17 23:55:44.576  2444  3645 D libsensor-displayalgo: brightness:372.000000,R:165.759944,G:200.148703,B:332.895639,EVENT C:317.510773,R:165.005600,G:125.004242,B:47.501614, lux: 0.000000
05-17 23:55:44.576  2444  3645 I libsensor-displayalgo: ##### the value of lux: 0.000000, cct: 0.000000
05-17 23:55:44.576  2444  3645 I libsensor-ssccalapi: value of set_lux: 0.000000
05-17 23:55:44.576  2444  3645 I libsensor-ssccalapi: value of set cct: 0.000000
05-17 23:55:44.576  2444  3645 I sensors : send_request:296,  send_request suid high 48dd16bd suid low 2c177798
05-17 23:55:44.577  2444  3523 I sensors : handle_resp_cb:364, _fifo_resp not empty
05-17 23:55:44.579  2444  3523 I sensors : handle_resp_cb:377,  handle_resp_cb suid high 48dd16bd suid low 2c177798,_fifo_resp.begin() 4580e1e0
05-17 23:55:44.579  2444  3523 I sensors : handle_resp_cb:379, _fifo_resp still not empty
05-17 23:55:44.580  2626  3780 I MiuiNetworkPolicy: updateUidState uid = 99706, uidState = 6
05-17 23:55:44.581  2626  3780 I MiuiNetworkPolicy: updateUidState uid = 10322, uidState = 6
05-17 23:55:44.583  2444  3645 I libsensor-displayalgo: the value of channelCali C:371.714447,R:221.028393,G:134.331479,B:47.956911,scales C:1.017574,R:1.092311,G:1.010372,B:1.025091
05-17 23:55:44.583  2444  3645 E libsensor-displayalgo: value of coefs 5,850.303000,7.300256,-2.660090,1.550054,-8.640300, line 99
05-17 23:55:44.583  2444  3645 D libsensor-displayalgo: brightness:372.000000,R:165.759944,G:200.148703,B:332.895639,EVENT C:310.010529,R:160.005432,G:120.004074,B:45.001530, lux: 0.000000
05-17 23:55:44.583  2444  3645 I libsensor-displayalgo: ##### the value of lux: 0.000000, cct: 0.000000
05-17 23:55:44.583  2444  3645 I libsensor-ssccalapi: value of set_lux: 0.000000
05-17 23:55:44.583  2444  3645 I libsensor-ssccalapi: value of set cct: 0.000000
05-17 23:55:44.583  2444  3645 I sensors : send_request:296,  send_request suid high 48dd16bd suid low 2c177798
05-17 23:55:44.585  2444  3523 I sensors : handle_resp_cb:364, _fifo_resp not empty
05-17 23:55:44.585  2444  3523 I sensors : handle_resp_cb:377,  handle_resp_cb suid high 48dd16bd suid low 2c177798,_fifo_resp.begin() 4580e1e0
05-17 23:55:44.585  2444  3523 I sensors : handle_resp_cb:379, _fifo_resp still not empty
05-17 23:55:44.672  2444  3645 I libsensor-displayalgo: the value of channelCali C:371.714447,R:221.028393,G:134.331479,B:47.956911,scales C:1.017574,R:1.092311,G:1.010372,B:1.025091
05-17 23:55:44.672  2444  3645 E libsensor-displayalgo: value of coefs 5,850.303000,7.300256,-2.660090,1.550054,-8.640300, line 99
05-17 23:55:44.672  2444  3645 D libsensor-displayalgo: brightness:372.000000,R:165.759944,G:200.148703,B:332.895639,EVENT C:317.510773,R:165.005600,G:122.504158,B:45.001530, lux: 0.000000
05-17 23:55:44.672  2444  3645 I libsensor-displayalgo: ##### the value of lux: 0.000000, cct: 0.000000
05-17 23:55:44.672  2444  3645 I libsensor-ssccalapi: value of set_lux: 0.000000
05-17 23:55:44.672  2444  3645 I libsensor-ssccalapi: value of set cct: 0.000000
05-17 23:55:44.672  2444  3645 I sensors : send_request:296,  send_request suid high 48dd16bd suid low 2c177798
05-17 23:55:44.675  2444  3523 I sensors : handle_resp_cb:364, _fifo_resp not empty
05-17 23:55:44.675  2444  3523 I sensors : handle_resp_cb:377,  handle_resp_cb suid high 48dd16bd suid low 2c177798,_fifo_resp.begin() 4580e1e0
05-17 23:55:44.675  2444  3523 I sensors : handle_resp_cb:379, _fifo_resp still not empty
05-17 23:55:44.724  1657 10484 I MiStcImpl: Dispatching command: 35 SET_HISTOGRAM
05-17 23:55:44.772  2444  3645 I libsensor-displayalgo: the value of channelCali C:371.714447,R:221.028393,G:134.331479,B:47.956911,scales C:1.017574,R:1.092311,G:1.010372,B:1.025091
05-17 23:55:44.772  2444  3645 E libsensor-displayalgo: value of coefs 5,850.303000,7.300256,-2.660090,1.550054,-8.640300, line 99
05-17 23:55:44.772  2444  3645 D libsensor-displayalgo: brightness:372.000000,R:165.759944,G:200.148703,B:332.895639,EVENT C:307.510437,R:162.505524,G:120.004074,B:47.501614, lux: 0.000000
05-17 23:55:44.772  2444  3645 I libsensor-displayalgo: ##### the value of lux: 0.000000, cct: 0.000000
05-17 23:55:44.772  2444  3645 I libsensor-ssccalapi: value of set_lux: 0.000000
05-17 23:55:44.772  2444  3645 I libsensor-ssccalapi: value of set cct: 0.000000
05-17 23:55:44.772  2444  3645 I sensors : send_request:296,  send_request suid high 48dd16bd suid low 2c177798
05-17 23:55:44.774  2444  3523 I sensors : handle_resp_cb:364, _fifo_resp not empty
05-17 23:55:44.774  2444  3523 I sensors : handle_resp_cb:377,  handle_resp_cb suid high 48dd16bd suid low 2c177798,_fifo_resp.begin() 4580e1e0
05-17 23:55:44.774  2444  3523 I sensors : handle_resp_cb:379, _fifo_resp still not empty
05-17 23:55:44.775  2444  3645 I libsensor-displayalgo: the value of channelCali C:371.714447,R:221.028393,G:134.331479,B:47.956911,scales C:1.017574,R:1.092311,G:1.010372,B:1.025091
05-17 23:55:44.775  2444  3645 E libsensor-displayalgo: value of coefs 5,850.303000,7.300256,-2.660090,1.550054,-8.640300, line 99
05-17 23:55:44.775  2444  3645 D libsensor-displayalgo: brightness:372.000000,R:165.759944,G:200.148703,B:332.895639,EVENT C:312.510620,R:162.505524,G:120.004074,B:45.001530, lux: 0.000000
05-17 23:55:44.775  2444  3645 I libsensor-displayalgo: ##### the value of lux: 0.000000, cct: 0.000000
05-17 23:55:44.775  2444  3645 I libsensor-ssccalapi: value of set_lux: 0.000000
05-17 23:55:44.775  2444  3645 I libsensor-ssccalapi: value of set cct: 0.000000
05-17 23:55:44.775  2444  3645 I sensors : send_request:296,  send_request suid high 48dd16bd suid low 2c177798
05-17 23:55:44.776  2444  3523 I sensors : handle_resp_cb:364, _fifo_resp not empty
05-17 23:55:44.776  2444  3523 I sensors : handle_resp_cb:377,  handle_resp_cb suid high 48dd16bd suid low 2c177798,_fifo_resp.begin() 4580e1e0
05-17 23:55:44.776  2444  3523 I sensors : handle_resp_cb:379, _fifo_resp still not empty
05-17 23:55:44.777  2444  3645 I libsensor-displayalgo: the value of channelCali C:371.714447,R:221.028393,G:134.331479,B:47.956911,scales C:1.017574,R:1.092311,G:1.010372,B:1.025091
05-17 23:55:44.778  2444  3645 E libsensor-displayalgo: value of coefs 5,850.303000,7.300256,-2.660090,1.550054,-8.640300, line 99
05-17 23:55:44.778  2444  3645 D libsensor-displayalgo: brightness:372.000000,R:165.759944,G:200.148703,B:332.895639,EVENT C:315.010681,R:162.505524,G:122.504158,B:47.501614, lux: 0.000000
05-17 23:55:44.778  2444  3645 I libsensor-displayalgo: ##### the value of lux: 0.000000, cct: 0.000000
05-17 23:55:44.778  2444  3645 I libsensor-ssccalapi: value of set_lux: 0.000000
05-17 23:55:44.778  2444  3645 I libsensor-ssccalapi: value of set cct: 0.000000
05-17 23:55:44.778  2444  3645 I sensors : send_request:296,  send_request suid high 48dd16bd suid low 2c177798
05-17 23:55:44.780  2444  3523 I sensors : handle_resp_cb:364, _fifo_resp not empty
05-17 23:55:44.780  2444  3523 I sensors : handle_resp_cb:377,  handle_resp_cb suid high 48dd16bd suid low 2c177798,_fifo_resp.begin() 4580e1e0
05-17 23:55:44.780  2444  3523 I sensors : handle_resp_cb:379, _fifo_resp still not empty
05-17 23:55:44.872  2444  3645 I libsensor-displayalgo: the value of channelCali C:371.714447,R:221.028393,G:134.331479,B:47.956911,scales C:1.017574,R:1.092311,G:1.010372,B:1.025091
05-17 23:55:44.873  2444  3645 E libsensor-displayalgo: value of coefs 5,850.303000,7.300256,-2.660090,1.550054,-8.640300, line 99
05-17 23:55:44.873  2444  3645 D libsensor-displayalgo: brightness:372.000000,R:165.759944,G:200.148703,B:332.895639,EVENT C:317.510773,R:165.005600,G:125.004242,B:45.001530, lux: 0.000000
05-17 23:55:44.873  2444  3645 I libsensor-displayalgo: ##### the value of lux: 0.000000, cct: 0.000000
05-17 23:55:44.873  2444  3645 I libsensor-ssccalapi: value of set_lux: 0.000000
05-17 23:55:44.873  2444  3645 I libsensor-ssccalapi: value of set cct: 0.000000
05-17 23:55:44.873  2444  3645 I sensors : send_request:296,  send_request suid high 48dd16bd suid low 2c177798
05-17 23:55:44.875  2444  3523 I sensors : handle_resp_cb:364, _fifo_resp not empty
05-17 23:55:44.875  2444  3523 I sensors : handle_resp_cb:377,  handle_resp_cb suid high 48dd16bd suid low 2c177798,_fifo_resp.begin() 4580e1e0
05-17 23:55:44.875  2444  3523 I sensors : handle_resp_cb:379, _fifo_resp still not empty
05-17 23:55:44.877  2444  3645 I libsensor-displayalgo: the value of channelCali C:371.714447,R:221.028393,G:134.331479,B:47.956911,scales C:1.017574,R:1.092311,G:1.010372,B:1.025091
05-17 23:55:44.877  2444  3645 E libsensor-displayalgo: value of coefs 5,850.303000,7.300256,-2.660090,1.550054,-8.640300, line 99
05-17 23:55:44.877  2444  3645 D libsensor-displayalgo: brightness:372.000000,R:165.759944,G:200.148703,B:332.895639,EVENT C:312.510620,R:162.505524,G:122.504158,B:45.001530, lux: 0.000000
05-17 23:55:44.877  2444  3645 I libsensor-displayalgo: ##### the value of lux: 0.000000, cct: 0.000000
05-17 23:55:44.877  2444  3645 I libsensor-ssccalapi: value of set_lux: 0.000000
05-17 23:55:44.877  2444  3645 I libsensor-ssccalapi: value of set cct: 0.000000
05-17 23:55:44.877  2444  3645 I sensors : send_request:296,  send_request suid high 48dd16bd suid low 2c177798
05-17 23:55:44.879  2444  3523 I sensors : handle_resp_cb:364, _fifo_resp not empty
05-17 23:55:44.879  2444  3523 I sensors : handle_resp_cb:377,  handle_resp_cb suid high 48dd16bd suid low 2c177798,_fifo_resp.begin() 4580e1e0
05-17 23:55:44.879  2444  3523 I sensors : handle_resp_cb:379, _fifo_resp still not empty
05-17 23:55:44.926  1657 10484 I MiStcImpl: Dispatching command: 35 SET_HISTOGRAM
05-17 23:55:44.972  2444  3645 I libsensor-displayalgo: the value of channelCali C:371.714447,R:221.028393,G:134.331479,B:47.956911,scales C:1.017574,R:1.092311,G:1.010372,B:1.025091
05-17 23:55:44.972  2444  3645 E libsensor-displayalgo: value of coefs 5,850.303000,7.300256,-2.660090,1.550054,-8.640300, line 99
05-17 23:55:44.972  2444  3645 D libsensor-displayalgo: brightness:372.000000,R:165.759944,G:200.148703,B:332.895639,EVENT C:315.010681,R:162.505524,G:122.504158,B:45.001530, lux: 0.000000
05-17 23:55:44.972  2444  3645 I libsensor-displayalgo: ##### the value of lux: 0.000000, cct: 0.000000
05-17 23:55:44.972  2444  3645 I libsensor-ssccalapi: value of set_lux: 0.000000
05-17 23:55:44.972  2444  3645 I libsensor-ssccalapi: value of set cct: 0.000000
05-17 23:55:44.972  2444  3645 I sensors : send_request:296,  send_request suid high 48dd16bd suid low 2c177798
05-17 23:55:44.974  2444  3523 I sensors : handle_resp_cb:364, _fifo_resp not empty
05-17 23:55:44.974  2444  3523 I sensors : handle_resp_cb:377,  handle_resp_cb suid high 48dd16bd suid low 2c177798,_fifo_resp.begin() 4580e1e0
05-17 23:55:44.974  2444  3523 I sensors : handle_resp_cb:379, _fifo_resp still not empty
05-17 23:55:44.975  2444  3645 I libsensor-displayalgo: the value of channelCali C:371.714447,R:221.028393,G:134.331479,B:47.956911,scales C:1.017574,R:1.092311,G:1.010372,B:1.025091
05-17 23:55:44.975  2444  3645 E libsensor-displayalgo: value of coefs 5,850.303000,7.300256,-2.660090,1.550054,-8.640300, line 99
05-17 23:55:44.975  2444  3645 D libsensor-displayalgo: brightness:372.000000,R:165.759944,G:200.148703,B:332.895639,EVENT C:320.010864,R:162.505524,G:122.504158,B:47.501614, lux: 0.000000
05-17 23:55:44.975  2444  3645 I libsensor-displayalgo: ##### the value of lux: 0.000000, cct: 0.000000
05-17 23:55:44.975  2444  3645 I libsensor-ssccalapi: value of set_lux: 0.000000
05-17 23:55:44.975  2444  3645 I libsensor-ssccalapi: value of set cct: 0.000000
05-17 23:55:44.976  2444  3645 I sensors : send_request:296,  send_request suid high 48dd16bd suid low 2c177798
05-17 23:55:44.977  2444  3523 I sensors : handle_resp_cb:364, _fifo_resp not empty
05-17 23:55:44.977  2444  3523 I sensors : handle_resp_cb:377,  handle_resp_cb suid high 48dd16bd suid low 2c177798,_fifo_resp.begin() 4580e1e0
05-17 23:55:44.977  2444  3523 I sensors : handle_resp_cb:379, _fifo_resp still not empty
05-17 23:55:44.979  2444  3645 I libsensor-displayalgo: the value of channelCali C:371.714447,R:221.028393,G:134.331479,B:47.956911,scales C:1.017574,R:1.092311,G:1.010372,B:1.025091
05-17 23:55:44.979  2444  3645 E libsensor-displayalgo: value of coefs 5,850.303000,7.300256,-2.660090,1.550054,-8.640300, line 99
05-17 23:55:44.979  2444  3645 D libsensor-displayalgo: brightness:372.000000,R:165.759944,G:200.148703,B:332.895639,EVENT C:312.510620,R:160.005432,G:120.004074,B:42.501442, lux: 0.000000
05-17 23:55:44.979  2444  3645 I libsensor-displayalgo: ##### the value of lux: 0.000000, cct: 0.000000
05-17 23:55:44.979  2444  3645 I libsensor-ssccalapi: value of set_lux: 0.000000
05-17 23:55:44.979  2444  3645 I libsensor-ssccalapi: value of set cct: 0.000000
05-17 23:55:44.980  2444  3645 I sensors : send_request:296,  send_request suid high 48dd16bd suid low 2c177798
05-17 23:55:44.982  2444  3523 I sensors : handle_resp_cb:364, _fifo_resp not empty
05-17 23:55:44.982  2444  3523 I sensors : handle_resp_cb:377,  handle_resp_cb suid high 48dd16bd suid low 2c177798,_fifo_resp.begin() 4580e1e0
05-17 23:55:44.982  2444  3523 I sensors : handle_resp_cb:379, _fifo_resp still not empty
05-17 23:55:45.008  9402  9410 I dex2oat64: Priority-to-niceness mapping: 19, 16, 13, 10, 0, -2, -4, -5, -6, -8
05-17 23:55:45.037  9402  9402 W dex2oat64: userfaultfd: MOVE ioctl seems unsupported: Try again
05-17 23:55:45.045  9402  9402 I dex2oat64: Explicit concurrent mark compact GC freed 3744KB AllocSpace bytes, 0(0B) LOS objects, 94% free, 1349KB/25MB, paused 17us,144us total 12.354ms
05-17 23:55:45.071  2444  3645 I libsensor-displayalgo: the value of channelCali C:371.714447,R:221.028393,G:134.331479,B:47.956911,scales C:1.017574,R:1.092311,G:1.010372,B:1.025091
05-17 23:55:45.071  2444  3645 E libsensor-displayalgo: value of coefs 5,850.303000,7.300256,-2.660090,1.550054,-8.640300, line 99
05-17 23:55:45.071  2444  3645 D libsensor-displayalgo: brightness:372.000000,R:165.759944,G:200.148703,B:332.895639,EVENT C:315.010681,R:162.505524,G:122.504158,B:45.001530, lux: 0.000000
05-17 23:55:45.071  2444  3645 I libsensor-displayalgo: ##### the value of lux: 0.000000, cct: 0.000000
05-17 23:55:45.071  2444  3645 I libsensor-ssccalapi: value of set_lux: 0.000000
05-17 23:55:45.071  2444  3645 I libsensor-ssccalapi: value of set cct: 0.000000
05-17 23:55:45.071  2444  3645 I sensors : send_request:296,  send_request suid high 48dd16bd suid low 2c177798
05-17 23:55:45.073  2444  3523 I sensors : handle_resp_cb:364, _fifo_resp not empty
05-17 23:55:45.073  2444  3523 I sensors : handle_resp_cb:377,  handle_resp_cb suid high 48dd16bd suid low 2c177798,_fifo_resp.begin() 4580e1e0
05-17 23:55:45.073  2444  3523 I sensors : handle_resp_cb:379, _fifo_resp still not empty
05-17 23:55:45.073  2444  3645 I libsensor-displayalgo: the value of channelCali C:371.714447,R:221.028393,G:134.331479,B:47.956911,scales C:1.017574,R:1.092311,G:1.010372,B:1.025091
05-17 23:55:45.073  2444  3645 E libsensor-displayalgo: value of coefs 5,850.303000,7.300256,-2.660090,1.550054,-8.640300, line 99
05-17 23:55:45.073  2444  3645 D libsensor-displayalgo: brightness:372.000000,R:165.759944,G:200.148703,B:332.895639,EVENT C:315.010681,R:162.505524,G:122.504158,B:42.501442, lux: 0.000000
05-17 23:55:45.073  2444  3645 I libsensor-displayalgo: ##### the value of lux: 0.000000, cct: 0.000000
05-17 23:55:45.073  2444  3645 I libsensor-ssccalapi: value of set_lux: 0.000000
05-17 23:55:45.073  2444  3645 I libsensor-ssccalapi: value of set cct: 0.000000
05-17 23:55:45.073  2444  3645 I sensors : send_request:296,  send_request suid high 48dd16bd suid low 2c177798
05-17 23:55:45.074  2444  3523 I sensors : handle_resp_cb:364, _fifo_resp not empty
05-17 23:55:45.074  2444  3523 I sensors : handle_resp_cb:377,  handle_resp_cb suid high 48dd16bd suid low 2c177798,_fifo_resp.begin() 4580e1e0
05-17 23:55:45.074  2444  3523 I sensors : handle_resp_cb:379, _fifo_resp still not empty
05-17 23:55:45.074  2444  3645 I libsensor-displayalgo: the value of channelCali C:371.714447,R:221.028393,G:134.331479,B:47.956911,scales C:1.017574,R:1.092311,G:1.010372,B:1.025091
05-17 23:55:45.074  2444  3645 E libsensor-displayalgo: value of coefs 5,850.303000,7.300256,-2.660090,1.550054,-8.640300, line 99
05-17 23:55:45.074  2444  3645 D libsensor-displayalgo: brightness:372.000000,R:165.759944,G:200.148703,B:332.895639,EVENT C:312.510620,R:162.505524,G:120.004074,B:45.001530, lux: 0.000000
05-17 23:55:45.074  2444  3645 I libsensor-displayalgo: ##### the value of lux: 0.000000, cct: 0.000000
05-17 23:55:45.074  2444  3645 I libsensor-ssccalapi: value of set_lux: 0.000000
05-17 23:55:45.074  2444  3645 I libsensor-ssccalapi: value of set cct: 0.000000
05-17 23:55:45.074  2444  3645 I sensors : send_request:296,  send_request suid high 48dd16bd suid low 2c177798
05-17 23:55:45.075  2444  3523 I sensors : handle_resp_cb:364, _fifo_resp not empty
05-17 23:55:45.075  2444  3523 I sensors : handle_resp_cb:377,  handle_resp_cb suid high 48dd16bd suid low 2c177798,_fifo_resp.begin() 4580e1e0
05-17 23:55:45.075  2444  3523 I sensors : handle_resp_cb:379, _fifo_resp still not empty
05-17 23:55:45.076  2444  3645 I libsensor-displayalgo: the value of channelCali C:371.714447,R:221.028393,G:134.331479,B:47.956911,scales C:1.017574,R:1.092311,G:1.010372,B:1.025091
05-17 23:55:45.076  2444  3645 E libsensor-displayalgo: value of coefs 5,850.303000,7.300256,-2.660090,1.550054,-8.640300, line 99
05-17 23:55:45.076  2444  3645 D libsensor-displayalgo: brightness:372.000000,R:165.759944,G:200.148703,B:332.895639,EVENT C:317.510773,R:162.505524,G:122.504158,B:45.001530, lux: 0.000000
05-17 23:55:45.076  2444  3645 I libsensor-displayalgo: ##### the value of lux: 0.000000, cct: 0.000000
05-17 23:55:45.076  2444  3645 I libsensor-ssccalapi: value of set_lux: 0.000000
05-17 23:55:45.076  2444  3645 I libsensor-ssccalapi: value of set cct: 0.000000
05-17 23:55:45.076  2444  3645 I sensors : send_request:296,  send_request suid high 48dd16bd suid low 2c177798
05-17 23:55:45.077  2444  3523 I sensors : handle_resp_cb:364, _fifo_resp not empty
05-17 23:55:45.077  2444  3523 I sensors : handle_resp_cb:377,  handle_resp_cb suid high 48dd16bd suid low 2c177798,_fifo_resp.begin() 4580e1e0
05-17 23:55:45.077  2444  3523 I sensors : handle_resp_cb:379, _fifo_resp still not empty
05-17 23:55:45.078  2444  3645 I libsensor-displayalgo: the value of channelCali C:371.714447,R:221.028393,G:134.331479,B:47.956911,scales C:1.017574,R:1.092311,G:1.010372,B:1.025091
05-17 23:55:45.078  2444  3645 E libsensor-displayalgo: value of coefs 5,850.303000,7.300256,-2.660090,1.550054,-8.640300, line 99
05-17 23:55:45.078  2444  3645 D libsensor-displayalgo: brightness:372.000000,R:165.759944,G:200.148703,B:332.895639,EVENT C:310.010529,R:160.005432,G:122.504158,B:45.001530, lux: 0.000000
05-17 23:55:45.078  2444  3645 I libsensor-displayalgo: ##### the value of lux: 0.000000, cct: 0.000000
05-17 23:55:45.078  2444  3645 I libsensor-ssccalapi: value of set_lux: 0.000000
05-17 23:55:45.078  2444  3645 I libsensor-ssccalapi: value of set cct: 0.000000
05-17 23:55:45.078  2444  3645 I sensors : send_request:296,  send_request suid high 48dd16bd suid low 2c177798
05-17 23:55:45.079  2444  3523 I sensors : handle_resp_cb:364, _fifo_resp not empty
05-17 23:55:45.079  2444  3523 I sensors : handle_resp_cb:377,  handle_resp_cb suid high 48dd16bd suid low 2c177798,_fifo_resp.begin() 4580e1e0
05-17 23:55:45.079  2444  3523 I sensors : handle_resp_cb:379, _fifo_resp still not empty
05-17 23:55:45.127  1657 10484 I MiStcImpl: Dispatching command: 35 SET_HISTOGRAM
05-17 23:55:45.171  2444  3645 I libsensor-displayalgo: the value of channelCali C:371.714447,R:221.028393,G:134.331479,B:47.956911,scales C:1.017574,R:1.092311,G:1.010372,B:1.025091
05-17 23:55:45.172  2444  3645 E libsensor-displayalgo: value of coefs 5,850.303000,7.300256,-2.660090,1.550054,-8.640300, line 99
05-17 23:55:45.172  2444  3645 D libsensor-displayalgo: brightness:372.000000,R:165.759944,G:200.148703,B:332.895639,EVENT C:310.010529,R:162.505524,G:120.004074,B:47.501614, lux: 0.000000
05-17 23:55:45.172  2444  3645 I libsensor-displayalgo: ##### the value of lux: 0.000000, cct: 0.000000
05-17 23:55:45.172  2444  3645 I libsensor-ssccalapi: value of set_lux: 0.000000
05-17 23:55:45.172  2444  3645 I libsensor-ssccalapi: value of set cct: 0.000000
05-17 23:55:45.172  2444  3645 I sensors : send_request:296,  send_request suid high 48dd16bd suid low 2c177798
05-17 23:55:45.173  2444  3523 I sensors : handle_resp_cb:364, _fifo_resp not empty
05-17 23:55:45.173  2444  3523 I sensors : handle_resp_cb:377,  handle_resp_cb suid high 48dd16bd suid low 2c177798,_fifo_resp.begin() 4580e1e0
05-17 23:55:45.173  2444  3523 I sensors : handle_resp_cb:379, _fifo_resp still not empty
05-17 23:55:45.173  2444  3645 I libsensor-displayalgo: the value of channelCali C:371.714447,R:221.028393,G:134.331479,B:47.956911,scales C:1.017574,R:1.092311,G:1.010372,B:1.025091
05-17 23:55:45.173  2444  3645 E libsensor-displayalgo: value of coefs 5,850.303000,7.300256,-2.660090,1.550054,-8.640300, line 99
05-17 23:55:45.173  2444  3645 D libsensor-displayalgo: brightness:372.000000,R:165.759944,G:200.148703,B:332.895639,EVENT C:315.010681,R:162.505524,G:122.504158,B:45.001530, lux: 0.000000
05-17 23:55:45.173  2444  3645 I libsensor-displayalgo: ##### the value of lux: 0.000000, cct: 0.000000
05-17 23:55:45.173  2444  3645 I libsensor-ssccalapi: value of set_lux: 0.000000
05-17 23:55:45.174  2444  3645 I libsensor-ssccalapi: value of set cct: 0.000000
05-17 23:55:45.174  2444  3645 I sensors : send_request:296,  send_request suid high 48dd16bd suid low 2c177798
05-17 23:55:45.174  2444  3523 I sensors : handle_resp_cb:364, _fifo_resp not empty
05-17 23:55:45.174  2444  3523 I sensors : handle_resp_cb:377,  handle_resp_cb suid high 48dd16bd suid low 2c177798,_fifo_resp.begin() 4580e1e0
05-17 23:55:45.174  2444  3523 I sensors : handle_resp_cb:379, _fifo_resp still not empty
05-17 23:55:45.175  2444  3645 I libsensor-displayalgo: the value of channelCali C:371.714447,R:221.028393,G:134.331479,B:47.956911,scales C:1.017574,R:1.092311,G:1.010372,B:1.025091
05-17 23:55:45.175  2444  3645 E libsensor-displayalgo: value of coefs 5,850.303000,7.300256,-2.660090,1.550054,-8.640300, line 99
05-17 23:55:45.175  2444  3645 D libsensor-displayalgo: brightness:372.000000,R:165.759944,G:200.148703,B:332.895639,EVENT C:315.010681,R:165.005600,G:125.004242,B:45.001530, lux: 0.000000
05-17 23:55:45.175  2444  3645 I libsensor-displayalgo: ##### the value of lux: 0.000000, cct: 0.000000
05-17 23:55:45.175  2444  3645 I libsensor-ssccalapi: value of set_lux: 0.000000
05-17 23:55:45.175  2444  3645 I libsensor-ssccalapi: value of set cct: 0.000000
05-17 23:55:45.176  2444  3645 I sensors : send_request:296,  send_request suid high 48dd16bd suid low 2c177798
05-17 23:55:45.177  2444  3523 I sensors : handle_resp_cb:364, _fifo_resp not empty
05-17 23:55:45.177  2444  3523 I sensors : handle_resp_cb:377,  handle_resp_cb suid high 48dd16bd suid low 2c177798,_fifo_resp.begin() 4580e1e0
05-17 23:55:45.177  2444  3523 I sensors : handle_resp_cb:379, _fifo_resp still not empty
05-17 23:55:45.177  2444  3645 I libsensor-displayalgo: the value of channelCali C:371.714447,R:221.028393,G:134.331479,B:47.956911,scales C:1.017574,R:1.092311,G:1.010372,B:1.025091
05-17 23:55:45.177  2444  3645 E libsensor-displayalgo: value of coefs 5,850.303000,7.300256,-2.660090,1.550054,-8.640300, line 99
05-17 23:55:45.177  2444  3645 D libsensor-displayalgo: brightness:372.000000,R:165.759944,G:200.148703,B:332.895639,EVENT C:310.010529,R:162.505524,G:117.503990,B:45.001530, lux: 0.000000
05-17 23:55:45.177  2444  3645 I libsensor-displayalgo: ##### the value of lux: 0.000000, cct: 0.000000
05-17 23:55:45.177  2444  3645 I libsensor-ssccalapi: value of set_lux: 0.000000
05-17 23:55:45.177  2444  3645 I libsensor-ssccalapi: value of set cct: 0.000000
05-17 23:55:45.177  2444  3645 I sensors : send_request:296,  send_request suid high 48dd16bd suid low 2c177798
05-17 23:55:45.178  2444  3523 I sensors : handle_resp_cb:364, _fifo_resp not empty
05-17 23:55:45.178  2444  3523 I sensors : handle_resp_cb:377,  handle_resp_cb suid high 48dd16bd suid low 2c177798,_fifo_resp.begin() 4580e1e0
05-17 23:55:45.178  2444  3523 I sensors : handle_resp_cb:379, _fifo_resp still not empty
05-17 23:55:45.271  2444  3645 I libsensor-displayalgo: the value of channelCali C:371.714447,R:221.028393,G:134.331479,B:47.956911,scales C:1.017574,R:1.092311,G:1.010372,B:1.025091
05-17 23:55:45.271  2444  3645 E libsensor-displayalgo: value of coefs 5,850.303000,7.300256,-2.660090,1.550054,-8.640300, line 99
05-17 23:55:45.271  2444  3645 D libsensor-displayalgo: brightness:372.000000,R:165.759944,G:200.148703,B:332.895639,EVENT C:320.010864,R:165.005600,G:125.004242,B:45.001530, lux: 0.000000
05-17 23:55:45.271  2444  3645 I libsensor-displayalgo: ##### the value of lux: 0.000000, cct: 0.000000
05-17 23:55:45.271  2444  3645 I libsensor-ssccalapi: value of set_lux: 0.000000
05-17 23:55:45.271  2444  3645 I libsensor-ssccalapi: value of set cct: 0.000000
05-17 23:55:45.271  2444  3645 I sensors : send_request:296,  send_request suid high 48dd16bd suid low 2c177798
05-17 23:55:45.273  2444  3523 I sensors : handle_resp_cb:364, _fifo_resp not empty
05-17 23:55:45.273  2444  3523 I sensors : handle_resp_cb:377,  handle_resp_cb suid high 48dd16bd suid low 2c177798,_fifo_resp.begin() 4580e1e0
05-17 23:55:45.273  2444  3523 I sensors : handle_resp_cb:379, _fifo_resp still not empty
05-17 23:55:45.274  2444  3645 I libsensor-displayalgo: the value of channelCali C:371.714447,R:221.028393,G:134.331479,B:47.956911,scales C:1.017574,R:1.092311,G:1.010372,B:1.025091
05-17 23:55:45.274  2444  3645 E libsensor-displayalgo: value of coefs 5,850.303000,7.300256,-2.660090,1.550054,-8.640300, line 99
05-17 23:55:45.274  2444  3645 D libsensor-displayalgo: brightness:372.000000,R:165.759944,G:200.148703,B:332.895639,EVENT C:310.010529,R:160.005432,G:117.503990,B:45.001530, lux: 0.000000
05-17 23:55:45.274  2444  3645 I libsensor-displayalgo: ##### the value of lux: 0.000000, cct: 0.000000
05-17 23:55:45.274  2444  3645 I libsensor-ssccalapi: value of set_lux: 0.000000
05-17 23:55:45.274  2444  3645 I libsensor-ssccalapi: value of set cct: 0.000000
05-17 23:55:45.274  2444  3645 I sensors : send_request:296,  send_request suid high 48dd16bd suid low 2c177798
05-17 23:55:45.274  2444  3523 I sensors : handle_resp_cb:364, _fifo_resp not empty
05-17 23:55:45.274  2444  3523 I sensors : handle_resp_cb:377,  handle_resp_cb suid high 48dd16bd suid low 2c177798,_fifo_resp.begin() 4580e1e0
05-17 23:55:45.274  2444  3523 I sensors : handle_resp_cb:379, _fifo_resp still not empty
05-17 23:55:45.275  2444  3645 I libsensor-displayalgo: the value of channelCali C:371.714447,R:221.028393,G:134.331479,B:47.956911,scales C:1.017574,R:1.092311,G:1.010372,B:1.025091
05-17 23:55:45.275  2444  3645 E libsensor-displayalgo: value of coefs 5,850.303000,7.300256,-2.660090,1.550054,-8.640300, line 99
05-17 23:55:45.275  2444  3645 D libsensor-displayalgo: brightness:372.000000,R:165.759944,G:200.148703,B:332.895639,EVENT C:317.510773,R:162.505524,G:122.504158,B:45.001530, lux: 0.000000
05-17 23:55:45.275  2444  3645 I libsensor-displayalgo: ##### the value of lux: 0.000000, cct: 0.000000
05-17 23:55:45.275  2444  3645 I libsensor-ssccalapi: value of set_lux: 0.000000
05-17 23:55:45.275  2444  3645 I libsensor-ssccalapi: value of set cct: 0.000000
05-17 23:55:45.275  2444  3645 I sensors : send_request:296,  send_request suid high 48dd16bd suid low 2c177798
05-17 23:55:45.275  2444  3523 I sensors : handle_resp_cb:364, _fifo_resp not empty
05-17 23:55:45.275  2444  3523 I sensors : handle_resp_cb:377,  handle_resp_cb suid high 48dd16bd suid low 2c177798,_fifo_resp.begin() 4580e1e0
05-17 23:55:45.275  2444  3523 I sensors : handle_resp_cb:379, _fifo_resp still not empty
05-17 23:55:45.276  2444  3645 I libsensor-displayalgo: the value of channelCali C:371.714447,R:221.028393,G:134.331479,B:47.956911,scales C:1.017574,R:1.092311,G:1.010372,B:1.025091
05-17 23:55:45.276  2444  3645 E libsensor-displayalgo: value of coefs 5,850.303000,7.300256,-2.660090,1.550054,-8.640300, line 99
05-17 23:55:45.276  2444  3645 D libsensor-displayalgo: brightness:372.000000,R:165.759944,G:200.148703,B:332.895639,EVENT C:315.010681,R:162.505524,G:120.004074,B:45.001530, lux: 0.000000
05-17 23:55:45.276  2444  3645 I libsensor-displayalgo: ##### the value of lux: 0.000000, cct: 0.000000
05-17 23:55:45.276  2444  3645 I libsensor-ssccalapi: value of set_lux: 0.000000
05-17 23:55:45.276  2444  3645 I libsensor-ssccalapi: value of set cct: 0.000000
05-17 23:55:45.276  2444  3645 I sensors : send_request:296,  send_request suid high 48dd16bd suid low 2c177798
05-17 23:55:45.277  2444  3523 I sensors : handle_resp_cb:364, _fifo_resp not empty
05-17 23:55:45.277  2444  3523 I sensors : handle_resp_cb:377,  handle_resp_cb suid high 48dd16bd suid low 2c177798,_fifo_resp.begin() 4580e1e0
05-17 23:55:45.277  2444  3523 I sensors : handle_resp_cb:379, _fifo_resp still not empty
05-17 23:55:45.278  2444  3645 I libsensor-displayalgo: the value of channelCali C:371.714447,R:221.028393,G:134.331479,B:47.956911,scales C:1.017574,R:1.092311,G:1.010372,B:1.025091
05-17 23:55:45.278  2444  3645 E libsensor-displayalgo: value of coefs 5,850.303000,7.300256,-2.660090,1.550054,-8.640300, line 99
05-17 23:55:45.278  2444  3645 D libsensor-displayalgo: brightness:372.000000,R:165.759944,G:200.148703,B:332.895639,EVENT C:312.510620,R:162.505524,G:120.004074,B:45.001530, lux: 0.000000
05-17 23:55:45.278  2444  3645 I libsensor-displayalgo: ##### the value of lux: 0.000000, cct: 0.000000
05-17 23:55:45.278  2444  3645 I libsensor-ssccalapi: value of set_lux: 0.000000
05-17 23:55:45.278  2444  3645 I libsensor-ssccalapi: value of set cct: 0.000000
05-17 23:55:45.278  2444  3645 I sensors : send_request:296,  send_request suid high 48dd16bd suid low 2c177798
05-17 23:55:45.279  2444  3523 I sensors : handle_resp_cb:364, _fifo_resp not empty
05-17 23:55:45.279  2444  3523 I sensors : handle_resp_cb:377,  handle_resp_cb suid high 48dd16bd suid low 2c177798,_fifo_resp.begin() 4580e1e0
05-17 23:55:45.279  2444  3523 I sensors : handle_resp_cb:379, _fifo_resp still not empty
05-17 23:55:45.287  6761  6871 E MQTTBypassDGWStreamGroupCallbacks.cpp: onStreamGroupError TransientError domain: MNSQUICConnection code: 1 detail: Local error: 0x40000015: 35 seconds timeout
05-17 23:55:45.287  6761  6871 W MQTTBypassDGWStreamGroupConnection.cpp: Restarting due to reason: StreamError
05-17 23:55:45.291  9402  9402 I dex2oat64: dex2oat took 1.741s (7.298s cpu) (threads: 6) arena alloc=9409KB (9634960B) java alloc=1349KB (1382112B) native alloc=21MB (22070536B) free=1478KB (1514232B)
05-17 23:55:45.306 22886 24032 I artd    : dex2oat returned code 0
05-17 23:55:45.313  6761  7046 E msys    : E[N mns:DGWClient]_OnResolverSuccess(308)=>Cache refresh succeeded with system DNS resolver. IP count: 1
05-17 23:55:45.314  2626  7891 I ArtService: Dexopt result: [packageName = com.decoutkhanqindev.dexreader] DexContainerFileDexoptResult{dexContainerFile=/data/app/~~2_mlpUm7vpJgaorjnNHw0A==/com.decoutkhanqindev.dexreader-m1-ImPtdYsV0Ff8U579f0g==/base.apk, primaryAbi=true, abi=arm64-v8a, actualCompilerFilter=speed-profile, status=PERFORMED, dex2oatWallTimeMillis=1788, dex2oatCpuTimeMillis=7340, sizeBytes=18229272, sizeBeforeBytes=8155144, extendedStatusFlags=[]}
05-17 23:55:45.328  1657 10484 I MiStcImpl: Dispatching command: 35 SET_HISTOGRAM
05-17 23:55:45.343  6516 27239 I MediaProvider: Invalidating LocalCallingIdentity cache for package com.decoutkhanqindev.dexreader.baselineprofile. Reason: owned_database_row_deleted:/storage/emulated/0/Android/media/com.decoutkhanqindev.dexreader.baselineprofile/temporaryScript_336287939.sh
05-17 23:55:45.344  6516 27239 I MediaProvider: Deleted 0 0 0 0 0 0 1 items on external_primary due to com.android.shell
05-17 23:55:45.347   326   348 I System.out: startserver
05-17 23:55:45.355  6516 25001 W MediaProvider: isAppCloneUserPair for user 0: false
05-17 23:55:45.358 29591 29645 I UriTaskContentObserver: (REDACTED) Throttling content uri change event for %s
05-17 23:55:45.371  2444  3645 I libsensor-displayalgo: the value of channelCali C:371.714447,R:221.028393,G:134.331479,B:47.956911,scales C:1.017574,R:1.092311,G:1.010372,B:1.025091
05-17 23:55:45.371  2444  3645 E libsensor-displayalgo: value of coefs 5,850.303000,7.300256,-2.660090,1.550054,-8.640300, line 99
05-17 23:55:45.371  2444  3645 D libsensor-displayalgo: brightness:372.000000,R:165.759944,G:200.148703,B:332.895639,EVENT C:317.510773,R:167.505692,G:122.504158,B:45.001530, lux: 0.000000
05-17 23:55:45.371  2444  3645 I libsensor-displayalgo: ##### the value of lux: 0.000000, cct: 0.000000
05-17 23:55:45.371  2444  3645 I libsensor-ssccalapi: value of set_lux: 0.000000
05-17 23:55:45.371  2444  3645 I libsensor-ssccalapi: value of set cct: 0.000000
05-17 23:55:45.371  2444  3645 I sensors : send_request:296,  send_request suid high 48dd16bd suid low 2c177798
05-17 23:55:45.372  2444  3523 I sensors : handle_resp_cb:364, _fifo_resp not empty
05-17 23:55:45.372  2444  3523 I sensors : handle_resp_cb:377,  handle_resp_cb suid high 48dd16bd suid low 2c177798,_fifo_resp.begin() 4580e1e0
05-17 23:55:45.372  2444  3523 I sensors : handle_resp_cb:379, _fifo_resp still not empty
05-17 23:55:45.373  2444  3645 I libsensor-displayalgo: the value of channelCali C:371.714447,R:221.028393,G:134.331479,B:47.956911,scales C:1.017574,R:1.092311,G:1.010372,B:1.025091
05-17 23:55:45.373  2444  3645 E libsensor-displayalgo: value of coefs 5,850.303000,7.300256,-2.660090,1.550054,-8.640300, line 99
05-17 23:55:45.373  2444  3645 D libsensor-displayalgo: brightness:372.000000,R:165.759944,G:200.148703,B:332.895639,EVENT C:320.010864,R:165.005600,G:122.504158,B:45.001530, lux: 0.000000
05-17 23:55:45.373  2444  3645 I libsensor-displayalgo: ##### the value of lux: 0.000000, cct: 0.000000
05-17 23:55:45.373  2444  3645 I libsensor-ssccalapi: value of set_lux: 0.000000
05-17 23:55:45.373  2444  3645 I libsensor-ssccalapi: value of set cct: 0.000000
05-17 23:55:45.373  2444  3645 I sensors : send_request:296,  send_request suid high 48dd16bd suid low 2c177798
05-17 23:55:45.374  2444  3523 I sensors : handle_resp_cb:364, _fifo_resp not empty
05-17 23:55:45.374  2444  3523 I sensors : handle_resp_cb:377,  handle_resp_cb suid high 48dd16bd suid low 2c177798,_fifo_resp.begin() 4580e1e0
05-17 23:55:45.374  2444  3523 I sensors : handle_resp_cb:379, _fifo_resp still not empty
05-17 23:55:45.374   326   348 I System.out: Started, processId 9458
05-17 23:55:45.375  2444  3645 I libsensor-displayalgo: the value of channelCali C:371.714447,R:221.028393,G:134.331479,B:47.956911,scales C:1.017574,R:1.092311,G:1.010372,B:1.025091
05-17 23:55:45.375  2444  3645 E libsensor-displayalgo: value of coefs 5,850.303000,7.300256,-2.660090,1.550054,-8.640300, line 99
05-17 23:55:45.375  2444  3645 D libsensor-displayalgo: brightness:372.000000,R:165.759944,G:200.148703,B:332.895639,EVENT C:315.010681,R:162.505524,G:120.004074,B:47.501614, lux: 0.000000
05-17 23:55:45.375  2444  3645 I libsensor-displayalgo: ##### the value of lux: 0.000000, cct: 0.000000
05-17 23:55:45.375  2444  3645 I libsensor-ssccalapi: value of set_lux: 0.000000
05-17 23:55:45.375  2444  3645 I libsensor-ssccalapi: value of set cct: 0.000000
05-17 23:55:45.375  2444  3645 I sensors : send_request:296,  send_request suid high 48dd16bd suid low 2c177798
05-17 23:55:45.376  2444  3523 I sensors : handle_resp_cb:364, _fifo_resp not empty
05-17 23:55:45.376  2444  3523 I sensors : handle_resp_cb:377,  handle_resp_cb suid high 48dd16bd suid low 2c177798,_fifo_resp.begin() 4580e1e0
05-17 23:55:45.376  2444  3523 I sensors : handle_resp_cb:379, _fifo_resp still not empty
05-17 23:55:45.471  2444  3645 I libsensor-displayalgo: the value of channelCali C:371.714447,R:221.028393,G:134.331479,B:47.956911,scales C:1.017574,R:1.092311,G:1.010372,B:1.025091
05-17 23:55:45.471  2444  3645 E libsensor-displayalgo: value of coefs 5,850.303000,7.300256,-2.660090,1.550054,-8.640300, line 99
05-17 23:55:45.471  2444  3645 D libsensor-displayalgo: brightness:372.000000,R:165.759944,G:200.148703,B:332.895639,EVENT C:315.010681,R:162.505524,G:122.504158,B:47.501614, lux: 0.000000
05-17 23:55:45.471  2444  3645 I libsensor-displayalgo: ##### the value of lux: 0.000000, cct: 0.000000
05-17 23:55:45.471  2444  3645 I libsensor-ssccalapi: value of set_lux: 0.000000
05-17 23:55:45.471  2444  3645 I libsensor-ssccalapi: value of set cct: 0.000000
05-17 23:55:45.471  2444  3645 I sensors : send_request:296,  send_request suid high 48dd16bd suid low 2c177798
05-17 23:55:45.472  2444  3523 I sensors : handle_resp_cb:364, _fifo_resp not empty
05-17 23:55:45.472  2444  3523 I sensors : handle_resp_cb:377,  handle_resp_cb suid high 48dd16bd suid low 2c177798,_fifo_resp.begin() 4580e1e0
05-17 23:55:45.472  2444  3523 I sensors : handle_resp_cb:379, _fifo_resp still not empty
05-17 23:55:45.473  2444  3645 I libsensor-displayalgo: the value of channelCali C:371.714447,R:221.028393,G:134.331479,B:47.956911,scales C:1.017574,R:1.092311,G:1.010372,B:1.025091
05-17 23:55:45.473  2444  3645 E libsensor-displayalgo: value of coefs 5,850.303000,7.300256,-2.660090,1.550054,-8.640300, line 99
05-17 23:55:45.473  2444  3645 D libsensor-displayalgo: brightness:372.000000,R:165.759944,G:200.148703,B:332.895639,EVENT C:310.010529,R:160.005432,G:120.004074,B:47.501614, lux: 0.000000
05-17 23:55:45.473  2444  3645 I libsensor-displayalgo: ##### the value of lux: 0.000000, cct: 0.000000
05-17 23:55:45.473  2444  3645 I libsensor-ssccalapi: value of set_lux: 0.000000
05-17 23:55:45.473  2444  3645 I libsensor-ssccalapi: value of set cct: 0.000000
05-17 23:55:45.473  2444  3645 I sensors : send_request:296,  send_request suid high 48dd16bd suid low 2c177798
05-17 23:55:45.473  2444  3523 I sensors : handle_resp_cb:364, _fifo_resp not empty
05-17 23:55:45.473  2444  3523 I sensors : handle_resp_cb:377,  handle_resp_cb suid high 48dd16bd suid low 2c177798,_fifo_resp.begin() 4580e1e0
05-17 23:55:45.473  2444  3523 I sensors : handle_resp_cb:379, _fifo_resp still not empty
05-17 23:55:45.475  2444  3645 I libsensor-displayalgo: the value of channelCali C:371.714447,R:221.028393,G:134.331479,B:47.956911,scales C:1.017574,R:1.092311,G:1.010372,B:1.025091
05-17 23:55:45.475  2444  3645 E libsensor-displayalgo: value of coefs 5,850.303000,7.300256,-2.660090,1.550054,-8.640300, line 99
05-17 23:55:45.475  2444  3645 D libsensor-displayalgo: brightness:372.000000,R:165.759944,G:200.148703,B:332.895639,EVENT C:317.510773,R:165.005600,G:125.004242,B:45.001530, lux: 0.000000
05-17 23:55:45.475  2444  3645 I libsensor-displayalgo: ##### the value of lux: 0.000000, cct: 0.000000
05-17 23:55:45.475  2444  3645 I libsensor-ssccalapi: value of set_lux: 0.000000
05-17 23:55:45.475  2444  3645 I libsensor-ssccalapi: value of set cct: 0.000000
05-17 23:55:45.475  2444  3645 I sensors : send_request:296,  send_request suid high 48dd16bd suid low 2c177798
05-17 23:55:45.476  2444  3523 I sensors : handle_resp_cb:364, _fifo_resp not empty
05-17 23:55:45.476  2444  3523 I sensors : handle_resp_cb:377,  handle_resp_cb suid high 48dd16bd suid low 2c177798,_fifo_resp.begin() 4580e1e0
05-17 23:55:45.476  2444  3523 I sensors : handle_resp_cb:379, _fifo_resp still not empty
05-17 23:55:45.484  9458  9458 I perfetto:       http_server.cc:67 [HTTP] Starting HTTP server on 127.0.0.1:9001
05-17 23:55:45.485  9458  9458 I perfetto:       http_server.cc:78 [HTTP] Starting HTTP server on [::1]:9001
05-17 23:55:45.485  9458  9458 W perfetto:            httpd.cc:112 [HTTP] This server can be used by reloading https://ui.perfetto.dev and clicking on YES on the "Trace Processor native acceleration" dialog or through the Python API (see https://perfetto.dev/docs/analysis/trace-processor#python-api).
05-17 23:55:45.492  9458  9458 I perfetto:      http_server.cc:120 [HTTP] New connection
05-17 23:55:45.492  9458  9458 I perfetto:      http_server.cc:271 [HTTP] GET /status [body=0B, origin=""]
05-17 23:55:45.493   326   348 D Benchmark: Perfetto trace processor shell server started (port=9001).
05-17 23:55:45.493   326   348 D UiDevice: Turning on screen.
05-17 23:55:45.494   326   348 D Benchmark: Dropping shader cache for com.decoutkhanqindev.dexreader
05-17 23:55:45.494   326   348 D Benchmark: Profile Installer - Benchmark Operation: DROP_SHADER_CACHE
05-17 23:55:45.515  2626  7891 I ActivityManager: Broadcasting: Intent { act=androidx.profileinstaller.action.BENCHMARK_OPERATION flg=0x400000 cmp=com.decoutkhanqindev.dexreader/androidx.profileinstaller.ProfileInstallReceiver (has extras) }
05-17 23:55:45.528  1515  1515 D Zygote  : Forked child process 9473
05-17 23:55:45.528  1657 10484 I MiStcImpl: Dispatching command: 35 SET_HISTOGRAM
05-17 23:55:45.536  9473  9473 E Zygote  : process_name_ptr:9473 com.decoutkhanqindev.dexreader
05-17 23:55:45.536  9473  9473 E zygote64: Failed to parse /data/system/mfz.xml: Tinyxml2 error (3): Error=XML_ERROR_FILE_NOT_FOUND ErrorID=3 (0x3) Line number=0: filename=/data/system/mfz.xml
05-17 23:55:45.536  9473  9473 E zygote64: MemoryFreeze XMLFile not found
05-17 23:55:45.536  9473  9473 E zygote64: Failed to parse /product/etc/mfz.xml: Tinyxml2 error (3): Error=XML_ERROR_FILE_NOT_FOUND ErrorID=3 (0x3) Line number=0: filename=/product/etc/mfz.xml
05-17 23:55:45.536  9473  9473 E zygote64: MemoryFreeze XMLFile not found
05-17 23:55:45.548  9473  9473 I indev.dexreader: Using CollectorTypeCMC GC.
05-17 23:55:45.553 10888 10895 I adbd    : jdwp connection from 9473
