05-17 23:55:47.583  1657  3652 D SDM     : HWCSession::ProcessRequests: Pushing release fence in fenece wait queue.
05-17 23:55:47.584  1657  3652 D SDM     : HWCSession::ProcessRequests: Creating AsyncFenceWaits async thread.
05-17 23:55:47.584  1657  3652 D SDM     : HWCSession::ProcessRequests: Remove current CWB request from the pending request queue.
05-17 23:55:47.584  1657  3652 D SDM     : HWCSession::ProcessRequests: No pending cwb requests found in the queue.
05-17 23:55:47.584 11129 19380 D Wth2:Spider: getAllWeatherJson() url=9caca9a7a7736562a79e98ab9999aa96a79d679fa1a4a565af9a95a7a2a0629ca5a05fb0aba95eaa6b64ae999aaa9b95ab66989da077a198a8a2aaa8949e7468616270686a6c6b6c6b56a5a6a5989dacaa9b9976676366676d6f636a6b666f5aa2a97f9f9c98ab969875a9a9a99e5c9f9f9c98ab9aa3a6809cad76979693ae5c6a72686a6a6d6c6b5c9791b2aa7462695e96a7a4849bac6db09c98a59c9da769646a6b64606b6b5da49d9fa374ae8e7c7d9f7a89698b8aaa79b065af7c6674696e5da3a3a58b9ca6ac9fa29e768d68656268636b62696480798e808b855a99a5a78a9ea8a699a8a57462696865676c69675991a5a79f92719e96a3a79e5c9ca380a3a69395a472aba6ae9b59949eada09499759c98a6a79ba756a6a69b7599ae9e9a99769d94a2a79cab90a8af949ea0a898949c5fa3a69495a49a74aaa295a99e#currentTimeMillis=1779036947584
05-17 23:55:47.594 20260 20312 W CustomTabsConnection: mayLaunchUrl(https://www.calendararea.top/?add_source={add_source}&openweb_ref=com_mi_globalminusscreen) = true, Calling UID = 10150
05-17 23:55:47.595  1657  1804 D SDM     : HWDeviceDRM::SetupConcurrentWriteback: Tear down the Concurrent Writeback topology
05-17 23:55:47.596  1657  3665 D SDM     : HWCSession::NotifyCWBStatus: Notify the client about buffer status 0.
05-17 23:55:47.596  1657  3665 D SDM     : HWCSession::PerformFenceWaits: Remove current release fence from the pending fence wait queue.
05-17 23:55:47.596  1657  3665 D SDM     : HWCSession::PerformFenceWaits: CWB fence queue is empty. No pending release fence to wait on.
05-17 23:55:47.596 20260 20312 I MaMlUtilKtCompat: findLocalMaMlInfo: {id = ma_b7dc74add65a6dddc00775137f18da7e, x = 2, y = 2, version = 0, shouldUseVersionInDefPath: false
05-17 23:55:47.597  2444  3622 D libsensor-parseRGB: the value of RGB [165.759944 200.148703 332.895639 854.217327 879.828696 976.283192 942.620340 968.393746 1060.029791 454.768630 486.168771 604.589660]
05-17 23:55:47.605  7467  7579 W msgr.AdvancedCryptoTransportNotificationServiceLauncher: Ignore service stop. Service not started.
05-17 23:55:47.614 20260 20312 I MaMlUtilKtCompat: find in version directory: 0
05-17 23:55:47.614 20260 20312 I MaMlWidgetCompat: getResDir : /data/user/0/com.mi.globalminusscreen/files/maml/res
05-17 23:55:47.615 20260 20312 I MaMlWidgetCompat: file in res dir : 9974b9ec285b8764e366a8f860d45ffc.zip
05-17 23:55:47.615 20260 20312 I MaMlWidgetCompat: file in res dir : 9974b9ec285b8764e366a8f860d45ffc
05-17 23:55:47.615 20260 20312 I MaMlWidgetCompat: file in res dir : 37f9c21d149d5c1212ec7f8255cb4fc2.zip
05-17 23:55:47.615 20260 20312 I MaMlWidgetCompat: file in res dir : 37f9c21d149d5c1212ec7f8255cb4fc2
05-17 23:55:47.615 20260 20312 I MaMlWidgetCompat: file in res dir : 0
05-17 23:55:47.616 20260 20312 I MaMlUtilKtCompat: find in default directory: 0
05-17 23:55:47.616 20260 20312 E MaMlItemInfo: loadFromDB : local maml info not found: WidgetInfoEntity{id=0, originWidgetId=101640069, implUniqueCode='ma_b7dc74add65a6dddc00775137f18da7e_2x2', cellX=0, cellY=0, spanX=2, spanY=2, lightPreviewUrl='null', darkPreviewUrl='null', title='Calendar', appDownloadUrl='null', itemType=19, status=1, user=0, appPackageName='null', appName='Calendar', appVersionCode=0, appIconUrl='null', appWidgetId=-1, provider='null', maMlTag='null', productId='ma_b7dc74add65a6dddc00775137f18da7e', versionCode=0, mtzSizeInKb=0, maMlDownloadUrl='', extension='null', stackId= 0', orderInStack= 0'}
05-17 23:55:47.622  8353  9602 W emon.lvoverseas: PerfMonitor async binderTransact :  time=1501ms interface=android.accounts.IAccountAuthenticator code=3
05-17 23:55:47.633  2626  3780 I MiuiNetworkPolicy: updateUidState uid = 99706, uidState = 10
05-17 23:55:47.634  2626  3780 I MiuiNetworkPolicy: updateUidState uid = 10322, uidState = 10
05-17 23:55:47.643  7467  7467 W msgr.AppComponentFactory: Instantiating Service
05-17 23:55:47.648  4689  4773 D StatusBarController: handleMessage: flag 800000  disable false
05-17 23:55:47.649  4689  4773 D StatusBarController: handleMessage: flag 800000  disable false
05-17 23:55:47.650  4689  4689 D Launcher_WallpaperUtils: changeStatusBarMode:false
05-17 23:55:47.650  2626  3780 I MiuiNetworkPolicy: updateUidState uid = 99706, uidState = 6
05-17 23:55:47.650  4689  4689 D Launcher_WallpaperUtils: changeStatusBarMode:false
05-17 23:55:47.650  2626  3780 I MiuiNetworkPolicy: updateUidState uid = 10322, uidState = 6
05-17 23:55:47.663  7467  7467 E msgr.SlowAppComponent: 0ms: BlueService instantiating…
05-17 23:55:47.663  7467  7467 E msgr.SlowAppComponent: Main thread was blocked for 20ms in the background starting with BlueService
05-17 23:55:47.664  4660  4660 D MiuiBubbleManager: onEntryRemoved: com.android.systemui.statusbar.notification.collection.NotificationEntry@e04da3
05-17 23:55:47.666  4660  4660 E adTracker: Value ADVANCED_CRYPTO_ONE_TO_ONE of type java.lang.String cannot be converted to JSONObject
05-17 23:55:47.669  4660  9886 W RingtonePlayer: STOP command without a player
05-17 23:55:47.671  2444  3645 I libsensor-displayalgo: the value of channelCali C:371.714447,R:221.028393,G:134.331479,B:47.956911,scales C:1.017574,R:1.092311,G:1.010372,B:1.025091
05-17 23:55:47.671  2444  3645 E libsensor-displayalgo: value of coefs 5,850.303000,7.300256,-2.660090,1.550054,-8.640300, line 99
05-17 23:55:47.671  2444  3645 D libsensor-displayalgo: brightness:372.000000,R:165.759944,G:200.148703,B:332.895639,EVENT C:315.010681,R:162.505524,G:122.504158,B:45.001530, lux: 0.000000
05-17 23:55:47.671  2444  3645 I libsensor-displayalgo: ##### the value of lux: 0.000000, cct: 0.000000
05-17 23:55:47.671  2444  3645 I libsensor-ssccalapi: value of set_lux: 0.000000
05-17 23:55:47.671  2444  3645 I libsensor-ssccalapi: value of set cct: 0.000000
05-17 23:55:47.671  2444  3645 I sensors : send_request:296,  send_request suid high 48dd16bd suid low 2c177798
05-17 23:55:47.673  2444  3523 I sensors : handle_resp_cb:364, _fifo_resp not empty
05-17 23:55:47.673  2626  7891 W ActivityManagerServiceImpl: Sending non-protected broadcast android.intent.action.APPLICATION_MESSAGE_UPDATE from system 4660:com.android.systemui/1000 pkg com.android.systemui. Callers=
05-17 23:55:47.673  2444  3523 I sensors : handle_resp_cb:377,  handle_resp_cb suid high 48dd16bd suid low 2c177798,_fifo_resp.begin() 4580e1e0
05-17 23:55:47.673  2444  3523 I sensors : handle_resp_cb:379, _fifo_resp still not empty
05-17 23:55:47.675  4660  4984 D PeopleSpaceWidgetMgr: No app widget ids returned
05-17 23:55:47.676  4689  1024 I Launcher.ApplicationsMessage: onReceive true
05-17 23:55:47.676  4689  1024 I Launcher.ApplicationsMessage: update com.facebook.orca/ to null
05-17 23:55:47.680  4689 13719 W PreviewDisappear: getIconDrawable src: com.miui.home.launcher.graphics.drawable.LayerAdaptiveIconDrawable@19553a0
05-17 23:55:47.680  4689 13719 W PreviewDisappear: getIconDrawable app drawable: com.miui.home.launcher.graphics.drawable.LayerAdaptiveIconDrawable@19553a0
05-17 23:55:47.680  4689 13719 W PreviewDisappear: getIconDrawable finally drawable: com.miui.home.launcher.graphics.drawable.LayerAdaptiveIconDrawable@19553a0
05-17 23:55:47.680  4689 13719 W PreviewDisappear: 2X2 got icon for: com.facebook.katana drawable: com.miui.home.launcher.graphics.drawable.LayerAdaptiveIconDrawable@19553a0
05-17 23:55:47.680  4689 13719 W PreviewDisappear: getIconDrawable src: com.miui.home.launcher.graphics.drawable.LayerAdaptiveIconDrawable@2716391
05-17 23:55:47.680  4689 13719 W PreviewDisappear: getIconDrawable app drawable: com.miui.home.launcher.graphics.drawable.LayerAdaptiveIconDrawable@2716391
05-17 23:55:47.680  4689 13719 W PreviewDisappear: getIconDrawable finally drawable: com.miui.home.launcher.graphics.drawable.LayerAdaptiveIconDrawable@2716391
05-17 23:55:47.680  4689 13719 W PreviewDisappear: 2X2 got icon for: com.instagram.android drawable: com.miui.home.launcher.graphics.drawable.LayerAdaptiveIconDrawable@2716391
05-17 23:55:47.680  4689 13719 W PreviewDisappear: getIconDrawable src: com.miui.home.launcher.graphics.drawable.LayerAdaptiveIconDrawable@2921811
05-17 23:55:47.680  4689 13719 W PreviewDisappear: getIconDrawable app drawable: com.miui.home.launcher.graphics.drawable.LayerAdaptiveIconDrawable@2921811
05-17 23:55:47.680  4689 13719 W PreviewDisappear: getIconDrawable finally drawable: com.miui.home.launcher.graphics.drawable.LayerAdaptiveIconDrawable@2921811
05-17 23:55:47.680  4689 13719 W PreviewDisappear: 2X2 got icon for: com.ss.android.ugc.trill drawable: com.miui.home.launcher.graphics.drawable.LayerAdaptiveIconDrawable@2921811
05-17 23:55:47.680  4689 13719 W PreviewDisappear: getIconDrawable src: com.miui.home.launcher.graphics.drawable.LayerAdaptiveIconDrawable@d11c1e1
05-17 23:55:47.680  4689 13719 W PreviewDisappear: getIconDrawable app drawable: com.miui.home.launcher.graphics.drawable.LayerAdaptiveIconDrawable@d11c1e1
05-17 23:55:47.680  4689 13719 W PreviewDisappear: getIconDrawable finally drawable: com.miui.home.launcher.graphics.drawable.LayerAdaptiveIconDrawable@d11c1e1
05-17 23:55:47.680  4689 13719 W PreviewDisappear: 2X2 got icon for: org.telegram.messenger drawable: com.miui.home.launcher.graphics.drawable.LayerAdaptiveIconDrawable@d11c1e1
05-17 23:55:47.680  4689 13719 W PreviewDisappear: getIconDrawable src: com.miui.home.launcher.graphics.drawable.LayerAdaptiveIconDrawable@885f5ab
05-17 23:55:47.680  4689 13719 W PreviewDisappear: getIconDrawable app drawable: com.miui.home.launcher.graphics.drawable.LayerAdaptiveIconDrawable@885f5ab
05-17 23:55:47.680  4689 13719 W PreviewDisappear: getIconDrawable finally drawable: com.miui.home.launcher.graphics.drawable.LayerAdaptiveIconDrawable@885f5ab
05-17 23:55:47.680  4689 13719 W PreviewDisappear: 2X2 got icon for: com.zing.zalo drawable: com.miui.home.launcher.graphics.drawable.LayerAdaptiveIconDrawable@885f5ab
05-17 23:55:47.680  4689 13719 W PreviewDisappear: getIconDrawable src: com.miui.home.launcher.graphics.drawable.LayerAdaptiveIconDrawable@b79e455
05-17 23:55:47.680  4689 13719 W PreviewDisappear: getIconDrawable app drawable: com.miui.home.launcher.graphics.drawable.LayerAdaptiveIconDrawable@b79e455
05-17 23:55:47.680  4689 13719 W PreviewDisappear: getIconDrawable finally drawable: com.miui.home.launcher.graphics.drawable.LayerAdaptiveIconDrawable@b79e455
05-17 23:55:47.680  4689 13719 W PreviewDisappear: 2X2 got icon for: com.facebook.orca drawable: com.miui.home.launcher.graphics.drawable.LayerAdaptiveIconDrawable@b79e455
05-17 23:55:47.680  4689 13719 W PreviewDisappear: getIconDrawable src: com.miui.home.launcher.graphics.drawable.LayerAdaptiveIconDrawable@880fa72
05-17 23:55:47.680  4689 13719 W PreviewDisappear: getIconDrawable app drawable: com.miui.home.launcher.graphics.drawable.LayerAdaptiveIconDrawable@880fa72
05-17 23:55:47.680  4689 13719 W PreviewDisappear: getIconDrawable finally drawable: com.miui.home.launcher.graphics.drawable.LayerAdaptiveIconDrawable@880fa72
05-17 23:55:47.680  4689 13719 W PreviewDisappear: 2X2 got icon for: com.instagram.barcelona drawable: com.miui.home.launcher.graphics.drawable.LayerAdaptiveIconDrawable@880fa72
05-17 23:55:47.680  4689 13719 W PreviewDisappear: getIconDrawable src: com.miui.home.launcher.graphics.drawable.LayerAdaptiveIconDrawable@d5f439
05-17 23:55:47.680  4689 13719 W PreviewDisappear: getIconDrawable app drawable: com.miui.home.launcher.graphics.drawable.LayerAdaptiveIconDrawable@d5f439
05-17 23:55:47.681  4689 13719 W PreviewDisappear: getIconDrawable finally drawable: com.miui.home.launcher.graphics.drawable.LayerAdaptiveIconDrawable@d5f439
05-17 23:55:47.681  4689 13719 W PreviewDisappear: 2X2 got icon for: com.locket.Locket drawable: com.miui.home.launcher.graphics.drawable.LayerAdaptiveIconDrawable@d5f439
05-17 23:55:47.681  4689 13719 W PreviewDisappear: getIconDrawable src: com.miui.home.launcher.graphics.drawable.LayerAdaptiveIconDrawable@6524045
05-17 23:55:47.681  4689 13719 W PreviewDisappear: getIconDrawable app drawable: com.miui.home.launcher.graphics.drawable.LayerAdaptiveIconDrawable@6524045
05-17 23:55:47.681  4689 13719 W PreviewDisappear: getIconDrawable finally drawable: com.miui.home.launcher.graphics.drawable.LayerAdaptiveIconDrawable@6524045
05-17 23:55:47.681  4689 13719 W PreviewDisappear: 2X2 got icon for: com.whatsapp drawable: com.miui.home.launcher.graphics.drawable.LayerAdaptiveIconDrawable@6524045
05-17 23:55:47.687  4689  4689 W PreviewDisappear: 2x2 set icon for: com.facebook.katana preview drawable: com.miui.home.launcher.graphics.drawable.LayerAdaptiveIconDrawable@19553a0
05-17 23:55:47.687  4689  4689 W PreviewDisappear: 2x2 drawable alpha: 255
05-17 23:55:47.687  4689  4689 W PreviewDisappear: 2x2 image view alpha: 1.0
05-17 23:55:47.687  4689  4689 W PreviewDisappear: 2x2 set icon for: com.instagram.android preview drawable: com.miui.home.launcher.graphics.drawable.LayerAdaptiveIconDrawable@2716391
05-17 23:55:47.687  4689  4689 W PreviewDisappear: 2x2 drawable alpha: 255
05-17 23:55:47.687  4689  4689 W PreviewDisappear: 2x2 image view alpha: 1.0
05-17 23:55:47.687  4689  4689 W PreviewDisappear: 2x2 set icon for: com.ss.android.ugc.trill preview drawable: com.miui.home.launcher.graphics.drawable.LayerAdaptiveIconDrawable@2921811
05-17 23:55:47.687  4689  4689 W PreviewDisappear: 2x2 drawable alpha: 255
05-17 23:55:47.687  4689  4689 W PreviewDisappear: 2x2 image view alpha: 1.0
05-17 23:55:47.687  4689  4689 W PreviewDisappear: 2x2 set icon for: org.telegram.messenger preview drawable: com.miui.home.launcher.graphics.drawable.LayerAdaptiveIconDrawable@d11c1e1
05-17 23:55:47.687  4689  4689 W PreviewDisappear: 2x2 drawable alpha: 255
05-17 23:55:47.687  4689  4689 W PreviewDisappear: 2x2 image view alpha: 1.0
05-17 23:55:47.688  4689  4689 W PreviewDisappear: 2x2 set icon for: com.zing.zalo preview drawable: com.miui.home.launcher.graphics.drawable.LayerAdaptiveIconDrawable@885f5ab
05-17 23:55:47.688  4689  4689 W PreviewDisappear: 2x2 drawable alpha: 255
05-17 23:55:47.688  4689  4689 W PreviewDisappear: 2x2 image view alpha: 1.0
05-17 23:55:47.688  4689  4689 W PreviewDisappear: 2x2 set icon for: com.facebook.orca preview drawable: com.miui.home.launcher.graphics.drawable.LayerAdaptiveIconDrawable@b79e455
05-17 23:55:47.688  4689  4689 W PreviewDisappear: 2x2 drawable alpha: 255
05-17 23:55:47.688  4689  4689 W PreviewDisappear: 2x2 image view alpha: 1.0
05-17 23:55:47.688  4689  4689 W PreviewDisappear: 2x2 set icon for: com.instagram.barcelona preview drawable: com.miui.home.launcher.graphics.drawable.LayerAdaptiveIconDrawable@880fa72
05-17 23:55:47.688  4689  4689 W PreviewDisappear: 2x2 drawable alpha: 255
05-17 23:55:47.688  4689  4689 W PreviewDisappear: 2x2 image view alpha: 1.0
05-17 23:55:47.688  4689  4689 W PreviewDisappear: 2x2 set icon for: com.locket.Locket preview drawable: com.miui.home.launcher.graphics.drawable.LayerAdaptiveIconDrawable@d5f439
05-17 23:55:47.688  4689  4689 W PreviewDisappear: 2x2 drawable alpha: 255
05-17 23:55:47.689  4689  4689 W PreviewDisappear: 2x2 image view alpha: 1.0
05-17 23:55:47.689  4689  4689 W PreviewDisappear: 2x2 set icon for: com.whatsapp preview drawable: com.miui.home.launcher.graphics.drawable.LayerAdaptiveIconDrawable@6524045
05-17 23:55:47.689  4689  4689 W PreviewDisappear: 2x2 drawable alpha: 255
05-17 23:55:47.689  4689  4689 W PreviewDisappear: 2x2 image view alpha: 1.0
05-17 23:55:47.691  4689  4689 I Launcher.DeviceConfig: getMiuiWidgetSizeSpec(2, 2, true) = (523, 535)
05-17 23:55:47.691  4689  4689 I LauncherFolder2x2IconContainer: widget content span = (2,2) size = (509, 509)
05-17 23:55:47.715 11028 31147 D VideoCodecInfo: [0x652064237e656] output buffer PTS 921111297889 us, interverl is 6817 ms
05-17 23:55:47.717  2342 32372 I BatteryNotifier: noteStartVideo: the video refcount for uid(2000) clientName(com.android.shell) is 0.
05-17 23:55:47.740  1657 10484 I MiStcImpl: Dispatching command: 35 SET_HISTOGRAM
05-17 23:55:47.758   326   348 D Benchmark: Starting activity with command: am start  -W "intent:#Intent;action=android.intent.action.MAIN;category=android.intent.category.LAUNCHER;launchFlags=0x10008000;package=com.decoutkhanqindev.dexreader;component=com.decoutkhanqindev.dexreader/.presentation.MainActivity;end"
05-17 23:55:47.764  6516 23910 W MediaProvider: isAppCloneUserPair for user 0: false
05-17 23:55:47.818  1697  1697 E vendor.qti.hardware.perf-hal-service: ExtendedPerfBoost: extended_perfboost_verification() 738: Ok, set boost params. hintid=4225 hinttype=1 prio=3, clientpid=2626 packagename=com.decoutkhanqindev.dexreader params=boost:1 cpu0:1958400 cpu4:2400000 cpumask:ff
05-17 23:55:47.819  2626  7891 D MiGgameTypeIdentificationImpl: checkIfGameBeSupported app:com.decoutkhanqindev.dexreader
05-17 23:55:47.819  1697  1778 E ANDR-PERF-LM: MetaMeter: handleAsync() 166: AdaptLaunch Invalid Async
05-17 23:55:47.819  2626  7891 D MiGgameTypeIdentificationImpl: checkIfGameBeSupported app:com.decoutkhanqindev.dexreader
05-17 23:55:47.820  1697  1778 E ANDR-PERF-LM: MetaMeter: handleAsync() 166: AdaptLaunch Invalid Async
05-17 23:55:47.820  2626  7891 E ANDR-PERF-JNI: com_qualcomm_qtiperformance_native_perf_io_prefetch_start
05-17 23:55:47.822  2626  7891 D MiuiSplitInputMethodImpl: IME or device not support split ime
05-17 23:55:47.822  1853  1952 D MI-SF   : [FpsStat] construct...
05-17 23:55:47.825  1697  1697 E vendor.qti.hardware.perf-hal-service: ExtendedPerfBoost: extended_perfboost_verification() 738: Ok, set boost params. hintid=4225 hinttype=1 prio=3, clientpid=2626 packagename=com.decoutkhanqindev.dexreader params=boost:1 cpu0:1958400 cpu4:2400000 cpumask:ff
05-17 23:55:47.827  1853  1952 D MI-SF   : [FpsStat] construct...
05-17 23:55:47.827  1676  6284 E ANDR-IOP: io prefetch is disabled
05-17 23:55:47.832  2626  7891 D ActivityTrigger: ActivityTrigger activityPauseTrigger
05-17 23:55:47.835 11129 19380 W System.err: org.json.JSONException: No value for minutely
05-17 23:55:47.835 11129 19380 W System.err: 	at org.json.JSONObject.get(JSONObject.java:398)
05-17 23:55:47.835 11129 19380 W System.err: 	at org.json.JSONObject.getJSONObject(JSONObject.java:618)
05-17 23:55:47.835 11129 19380 W System.err: 	at x2.f.g(SourceFile:5)
05-17 23:55:47.835 11129 19380 W System.err: 	at x2.f.f(Unknown Source:4)
05-17 23:55:47.835 11129 19380 W System.err: 	at com.miui.weather2.providers.WeatherProvider.n(SourceFile:6)
05-17 23:55:47.835 11129 19380 W System.err: 	at com.miui.weather2.providers.WeatherProvider.e(SourceFile:45)
05-17 23:55:47.835 11129 19380 W System.err: 	at com.miui.weather2.providers.WeatherProvider.query(SourceFile:17)
05-17 23:55:47.835 11129 19380 W System.err: 	at android.content.ContentProvider.query(ContentProvider.java:1609)
05-17 23:55:47.835 11129 19380 W System.err: 	at android.content.ContentProvider.query(ContentProvider.java:1705)
05-17 23:55:47.835 11129 19380 W System.err: 	at android.content.ContentProvider$Transport.query(ContentProvider.java:298)
05-17 23:55:47.835 11129 19380 W System.err: 	at android.content.ContentProviderNative.onTransact(ContentProviderNative.java:110)
05-17 23:55:47.835 11129 19380 W System.err: 	at android.os.Binder.execTransactInternal(Binder.java:1351)
05-17 23:55:47.835 11129 19380 W System.err: 	at android.os.Binder.execTransact(Binder.java:1282)
05-17 23:55:47.840 11129 19380 D Wth2:WeatherSession: getWeatherDataNet()939dacb07d9d736460676f6a638f65686d626f6c675c9ca0abaa7e95a59c7180f9e5508f18f1d6a0#currentTimeMillis=1779036947840
05-17 23:55:47.842  1853  1951 D MI-SF   : [FpsStat] construct...
05-17 23:55:47.842  1853  1853 D MI-SF   : [FpsStat] construct...
05-17 23:55:47.843  1853  1853 D MI-SF   : [FpsStat] construct...
05-17 23:55:47.843  4660  4660 I FocusedNotifPromptContr: onTopActivityMayChanged: topActivity=com.decoutkhanqindev.dexreader
05-17 23:55:47.843  4660  4660 I FocusedNotifPromptContr: topActivityMayChanged: topActivity=com.decoutkhanqindev.dexreader
05-17 23:55:47.843  4660  4660 D KeyguardEditorHelper: onTopActivityMayChanged, topActivity=ComponentInfo{com.decoutkhanqindev.dexreader/com.decoutkhanqindev.dexreader.presentation.MainActivity}; mState=IDEL
05-17 23:55:47.844  4689  4125 D TaskStackChangeListeners: onTaskDescriptionChanged =  taskId = 3040
05-17 23:55:47.853  1853  1853 D MI-SF   : [FpsStat] construct...
05-17 23:55:47.854  4689  4689 D Launcher.Lifecycle: onPause:UserHandle{0},c5ba44a,true
05-17 23:55:47.854  1853  1951 D MI-SF   : [FpsStat] construct...
05-17 23:55:47.854  4689  4689 D Launcher_UnlockAnimationStateMachine: onPause = IDLE
05-17 23:55:47.854  4689  4689 D Launcher_UnlockAnimationStateMachine: setState:PAUSE_WAIT
05-17 23:55:47.854  4689  4689 D MamlView: onPause
05-17 23:55:47.854  4689  4689 D MamlView: onPause
05-17 23:55:47.855  4689  4689 I Launcher.widget: onInvisible null
05-17 23:55:47.855  4689  4689 I Launcher.widget: onInvisible null
05-17 23:55:47.855 20260 20312 D LauncherOverlay: setActivityState:1
05-17 23:55:47.855 20260 20260 I LauncherOverlayCallback: handleMessage WHAT_ACTIVITY_STATE_CHANGED what：1
05-17 23:55:47.855 20260 20260 D LauncherOverlay.Window: onPause
05-17 23:55:47.856 20260 20260 I LauncherOverlayCallback: handleMessage WHAT_LAUNCHER_STATE what：1
05-17 23:55:47.856 20260 20260 D LauncherOverlay.Window: launcherState 1
05-17 23:55:47.856 20260 20260 D LauncherOverlay.Window: resumedStateNow 1,resumedStateNew = 0
05-17 23:55:47.856 20260 20260 D LauncherOverlay.Window: launcherPause
05-17 23:55:47.866  1853  1853 D MI-SF   : [FpsStat] construct...
05-17 23:55:47.872  1515  1515 D Zygote  : Forked child process 9911
05-17 23:55:47.873  1697  1778 E ANDR-PERF-LM: MetaMeter: handleAsync() 166: AdaptLaunch Invalid Async
05-17 23:55:47.878  1853  1853 I BpBinder: onLastStrongRef automatically unlinking death recipients:
05-17 23:55:47.881  1697  1778 W ANDR-PERF-LM: MetaMeter: handlePrimaryAsync() 118: AdaptLaunch MetaMeter. No MeterMgr Available to handle this Primary Async. !!!!
05-17 23:55:47.882  4660  5001 E OpenGLRenderer: Unable to match the desired swap behavior.
05-17 23:55:47.883  1697  1778 W ANDR-PERF-LM: MetaMeter: handlePrimaryAsync() 118: AdaptLaunch MetaMeter. No MeterMgr Available to handle this Primary Async. !!!!
05-17 23:55:47.903  9911  9911 E Zygote  : process_name_ptr:9911 com.decoutkhanqindev.dexreader
05-17 23:55:47.903  9911  9911 E zygote64: Failed to parse /data/system/mfz.xml: Tinyxml2 error (3): Error=XML_ERROR_FILE_NOT_FOUND ErrorID=3 (0x3) Line number=0: filename=/data/system/mfz.xml
05-17 23:55:47.903  9911  9911 E zygote64: MemoryFreeze XMLFile not found
05-17 23:55:47.904  9911  9911 E zygote64: Failed to parse /product/etc/mfz.xml: Tinyxml2 error (3): Error=XML_ERROR_FILE_NOT_FOUND ErrorID=3 (0x3) Line number=0: filename=/product/etc/mfz.xml
05-17 23:55:47.904  9911  9911 E zygote64: MemoryFreeze XMLFile not found
05-17 23:55:47.904  4689  4720 D RecentsModel: onTaskStackChangedBackground
05-17 23:55:47.904  4689  4720 D EventBus: No subscribers registered for event class com.miui.home.recents.messages.RecentTasksChangedEvent
05-17 23:55:47.904  4689  4720 D EventBus: No subscribers registered for event class org.greenrobot.eventbus.NoSubscriberEvent
05-17 23:55:47.905  4689  4720 D RecentsModel: onTaskStackChangedBackground
05-17 23:55:47.905  4689  4720 D EventBus: No subscribers registered for event class com.miui.home.recents.messages.RecentTasksChangedEvent
05-17 23:55:47.905  4689  4720 D EventBus: No subscribers registered for event class org.greenrobot.eventbus.NoSubscriberEvent
05-17 23:55:47.905  4689  5023 D RecentsModel: onTaskStackChangedBackground    MSG_TASK_STACK_CHANGE
05-17 23:55:47.905  4689  5023 D RecentsModel: preloadRecents
05-17 23:55:47.905  4689  5023 W RecentsModel: getRunningTask
05-17 23:55:47.912  4689  5023 W RecentsModel: getRunningTask   taskInfo=TaskInfo{userId=0 taskId=2 displayId=0 isRunning=true baseIntent=Intent { act=android.intent.action.MAIN cat=[android.intent.category.HOME] flg=0x10000100 cmp=com.miui.home/.launcher.Launcher } baseActivity=ComponentInfo{com.miui.home/com.miui.home.launcher.Launcher} topActivity=ComponentInfo{com.miui.home/com.miui.home.launcher.Launcher} origActivity=null realActivity=ComponentInfo{com.miui.home/com.miui.home.launcher.Launcher} numActivities=1 lastActiveTime=2251868969 supportsSplitScreenMultiWindow=true supportsMultiWindow=true resizeMode=2 isResizeable=true minWidth=-1 minHeight=-1 defaultMinSize=200 token=WCT{android.window.IWindowContainerToken$Stub$Proxy@97d86d1} topActivityType=2 pictureInPictureParams=null shouldDockBigOverlays=false launchIntoPipHostTaskId=-1 lastParentTaskIdBeforePip=-1 displayCutoutSafeInsets=Rect(0, 104 - 0, 0) topActivityInfo=ActivityInfo{2c4536 com.miui.home.launcher.Launcher} launchCookies=[] positionInParent=Point(0, 0) parentTaskId=-1 isFocused=true isVisible=true isVisibleRequested=false isSleeping=false topActivityInSizeCompat=false topActivityInMiuiSizeCompat=false topActivityEligibleForLetterboxEducation= false topActivityLetterboxed= false isFromDoubleTap= false topActivityLetterboxVerticalPosition= -1 topActivityLetterboxHorizontalPosition= -1 topActivityLetterboxWidth=-1 topActivityLetterboxHeight=-1 locusId=null displayAreaFeatureId=1 cameraCompatControlState=hidden mIsCastMode=false mTopActivityMediaSize=null mTopActivityRecordName=ActivityRecord{3bf25f5 u0 com.miui.home/.launcher.Launcher t2} mTopActivityOrientation=-2 mTopActivityWindowIsNowVisible=false isTranslucent=true isEmbedded=false shouldBeVisible=false mBehindAppLockPkg=null mOriginatingUid=0}
05-17 23:55:47.912  4689  5023 W RecentsModel: getTaskInfoIgnoreHomeAndFreeform   taskInfo=ComponentInfo{com.miui.home/com.miui.home.launcher.Launcher}
05-17 23:55:47.913  4689  5023 E ActivityManagerWrapper: get all recent tasks force including 2
05-17 23:55:47.916  4660  4929 D VRI[dexreader]: vri.reportNextDraw android.view.ViewRootImpl.performTraversals:4341 android.view.ViewRootImpl.doTraversal:2981 android.view.ViewRootImpl$TraversalRunnable.run:10293 android.view.Choreographer$CallbackRecord.run:1675 android.view.Choreographer$CallbackRecord.run:1684
05-17 23:55:47.916  4660  4929 D VRI[dexreader]: vri.Setup new sync=wmsSync-VRI[dexreader]#40
05-17 23:55:47.916  9911  9911 I indev.dexreader: Using CollectorTypeCMC GC.
05-17 23:55:47.917  4660  5001 D OpenGLRenderer: makeCurrent grContext:0xb40000757eb1b400 reset mTextureAvailable
05-17 23:55:47.920  4660  4929 D VRI[dexreader]: vri.reportDrawFinished
05-17 23:55:47.920  6891 11733 W SQLiteLog: (28) double-quoted string literal: "com.decoutkhanqindev.dexreader"
05-17 23:55:47.922 10888 10895 I adbd    : jdwp connection from 9911
05-17 23:55:47.922  4689  5023 E ActivityManagerWrapper: getRecentTasks: size=3
05-17 23:55:47.923  4689  5023 E ActivityManagerWrapper: getRecentTasks: mainTaskId=3040   userId=0   windowMode=1   baseIntent=Intent { act=android.intent.action.MAIN flag=268468224 cmp=ComponentInfo{com.decoutkhanqindev.dexreader/com.decoutkhanqindev.dexreader.presentation.MainActivity} }
05-17 23:55:47.923  4689  5023 E ActivityManagerWrapper: getRecentTasks: mainTaskId=3027   userId=0   windowMode=1   baseIntent=Intent { act=android.intent.action.MAIN flag=270532608 cmp=ComponentInfo{com.android.settings/com.android.settings.MainSettings} }
05-17 23:55:47.923  4689  5023 E ActivityManagerWrapper: getRecentTasks: mainTaskId=3026   userId=0   windowMode=1   baseIntent=Intent { act=android.settings.APPLICATION_DETAILS_SETTINGS flag=268468224 cmp=ComponentInfo{com.android.settings/com.android.settings.applications.InstalledAppDetails} }
05-17 23:55:47.926  1853  1853 W Layer   : gatherBufferInfo: Received unknown dataspace from gralloc
05-17 23:55:47.930  1657  3124 I vendor.qti.hardware.display.composer-service: FrameNotifyProcess Sensor: notify citsensorservice to trigger cwb
05-17 23:55:47.931  2444  2444 I libcitsensorservice@2.0-impl: msg_transfer
05-17 23:55:47.931  2444  3621 I libsensor-parseRGB: request dump start
05-17 23:55:47.931  2444  3621 D vendor.xiaomi.sensor.citsensorservice@2.0-service: handle id:11 wxh:1280x2712 uwxuh:1220x2712 size: 10416128 fd:16 fd_meta:17 flags:0x4000228 usage:0x33  format:0x3 layer_count: 1 reserved_size = 0
05-17 23:55:47.931  1657  1987 D SDM     : HWCSession::SetCWBOutputBuffer: CWB config passed by cwb_client : tappoint 1  CWB_ROI : (817.000000 7.000000 978.000000 128.000000)
05-17 23:55:47.932  1657  3652 D SDM     : HWCSession::ProcessRequests: Successfully configured CWB buffer.
05-17 23:55:47.932  1853  1952 D MI-SF   : [FpsStat] construct...
05-17 23:55:47.937  1853  1952 D MI-SF   : updateScene: module = 268 (Animation), value = 1, pkg = perf_interaction, Vrr = 1
05-17 23:55:47.937  1853  1952 D MI-SF   : isIdleTimerSkip is 1,mSetIdleForceFlag = 0
05-17 23:55:47.937  1853  1952 D MI-SF   : updateScene mSetAnimationFlag status 1, vsync 120
05-17 23:55:47.937  2626  3780 I MiuiNetworkPolicy: updateUidState uid = 10415, uidState = 19
05-17 23:55:47.938  1853  1853 D MI-SF   : [FpsStat] construct...
05-17 23:55:47.939  1853  1952 D MI-SF   : [FpsStat] construct...
05-17 23:55:47.943  1657 10484 I MiStcImpl: Dispatching command: 35 SET_HISTOGRAM
05-17 23:55:47.944  1657  3652 D SDM     : HWCSession::ProcessRequests: Pushing release fence in fenece wait queue.
05-17 23:55:47.944  1657  3652 D SDM     : HWCSession::ProcessRequests: Creating AsyncFenceWaits async thread.
05-17 23:55:47.944  1657  3652 D SDM     : HWCSession::ProcessRequests: Remove current CWB request from the pending request queue.
05-17 23:55:47.944  1657  3652 D SDM     : HWCSession::ProcessRequests: No pending cwb requests found in the queue.
05-17 23:55:47.945  1853  1951 D SurfaceFlinger:  setDesiredDisplayModeSpecs: setDesiredDisplayConfigSpecs:defaultMode 1
05-17 23:55:47.946  9911  9911 D nativeloader: Load libframework-connectivity-tiramisu-jni.so using APEX ns com_android_tethering for caller /apex/com.android.tethering/javalib/framework-connectivity-t.jar: ok
05-17 23:55:47.949  1853  1853 D MI-SF   : [FpsStat] construct...
05-17 23:55:47.954  1657  3665 D SDM     : HWCSession::NotifyCWBStatus: Notify the client about buffer status 0.
05-17 23:55:47.954  1657  1804 D SDM     : HWDeviceDRM::SetupConcurrentWriteback: Tear down the Concurrent Writeback topology
05-17 23:55:47.955  4660  4808 D MiuiFreeFormManager:  isSplitRootTask taskId=3040
05-17 23:55:47.956  9911  9911 I MessageMonitor: Load libmiui_runtime
05-17 23:55:47.956  1657  3665 D SDM     : HWCSession::PerformFenceWaits: Remove current release fence from the pending fence wait queue.
05-17 23:55:47.956  1657  3665 D SDM     : HWCSession::PerformFenceWaits: CWB fence queue is empty. No pending release fence to wait on.
05-17 23:55:47.957  2444  3622 D libsensor-parseRGB: the value of RGB [165.759944 200.148703 332.895639 854.217327 879.828696 976.283192 942.620340 968.393746 1060.029791 454.768630 486.168771 604.589660]
05-17 23:55:47.960  1853  1853 I RefreshRateSelector: Display 4630946545580055170 policy changed
05-17 23:55:47.960  1853  1853 I RefreshRateSelector: Previous: {defaultModeId=1, allowGroupSwitching=false, primaryRanges={physical=[0.00 Hz, inf Hz], render=[0.00 Hz, 120.00 Hz]}, appRequestRanges={physical=[0.00 Hz, inf Hz], render=[0.00 Hz, 120.00 Hz]}}
05-17 23:55:47.960  1853  1853 I RefreshRateSelector: Current:  DisplayManagerPolicy{defaultModeId=1, allowGroupSwitching=false, primaryRanges={physical=[0.00 Hz, inf Hz], render=[0.00 Hz, 120.00 Hz]}, appRequestRanges={physical=[0.00 Hz, inf Hz], render=[0.00 Hz, 120.00 Hz]}}
05-17 23:55:47.960  1853  1853 I RefreshRateSelector: 0 mode changes were performed under the previous policy
05-17 23:55:47.960  1853  1853 D MI-SF   : mIsSupportAutomodeForMaxFpsSetting is 0(0), getCurrentBrightness() = 1272(1350), mIsKeepAutoMode 0
05-17 23:55:47.960  1853  1853 D RefreshRateSelector: fixedMode_group: 0, isFindModeGroup 0
05-17 23:55:47.960  1853  1853 D RefreshRateSelector: find max refresh rate:120, mode Group:0
05-17 23:55:47.963  1853  1853 D RefreshRateSelector: Touch Boost
05-17 23:55:47.963  1853  1853 D MI-SF   : mIsSupportAutomodeForMaxFpsSetting is 0(0), getCurrentBrightness() = 1272(1350), mIsKeepAutoMode 0
05-17 23:55:47.963  1853  1853 D RefreshRateSelector: fixedMode_group: 0, isFindModeGroup 0
05-17 23:55:47.963  1853  1853 D RefreshRateSelector: find max refresh rate:120, mode Group:0
05-17 23:55:47.965  4689  4689 D Launcher.Lifecycle: onWindowFocusChanged:false,UserHandle{0},c5ba44a,true
05-17 23:55:47.968  4689  4689 D EditorStubImpl: Type = 2, RectF = RectF(450.0, 709.0, 570.0, 829.0), mInsertionHandleData = [HandleData{mIsShow=false, mPosition=RectF(450.0, 709.0, 570.0, 829.0)}]
05-17 23:55:47.970 11129 19380 W Wth2:ServiceJob: check() execute too fast, saveDate=1779035574828,now=1779036947970,interval=3600000
05-17 23:55:47.976  2444  3645 I libsensor-displayalgo: the value of channelCali C:371.714447,R:221.028393,G:134.331479,B:47.956911,scales C:1.017574,R:1.092311,G:1.010372,B:1.025091
05-17 23:55:47.976  2444  3645 E libsensor-displayalgo: value of coefs 5,850.303000,7.300256,-2.660090,1.550054,-8.640300, line 99
05-17 23:55:47.976  2444  3645 D libsensor-displayalgo: brightness:372.000000,R:165.759944,G:200.148703,B:332.895639,EVENT C:322.510956,R:165.005600,G:122.504158,B:47.501614, lux: 0.000000
05-17 23:55:47.976  2444  3645 I libsensor-displayalgo: ##### the value of lux: 0.000000, cct: 0.000000
05-17 23:55:47.976  2444  3645 I libsensor-ssccalapi: value of set_lux: 0.000000
05-17 23:55:47.976  2444  3645 I libsensor-ssccalapi: value of set cct: 0.000000
05-17 23:55:47.976  2444  3645 I sensors : send_request:296,  send_request suid high 48dd16bd suid low 2c177798
05-17 23:55:47.977  2444  3523 I sensors : handle_resp_cb:364, _fifo_resp not empty
05-17 23:55:47.977  2444  3523 I sensors : handle_resp_cb:377,  handle_resp_cb suid high 48dd16bd suid low 2c177798,_fifo_resp.begin() 4580e1e0
05-17 23:55:47.977  2444  3523 I sensors : handle_resp_cb:379, _fifo_resp still not empty
05-17 23:55:47.977  2626  6682 D SymlinkUtils: attachApplication file op go pass: 12 ms
05-17 23:55:47.983  2626  6682 D CompatibilityInfo: mCompatibilityFlags - 4
05-17 23:55:47.983  2626  6682 D CompatibilityInfo: applicationDensity - 480
05-17 23:55:47.983  2626  6682 D CompatibilityInfo: applicationScale - 1.0
05-17 23:55:47.983  1697  1778 E ANDR-PERF-LM: MetaMeter: handleAsync() 166: AdaptLaunch Invalid Async
05-17 23:55:47.991  1853  1951 D MI-SF   : [FpsStat] construct...
05-17 23:55:47.992  1853  1853 D MI-SF   : [FpsStat] construct...
05-17 23:55:47.996  7449 18361 I SCTaskStackListener: onTaskStackChanged! inSplit = false
05-17 23:55:47.997  4689  7913 D RecentsModel: onTaskStackChangedBackground
05-17 23:55:47.998 10748 10789 I GID     : PKG: com.decoutkhanqindev.dexreader IG ? false
05-17 23:55:47.998 10748 10789 I GST     : forePkg: com.decoutkhanqindev.dexreader, preForePkg: com.miui.home
05-17 23:55:47.998  4689  5023 D RecentsModel: onTaskStackChangedBackground    MSG_TASK_STACK_CHANGE
05-17 23:55:47.998  4689  5023 D RecentsModel: preloadRecents
05-17 23:55:47.998  4689  5023 W RecentsModel: getRunningTask
05-17 23:55:48.000  4689  4125 D RecentsModel: onTaskStackChangedBackground
05-17 23:55:48.000  2626  3780 I MiuiNetworkPolicy: updateUidState uid = 10415, uidState = 2
05-17 23:55:48.000  4689  4125 D EventBus: No subscribers registered for event class com.miui.home.recents.messages.RecentTasksChangedEvent
05-17 23:55:48.000  4689  4125 D EventBus: No subscribers registered for event class org.greenrobot.eventbus.NoSubscriberEvent
05-17 23:55:48.001 10748 10789 I GID     : PKG: com.miui.home IG ? false
05-17 23:55:48.002  4689  5023 W RecentsModel: getRunningTask   taskInfo=TaskInfo{userId=0 taskId=3040 displayId=0 isRunning=true baseIntent=Intent { act=android.intent.action.MAIN cat=[android.intent.category.LAUNCHER] flg=0x10008000 pkg=com.decoutkhanqindev.dexreader cmp=com.decoutkhanqindev.dexreader/.presentation.MainActivity } baseActivity=ComponentInfo{com.decoutkhanqindev.dexreader/com.decoutkhanqindev.dexreader.presentation.MainActivity} topActivity=ComponentInfo{com.decoutkhanqindev.dexreader/com.decoutkhanqindev.dexreader.presentation.MainActivity} origActivity=null realActivity=ComponentInfo{com.decoutkhanqindev.dexreader/com.decoutkhanqindev.dexreader.presentation.MainActivity} numActivities=1 lastActiveTime=2251869063 supportsSplitScreenMultiWindow=true supportsMultiWindow=true resizeMode=1 isResizeable=true minWidth=-1 minHeight=-1 defaultMinSize=200 token=WCT{android.window.IWindowContainerToken$Stub$Proxy@482bf0d} topActivityType=1 pictureInPictureParams=null shouldDockBigOverlays=false launchIntoPipHostTaskId=-1 lastParentTaskIdBeforePip=-1 displayCutoutSafeInsets=Rect(0, 104 - 0, 0) topActivityInfo=ActivityInfo{2ef7ec2 com.decoutkhanqindev.dexreader.presentation.MainActivity} launchCookies=[] positionInParent=Point(0, 0) parentTaskId=-1 isFocused=true isVisible=true isVisibleRequested=true isSleeping=false topActivityInSizeCompat=false topActivityInMiuiSizeCompat=false topActivityEligibleForLetterboxEducation= false topActivityLetterboxed= false isFromDoubleTap= false topActivityLetterboxVerticalPosition= -1 topActivityLetterboxHorizontalPosition= -1 topActivityLetterboxWidth=-1 topActivityLetterboxHeight=-1 locusId=null displayAreaFeatureId=1 cameraCompatControlState=hidden mIsCastMode=false mTopActivityMediaSize=null mTopActivityRecordName=ActivityRecord{bf722d3 u0 com.decoutkhanqindev.dexreader/.presentation.MainActivity t3040} mTopActivityOrientation=-1 mTopActivityWindowIsNowVisible=false isTranslucent=false isEmbedded=false shouldBeVisible=true mBehindAppLockPkg=null mOriginatingUid=0}
05-17 23:55:48.002  4689  5023 W RecentsModel: getTaskInfoIgnoreHomeAndFreeform   taskInfo=ComponentInfo{com.decoutkhanqindev.dexreader/com.decoutkhanqindev.dexreader.presentation.MainActivity}
05-17 23:55:48.003  9911  9911 D CompatibilityChangeReporter: Compat change id reported: 171979766; UID 10415; state: ENABLED
05-17 23:55:48.003 10748 10789 I GID     : PKG: com.miui.home IG ? false
05-17 23:55:48.003  9911  9911 D CompatibilityChangeReporter: Compat change id reported: 242716250; UID 10415; state: ENABLED
05-17 23:55:48.003 10748 10789 I GID     : PKG: com.decoutkhanqindev.dexreader IG ? false
05-17 23:55:48.004 10748 10789 I GID     : PKG: com.decoutkhanqindev.dexreader IG ? false
05-17 23:55:48.006  4689  5023 E ActivityManagerWrapper: get all recent tasks force including 3040
05-17 23:55:48.008  7449  7519 I SCTaskStackListener: onTaskStackChanged! inSplit = false
05-17 23:55:48.012  9911  9934 D AppScoutStateMachine: 9911-ScoutStateMachinecreated
05-17 23:55:48.014  4689  4773 D StatusBarController: handleMessage: flag 800000  disable false
05-17 23:55:48.015  4689  4689 D Launcher_WallpaperUtils: changeStatusBarMode:false
05-17 23:55:48.015  2626  3877 I NetworkBoostStatusManager: onForegroundInfoChanged uid:10415, isColdStart:true
05-17 23:55:48.015  2626  3877 I SLM-SRV-SLAToast: foreground uid:10415, isColdStart:true, isLinkTurboEnable:false
05-17 23:55:48.015  2626  3877 D NetworkSDKService: handleMultiAppsDualWifi isSet = false isEverOpened = false
05-17 23:55:48.015  1853  1853 D MI-SF   : [FpsStat] distroy...
05-17 23:55:48.016  4689  4720 D AppObserver: ForegroundInfo{mForegroundPackageName='com.decoutkhanqindev.dexreader', mForegroundUid=10415, mForegroundPid=9911, mLastForegroundPackageName='com.miui.home', mLastForegroundUid=10150, mLastForegroundPid=4689, mMultiWindowForegroundPackageName='com.decoutkhanqindev.dexreader', mMultiWindowForegroundUid=10415, mFlags=1}
05-17 23:55:48.017  9609 11492 D PerfEngineController: ForegroundInfo{mForegroundPackageName='com.decoutkhanqindev.dexreader', mForegroundUid=10415, mForegroundPid=9911, mLastForegroundPackageName='com.miui.home', mLastForegroundUid=10150, mLastForegroundPid=4689, mMultiWindowForegroundPackageName='com.decoutkhanqindev.dexreader', mMultiWindowForegroundUid=10415, mFlags=1}
05-17 23:55:48.017  7449 18361 I ProcessMonitor: onForegroundInfoChanged: ForegroundInfo{mForegroundPackageName='com.decoutkhanqindev.dexreader', mForegroundUid=10415, mForegroundPid=9911, mLastForegroundPackageName='com.miui.home', mLastForegroundUid=10150, mLastForegroundPid=4689, mMultiWindowForegroundPackageName='com.decoutkhanqindev.dexreader', mMultiWindowForegroundUid=10415, mFlags=1}
05-17 23:55:48.019  7449 18361 I GameBoosterService: onForegroundInfoChanged: Cur=com.decoutkhanqindev.dexreader	 last=com.miui.home
05-17 23:55:48.019  4655  5290 D NetworkMetricsController: mCurUid is 10415   mUidCache is {1000=com.android.wallpaperbackup, 1001=com.qualcomm.qti.uceShimService, 10097=com.google.android.documentsui, 10135=com.miui.extraphoto, 10143=com.miui.mishare.connectivity, 10145=com.miui.cleaner, 10146=com.google.android.gsf, 10148=com.miui.gallery, 10149=com.google.android.apps.safetyhub, 10150=com.miui.home, 10153=com.android.camera, 10157=com.android.vending, 10159=com.android.incallui, 10161=com.android.contacts, 10162=com.mi.globalbrowser, 10164=com.mi.globalminusscreen, 10166=com.xiaomi.calendar, 10168=com.google.android.googlequicksearchbox, 10169=com.android.mms, 10175=com.android.chrome, 10177=com.google.android.syncadapters.calendar, 10178=com.google.android.apps.docs, 10180=com.google.android.inputmethod.latin, 10181=com.android.deskclock, 10186=com.google.android.gm, 10188=com.miui.screenshot, 10199=com.google.android.apps.maps, 10208=com.google.android.apps.photos, 10222=com.google.android.youtube, 10226=com.gallery.player, 10227=com.xiaomi.mipicks, 10275=com.google.android.permissioncontroller, 10284=com.xiaomi.scanner, 10290=com.miui.mediaeditor, 10291=com.miui.notes, 10293=com.google.android.photopicker, 10294=com.miui.calculator, 10297=com.facebook.katana, 10299=com.riotgames.league.teamfighttacticsvn, 10301=com.shopee.vn, 10305=com.onskyinc.smartiot.healthandhome, 10306=com.recovery.protect.data, 10315=com.vexere.phucthuanthao.android, 10317=com.instagram.android, 10318=com.ss.android.ugc.trill, 10320=com.VCB, 10321=com.github.android, 10322=com.lemon.lvoverseas, 10323=com.mservice.momotransfer, 10325=com.grabtaxi.passenger, 10326=com.ai.photo.video.generator, 10327=com.facebook.orca, 10328=com.zing.zalo, 10329=org.telegram.messenger, 10330=com.instagram.barcelona, 10331=com.locket.Locket, 10332=com.Slack, 10334=com.bhxhapp, 10335=com.soundcloud.android, 10336=com.vnid, 10337=com.room.ai.planner.design, 10338=com.tpb.mb.gprsandroid, 10344=com.google.android.apps.bard, 10345=com.vnp.myvinaphone, 10346=com.linkedin.android, 10348=xyz.be.customer, 10365=com.google.android.apps.translate, 10369=com.anthropic.claude, 10371=com.larksuite.suite, 10373=com.sc.mobilebanking.vn, 10377=com.etax.icanhan, 10378=com.recover.photos.files.recoveryapp, 10383=com.decoutkhanqindev.dexreader, 10385=com.emojibattery.widget.statusbar.batterystickers, 10386=com.emojibattery.statusbar, 10387=com.cute.emoji.battery.icon.widget.customize.emojisticker.statusbar, 10388=com.decoutkhanqindev.separate_backstacks, 10389=com.decoutkhanqindev.separate_backstacks, 10391=com.soundcloud.android, 10392=com.speakercleaner.dust.watereject, 10394=com.speakercleaner.dust.watereject, 10395=com.decoutkhanqindev.dexreader, 10396=com.decoutkhanqindev.dexreader, 10397=com.decoutkhanqindev.dexreader, 10398=com.decoutkhanqindev.dexreader, 10399=com.decoutkhanqindev.dexreader, 10400=com.decoutkhanqindev.dexreader, 10402=com.decoutkhanqindev.dexreader, 10404=com.decoutkhanqindev.dexreader, 10415=com.decoutkhanqindev.dexreader}
05-17 23:55:48.019  4655  5290 D NetworkMetricsController: mCurApptype is NONE tempAppType is NONE
05-17 23:55:48.019  7324 25335 D PMonitor:  onForegroundActivitiesChanged:pid = 9911,activity-uid=10415,foregroundActivities=true
05-17 23:55:48.021  7449  7519 D x1      : myUserId = 0	currentUserId0
05-17 23:55:48.021  7449 18361 D GameBoosterService: onGameStatusChange foreground:ForegroundInfo{mForegroundPackageName='com.decoutkhanqindev.dexreader', mForegroundUid=10415, mForegroundPid=9911, mLastForegroundPackageName='com.miui.home', mLastForegroundUid=10150, mLastForegroundPid=4689, mMultiWindowForegroundPackageName='com.decoutkhanqindev.dexreader', mMultiWindowForegroundUid=10415, mFlags=1}
05-17 23:55:48.021  7449 18361 I VideoBoxUtils: isSupportVideoBox: true
05-17 23:55:48.022  7449 18361 I VideoToolBoxService: vtb is closed!!!
05-17 23:55:48.022  7449 18361 I BeautyService: onForegroundInfoChanged: Cur=com.decoutkhanqindev.dexreader	 last=com.miui.home
05-17 23:55:48.023  9609 10439 D DFS-AppUsageTracker: Fg changed, new=com.decoutkhanqindev.dexreader, but charging.
05-17 23:55:48.023  4689  5023 E ActivityManagerWrapper: getRecentTasks: size=3
05-17 23:55:48.023  4689  5023 E ActivityManagerWrapper: getRecentTasks: mainTaskId=3040   userId=0   windowMode=1   baseIntent=Intent { act=android.intent.action.MAIN flag=268468224 cmp=ComponentInfo{com.decoutkhanqindev.dexreader/com.decoutkhanqindev.dexreader.presentation.MainActivity} }
05-17 23:55:48.023  4689  5023 E ActivityManagerWrapper: getRecentTasks: mainTaskId=3027   userId=0   windowMode=1   baseIntent=Intent { act=android.intent.action.MAIN flag=270532608 cmp=ComponentInfo{com.android.settings/com.android.settings.MainSettings} }
05-17 23:55:48.023  4689  5023 E ActivityManagerWrapper: getRecentTasks: mainTaskId=3026   userId=0   windowMode=1   baseIntent=Intent { act=android.settings.APPLICATION_DETAILS_SETTINGS flag=268468224 cmp=ComponentInfo{com.android.settings/com.android.settings.applications.InstalledAppDetails} }
05-17 23:55:48.024  9609 10439 D DFS-AppUsageTracker: Fg changed, new=com.decoutkhanqindev.dexreader, but charging.
05-17 23:55:48.028  1853  1853 D MI-SF   : [FpsStat] distroy...
05-17 23:55:48.030  4689  5023 D RecentsModel: onTaskStackChangedBackground    MSG_TASK_STACK_CHANGE
05-17 23:55:48.030  4689  5023 D RecentsModel: preloadRecents
05-17 23:55:48.030  4689  5023 W RecentsModel: getRunningTask
05-17 23:55:48.031  4689  5023 W RecentsModel: getRunningTask   taskInfo=TaskInfo{userId=0 taskId=3040 displayId=0 isRunning=true baseIntent=Intent { act=android.intent.action.MAIN cat=[android.intent.category.LAUNCHER] flg=0x10008000 pkg=com.decoutkhanqindev.dexreader cmp=com.decoutkhanqindev.dexreader/.presentation.MainActivity } baseActivity=ComponentInfo{com.decoutkhanqindev.dexreader/com.decoutkhanqindev.dexreader.presentation.MainActivity} topActivity=ComponentInfo{com.decoutkhanqindev.dexreader/com.decoutkhanqindev.dexreader.presentation.MainActivity} origActivity=null realActivity=ComponentInfo{com.decoutkhanqindev.dexreader/com.decoutkhanqindev.dexreader.presentation.MainActivity} numActivities=1 lastActiveTime=2251869092 supportsSplitScreenMultiWindow=true supportsMultiWindow=true resizeMode=1 isResizeable=true minWidth=-1 minHeight=-1 defaultMinSize=200 token=WCT{android.window.IWindowContainerToken$Stub$Proxy@293f09} topActivityType=1 pictureInPictureParams=null shouldDockBigOverlays=false launchIntoPipHostTaskId=-1 lastParentTaskIdBeforePip=-1 displayCutoutSafeInsets=Rect(0, 104 - 0, 0) topActivityInfo=ActivityInfo{cbac50e com.decoutkhanqindev.dexreader.presentation.MainActivity} launchCookies=[] positionInParent=Point(0, 0) parentTaskId=-1 isFocused=true isVisible=true isVisibleRequested=true isSleeping=false topActivityInSizeCompat=false topActivityInMiuiSizeCompat=false topActivityEligibleForLetterboxEducation= false topActivityLetterboxed= false isFromDoubleTap= false topActivityLetterboxVerticalPosition= -1 topActivityLetterboxHorizontalPosition= -1 topActivityLetterboxWidth=-1 topActivityLetterboxHeight=-1 locusId=null displayAreaFeatureId=1 cameraCompatControlState=hidden mIsCastMode=false mTopActivityMediaSize=null mTopActivityRecordName=ActivityRecord{bf722d3 u0 com.decoutkhanqindev.dexreader/.presentation.MainActivity t3040} mTopActivityOrientation=-1 mTopActivityWindowIsNowVisible=false isTranslucent=false isEmbedded=false shouldBeVisible=true mBehindAppLockPkg=null mOriginatingUid=0}
05-17 23:55:48.031  4689  5023 W RecentsModel: getTaskInfoIgnoreHomeAndFreeform   taskInfo=ComponentInfo{com.decoutkhanqindev.dexreader/com.decoutkhanqindev.dexreader.presentation.MainActivity}
05-17 23:55:48.036  4689  5023 E ActivityManagerWrapper: get all recent tasks force including 3040
05-17 23:55:48.042  4689  5023 E ActivityManagerWrapper: getRecentTasks: size=3
05-17 23:55:48.043  4689  5023 E ActivityManagerWrapper: getRecentTasks: mainTaskId=3040   userId=0   windowMode=1   baseIntent=Intent { act=android.intent.action.MAIN flag=268468224 cmp=ComponentInfo{com.decoutkhanqindev.dexreader/com.decoutkhanqindev.dexreader.presentation.MainActivity} }
05-17 23:55:48.043  4689  5023 E ActivityManagerWrapper: getRecentTasks: mainTaskId=3027   userId=0   windowMode=1   baseIntent=Intent { act=android.intent.action.MAIN flag=270532608 cmp=ComponentInfo{com.android.settings/com.android.settings.MainSettings} }
05-17 23:55:48.043  4689  5023 E ActivityManagerWrapper: getRecentTasks: mainTaskId=3026   userId=0   windowMode=1   baseIntent=Intent { act=android.settings.APPLICATION_DETAILS_SETTINGS flag=268468224 cmp=ComponentInfo{com.android.settings/com.android.settings.applications.InstalledAppDetails} }
05-17 23:55:48.046  2626  3780 I MiuiNetworkPolicy: updateUidState uid = 10157, uidState = 8
05-17 23:55:48.059  2626  3780 I MiuiNetworkPolicy: updateUidState uid = 10208, uidState = 8
05-17 23:55:48.067  2626  3780 I MiuiNetworkPolicy: updateUidState uid = 10309, uidState = 8
