05-17 23:57:06.275  2444  3645 I libsensor-displayalgo: the value of channelCali C:404.020879,R:238.921201,G:150.958054,B:52.868880,scales C:1.017574,R:1.092311,G:1.010372,B:1.025091
05-17 23:57:06.275  2444  3645 E libsensor-displayalgo: value of coefs 5,850.303000,7.300256,-2.660090,1.550054,-8.640300, line 99
05-17 23:57:06.275  2444  3645 D libsensor-displayalgo: brightness:372.000000,R:241.292895,G:275.171537,B:404.629123,EVENT C:352.511963,R:190.006454,G:135.004578,B:50.001698, lux: 0.000000
05-17 23:57:06.275  2444  3645 I libsensor-displayalgo: ##### the value of lux: 0.000000, cct: 0.000000
05-17 23:57:06.275  2444  3645 I libsensor-ssccalapi: value of set_lux: 0.000000
05-17 23:57:06.275  2444  3645 I libsensor-ssccalapi: value of set cct: 0.000000
05-17 23:57:06.275  2444  3645 I sensors : send_request:296,  send_request suid high 48dd16bd suid low 2c177798
05-17 23:57:06.276  2444  3523 I sensors : handle_resp_cb:364, _fifo_resp not empty
05-17 23:57:06.276  2444  3523 I sensors : handle_resp_cb:377,  handle_resp_cb suid high 48dd16bd suid low 2c177798,_fifo_resp.begin() 4580e1e0
05-17 23:57:06.276  2444  3523 I sensors : handle_resp_cb:379, _fifo_resp still not empty
05-17 23:57:06.276  2444  3645 I libsensor-displayalgo: the value of channelCali C:404.020879,R:238.921201,G:150.958054,B:52.868880,scales C:1.017574,R:1.092311,G:1.010372,B:1.025091
05-17 23:57:06.276  2444  3645 E libsensor-displayalgo: value of coefs 5,850.303000,7.300256,-2.660090,1.550054,-8.640300, line 99
05-17 23:57:06.276  2444  3645 D libsensor-displayalgo: brightness:372.000000,R:241.292895,G:275.171537,B:404.629123,EVENT C:357.512146,R:187.506363,G:135.004578,B:52.501781, lux: 0.000000
05-17 23:57:06.276  2444  3645 I libsensor-displayalgo: ##### the value of lux: 0.000000, cct: 0.000000
05-17 23:57:06.276  2444  3645 I libsensor-ssccalapi: value of set_lux: 0.000000
05-17 23:57:06.276  2444  3645 I libsensor-ssccalapi: value of set cct: 0.000000
05-17 23:57:06.276  2444  3645 I sensors : send_request:296,  send_request suid high 48dd16bd suid low 2c177798
05-17 23:57:06.278  2444  3523 I sensors : handle_resp_cb:364, _fifo_resp not empty
05-17 23:57:06.278  2444  3523 I sensors : handle_resp_cb:377,  handle_resp_cb suid high 48dd16bd suid low 2c177798,_fifo_resp.begin() 4580e1e0
05-17 23:57:06.278  2444  3523 I sensors : handle_resp_cb:379, _fifo_resp still not empty
05-17 23:57:06.279  2444  3645 I libsensor-displayalgo: the value of channelCali C:404.020879,R:238.921201,G:150.958054,B:52.868880,scales C:1.017574,R:1.092311,G:1.010372,B:1.025091
05-17 23:57:06.279  2444  3645 E libsensor-displayalgo: value of coefs 5,850.303000,7.300256,-2.660090,1.550054,-8.640300, line 99
05-17 23:57:06.279  2444  3645 D libsensor-displayalgo: brightness:372.000000,R:241.292895,G:275.171537,B:404.629123,EVENT C:360.012238,R:190.006454,G:137.504669,B:52.501781, lux: 0.000000
05-17 23:57:06.279  2444  3645 I libsensor-displayalgo: ##### the value of lux: 0.000000, cct: 0.000000
05-17 23:57:06.279  2444  3645 I libsensor-ssccalapi: value of set_lux: 0.000000
05-17 23:57:06.279  2444  3645 I libsensor-ssccalapi: value of set cct: 0.000000
05-17 23:57:06.279  2444  3645 I sensors : send_request:296,  send_request suid high 48dd16bd suid low 2c177798
05-17 23:57:06.281  2444  3523 I sensors : handle_resp_cb:364, _fifo_resp not empty
05-17 23:57:06.281  2444  3523 I sensors : handle_resp_cb:377,  handle_resp_cb suid high 48dd16bd suid low 2c177798,_fifo_resp.begin() 4580e1e0
05-17 23:57:06.281  2444  3523 I sensors : handle_resp_cb:379, _fifo_resp still not empty
05-17 23:57:06.333  1657 10484 I MiStcImpl: Dispatching command: 35 SET_HISTOGRAM
05-17 23:57:06.365  9609  9858 D UidObserver: onUidIdle uid=10178 uidstate=100
05-17 23:57:06.371  2444  3645 I libsensor-displayalgo: the value of channelCali C:404.020879,R:238.921201,G:150.958054,B:52.868880,scales C:1.017574,R:1.092311,G:1.010372,B:1.025091
05-17 23:57:06.371  2444  3645 E libsensor-displayalgo: value of coefs 5,850.303000,7.300256,-2.660090,1.550054,-8.640300, line 99
05-17 23:57:06.371  2444  3645 D libsensor-displayalgo: brightness:372.000000,R:241.292895,G:275.171537,B:404.629123,EVENT C:362.512299,R:190.006454,G:137.504669,B:50.001698, lux: 0.000000
05-17 23:57:06.371  2444  3645 I libsensor-displayalgo: ##### the value of lux: 0.000000, cct: 0.000000
05-17 23:57:06.371  2444  3645 I libsensor-ssccalapi: value of set_lux: 0.000000
05-17 23:57:06.371  2444  3645 I libsensor-ssccalapi: value of set cct: 0.000000
05-17 23:57:06.371  2444  3645 I sensors : send_request:296,  send_request suid high 48dd16bd suid low 2c177798
05-17 23:57:06.372  2444  3523 I sensors : handle_resp_cb:364, _fifo_resp not empty
05-17 23:57:06.372  2444  3523 I sensors : handle_resp_cb:377,  handle_resp_cb suid high 48dd16bd suid low 2c177798,_fifo_resp.begin() 4580e1e0
05-17 23:57:06.372  2444  3523 I sensors : handle_resp_cb:379, _fifo_resp still not empty
05-17 23:57:06.373  2444  3645 I libsensor-displayalgo: the value of channelCali C:404.020879,R:238.921201,G:150.958054,B:52.868880,scales C:1.017574,R:1.092311,G:1.010372,B:1.025091
05-17 23:57:06.373  2444  3645 E libsensor-displayalgo: value of coefs 5,850.303000,7.300256,-2.660090,1.550054,-8.640300, line 99
05-17 23:57:06.373  2444  3645 D libsensor-displayalgo: brightness:372.000000,R:241.292895,G:275.171537,B:404.629123,EVENT C:355.012054,R:190.006454,G:135.004578,B:50.001698, lux: 0.000000
05-17 23:57:06.373  2444  3645 I libsensor-displayalgo: ##### the value of lux: 0.000000, cct: 0.000000
05-17 23:57:06.373  2444  3645 I libsensor-ssccalapi: value of set_lux: 0.000000
05-17 23:57:06.373  2444  3645 I libsensor-ssccalapi: value of set cct: 0.000000
05-17 23:57:06.373  2444  3645 I sensors : send_request:296,  send_request suid high 48dd16bd suid low 2c177798
05-17 23:57:06.374  2444  3523 I sensors : handle_resp_cb:364, _fifo_resp not empty
05-17 23:57:06.374  2444  3523 I sensors : handle_resp_cb:377,  handle_resp_cb suid high 48dd16bd suid low 2c177798,_fifo_resp.begin() 4580e1e0
05-17 23:57:06.374  2444  3523 I sensors : handle_resp_cb:379, _fifo_resp still not empty
05-17 23:57:06.471  2444  3645 I libsensor-displayalgo: the value of channelCali C:404.020879,R:238.921201,G:150.958054,B:52.868880,scales C:1.017574,R:1.092311,G:1.010372,B:1.025091
05-17 23:57:06.471  2444  3645 E libsensor-displayalgo: value of coefs 5,850.303000,7.300256,-2.660090,1.550054,-8.640300, line 99
05-17 23:57:06.471  2444  3645 D libsensor-displayalgo: brightness:372.000000,R:241.292895,G:275.171537,B:404.629123,EVENT C:360.012238,R:190.006454,G:135.004578,B:52.501781, lux: 0.000000
05-17 23:57:06.471  2444  3645 I libsensor-displayalgo: ##### the value of lux: 0.000000, cct: 0.000000
05-17 23:57:06.471  2444  3645 I libsensor-ssccalapi: value of set_lux: 0.000000
05-17 23:57:06.471  2444  3645 I libsensor-ssccalapi: value of set cct: 0.000000
05-17 23:57:06.471  2444  3645 I sensors : send_request:296,  send_request suid high 48dd16bd suid low 2c177798
05-17 23:57:06.472  2444  3523 I sensors : handle_resp_cb:364, _fifo_resp not empty
05-17 23:57:06.472  2444  3523 I sensors : handle_resp_cb:377,  handle_resp_cb suid high 48dd16bd suid low 2c177798,_fifo_resp.begin() 4580e1e0
05-17 23:57:06.472  2444  3523 I sensors : handle_resp_cb:379, _fifo_resp still not empty
05-17 23:57:06.473  2444  3645 I libsensor-displayalgo: the value of channelCali C:404.020879,R:238.921201,G:150.958054,B:52.868880,scales C:1.017574,R:1.092311,G:1.010372,B:1.025091
05-17 23:57:06.473  2444  3645 E libsensor-displayalgo: value of coefs 5,850.303000,7.300256,-2.660090,1.550054,-8.640300, line 99
05-17 23:57:06.473  2444  3645 D libsensor-displayalgo: brightness:372.000000,R:241.292895,G:275.171537,B:404.629123,EVENT C:360.012238,R:190.006454,G:140.004761,B:50.001698, lux: 0.000000
05-17 23:57:06.473  2444  3645 I libsensor-displayalgo: ##### the value of lux: 0.000000, cct: 0.000000
05-17 23:57:06.473  2444  3645 I libsensor-ssccalapi: value of set_lux: 0.000000
05-17 23:57:06.473  2444  3645 I libsensor-ssccalapi: value of set cct: 0.000000
05-17 23:57:06.473  2444  3645 I sensors : send_request:296,  send_request suid high 48dd16bd suid low 2c177798
05-17 23:57:06.473  2444  3523 I sensors : handle_resp_cb:364, _fifo_resp not empty
05-17 23:57:06.473  2444  3523 I sensors : handle_resp_cb:377,  handle_resp_cb suid high 48dd16bd suid low 2c177798,_fifo_resp.begin() 4580e1e0
05-17 23:57:06.473  2444  3523 I sensors : handle_resp_cb:379, _fifo_resp still not empty
05-17 23:57:06.474  2444  3645 I libsensor-displayalgo: the value of channelCali C:404.020879,R:238.921201,G:150.958054,B:52.868880,scales C:1.017574,R:1.092311,G:1.010372,B:1.025091
05-17 23:57:06.474  2444  3645 E libsensor-displayalgo: value of coefs 5,850.303000,7.300256,-2.660090,1.550054,-8.640300, line 99
05-17 23:57:06.474  2444  3645 D libsensor-displayalgo: brightness:372.000000,R:241.292895,G:275.171537,B:404.629123,EVENT C:360.012238,R:190.006454,G:140.004761,B:50.001698, lux: 0.000000
05-17 23:57:06.474  2444  3645 I libsensor-displayalgo: ##### the value of lux: 0.000000, cct: 0.000000
05-17 23:57:06.474  2444  3645 I libsensor-ssccalapi: value of set_lux: 0.000000
05-17 23:57:06.474  2444  3645 I libsensor-ssccalapi: value of set cct: 0.000000
05-17 23:57:06.474  2444  3645 I sensors : send_request:296,  send_request suid high 48dd16bd suid low 2c177798
05-17 23:57:06.475  2444  3523 I sensors : handle_resp_cb:364, _fifo_resp not empty
05-17 23:57:06.475  2444  3523 I sensors : handle_resp_cb:377,  handle_resp_cb suid high 48dd16bd suid low 2c177798,_fifo_resp.begin() 4580e1e0
05-17 23:57:06.475  2444  3523 I sensors : handle_resp_cb:379, _fifo_resp still not empty
05-17 23:57:06.476  2444  3645 I libsensor-displayalgo: the value of channelCali C:404.020879,R:238.921201,G:150.958054,B:52.868880,scales C:1.017574,R:1.092311,G:1.010372,B:1.025091
05-17 23:57:06.476  2444  3645 E libsensor-displayalgo: value of coefs 5,850.303000,7.300256,-2.660090,1.550054,-8.640300, line 99
05-17 23:57:06.476  2444  3645 D libsensor-displayalgo: brightness:372.000000,R:241.292895,G:275.171537,B:404.629123,EVENT C:355.012054,R:187.506363,G:135.004578,B:50.001698, lux: 0.000000
05-17 23:57:06.476  2444  3645 I libsensor-displayalgo: ##### the value of lux: 0.000000, cct: 0.000000
05-17 23:57:06.476  2444  3645 I libsensor-ssccalapi: value of set_lux: 0.000000
05-17 23:57:06.476  2444  3645 I libsensor-ssccalapi: value of set cct: 0.000000
05-17 23:57:06.476  2444  3645 I sensors : send_request:296,  send_request suid high 48dd16bd suid low 2c177798
05-17 23:57:06.477  2444  3523 I sensors : handle_resp_cb:364, _fifo_resp not empty
05-17 23:57:06.477  2444  3523 I sensors : handle_resp_cb:377,  handle_resp_cb suid high 48dd16bd suid low 2c177798,_fifo_resp.begin() 4580e1e0
05-17 23:57:06.477  2444  3523 I sensors : handle_resp_cb:379, _fifo_resp still not empty
05-17 23:57:06.516 14405 14405 I dex2oat64: dex2oat took 1.904s (7.853s cpu) (threads: 6) arena alloc=9635KB (9866976B) java alloc=1349KB (1382112B) native alloc=20MB (21995416B) free=1488KB (1523816B)
05-17 23:57:06.533 14185 14185 I artd    : dex2oat returned code 0
05-17 23:57:06.534  1657 10484 I MiStcImpl: Dispatching command: 35 SET_HISTOGRAM
05-17 23:57:06.542  2626  3123 I ArtService: Dexopt result: [packageName = com.decoutkhanqindev.dexreader] DexContainerFileDexoptResult{dexContainerFile=/data/app/~~2_mlpUm7vpJgaorjnNHw0A==/com.decoutkhanqindev.dexreader-m1-ImPtdYsV0Ff8U579f0g==/base.apk, primaryAbi=true, abi=arm64-v8a, actualCompilerFilter=speed-profile, status=PERFORMED, dex2oatWallTimeMillis=1960, dex2oatCpuTimeMillis=7900, sizeBytes=18229272, sizeBeforeBytes=8155144, extendedStatusFlags=[]}
05-17 23:57:06.571  2444  3645 I libsensor-displayalgo: the value of channelCali C:404.020879,R:238.921201,G:150.958054,B:52.868880,scales C:1.017574,R:1.092311,G:1.010372,B:1.025091
05-17 23:57:06.571  2444  3645 E libsensor-displayalgo: value of coefs 5,850.303000,7.300256,-2.660090,1.550054,-8.640300, line 99
05-17 23:57:06.571  2444  3645 D libsensor-displayalgo: brightness:372.000000,R:241.292895,G:275.171537,B:404.629123,EVENT C:362.512299,R:190.006454,G:135.004578,B:52.501781, lux: 0.000000
05-17 23:57:06.571  2444  3645 I libsensor-displayalgo: ##### the value of lux: 0.000000, cct: 0.000000
05-17 23:57:06.571  2444  3645 I libsensor-ssccalapi: value of set_lux: 0.000000
05-17 23:57:06.571  2444  3645 I libsensor-ssccalapi: value of set cct: 0.000000
05-17 23:57:06.571  2444  3645 I sensors : send_request:296,  send_request suid high 48dd16bd suid low 2c177798
05-17 23:57:06.573  6516 23910 I MediaProvider: Invalidating LocalCallingIdentity cache for package com.decoutkhanqindev.dexreader.baselineprofile. Reason: owned_database_row_deleted:/storage/emulated/0/Android/media/com.decoutkhanqindev.dexreader.baselineprofile/temporaryScript_518839396.sh
05-17 23:57:06.573  2444  3523 I sensors : handle_resp_cb:364, _fifo_resp not empty
05-17 23:57:06.573  2444  3523 I sensors : handle_resp_cb:377,  handle_resp_cb suid high 48dd16bd suid low 2c177798,_fifo_resp.begin() 4580e1e0
05-17 23:57:06.573  2444  3523 I sensors : handle_resp_cb:379, _fifo_resp still not empty
05-17 23:57:06.573  2444  3645 I libsensor-displayalgo: the value of channelCali C:404.020879,R:238.921201,G:150.958054,B:52.868880,scales C:1.017574,R:1.092311,G:1.010372,B:1.025091
05-17 23:57:06.573  2444  3645 E libsensor-displayalgo: value of coefs 5,850.303000,7.300256,-2.660090,1.550054,-8.640300, line 99
05-17 23:57:06.573  2444  3645 D libsensor-displayalgo: brightness:372.000000,R:241.292895,G:275.171537,B:404.629123,EVENT C:357.512146,R:187.506363,G:135.004578,B:52.501781, lux: 0.000000
05-17 23:57:06.574  2444  3645 I libsensor-displayalgo: ##### the value of lux: 0.000000, cct: 0.000000
05-17 23:57:06.574  2444  3645 I libsensor-ssccalapi: value of set_lux: 0.000000
05-17 23:57:06.574  2444  3645 I libsensor-ssccalapi: value of set cct: 0.000000
05-17 23:57:06.574  2444  3645 I sensors : send_request:296,  send_request suid high 48dd16bd suid low 2c177798
05-17 23:57:06.574  2444  3523 I sensors : handle_resp_cb:364, _fifo_resp not empty
05-17 23:57:06.574  6516 23910 I MediaProvider: Deleted 0 0 0 0 0 0 1 items on external_primary due to com.android.shell
05-17 23:57:06.574  2444  3523 I sensors : handle_resp_cb:377,  handle_resp_cb suid high 48dd16bd suid low 2c177798,_fifo_resp.begin() 4580e1e0
05-17 23:57:06.574  2444  3523 I sensors : handle_resp_cb:379, _fifo_resp still not empty
05-17 23:57:06.576  2444  3645 I libsensor-displayalgo: the value of channelCali C:404.020879,R:238.921201,G:150.958054,B:52.868880,scales C:1.017574,R:1.092311,G:1.010372,B:1.025091
05-17 23:57:06.576  2444  3645 E libsensor-displayalgo: value of coefs 5,850.303000,7.300256,-2.660090,1.550054,-8.640300, line 99
05-17 23:57:06.576  2444  3645 D libsensor-displayalgo: brightness:372.000000,R:241.292895,G:275.171537,B:404.629123,EVENT C:357.512146,R:190.006454,G:135.004578,B:50.001698, lux: 0.000000
05-17 23:57:06.576  2444  3645 I libsensor-displayalgo: ##### the value of lux: 0.000000, cct: 0.000000
05-17 23:57:06.576  2444  3645 I libsensor-ssccalapi: value of set_lux: 0.000000
05-17 23:57:06.576  2444  3645 I libsensor-ssccalapi: value of set cct: 0.000000
05-17 23:57:06.576  2444  3645 I sensors : send_request:296,  send_request suid high 48dd16bd suid low 2c177798
05-17 23:57:06.577  2444  3523 I sensors : handle_resp_cb:364, _fifo_resp not empty
05-17 23:57:06.577  2444  3523 I sensors : handle_resp_cb:377,  handle_resp_cb suid high 48dd16bd suid low 2c177798,_fifo_resp.begin() 4580e1e0
05-17 23:57:06.577  2444  3523 I sensors : handle_resp_cb:379, _fifo_resp still not empty
05-17 23:57:06.578  2444  3645 I libsensor-displayalgo: the value of channelCali C:404.020879,R:238.921201,G:150.958054,B:52.868880,scales C:1.017574,R:1.092311,G:1.010372,B:1.025091
05-17 23:57:06.578  2444  3645 E libsensor-displayalgo: value of coefs 5,850.303000,7.300256,-2.660090,1.550054,-8.640300, line 99
05-17 23:57:06.578  2444  3645 D libsensor-displayalgo: brightness:372.000000,R:241.292895,G:275.171537,B:404.629123,EVENT C:362.512299,R:190.006454,G:140.004761,B:50.001698, lux: 0.000000
05-17 23:57:06.578  2444  3645 I libsensor-displayalgo: ##### the value of lux: 0.000000, cct: 0.000000
05-17 23:57:06.578  2444  3645 I libsensor-ssccalapi: value of set_lux: 0.000000
05-17 23:57:06.578  2444  3645 I libsensor-ssccalapi: value of set cct: 0.000000
05-17 23:57:06.578   326   348 I System.out: startserver
05-17 23:57:06.578  2444  3645 I sensors : send_request:296,  send_request suid high 48dd16bd suid low 2c177798
05-17 23:57:06.580  2444  3523 I sensors : handle_resp_cb:364, _fifo_resp not empty
05-17 23:57:06.580  2444  3523 I sensors : handle_resp_cb:377,  handle_resp_cb suid high 48dd16bd suid low 2c177798,_fifo_resp.begin() 4580e1e0
05-17 23:57:06.581  2444  3523 I sensors : handle_resp_cb:379, _fifo_resp still not empty
05-17 23:57:06.581  2444  3645 I libsensor-displayalgo: the value of channelCali C:404.020879,R:238.921201,G:150.958054,B:52.868880,scales C:1.017574,R:1.092311,G:1.010372,B:1.025091
05-17 23:57:06.581  2444  3645 E libsensor-displayalgo: value of coefs 5,850.303000,7.300256,-2.660090,1.550054,-8.640300, line 99
05-17 23:57:06.581  2444  3645 D libsensor-displayalgo: brightness:372.000000,R:241.292895,G:275.171537,B:404.629123,EVENT C:350.011871,R:187.506363,G:135.004578,B:50.001698, lux: 0.000000
05-17 23:57:06.581  2444  3645 I libsensor-displayalgo: ##### the value of lux: 0.000000, cct: 0.000000
05-17 23:57:06.581  2444  3645 I libsensor-ssccalapi: value of set_lux: 0.000000
05-17 23:57:06.581  2444  3645 I libsensor-ssccalapi: value of set cct: 0.000000
05-17 23:57:06.581  2444  3645 I sensors : send_request:296,  send_request suid high 48dd16bd suid low 2c177798
05-17 23:57:06.583  2444  3523 I sensors : handle_resp_cb:364, _fifo_resp not empty
05-17 23:57:06.583  2444  3523 I sensors : handle_resp_cb:377,  handle_resp_cb suid high 48dd16bd suid low 2c177798,_fifo_resp.begin() 4580e1e0
05-17 23:57:06.583  2444  3523 I sensors : handle_resp_cb:379, _fifo_resp still not empty
05-17 23:57:06.588  6516 27155 W MediaProvider: isAppCloneUserPair for user 0: false
05-17 23:57:06.592 29591 29645 I UriTaskContentObserver: (REDACTED) Throttling content uri change event for %s
05-17 23:57:06.609   326   348 I System.out: Started, processId 14470
05-17 23:57:06.671  2444  3645 I libsensor-displayalgo: the value of channelCali C:404.020879,R:238.921201,G:150.958054,B:52.868880,scales C:1.017574,R:1.092311,G:1.010372,B:1.025091
05-17 23:57:06.671  2444  3645 E libsensor-displayalgo: value of coefs 5,850.303000,7.300256,-2.660090,1.550054,-8.640300, line 99
05-17 23:57:06.671  2444  3645 D libsensor-displayalgo: brightness:372.000000,R:241.292895,G:275.171537,B:404.629123,EVENT C:360.012238,R:192.506531,G:137.504669,B:50.001698, lux: 0.000000
05-17 23:57:06.671  2444  3645 I libsensor-displayalgo: ##### the value of lux: 0.000000, cct: 0.000000
05-17 23:57:06.671  2444  3645 I libsensor-ssccalapi: value of set_lux: 0.000000
05-17 23:57:06.671  2444  3645 I libsensor-ssccalapi: value of set cct: 0.000000
05-17 23:57:06.671  2444  3645 I sensors : send_request:296,  send_request suid high 48dd16bd suid low 2c177798
05-17 23:57:06.673  2444  3523 I sensors : handle_resp_cb:364, _fifo_resp not empty
05-17 23:57:06.673  2444  3523 I sensors : handle_resp_cb:377,  handle_resp_cb suid high 48dd16bd suid low 2c177798,_fifo_resp.begin() 4580e1e0
05-17 23:57:06.673  2444  3523 I sensors : handle_resp_cb:379, _fifo_resp still not empty
05-17 23:57:06.673  2444  3645 I libsensor-displayalgo: the value of channelCali C:404.020879,R:238.921201,G:150.958054,B:52.868880,scales C:1.017574,R:1.092311,G:1.010372,B:1.025091
05-17 23:57:06.673  2444  3645 E libsensor-displayalgo: value of coefs 5,850.303000,7.300256,-2.660090,1.550054,-8.640300, line 99
05-17 23:57:06.673  2444  3645 D libsensor-displayalgo: brightness:372.000000,R:241.292895,G:275.171537,B:404.629123,EVENT C:355.012054,R:187.506363,G:137.504669,B:52.501781, lux: 0.000000
05-17 23:57:06.673  2444  3645 I libsensor-displayalgo: ##### the value of lux: 0.000000, cct: 0.000000
05-17 23:57:06.673  2444  3645 I libsensor-ssccalapi: value of set_lux: 0.000000
05-17 23:57:06.673  2444  3645 I libsensor-ssccalapi: value of set cct: 0.000000
05-17 23:57:06.673  2444  3645 I sensors : send_request:296,  send_request suid high 48dd16bd suid low 2c177798
05-17 23:57:06.674  2444  3523 I sensors : handle_resp_cb:364, _fifo_resp not empty
05-17 23:57:06.674  2444  3523 I sensors : handle_resp_cb:377,  handle_resp_cb suid high 48dd16bd suid low 2c177798,_fifo_resp.begin() 4580e1e0
05-17 23:57:06.674  2444  3523 I sensors : handle_resp_cb:379, _fifo_resp still not empty
05-17 23:57:06.675  2444  3645 I libsensor-displayalgo: the value of channelCali C:404.020879,R:238.921201,G:150.958054,B:52.868880,scales C:1.017574,R:1.092311,G:1.010372,B:1.025091
05-17 23:57:06.675  2444  3645 E libsensor-displayalgo: value of coefs 5,850.303000,7.300256,-2.660090,1.550054,-8.640300, line 99
05-17 23:57:06.675  2444  3645 D libsensor-displayalgo: brightness:372.000000,R:241.292895,G:275.171537,B:404.629123,EVENT C:357.512146,R:187.506363,G:137.504669,B:50.001698, lux: 0.000000
05-17 23:57:06.675  2444  3645 I libsensor-displayalgo: ##### the value of lux: 0.000000, cct: 0.000000
05-17 23:57:06.675  2444  3645 I libsensor-ssccalapi: value of set_lux: 0.000000
05-17 23:57:06.675  2444  3645 I libsensor-ssccalapi: value of set cct: 0.000000
05-17 23:57:06.675  2444  3645 I sensors : send_request:296,  send_request suid high 48dd16bd suid low 2c177798
05-17 23:57:06.676  2444  3523 I sensors : handle_resp_cb:364, _fifo_resp not empty
05-17 23:57:06.677  2444  3523 I sensors : handle_resp_cb:377,  handle_resp_cb suid high 48dd16bd suid low 2c177798,_fifo_resp.begin() 4580e1e0
05-17 23:57:06.677  2444  3523 I sensors : handle_resp_cb:379, _fifo_resp still not empty
05-17 23:57:06.731 14470 14470 I perfetto:       http_server.cc:67 [HTTP] Starting HTTP server on 127.0.0.1:9001
05-17 23:57:06.731 14470 14470 I perfetto:       http_server.cc:78 [HTTP] Starting HTTP server on [::1]:9001
05-17 23:57:06.732 14470 14470 W perfetto:            httpd.cc:112 [HTTP] This server can be used by reloading https://ui.perfetto.dev and clicking on YES on the "Trace Processor native acceleration" dialog or through the Python API (see https://perfetto.dev/docs/analysis/trace-processor#python-api).
05-17 23:57:06.735  1657 10484 I MiStcImpl: Dispatching command: 35 SET_HISTOGRAM
05-17 23:57:06.739 14470 14470 I perfetto:      http_server.cc:120 [HTTP] New connection
05-17 23:57:06.740 14470 14470 I perfetto:      http_server.cc:271 [HTTP] GET /status [body=0B, origin=""]
05-17 23:57:06.741   326   348 D Benchmark: Perfetto trace processor shell server started (port=9001).
05-17 23:57:06.741   326   348 D UiDevice: Turning on screen.
05-17 23:57:06.771  2444  3645 I libsensor-displayalgo: the value of channelCali C:404.020879,R:238.921201,G:150.958054,B:52.868880,scales C:1.017574,R:1.092311,G:1.010372,B:1.025091
05-17 23:57:06.771  2444  3645 E libsensor-displayalgo: value of coefs 5,850.303000,7.300256,-2.660090,1.550054,-8.640300, line 99
05-17 23:57:06.771  2444  3645 D libsensor-displayalgo: brightness:372.000000,R:241.292895,G:275.171537,B:404.629123,EVENT C:360.012238,R:190.006454,G:137.504669,B:52.501781, lux: 0.000000
05-17 23:57:06.771  2444  3645 I libsensor-displayalgo: ##### the value of lux: 0.000000, cct: 0.000000
05-17 23:57:06.771  2444  3645 I libsensor-ssccalapi: value of set_lux: 0.000000
05-17 23:57:06.771  2444  3645 I libsensor-ssccalapi: value of set cct: 0.000000
05-17 23:57:06.771  2444  3645 I sensors : send_request:296,  send_request suid high 48dd16bd suid low 2c177798
05-17 23:57:06.772  2444  3523 I sensors : handle_resp_cb:364, _fifo_resp not empty
05-17 23:57:06.772  2444  3523 I sensors : handle_resp_cb:377,  handle_resp_cb suid high 48dd16bd suid low 2c177798,_fifo_resp.begin() 4580e1e0
05-17 23:57:06.772  2444  3523 I sensors : handle_resp_cb:379, _fifo_resp still not empty
05-17 23:57:06.773  2444  3645 I libsensor-displayalgo: the value of channelCali C:404.020879,R:238.921201,G:150.958054,B:52.868880,scales C:1.017574,R:1.092311,G:1.010372,B:1.025091
05-17 23:57:06.773  2444  3645 E libsensor-displayalgo: value of coefs 5,850.303000,7.300256,-2.660090,1.550054,-8.640300, line 99
05-17 23:57:06.773  2444  3645 D libsensor-displayalgo: brightness:372.000000,R:241.292895,G:275.171537,B:404.629123,EVENT C:350.011871,R:185.006287,G:132.504501,B:50.001698, lux: 0.000000
05-17 23:57:06.773  2444  3645 I libsensor-displayalgo: ##### the value of lux: 0.000000, cct: 0.000000
05-17 23:57:06.773  2444  3645 I libsensor-ssccalapi: value of set_lux: 0.000000
05-17 23:57:06.773  2444  3645 I libsensor-ssccalapi: value of set cct: 0.000000
05-17 23:57:06.773  2444  3645 I sensors : send_request:296,  send_request suid high 48dd16bd suid low 2c177798
05-17 23:57:06.773  2444  3523 I sensors : handle_resp_cb:364, _fifo_resp not empty
05-17 23:57:06.773  2444  3523 I sensors : handle_resp_cb:377,  handle_resp_cb suid high 48dd16bd suid low 2c177798,_fifo_resp.begin() 4580e1e0
05-17 23:57:06.773  2444  3523 I sensors : handle_resp_cb:379, _fifo_resp still not empty
05-17 23:57:06.775  2444  3645 I libsensor-displayalgo: the value of channelCali C:404.020879,R:238.921201,G:150.958054,B:52.868880,scales C:1.017574,R:1.092311,G:1.010372,B:1.025091
05-17 23:57:06.775  2444  3645 E libsensor-displayalgo: value of coefs 5,850.303000,7.300256,-2.660090,1.550054,-8.640300, line 99
05-17 23:57:06.775  2444  3645 D libsensor-displayalgo: brightness:372.000000,R:241.292895,G:275.171537,B:404.629123,EVENT C:362.512299,R:190.006454,G:137.504669,B:50.001698, lux: 0.000000
05-17 23:57:06.775  2444  3645 I libsensor-displayalgo: ##### the value of lux: 0.000000, cct: 0.000000
05-17 23:57:06.775  2444  3645 I libsensor-ssccalapi: value of set_lux: 0.000000
05-17 23:57:06.775  2444  3645 I libsensor-ssccalapi: value of set cct: 0.000000
05-17 23:57:06.775  2444  3645 I sensors : send_request:296,  send_request suid high 48dd16bd suid low 2c177798
05-17 23:57:06.776  2444  3523 I sensors : handle_resp_cb:364, _fifo_resp not empty
05-17 23:57:06.776  2444  3523 I sensors : handle_resp_cb:377,  handle_resp_cb suid high 48dd16bd suid low 2c177798,_fifo_resp.begin() 4580e1e0
05-17 23:57:06.776  2444  3523 I sensors : handle_resp_cb:379, _fifo_resp still not empty
05-17 23:57:06.777  2444  3645 I libsensor-displayalgo: the value of channelCali C:404.020879,R:238.921201,G:150.958054,B:52.868880,scales C:1.017574,R:1.092311,G:1.010372,B:1.025091
05-17 23:57:06.777  2444  3645 E libsensor-displayalgo: value of coefs 5,850.303000,7.300256,-2.660090,1.550054,-8.640300, line 99
05-17 23:57:06.777  2444  3645 D libsensor-displayalgo: brightness:372.000000,R:241.292895,G:275.171537,B:404.629123,EVENT C:355.012054,R:187.506363,G:135.004578,B:50.001698, lux: 0.000000
05-17 23:57:06.777  2444  3645 I libsensor-displayalgo: ##### the value of lux: 0.000000, cct: 0.000000
05-17 23:57:06.777  2444  3645 I libsensor-ssccalapi: value of set_lux: 0.000000
05-17 23:57:06.777  2444  3645 I libsensor-ssccalapi: value of set cct: 0.000000
05-17 23:57:06.777  2444  3645 I sensors : send_request:296,  send_request suid high 48dd16bd suid low 2c177798
05-17 23:57:06.777  2342 32372 I BatteryNotifier: noteStopVideo: the video refcount for uid(2000) clientName(com.android.shell) is 0.
05-17 23:57:06.778  2444  3523 I sensors : handle_resp_cb:364, _fifo_resp not empty
05-17 23:57:06.778  2444  3523 I sensors : handle_resp_cb:377,  handle_resp_cb suid high 48dd16bd suid low 2c177798,_fifo_resp.begin() 4580e1e0
05-17 23:57:06.778  2444  3523 I sensors : handle_resp_cb:379, _fifo_resp still not empty
05-17 23:57:06.779  2444  3645 I libsensor-displayalgo: the value of channelCali C:404.020879,R:238.921201,G:150.958054,B:52.868880,scales C:1.017574,R:1.092311,G:1.010372,B:1.025091
05-17 23:57:06.779  2444  3645 E libsensor-displayalgo: value of coefs 5,850.303000,7.300256,-2.660090,1.550054,-8.640300, line 99
05-17 23:57:06.779  2444  3645 D libsensor-displayalgo: brightness:372.000000,R:241.292895,G:275.171537,B:404.629123,EVENT C:355.012054,R:192.506531,G:135.004578,B:50.001698, lux: 0.000000
05-17 23:57:06.779  2444  3645 I libsensor-displayalgo: ##### the value of lux: 0.000000, cct: 0.000000
05-17 23:57:06.779  2444  3645 I libsensor-ssccalapi: value of set_lux: 0.000000
05-17 23:57:06.779  2444  3645 I libsensor-ssccalapi: value of set cct: 0.000000
05-17 23:57:06.779  2444  3645 I sensors : send_request:296,  send_request suid high 48dd16bd suid low 2c177798
05-17 23:57:06.780  2444  3523 I sensors : handle_resp_cb:364, _fifo_resp not empty
05-17 23:57:06.781  2444  3523 I sensors : handle_resp_cb:377,  handle_resp_cb suid high 48dd16bd suid low 2c177798,_fifo_resp.begin() 4580e1e0
05-17 23:57:06.781  2444  3523 I sensors : handle_resp_cb:379, _fifo_resp still not empty
05-17 23:57:06.815   326   348 D Benchmark: Starting activity with command: am start  -W "intent:#Intent;action=android.intent.action.MAIN;category=android.intent.category.LAUNCHER;launchFlags=0x10008000;package=com.decoutkhanqindev.dexreader;component=com.decoutkhanqindev.dexreader/.presentation.MainActivity;end"
05-17 23:57:06.820  6516 25201 W MediaProvider: isAppCloneUserPair for user 0: false
05-17 23:57:06.871  2444  3645 I libsensor-displayalgo: the value of channelCali C:404.020879,R:238.921201,G:150.958054,B:52.868880,scales C:1.017574,R:1.092311,G:1.010372,B:1.025091
05-17 23:57:06.871  2444  3645 E libsensor-displayalgo: value of coefs 5,850.303000,7.300256,-2.660090,1.550054,-8.640300, line 99
05-17 23:57:06.871  2444  3645 D libsensor-displayalgo: brightness:372.000000,R:241.292895,G:275.171537,B:404.629123,EVENT C:362.512299,R:190.006454,G:137.504669,B:50.001698, lux: 0.000000
05-17 23:57:06.871  2444  3645 I libsensor-displayalgo: ##### the value of lux: 0.000000, cct: 0.000000
05-17 23:57:06.871  2444  3645 I libsensor-ssccalapi: value of set_lux: 0.000000
05-17 23:57:06.871  2444  3645 I libsensor-ssccalapi: value of set cct: 0.000000
05-17 23:57:06.871  2444  3645 I sensors : send_request:296,  send_request suid high 48dd16bd suid low 2c177798
05-17 23:57:06.872  2444  3523 I sensors : handle_resp_cb:364, _fifo_resp not empty
05-17 23:57:06.872  2444  3523 I sensors : handle_resp_cb:377,  handle_resp_cb suid high 48dd16bd suid low 2c177798,_fifo_resp.begin() 4580e1e0
05-17 23:57:06.872  2444  3523 I sensors : handle_resp_cb:379, _fifo_resp still not empty
05-17 23:57:06.873  2444  3645 I libsensor-displayalgo: the value of channelCali C:404.020879,R:238.921201,G:150.958054,B:52.868880,scales C:1.017574,R:1.092311,G:1.010372,B:1.025091
05-17 23:57:06.873  2444  3645 E libsensor-displayalgo: value of coefs 5,850.303000,7.300256,-2.660090,1.550054,-8.640300, line 99
05-17 23:57:06.873  2444  3645 D libsensor-displayalgo: brightness:372.000000,R:241.292895,G:275.171537,B:404.629123,EVENT C:355.012054,R:187.506363,G:132.504501,B:50.001698, lux: 0.000000
05-17 23:57:06.873  2444  3645 I libsensor-displayalgo: ##### the value of lux: 0.000000, cct: 0.000000
05-17 23:57:06.873  2444  3645 I libsensor-ssccalapi: value of set_lux: 0.000000
05-17 23:57:06.873  2444  3645 I libsensor-ssccalapi: value of set cct: 0.000000
05-17 23:57:06.873  2444  3645 I sensors : send_request:296,  send_request suid high 48dd16bd suid low 2c177798
05-17 23:57:06.873  1697  1697 E vendor.qti.hardware.perf-hal-service: ExtendedPerfBoost: extended_perfboost_verification() 738: Ok, set boost params. hintid=4225 hinttype=1 prio=3, clientpid=2626 packagename=com.decoutkhanqindev.dexreader params=boost:1 cpu0:1958400 cpu4:2400000 cpumask:ff
05-17 23:57:06.873  2444  3523 I sensors : handle_resp_cb:364, _fifo_resp not empty
05-17 23:57:06.873  2444  3523 I sensors : handle_resp_cb:377,  handle_resp_cb suid high 48dd16bd suid low 2c177798,_fifo_resp.begin() 4580e1e0
05-17 23:57:06.873  2444  3523 I sensors : handle_resp_cb:379, _fifo_resp still not empty
05-17 23:57:06.874  2626  3123 D MiGgameTypeIdentificationImpl: checkIfGameBeSupported app:com.decoutkhanqindev.dexreader
05-17 23:57:06.874  2626  3123 D MiGgameTypeIdentificationImpl: checkIfGameBeSupported app:com.decoutkhanqindev.dexreader
05-17 23:57:06.874  1697  1778 E ANDR-PERF-LM: MetaMeter: handleAsync() 166: AdaptLaunch Invalid Async
05-17 23:57:06.875  2444  3645 I libsensor-displayalgo: the value of channelCali C:404.020879,R:238.921201,G:150.958054,B:52.868880,scales C:1.017574,R:1.092311,G:1.010372,B:1.025091
05-17 23:57:06.875  2626  3123 E ANDR-PERF-JNI: com_qualcomm_qtiperformance_native_perf_io_prefetch_start
05-17 23:57:06.875  2444  3645 E libsensor-displayalgo: value of coefs 5,850.303000,7.300256,-2.660090,1.550054,-8.640300, line 99
05-17 23:57:06.875  2444  3645 D libsensor-displayalgo: brightness:372.000000,R:241.292895,G:275.171537,B:404.629123,EVENT C:360.012238,R:192.506531,G:137.504669,B:52.501781, lux: 0.000000
05-17 23:57:06.875  2444  3645 I libsensor-displayalgo: ##### the value of lux: 0.000000, cct: 0.000000
05-17 23:57:06.875  2444  3645 I libsensor-ssccalapi: value of set_lux: 0.000000
05-17 23:57:06.875  2444  3645 I libsensor-ssccalapi: value of set cct: 0.000000
05-17 23:57:06.875  2444  3645 I sensors : send_request:296,  send_request suid high 48dd16bd suid low 2c177798
05-17 23:57:06.875  1697  1778 E ANDR-PERF-LM: MetaMeter: handleAsync() 166: AdaptLaunch Invalid Async
05-17 23:57:06.876  2444  3523 I sensors : handle_resp_cb:364, _fifo_resp not empty
05-17 23:57:06.877  2626  3123 D MiuiSplitInputMethodImpl: IME or device not support split ime
05-17 23:57:06.877  2444  3523 I sensors : handle_resp_cb:377,  handle_resp_cb suid high 48dd16bd suid low 2c177798,_fifo_resp.begin() 4580e1e0
05-17 23:57:06.877  2444  3523 I sensors : handle_resp_cb:379, _fifo_resp still not empty
05-17 23:57:06.877  1657  2058 I SDM     : HWEventsDRM::SetEventState: Setup vsync event for CRTC 104, Connector 57
05-17 23:57:06.877  1853  1951 D MI-SF   : [FpsStat] construct...
05-17 23:57:06.879  1676  6284 E ANDR-IOP: io prefetch is disabled
05-17 23:57:06.880  1697  1697 E vendor.qti.hardware.perf-hal-service: ExtendedPerfBoost: extended_perfboost_verification() 738: Ok, set boost params. hintid=4225 hinttype=1 prio=3, clientpid=2626 packagename=com.decoutkhanqindev.dexreader params=boost:1 cpu0:1958400 cpu4:2400000 cpumask:ff
05-17 23:57:06.881  1853  1951 D MI-SF   : [FpsStat] construct...
05-17 23:57:06.882  1853  1853 D MI-SF   : mIsSupportAutomodeForMaxFpsSetting is 0(0), getCurrentBrightness() = 1272(1350), mIsKeepAutoMode 0
05-17 23:57:06.882  1853  1853 D RefreshRateSelector: fixedMode_group: 0, isFindModeGroup 0
05-17 23:57:06.882  1853  1853 D RefreshRateSelector: find max refresh rate:120, mode Group:0
05-17 23:57:06.885  2626  3123 D ActivityTrigger: ActivityTrigger activityPauseTrigger
05-17 23:57:06.892 10748 10789 I GID     : PKG: com.miui.home IG ? false
05-17 23:57:06.892  2626  3877 I NetworkBoostStatusManager: onForegroundInfoChanged uid:10150, isColdStart:false
05-17 23:57:06.892  1853  1951 D MI-SF   : [FpsStat] construct...
05-17 23:57:06.892  2626  3877 I SLM-SRV-SLAToast: foreground uid:10150, isColdStart:false, isLinkTurboEnable:false
05-17 23:57:06.892  2626  3877 D NetworkSDKService: handleMultiAppsDualWifi isSet = false isEverOpened = false
05-17 23:57:06.893  4689 22556 D TaskStackChangeListeners: onTaskDescriptionChanged =  taskId = 3051
05-17 23:57:06.893  9609 10439 D DFS-AppUsageTracker: Fg changed, new=com.miui.home, but charging.
05-17 23:57:06.893  4660  4660 I FocusedNotifPromptContr: onTopActivityMayChanged: topActivity=com.decoutkhanqindev.dexreader
05-17 23:57:06.894  4660  4660 I FocusedNotifPromptContr: topActivityMayChanged: topActivity=com.decoutkhanqindev.dexreader
05-17 23:57:06.894  4660  4660 D KeyguardEditorHelper: onTopActivityMayChanged, topActivity=ComponentInfo{com.decoutkhanqindev.dexreader/com.decoutkhanqindev.dexreader.presentation.MainActivity}; mState=IDEL
05-17 23:57:06.894  4689  8529 D AppObserver: ForegroundInfo{mForegroundPackageName='com.miui.home', mForegroundUid=10150, mForegroundPid=4689, mLastForegroundPackageName='com.miui.home', mLastForegroundUid=10150, mLastForegroundPid=4689, mMultiWindowForegroundPackageName='com.miui.home', mMultiWindowForegroundUid=10150, mFlags=0}
05-17 23:57:06.895  9609 28650 D PerfEngineController: ForegroundInfo{mForegroundPackageName='com.miui.home', mForegroundUid=10150, mForegroundPid=4689, mLastForegroundPackageName='com.miui.home', mLastForegroundUid=10150, mLastForegroundPid=4689, mMultiWindowForegroundPackageName='com.miui.home', mMultiWindowForegroundUid=10150, mFlags=0}
05-17 23:57:06.895  7449  7519 D x1      : myUserId = 0	currentUserId0
05-17 23:57:06.895  1853  1853 D MI-SF   : [FpsStat] construct...
05-17 23:57:06.895  1853  1853 D MI-SF   : [FpsStat] construct...
05-17 23:57:06.895  1853  1853 D MI-SF   : [FpsStat] construct...
05-17 23:57:06.896  9609 10439 D DFS-AppUsageTracker: Fg changed, new=com.miui.home, but charging.
05-17 23:57:06.897  7449  7519 I ProcessMonitor: onForegroundInfoChanged: ForegroundInfo{mForegroundPackageName='com.miui.home', mForegroundUid=10150, mForegroundPid=4689, mLastForegroundPackageName='com.miui.home', mLastForegroundUid=10150, mLastForegroundPid=4689, mMultiWindowForegroundPackageName='com.miui.home', mMultiWindowForegroundUid=10150, mFlags=0}
05-17 23:57:06.898  7449  7519 I GameBoosterService: onForegroundInfoChanged: Cur=com.miui.home	 last=com.miui.home
05-17 23:57:06.898  7449  7519 D GameBoosterService: onGameStatusChange foreground:ForegroundInfo{mForegroundPackageName='com.miui.home', mForegroundUid=10150, mForegroundPid=4689, mLastForegroundPackageName='com.miui.home', mLastForegroundUid=10150, mLastForegroundPid=4689, mMultiWindowForegroundPackageName='com.miui.home', mMultiWindowForegroundUid=10150, mFlags=0}
05-17 23:57:06.899  4689  4689 D Launcher.Lifecycle: onPause:UserHandle{0},c5ba44a,true
05-17 23:57:06.899  4689  4689 D Launcher_UnlockAnimationStateMachine: onPause = IDLE
05-17 23:57:06.899  4689  4689 D Launcher_UnlockAnimationStateMachine: setState:PAUSE_WAIT
05-17 23:57:06.899  4689  4689 D MamlView: onPause
05-17 23:57:06.899  7449  7519 I VideoBoxUtils: isSupportVideoBox: true
05-17 23:57:06.899  7449  7519 I VideoToolBoxService: vtb is closed!!!
05-17 23:57:06.900  7449  7519 I BeautyService: onForegroundInfoChanged: Cur=com.miui.home	 last=com.miui.home
05-17 23:57:06.901  4689  4689 D MamlView: onPause
05-17 23:57:06.902  4689  4689 I Launcher.widget: onInvisible null
05-17 23:57:06.902 20260 20312 D LauncherOverlay: setActivityState:1
05-17 23:57:06.902  4689  4719 D RecentsModel: onTaskStackChangedBackground
05-17 23:57:06.902 20260 20260 I LauncherOverlayCallback: handleMessage WHAT_ACTIVITY_STATE_CHANGED what：1
05-17 23:57:06.902 20260 20260 D LauncherOverlay.Window: onPause
05-17 23:57:06.902  4689  4719 D EventBus: No subscribers registered for event class com.miui.home.recents.messages.RecentTasksChangedEvent
05-17 23:57:06.902 20260 20260 I LauncherOverlayCallback: handleMessage WHAT_LAUNCHER_STATE what：1
05-17 23:57:06.902 20260 20260 D LauncherOverlay.Window: launcherState 1
05-17 23:57:06.902  4689  4719 D EventBus: No subscribers registered for event class org.greenrobot.eventbus.NoSubscriberEvent
05-17 23:57:06.902 20260 20260 D LauncherOverlay.Window: resumedStateNow 1,resumedStateNew = 0
05-17 23:57:06.902 20260 20260 D LauncherOverlay.Window: launcherPause
05-17 23:57:06.902  4689  4719 D RecentsModel: onTaskStackChangedBackground
05-17 23:57:06.902  4689  4719 D EventBus: No subscribers registered for event class com.miui.home.recents.messages.RecentTasksChangedEvent
05-17 23:57:06.902  4689  4719 D EventBus: No subscribers registered for event class org.greenrobot.eventbus.NoSubscriberEvent
05-17 23:57:06.903  4689  5023 D RecentsModel: onTaskStackChangedBackground    MSG_TASK_STACK_CHANGE
05-17 23:57:06.903  4689  5023 D RecentsModel: preloadRecents
05-17 23:57:06.903  4689  5023 W RecentsModel: getRunningTask
05-17 23:57:06.904  4689  4689 I Launcher.widget: onInvisible null
05-17 23:57:06.905  1853  1951 D MI-SF   : [FpsStat] construct...
05-17 23:57:06.906  1657  3124 I vendor.qti.hardware.display.composer-service: FrameNotifyProcess Sensor: notify citsensorservice to trigger cwb
05-17 23:57:06.907  2444  2528 I libcitsensorservice@2.0-impl: msg_transfer
05-17 23:57:06.908  2444  3621 I libsensor-parseRGB: request dump start
05-17 23:57:06.908  2444  3621 D vendor.xiaomi.sensor.citsensorservice@2.0-service: handle id:11 wxh:1280x2712 uwxuh:1220x2712 size: 10416128 fd:16 fd_meta:17 flags:0x4000228 usage:0x33  format:0x3 layer_count: 1 reserved_size = 0
05-17 23:57:06.909  1657  2058 D SDM     : HWCSession::SetCWBOutputBuffer: CWB config passed by cwb_client : tappoint 1  CWB_ROI : (817.000000 7.000000 978.000000 128.000000)
05-17 23:57:06.909  1657  3652 D SDM     : HWCSession::ProcessRequests: Successfully configured CWB buffer.
05-17 23:57:06.912  1853  1853 D MI-SF   : [FpsStat] construct...
05-17 23:57:06.914  1853  1853 I BpBinder: onLastStrongRef automatically unlinking death recipients:
05-17 23:57:06.916  1515  1515 D Zygote  : Forked child process 14489
05-17 23:57:06.918  1657  3652 D SDM     : HWCSession::ProcessRequests: Pushing release fence in fenece wait queue.
05-17 23:57:06.918  1657  3652 D SDM     : HWCSession::ProcessRequests: Creating AsyncFenceWaits async thread.
05-17 23:57:06.918  1657  3652 D SDM     : HWCSession::ProcessRequests: Remove current CWB request from the pending request queue.
05-17 23:57:06.918  1657  3652 D SDM     : HWCSession::ProcessRequests: No pending cwb requests found in the queue.
05-17 23:57:06.919  1697  1778 E ANDR-PERF-LM: MetaMeter: handleAsync() 166: AdaptLaunch Invalid Async
05-17 23:57:06.919  4660  5001 E OpenGLRenderer: Unable to match the desired swap behavior.
05-17 23:57:06.921  4660  4929 D VRI[dexreader]: vri.reportNextDraw android.view.ViewRootImpl.performTraversals:4341 android.view.ViewRootImpl.doTraversal:2981 android.view.ViewRootImpl$TraversalRunnable.run:10293 android.view.Choreographer$CallbackRecord.run:1675 android.view.Choreographer$CallbackRecord.run:1684
05-17 23:57:06.922  4660  4929 D VRI[dexreader]: vri.Setup new sync=wmsSync-VRI[dexreader]#73
05-17 23:57:06.926 14489 14489 E Zygote  : process_name_ptr:14489 com.decoutkhanqindev.dexreader
05-17 23:57:06.926  1657  1804 D SDM     : HWDeviceDRM::SetupConcurrentWriteback: Tear down the Concurrent Writeback topology
05-17 23:57:06.926 14489 14489 E zygote64: Failed to parse /data/system/mfz.xml: Tinyxml2 error (3): Error=XML_ERROR_FILE_NOT_FOUND ErrorID=3 (0x3) Line number=0: filename=/data/system/mfz.xml
05-17 23:57:06.926 14489 14489 E zygote64: MemoryFreeze XMLFile not found
05-17 23:57:06.926 14489 14489 E zygote64: Failed to parse /product/etc/mfz.xml: Tinyxml2 error (3): Error=XML_ERROR_FILE_NOT_FOUND ErrorID=3 (0x3) Line number=0: filename=/product/etc/mfz.xml
05-17 23:57:06.926 14489 14489 E zygote64: MemoryFreeze XMLFile not found
05-17 23:57:06.932  4689  5023 W RecentsModel: getRunningTask   taskInfo=TaskInfo{userId=0 taskId=2 displayId=0 isRunning=true baseIntent=Intent { act=android.intent.action.MAIN cat=[android.intent.category.HOME] flg=0x10000100 cmp=com.miui.home/.launcher.Launcher } baseActivity=ComponentInfo{com.miui.home/com.miui.home.launcher.Launcher} topActivity=ComponentInfo{com.miui.home/com.miui.home.launcher.Launcher} origActivity=null realActivity=ComponentInfo{com.miui.home/com.miui.home.launcher.Launcher} numActivities=1 lastActiveTime=2251947979 supportsSplitScreenMultiWindow=true supportsMultiWindow=true resizeMode=2 isResizeable=true minWidth=-1 minHeight=-1 defaultMinSize=200 token=WCT{android.window.IWindowContainerToken$Stub$Proxy@c1ea324} topActivityType=2 pictureInPictureParams=null shouldDockBigOverlays=false launchIntoPipHostTaskId=-1 lastParentTaskIdBeforePip=-1 displayCutoutSafeInsets=null topActivityInfo=ActivityInfo{989e8d com.miui.home.launcher.Launcher} launchCookies=[] positionInParent=Point(0, 0) parentTaskId=-1 isFocused=true isVisible=true isVisibleRequested=true isSleeping=false topActivityInSizeCompat=false topActivityInMiuiSizeCompat=false topActivityEligibleForLetterboxEducation= false topActivityLetterboxed= false isFromDoubleTap= false topActivityLetterboxVerticalPosition= -1 topActivityLetterboxHorizontalPosition= -1 topActivityLetterboxWidth=-1 topActivityLetterboxHeight=-1 locusId=null displayAreaFeatureId=1 cameraCompatControlState=hidden mIsCastMode=false mTopActivityMediaSize=null mTopActivityRecordName=ActivityRecord{3bf25f5 u0 com.miui.home/.launcher.Launcher t2} mTopActivityOrientation=1 mTopActivityWindowIsNowVisible=false isTranslucent=false isEmbedded=false shouldBeVisible=true mBehindAppLockPkg=null mOriginatingUid=0}
05-17 23:57:06.932  1657  3665 D SDM     : HWCSession::NotifyCWBStatus: Notify the client about buffer status 0.
05-17 23:57:06.932  4689  5023 W RecentsModel: getTaskInfoIgnoreHomeAndFreeform   taskInfo=ComponentInfo{com.miui.home/com.miui.home.launcher.Launcher}
05-17 23:57:06.932  1657  3665 D SDM     : HWCSession::PerformFenceWaits: Remove current release fence from the pending fence wait queue.
05-17 23:57:06.932  1657  3665 D SDM     : HWCSession::PerformFenceWaits: CWB fence queue is empty. No pending release fence to wait on.
05-17 23:57:06.933  2384 31150 D BufferPoolAccessor2.0: bufferpool2 0xb4000074712e8c28 : 50(1419321 size) total buffers - 1(1771 size) used buffers - 1082/7399 (recycle/alloc) - 6328/7398 (fetch/transfer)
05-17 23:57:06.933  4660  4929 D VRI[dexreader]: vri.reportDrawFinished
05-17 23:57:06.933  1697  1778 W ANDR-PERF-LM: MetaMeter: handlePrimaryAsync() 118: AdaptLaunch MetaMeter. No MeterMgr Available to handle this Primary Async. !!!!
05-17 23:57:06.934  1697  1778 W ANDR-PERF-LM: MetaMeter: handlePrimaryAsync() 118: AdaptLaunch MetaMeter. No MeterMgr Available to handle this Primary Async. !!!!
05-17 23:57:06.934  2444  3622 D libsensor-parseRGB: the value of RGB [241.292895 275.171537 404.629123 826.406568 852.348474 950.370045 1038.863850 1063.493342 1149.277027 641.077067 669.887315 777.519102]
05-17 23:57:06.936  1657 10484 I MiStcImpl: Dispatching command: 35 SET_HISTOGRAM
05-17 23:57:06.937  1853  1853 W Layer   : gatherBufferInfo: Received unknown dataspace from gralloc
05-17 23:57:06.940 14489 14489 I indev.dexreader: Using CollectorTypeCMC GC.
05-17 23:57:06.942 11028 31147 D VideoCodecInfo: [0x652064237e656] output buffer PTS 921190623004 us, interverl is 3166 ms
05-17 23:57:06.943  4689  5023 E ActivityManagerWrapper: get all recent tasks force including 2
05-17 23:57:06.946  2342 32372 I BatteryNotifier: noteStartVideo: the video refcount for uid(2000) clientName(com.android.shell) is 0.
05-17 23:57:06.948  6891 11733 W SQLiteLog: (28) double-quoted string literal: "com.decoutkhanqindev.dexreader"
05-17 23:57:06.948 10888 10895 I adbd    : jdwp connection from 14489
05-17 23:57:06.950 14489 14489 D nativeloader: Load libframework-connectivity-tiramisu-jni.so using APEX ns com_android_tethering for caller /apex/com.android.tethering/javalib/framework-connectivity-t.jar: ok
05-17 23:57:06.952  4689  5023 E ActivityManagerWrapper: getRecentTasks: size=4
05-17 23:57:06.952  4689  5023 E ActivityManagerWrapper: getRecentTasks: mainTaskId=3051   userId=0   windowMode=1   baseIntent=Intent { act=android.intent.action.MAIN flag=268468224 cmp=ComponentInfo{com.decoutkhanqindev.dexreader/com.decoutkhanqindev.dexreader.presentation.MainActivity} }
05-17 23:57:06.952  4689  5023 E ActivityManagerWrapper: getRecentTasks: mainTaskId=3043   userId=0   windowMode=1   baseIntent=Intent { act=android.intent.action.MAIN flag=270532608 cmp=ComponentInfo{com.google.android.apps.docs/com.google.android.apps.docs.app.NewMainProxyActivity} }
05-17 23:57:06.953  4689  5023 E ActivityManagerWrapper: getRecentTasks: mainTaskId=3027   userId=0   windowMode=1   baseIntent=Intent { act=android.intent.action.MAIN flag=270532608 cmp=ComponentInfo{com.android.settings/com.android.settings.MainSettings} }
05-17 23:57:06.953  4689  5023 E ActivityManagerWrapper: getRecentTasks: mainTaskId=3026   userId=0   windowMode=1   baseIntent=Intent { act=android.settings.APPLICATION_DETAILS_SETTINGS flag=268468224 cmp=ComponentInfo{com.android.settings/com.android.settings.applications.InstalledAppDetails} }
05-17 23:57:06.959  1853  1951 D MI-SF   : [FpsStat] construct...
05-17 23:57:06.962 14489 14489 I MessageMonitor: Load libmiui_runtime
05-17 23:57:06.962  4689  4689 D Launcher.Lifecycle: onWindowFocusChanged:false,UserHandle{0},c5ba44a,true
05-17 23:57:06.962  1853  1951 D MI-SF   : updateScene: module = 268 (Animation), value = 1, pkg = perf_interaction, Vrr = 1
05-17 23:57:06.962  1853  1951 D MI-SF   : isIdleTimerSkip is 1,mSetIdleForceFlag = 0
05-17 23:57:06.962  1853  1951 D MI-SF   : updateScene mSetAnimationFlag status 1, vsync 120
05-17 23:57:06.963  4689  4689 D EditorStubImpl: Type = 2, RectF = RectF(450.0, 709.0, 570.0, 829.0), mInsertionHandleData = [HandleData{mIsShow=false, mPosition=RectF(450.0, 709.0, 570.0, 829.0)}]
05-17 23:57:06.964  1853  1951 D SurfaceFlinger:  setDesiredDisplayModeSpecs: setDesiredDisplayConfigSpecs:defaultMode 1
05-17 23:57:06.965  1853  3395 D MI-SF   : [FpsStat] construct...
05-17 23:57:06.970  1853  1853 D MI-SF   : [FpsStat] construct...
05-17 23:57:06.970  1853  1853 D MI-SF   : [FpsStat] construct...
05-17 23:57:06.970  4660  4808 D MiuiFreeFormManager:  isSplitRootTask taskId=3051
