05-17 23:55:45.557  9473  9473 D nativeloader: Load libframework-connectivity-tiramisu-jni.so using APEX ns com_android_tethering for caller /apex/com.android.tethering/javalib/framework-connectivity-t.jar: ok
05-17 23:55:45.563  9473  9473 I MessageMonitor: Load libmiui_runtime
05-17 23:55:45.568  2626  7919 D SymlinkUtils: attachApplication file op go pass: 0 ms
05-17 23:55:45.570  2626  7919 D CompatibilityInfo: mCompatibilityFlags - 4
05-17 23:55:45.570  2626  7919 D CompatibilityInfo: applicationDensity - 480
05-17 23:55:45.570  2626  7919 D CompatibilityInfo: applicationScale - 1.0
05-17 23:55:45.572  2444  3645 I libsensor-displayalgo: the value of channelCali C:371.714447,R:221.028393,G:134.331479,B:47.956911,scales C:1.017574,R:1.092311,G:1.010372,B:1.025091
05-17 23:55:45.572  2444  3645 E libsensor-displayalgo: value of coefs 5,850.303000,7.300256,-2.660090,1.550054,-8.640300, line 99
05-17 23:55:45.572  2444  3645 D libsensor-displayalgo: brightness:372.000000,R:165.759944,G:200.148703,B:332.895639,EVENT C:317.510773,R:162.505524,G:125.004242,B:45.001530, lux: 0.000000
05-17 23:55:45.572  2444  3645 I libsensor-displayalgo: ##### the value of lux: 0.000000, cct: 0.000000
05-17 23:55:45.572  2444  3645 I libsensor-ssccalapi: value of set_lux: 0.000000
05-17 23:55:45.572  2444  3645 I libsensor-ssccalapi: value of set cct: 0.000000
05-17 23:55:45.572  2444  3645 I sensors : send_request:296,  send_request suid high 48dd16bd suid low 2c177798
05-17 23:55:45.573  2444  3523 I sensors : handle_resp_cb:364, _fifo_resp not empty
05-17 23:55:45.574  2444  3523 I sensors : handle_resp_cb:377,  handle_resp_cb suid high 48dd16bd suid low 2c177798,_fifo_resp.begin() 4580e1e0
05-17 23:55:45.574  2444  3523 I sensors : handle_resp_cb:379, _fifo_resp still not empty
05-17 23:55:45.574  2444  3645 I libsensor-displayalgo: the value of channelCali C:371.714447,R:221.028393,G:134.331479,B:47.956911,scales C:1.017574,R:1.092311,G:1.010372,B:1.025091
05-17 23:55:45.574  2444  3645 E libsensor-displayalgo: value of coefs 5,850.303000,7.300256,-2.660090,1.550054,-8.640300, line 99
05-17 23:55:45.574  2444  3645 D libsensor-displayalgo: brightness:372.000000,R:165.759944,G:200.148703,B:332.895639,EVENT C:315.010681,R:162.505524,G:122.504158,B:45.001530, lux: 0.000000
05-17 23:55:45.574  2444  3645 I libsensor-displayalgo: ##### the value of lux: 0.000000, cct: 0.000000
05-17 23:55:45.574  2444  3645 I libsensor-ssccalapi: value of set_lux: 0.000000
05-17 23:55:45.574  2444  3645 I libsensor-ssccalapi: value of set cct: 0.000000
05-17 23:55:45.574  2444  3645 I sensors : send_request:296,  send_request suid high 48dd16bd suid low 2c177798
05-17 23:55:45.575  2444  3523 I sensors : handle_resp_cb:364, _fifo_resp not empty
05-17 23:55:45.575  2444  3523 I sensors : handle_resp_cb:377,  handle_resp_cb suid high 48dd16bd suid low 2c177798,_fifo_resp.begin() 4580e1e0
05-17 23:55:45.575  2444  3523 I sensors : handle_resp_cb:379, _fifo_resp still not empty
05-17 23:55:45.577  2626  3780 I MiuiNetworkPolicy: updateUidState uid = 10415, uidState = 11
05-17 23:55:45.580  9473  9473 D CompatibilityChangeReporter: Compat change id reported: 171979766; UID 10415; state: ENABLED
05-17 23:55:45.580  9473  9473 D CompatibilityChangeReporter: Compat change id reported: 242716250; UID 10415; state: ENABLED
05-17 23:55:45.600  9473  9473 D nativeloader: Configuring clns-4 for other apk /data/app/~~2_mlpUm7vpJgaorjnNHw0A==/com.decoutkhanqindev.dexreader-m1-ImPtdYsV0Ff8U579f0g==/base.apk. target_sdk_version=36, uses_libraries=, library_path=/data/app/~~2_mlpUm7vpJgaorjnNHw0A==/com.decoutkhanqindev.dexreader-m1-ImPtdYsV0Ff8U579f0g==/lib/arm64:/data/app/~~2_mlpUm7vpJgaorjnNHw0A==/com.decoutkhanqindev.dexreader-m1-ImPtdYsV0Ff8U579f0g==/base.apk!/lib/arm64-v8a, permitted_path=/data:/mnt/expand:/data/user/0/com.decoutkhanqindev.dexreader
05-17 23:55:45.608  9473  9473 D nativeloader: Load libframework-connectivity-jni.so using APEX ns com_android_tethering for caller /apex/com.android.tethering/javalib/framework-connectivity.jar: ok
05-17 23:55:45.609  9473  9473 I Perf    : Connecting to perf service.
05-17 23:55:45.613  9473  9473 V GraphicsEnvironment: Currently set values for:
05-17 23:55:45.613  9473  9473 V GraphicsEnvironment:   angle_gl_driver_selection_pkgs=[]
05-17 23:55:45.613  9473  9473 V GraphicsEnvironment:   angle_gl_driver_selection_values=[]
05-17 23:55:45.613  9473  9473 V GraphicsEnvironment: ANGLE GameManagerService for com.decoutkhanqindev.dexreader: false
05-17 23:55:45.613  9473  9473 V GraphicsEnvironment: com.decoutkhanqindev.dexreader is not listed in per-application setting
05-17 23:55:45.613  9473  9473 V GraphicsEnvironment: App is not on the allowlist for updatable production driver.
05-17 23:55:45.617  9473  9473 I ForceDarkHelperStubImpl: initialize for com.decoutkhanqindev.dexreader , ForceDarkOrigin
05-17 23:55:45.619  9473  9473 D nativeloader: Load libforcedarkimpl.so using system ns (caller=/system_ext/framework/miui-framework.jar): ok
05-17 23:55:45.619  9473  9473 D OpenGLRenderer: JNI_OnLoad success
05-17 23:55:45.620  9473  9473 I MiuiForceDarkConfig: setConfig density:3.000000, mainRule:0, secondaryRule:0, tertiaryRule:0
05-17 23:55:45.626  9473  9473 D CompatibilityChangeReporter: Compat change id reported: 183155436; UID 10415; state: ENABLED
05-17 23:55:45.629  9473  9473 I FirebaseApp: Device unlocked: initializing all Firebase APIs for app [DEFAULT]
05-17 23:55:45.632  9473  9473 I FirebaseInitProvider: FirebaseApp initialization successful
05-17 23:55:45.640  2626  7401 I ClipboardServiceI: checkProviderWakePathForClipboard: com.decoutkhanqindev.dexreaderis not a activePermissionOwner
05-17 23:55:45.643  1657  2058 I SDM     : HWEventsDRM::SetEventState: Setup vsync event for CRTC 104, Connector 57
05-17 23:55:45.645  9473  9526 W indev.dexreader: ClassLoaderContext classpath size mismatch. expected=1, found=0 (DLC[];PCL[base.apk*217194814]{PCL[/system/framework/org.apache.http.legacy.jar*2865211571]#PCL[/system/framework/com.android.location.provider.jar*3994156537]#PCL[/system/framework/com.android.media.remotedisplay.jar*2114713712]} | DLC[];PCL[])
05-17 23:55:45.648  9473  9526 I DynamiteModule: Considering local module com.google.android.gms.measurement.dynamite:185 and remote module com.google.android.gms.measurement.dynamite:191
05-17 23:55:45.648  9473  9526 I DynamiteModule: Selected remote version of com.google.android.gms.measurement.dynamite, version >= 191
05-17 23:55:45.648  9473  9526 V DynamiteModule: Dynamite loader version >= 2, using loadModule2NoCrashUtils
05-17 23:55:45.651  9473  9473 D ProfileInstaller:
05-17 23:55:45.651  2626  2644 I ActivityManager: Broadcast completed: result=14
05-17 23:55:45.653  2626  3780 I MiuiNetworkPolicy: updateUidState uid = 10415, uidState = 19
05-17 23:55:45.658  9473  9526 W System  : ClassLoader referenced unknown path:
05-17 23:55:45.659  9473  9526 D nativeloader: Configuring clns-5 for other apk . target_sdk_version=37, uses_libraries=, library_path=/data/app/~~yWD3JApKUgAuI-3psyatCw==/com.google.android.gms-tWhXQCPi9BmOgyfukWLsag==/lib/arm64:/data/app/~~yWD3JApKUgAuI-3psyatCw==/com.google.android.gms-tWhXQCPi9BmOgyfukWLsag==/base.apk!/lib/arm64-v8a, permitted_path=/data:/mnt/expand:/data/user/0/com.google.android.gms
05-17 23:55:45.667  9473  9526 W indev.dexreader: ClassLoaderContext classpath element checksum mismatch. expected=217194814, found=1835327172 (DLC[];PCL[base.apk*217194814]{PCL[/system/framework/org.apache.http.legacy.jar*2865211571]#PCL[/system/framework/com.android.location.provider.jar*3994156537]#PCL[/system/framework/com.android.media.remotedisplay.jar*2114713712]} | DLC[];PCL[/data/app/~~2_mlpUm7vpJgaorjnNHw0A==/com.decoutkhanqindev.dexreader-m1-ImPtdYsV0Ff8U579f0g==/base.apk*1835327172])
05-17 23:55:45.671  2444  3645 I libsensor-displayalgo: the value of channelCali C:371.714447,R:221.028393,G:134.331479,B:47.956911,scales C:1.017574,R:1.092311,G:1.010372,B:1.025091
05-17 23:55:45.671  2444  3645 E libsensor-displayalgo: value of coefs 5,850.303000,7.300256,-2.660090,1.550054,-8.640300, line 99
05-17 23:55:45.671  2444  3645 D libsensor-displayalgo: brightness:372.000000,R:165.759944,G:200.148703,B:332.895639,EVENT C:310.010529,R:160.005432,G:120.004074,B:45.001530, lux: 0.000000
05-17 23:55:45.671  2444  3645 I libsensor-displayalgo: ##### the value of lux: 0.000000, cct: 0.000000
05-17 23:55:45.671  2444  3645 I libsensor-ssccalapi: value of set_lux: 0.000000
05-17 23:55:45.671  2444  3645 I libsensor-ssccalapi: value of set cct: 0.000000
05-17 23:55:45.671  2444  3645 I sensors : send_request:296,  send_request suid high 48dd16bd suid low 2c177798
05-17 23:55:45.673  2444  3523 I sensors : handle_resp_cb:364, _fifo_resp not empty
05-17 23:55:45.673  2444  3523 I sensors : handle_resp_cb:377,  handle_resp_cb suid high 48dd16bd suid low 2c177798,_fifo_resp.begin() 4580e1e0
05-17 23:55:45.673  2444  3523 I sensors : handle_resp_cb:379, _fifo_resp still not empty
05-17 23:55:45.673  2444  3645 I libsensor-displayalgo: the value of channelCali C:371.714447,R:221.028393,G:134.331479,B:47.956911,scales C:1.017574,R:1.092311,G:1.010372,B:1.025091
05-17 23:55:45.674  2444  3645 E libsensor-displayalgo: value of coefs 5,850.303000,7.300256,-2.660090,1.550054,-8.640300, line 99
05-17 23:55:45.674  2444  3645 D libsensor-displayalgo: brightness:372.000000,R:165.759944,G:200.148703,B:332.895639,EVENT C:315.010681,R:165.005600,G:120.004074,B:45.001530, lux: 0.000000
05-17 23:55:45.674  2444  3645 I libsensor-displayalgo: ##### the value of lux: 0.000000, cct: 0.000000
05-17 23:55:45.674  2444  3645 I libsensor-ssccalapi: value of set_lux: 0.000000
05-17 23:55:45.674  2444  3645 I libsensor-ssccalapi: value of set cct: 0.000000
05-17 23:55:45.674  2444  3645 I sensors : send_request:296,  send_request suid high 48dd16bd suid low 2c177798
05-17 23:55:45.674  2444  3523 I sensors : handle_resp_cb:364, _fifo_resp not empty
05-17 23:55:45.674  2444  3523 I sensors : handle_resp_cb:377,  handle_resp_cb suid high 48dd16bd suid low 2c177798,_fifo_resp.begin() 4580e1e0
05-17 23:55:45.674  2444  3523 I sensors : handle_resp_cb:379, _fifo_resp still not empty
05-17 23:55:45.676  2444  3645 I libsensor-displayalgo: the value of channelCali C:371.714447,R:221.028393,G:134.331479,B:47.956911,scales C:1.017574,R:1.092311,G:1.010372,B:1.025091
05-17 23:55:45.676  2444  3645 E libsensor-displayalgo: value of coefs 5,850.303000,7.300256,-2.660090,1.550054,-8.640300, line 99
05-17 23:55:45.676  2444  3645 D libsensor-displayalgo: brightness:372.000000,R:165.759944,G:200.148703,B:332.895639,EVENT C:312.510620,R:160.005432,G:120.004074,B:45.001530, lux: 0.000000
05-17 23:55:45.676  2444  3645 I libsensor-displayalgo: ##### the value of lux: 0.000000, cct: 0.000000
05-17 23:55:45.676  2444  3645 I libsensor-ssccalapi: value of set_lux: 0.000000
05-17 23:55:45.676  2444  3645 I libsensor-ssccalapi: value of set cct: 0.000000
05-17 23:55:45.676  2444  3645 I sensors : send_request:296,  send_request suid high 48dd16bd suid low 2c177798
05-17 23:55:45.677  2444  3523 I sensors : handle_resp_cb:364, _fifo_resp not empty
05-17 23:55:45.677  2444  3523 I sensors : handle_resp_cb:377,  handle_resp_cb suid high 48dd16bd suid low 2c177798,_fifo_resp.begin() 4580e1e0
05-17 23:55:45.677  2444  3523 I sensors : handle_resp_cb:379, _fifo_resp still not empty
05-17 23:55:45.678  2444  3645 I libsensor-displayalgo: the value of channelCali C:371.714447,R:221.028393,G:134.331479,B:47.956911,scales C:1.017574,R:1.092311,G:1.010372,B:1.025091
05-17 23:55:45.678  2444  3645 E libsensor-displayalgo: value of coefs 5,850.303000,7.300256,-2.660090,1.550054,-8.640300, line 99
05-17 23:55:45.678  2444  3645 D libsensor-displayalgo: brightness:372.000000,R:165.759944,G:200.148703,B:332.895639,EVENT C:320.010864,R:165.005600,G:122.504158,B:45.001530, lux: 0.000000
05-17 23:55:45.678  2444  3645 I libsensor-displayalgo: ##### the value of lux: 0.000000, cct: 0.000000
05-17 23:55:45.678  2444  3645 I libsensor-ssccalapi: value of set_lux: 0.000000
05-17 23:55:45.678  2444  3645 I libsensor-ssccalapi: value of set cct: 0.000000
05-17 23:55:45.678  2444  3645 I sensors : send_request:296,  send_request suid high 48dd16bd suid low 2c177798
05-17 23:55:45.678  2444  3523 I sensors : handle_resp_cb:364, _fifo_resp not empty
05-17 23:55:45.678  2444  3523 I sensors : handle_resp_cb:377,  handle_resp_cb suid high 48dd16bd suid low 2c177798,_fifo_resp.begin() 4580e1e0
05-17 23:55:45.678  2444  3523 I sensors : handle_resp_cb:379, _fifo_resp still not empty
05-17 23:55:45.699 29591 13805 I PhenotypeResourceReader: unable to find any Phenotype resource metadata for com.decoutkhanqindev.dexreader
05-17 23:55:45.706  9473  9544 E indev.dexreader: No package ID 6a found for resource ID 0x6a0b0013.
05-17 23:55:45.707  9473  9544 I FA      : App measurement initialized, version: 167000
05-17 23:55:45.707  9473  9544 I FA      : To enable debug logging run: adb shell setprop log.tag.FA VERBOSE
05-17 23:55:45.707  9473  9544 I FA      : To enable faster debug mode event logging run:
05-17 23:55:45.707  9473  9544 I FA      :   adb shell setprop debug.firebase.analytics.app com.decoutkhanqindev.dexreader
05-17 23:55:45.717  2626  7919 I ClipboardServiceI: checkProviderWakePathForClipboard: com.decoutkhanqindev.dexreaderis not a activePermissionOwner
05-17 23:55:45.723   326   348 D Benchmark: Force-stopping process com.decoutkhanqindev.dexreader
05-17 23:55:45.728  6516 23910 W MediaProvider: isAppCloneUserPair for user 0: false
05-17 23:55:45.729  1657 10484 I MiStcImpl: Dispatching command: 35 SET_HISTOGRAM
05-17 23:55:45.771  2444  3645 I libsensor-displayalgo: the value of channelCali C:371.714447,R:221.028393,G:134.331479,B:47.956911,scales C:1.017574,R:1.092311,G:1.010372,B:1.025091
05-17 23:55:45.771  2444  3645 E libsensor-displayalgo: value of coefs 5,850.303000,7.300256,-2.660090,1.550054,-8.640300, line 99
05-17 23:55:45.771  2444  3645 D libsensor-displayalgo: brightness:372.000000,R:165.759944,G:200.148703,B:332.895639,EVENT C:310.010529,R:162.505524,G:120.004074,B:47.501614, lux: 0.000000
05-17 23:55:45.771  2444  3645 I libsensor-displayalgo: ##### the value of lux: 0.000000, cct: 0.000000
05-17 23:55:45.771  2444  3645 I libsensor-ssccalapi: value of set_lux: 0.000000
05-17 23:55:45.771  2444  3645 I libsensor-ssccalapi: value of set cct: 0.000000
05-17 23:55:45.771  2444  3645 I sensors : send_request:296,  send_request suid high 48dd16bd suid low 2c177798
05-17 23:55:45.772  2626  2779 I NetworkBoostStatusManager: onUidGone uid: 10415
05-17 23:55:45.773  2444  3523 I sensors : handle_resp_cb:364, _fifo_resp not empty
05-17 23:55:45.773  2444  3523 I sensors : handle_resp_cb:377,  handle_resp_cb suid high 48dd16bd suid low 2c177798,_fifo_resp.begin() 4580e1e0
05-17 23:55:45.773  2444  3523 I sensors : handle_resp_cb:379, _fifo_resp still not empty
05-17 23:55:45.773  2444  3645 I libsensor-displayalgo: the value of channelCali C:371.714447,R:221.028393,G:134.331479,B:47.956911,scales C:1.017574,R:1.092311,G:1.010372,B:1.025091
05-17 23:55:45.773  2444  3645 E libsensor-displayalgo: value of coefs 5,850.303000,7.300256,-2.660090,1.550054,-8.640300, line 99
05-17 23:55:45.773  2444  3645 D libsensor-displayalgo: brightness:372.000000,R:165.759944,G:200.148703,B:332.895639,EVENT C:315.010681,R:167.505692,G:120.004074,B:45.001530, lux: 0.000000
05-17 23:55:45.773  2444  3645 I libsensor-displayalgo: ##### the value of lux: 0.000000, cct: 0.000000
05-17 23:55:45.773  2444  3645 I libsensor-ssccalapi: value of set_lux: 0.000000
05-17 23:55:45.773  2444  3645 I libsensor-ssccalapi: value of set cct: 0.000000
05-17 23:55:45.773  2626  3780 I MiuiNetworkPolicy: removeUidState uid = 10415
05-17 23:55:45.773  2444  3645 I sensors : send_request:296,  send_request suid high 48dd16bd suid low 2c177798
05-17 23:55:45.774  2444  3523 I sensors : handle_resp_cb:364, _fifo_resp not empty
05-17 23:55:45.774  2444  3523 I sensors : handle_resp_cb:377,  handle_resp_cb suid high 48dd16bd suid low 2c177798,_fifo_resp.begin() 4580e1e0
05-17 23:55:45.774  2444  3523 I sensors : handle_resp_cb:379, _fifo_resp still not empty
05-17 23:55:45.776  2444  3645 I libsensor-displayalgo: the value of channelCali C:371.714447,R:221.028393,G:134.331479,B:47.956911,scales C:1.017574,R:1.092311,G:1.010372,B:1.025091
05-17 23:55:45.776  2444  3645 E libsensor-displayalgo: value of coefs 5,850.303000,7.300256,-2.660090,1.550054,-8.640300, line 99
05-17 23:55:45.776  2444  3645 D libsensor-displayalgo: brightness:372.000000,R:165.759944,G:200.148703,B:332.895639,EVENT C:317.510773,R:160.005432,G:120.004074,B:45.001530, lux: 0.000000
05-17 23:55:45.776  2444  3645 I libsensor-displayalgo: ##### the value of lux: 0.000000, cct: 0.000000
05-17 23:55:45.776  2444  3645 I libsensor-ssccalapi: value of set_lux: 0.000000
05-17 23:55:45.776  2444  3645 I libsensor-ssccalapi: value of set cct: 0.000000
05-17 23:55:45.776  2444  3645 I sensors : send_request:296,  send_request suid high 48dd16bd suid low 2c177798
05-17 23:55:45.776  4413 10491 I IPCThreadState: oneway function results for code 3 on binder at 0xb400007658f69720 will be dropped but finished with status UNKNOWN_TRANSACTION
05-17 23:55:45.777  7324 25335 I IPCThreadState: oneway function results for code 3 on binder at 0xb400007663658360 will be dropped but finished with status UNKNOWN_TRANSACTION
05-17 23:55:45.774  9609  9981 D UidObserver: onUidGone entry uid = 10415
05-17 23:55:45.777  2444  3523 I sensors : handle_resp_cb:364, _fifo_resp not empty
05-17 23:55:45.777  2444  3523 I sensors : handle_resp_cb:377,  handle_resp_cb suid high 48dd16bd suid low 2c177798,_fifo_resp.begin() 4580e1e0
05-17 23:55:45.777  2444  3523 I sensors : handle_resp_cb:379, _fifo_resp still not empty
05-17 23:55:45.789  4655  4655 D CarrierSvcBindHelper: onHandleForceStop: [com.decoutkhanqindev.dexreader]
05-17 23:55:45.790  4655  5102 D EuiccConnector: handleMessage: E msg.what=1
05-17 23:55:45.790  4655  5102 D EuiccConnector: processMsg: ConnectedState
05-17 23:55:45.790  4655  5102 D EuiccConnector: processMsg: DisconnectedState
05-17 23:55:45.791  4655  4655 D CarrierSvcBindHelper: No carrier app for: 0
05-17 23:55:45.792  4655  4655 D CarrierSvcBindHelper: No carrier app for: 1
05-17 23:55:45.792  4655  5102 D EuiccConnector: handleMessage: X
05-17 23:55:45.793 10888 10888 I adbd    : Remote process closed the socket (on MSG_PEEK)
05-17 23:55:45.793  1515  1515 I Zygote  : Process 9473 exited due to signal 9 (Killed)
05-17 23:55:45.796  6695  6695 D RegisteredServicesCache: Intent action: android.intent.action.PACKAGE_RESTARTED
05-17 23:55:45.807  6695  6695 D RegisteredServicesCache: Adding service: ComponentInfo{com.google.android.gms/com.google.android.gms.tapandpay.hce.service.TpHceService} AIDs: [325041592E5359532E4444463031]
05-17 23:55:45.807  6695  6695 D RegisteredServicesCache: Adding service: ComponentInfo{com.google.android.gms/com.google.android.gms.nearby.mediums.nearfieldcommunication.NfcAdvertisingService} AIDs: [F00000FE2C]
05-17 23:55:45.807  6695  6695 D RegisteredServicesCache: Adding service: ComponentInfo{com.google.android.gms/com.google.android.gms.pay.hce.service.PayHceService} AIDs: []
05-17 23:55:45.807  6695  6695 D RegisteredServicesCache: Adding service: ComponentInfo{com.google.android.gms/com.google.android.gms.dck.service.DckNfcApduService} AIDs: [A000000809434343444B467631]
05-17 23:55:45.807  6695  6695 D RegisteredServicesCache: Adding service: ComponentInfo{com.google.android.gms/com.google.android.gms.fido.fido2.ui.hybrid.NfcEmulationService} AIDs: [A000000476B00003]
05-17 23:55:45.807  6695  6695 D RegisteredServicesCache: Adding service: ComponentInfo{com.android.nfc/com.android.nfc.cardemulation.SIMWalletDummyService} AIDs: [BBBBBBBBBBBBBBBBBBBBBBBBBBBBBBBB]
05-17 23:55:45.807  6695  6695 D CardEmulationManager: Current default: ComponentInfo{com.android.nfc/com.android.nfc.cardemulation.SIMWalletDummyService} for user:0
05-17 23:55:45.807  6695  6695 D RegisteredAidCache: onServicesUpdated
05-17 23:55:45.809  6695  6695 D RegisteredAidCache: generateServiceMap component: ComponentInfo{com.google.android.gms/com.google.android.gms.tapandpay.hce.service.TpHceService}
05-17 23:55:45.809  6695  6695 D RegisteredAidCache: generateServiceMap component: ComponentInfo{com.google.android.gms/com.google.android.gms.nearby.mediums.nearfieldcommunication.NfcAdvertisingService}
05-17 23:55:45.809  6695  6695 D RegisteredAidCache: generateServiceMap component: ComponentInfo{com.google.android.gms/com.google.android.gms.pay.hce.service.PayHceService}
05-17 23:55:45.810  6695  6695 D RegisteredAidCache: generateServiceMap component: ComponentInfo{com.google.android.gms/com.google.android.gms.dck.service.DckNfcApduService}
05-17 23:55:45.810  6695  6695 D RegisteredAidCache: generateServiceMap component: ComponentInfo{com.google.android.gms/com.google.android.gms.fido.fido2.ui.hybrid.NfcEmulationService}
05-17 23:55:45.810  6695  6695 D RegisteredAidCache: generateServiceMap component: ComponentInfo{com.android.nfc/com.android.nfc.cardemulation.SIMWalletDummyService}
05-17 23:55:45.810  6695  6695 D RegisteredAidCache: generateAidCacheLocked: starting with aid 4F53452E5641532E3031
05-17 23:55:45.810  6695  6695 D RegisteredAidCache: Exact AID, resolving.
05-17 23:55:45.810  6695  6695 D RegisteredAidCache: resolveAidLocked: DECISION: making single handling service ComponentInfo{com.google.android.gms/com.google.android.gms.pay.hce.service.PayHceService} default.
05-17 23:55:45.810  6695  6695 D RegisteredAidCache: AIDs: [4F53452E5641532E3031] were resolved.
05-17 23:55:45.810  6695  6695 D RegisteredAidCache: generateAidCacheLocked: starting with aid A00000047643276C1FDE7A39B9C05716
05-17 23:55:45.810  6695  6695 D RegisteredAidCache: Exact AID, resolving.
05-17 23:55:45.810  6695  6695 D RegisteredAidCache: resolveAidLocked: (Ignoring handling service ComponentInfo{com.google.android.gms/com.google.android.gms.tapandpay.hce.service.TpHceService} because it's not the payment default.)
05-17 23:55:45.810  6695  6695 D RegisteredAidCache: resolveAidLocked: DECISION: routing to all matching services
05-17 23:55:45.810  6695  6695 D RegisteredAidCache: AIDs: [A00000047643276C1FDE7A39B9C05716] were resolved.
05-17 23:55:45.810  6695  6695 D RegisteredAidCache: generateAidCacheLocked: starting with aid A000000476B00003
05-17 23:55:45.810  6695  6695 D RegisteredAidCache: Exact AID, resolving.
05-17 23:55:45.810  6695  6695 D RegisteredAidCache: resolveAidLocked: DECISION: making single handling service ComponentInfo{com.google.android.gms/com.google.android.gms.fido.fido2.ui.hybrid.NfcEmulationService} default.
05-17 23:55:45.810  6695  6695 D RegisteredAidCache: AIDs: [A000000476B00003] were resolved.
05-17 23:55:45.810  6695  6695 D RegisteredAidCache: generateAidCacheLocked: starting with aid A000000476D0000111
05-17 23:55:45.810  6695  6695 D RegisteredAidCache: Exact AID, resolving.
05-17 23:55:45.810  6695  6695 D RegisteredAidCache: resolveAidLocked: DECISION: making single handling service ComponentInfo{com.google.android.gms/com.google.android.gms.pay.hce.service.PayHceService} default.
05-17 23:55:45.810  6695  6695 D RegisteredAidCache: AIDs: [A000000476D0000111] were resolved.
05-17 23:55:45.810  6695  6695 D RegisteredAidCache: generateAidCacheLocked: starting with aid A000000809434343444B467631
05-17 23:55:45.810  6695  6695 D RegisteredAidCache: Exact AID, resolving.
05-17 23:55:45.810  6695  6695 D RegisteredAidCache: resolveAidLocked: DECISION: making single handling service ComponentInfo{com.google.android.gms/com.google.android.gms.dck.service.DckNfcApduService} default.
05-17 23:55:45.810  6695  6695 D RegisteredAidCache: AIDs: [A000000809434343444B467631] were resolved.
05-17 23:55:45.810  6695  6695 D RegisteredAidCache: generateAidCacheLocked: starting with aid A000000940BCB000
05-17 23:55:45.810  6695  6695 D RegisteredAidCache: Exact AID, resolving.
05-17 23:55:45.810  6695  6695 D RegisteredAidCache: resolveAidLocked: (Ignoring handling service ComponentInfo{com.google.android.gms/com.google.android.gms.tapandpay.hce.service.TpHceService} because it's not the payment default.)
05-17 23:55:45.810  6695  6695 D RegisteredAidCache: resolveAidLocked: DECISION: routing to all matching services
05-17 23:55:45.810  6695  6695 D RegisteredAidCache: AIDs: [A000000940BCB000] were resolved.
05-17 23:55:45.810  6695  6695 D RegisteredAidCache: generateAidCacheLocked: starting with aid BBBBBBBBBBBBBBBBBBBBBBBBBBBBBBBB
05-17 23:55:45.810  6695  6695 D RegisteredAidCache: Exact AID, resolving.
05-17 23:55:45.810  6695  6695 D RegisteredAidCache: resolveAidLocked: DECISION: routing to payment default default ApduService: ComponentInfo{com.android.nfc/com.android.nfc.cardemulation.SIMWalletDummyService}, UID: 1027, description: SIM Wallet, Static AID Groups: Category: payment, AIDs:BBBBBBBBBBBBBBBBBBBBBBBBBBBBBBBB, , Dynamic AID Groups:
05-17 23:55:45.810  6695  6695 D RegisteredAidCache: AIDs: [BBBBBBBBBBBBBBBBBBBBBBBBBBBBBBBB] were resolved.
05-17 23:55:45.810  6695  6695 D RegisteredAidCache: generateAidCacheLocked: starting with aid F00000FE2C
05-17 23:55:45.810  6695  6695 D RegisteredAidCache: Exact AID, resolving.
05-17 23:55:45.811  6695  6695 D RegisteredAidCache: resolveAidLocked: DECISION: making single handling service ComponentInfo{com.google.android.gms/com.google.android.gms.nearby.mediums.nearfieldcommunication.NfcAdvertisingService} default.
05-17 23:55:45.811  6695  6695 D RegisteredAidCache: AIDs: [F00000FE2C] were resolved.
05-17 23:55:45.811  6695  6695 D RegisteredAidCache: Exact or Prefix AID.F00000FE2C
05-17 23:55:45.811  6695  6695 D RegisteredAidCache: AIDs: [F00000FE2C] were resolved.
05-17 23:55:45.811  6695  6695 D RegisteredAidCache: Exact or Prefix AID.BBBBBBBBBBBBBBBBBBBBBBBBBBBBBBBB
05-17 23:55:45.811  6695  6695 D RegisteredAidCache: AIDs: [BBBBBBBBBBBBBBBBBBBBBBBBBBBBBBBB] were resolved.
05-17 23:55:45.811  6695  6695 D RegisteredAidCache: Exact or Prefix AID.A000000940BCB000
05-17 23:55:45.811  6695  6695 D RegisteredAidCache: AIDs: [A000000940BCB000] were resolved.
05-17 23:55:45.811  6695  6695 D RegisteredAidCache: Exact or Prefix AID.A000000809434343444B467631
05-17 23:55:45.811  6695  6695 D RegisteredAidCache: AIDs: [A000000809434343444B467631] were resolved.
05-17 23:55:45.811  6695  6695 D RegisteredAidCache: Exact or Prefix AID.A000000476D0000111
05-17 23:55:45.811  6695  6695 D RegisteredAidCache: AIDs: [A000000476D0000111] were resolved.
05-17 23:55:45.811  6695  6695 D RegisteredAidCache: Exact or Prefix AID.A000000476B00003
05-17 23:55:45.811  6695  6695 D RegisteredAidCache: AIDs: [A000000476B00003] were resolved.
05-17 23:55:45.811  6695  6695 D RegisteredAidCache: Exact or Prefix AID.A00000047643276C1FDE7A39B9C05716
05-17 23:55:45.811  6695  6695 D RegisteredAidCache: AIDs: [A00000047643276C1FDE7A39B9C05716] were resolved.
05-17 23:55:45.811  6695  6695 D RegisteredAidCache: Exact or Prefix AID.4F53452E5641532E3031
05-17 23:55:45.811  6695  6695 D RegisteredAidCache: AIDs: [4F53452E5641532E3031] were resolved.
05-17 23:55:45.811  6695  6695 I RegisteredAidCache: updateRoutingLocked(false): Enter
05-17 23:55:45.811  6695  6695 D RegisteredAidCache: Not updating routing table because NFC is off.
05-17 23:55:45.811  6695  6695 D RegisteredServicesCache: ApduService: ComponentInfo{com.google.android.gms/com.google.android.gms.tapandpay.hce.service.TpHceService}, UID: 10146, description: Google Pay, Static AID Groups: Category: payment, AIDs:325041592E5359532E4444463031, , Dynamic AID Groups: Category: payment, AIDs:A00000047643276C1FDE7A39B9C05716, A000000940BCB000,
05-17 23:55:45.811  6695  6695 D RegisteredServicesCache: ApduService: ComponentInfo{com.google.android.gms/com.google.android.gms.nearby.mediums.nearfieldcommunication.NfcAdvertisingService}, UID: 10146, description: Nearby, Static AID Groups: Category: other, AIDs:F00000FE2C, , Dynamic AID Groups:
05-17 23:55:45.811  6695  6695 D RegisteredServicesCache: ApduService: ComponentInfo{com.google.android.gms/com.google.android.gms.pay.hce.service.PayHceService}, UID: 10146, description: Google Wallet, Static AID Groups: , Dynamic AID Groups: Category: other, AIDs:4F53452E5641532E3031, A000000476D0000111,
05-17 23:55:45.811  6695  6695 D RegisteredServicesCache: ApduService: ComponentInfo{com.google.android.gms/com.google.android.gms.dck.service.DckNfcApduService}, UID: 10146, description: Android Digital Car Key (System Service), Static AID Groups: Category: other, AIDs:A000000809434343444B467631, , Dynamic AID Groups:
05-17 23:55:45.811  6695  6695 D RegisteredServicesCache: ApduService: ComponentInfo{com.google.android.gms/com.google.android.gms.fido.fido2.ui.hybrid.NfcEmulationService}, UID: 10146, description: Fido NFC Emulation Service, Static AID Groups: Category: other, AIDs:A000000476B00003, , Dynamic AID Groups:
05-17 23:55:45.811  6695  6695 D RegisteredServicesCache: ApduService: ComponentInfo{com.android.nfc/com.android.nfc.cardemulation.SIMWalletDummyService}, UID: 1027, description: SIM Wallet, Static AID Groups: Category: payment, AIDs:BBBBBBBBBBBBBBBBBBBBBBBBBBBBBBBB, , Dynamic AID Groups:
05-17 23:55:45.813  6695  6695 D RegisteredNfcFServicesCache: Service unchanged, not updating
05-17 23:55:45.814  4617 17171 D SecureElementService: getReaders() for com.android.nfc
05-17 23:55:45.816  6516 27239 I MediaProvider: Invalidating LocalCallingIdentity cache for package com.decoutkhanqindev.dexreader.baselineprofile. Reason: owned_database_row_deleted:/storage/emulated/0/Android/media/com.decoutkhanqindev.dexreader.baselineprofile/temporaryScript_5056999.sh
05-17 23:55:45.817  4617 17171 I SecureElement-Terminal-SIM2: isNfcEventAllowed: No access rules for checking.
05-17 23:55:45.821  6516 27239 I MediaProvider: Deleted 0 0 0 0 0 0 1 items on external_primary due to com.android.shell
05-17 23:55:45.822 29591 29645 I UriTaskContentObserver: (REDACTED) Throttling content uri change event for %s
05-17 23:55:45.833  2626  3780 I MiuiNetworkPolicy: updateUidState uid = 10283, uidState = 15
05-17 23:55:45.871  2444  3645 I libsensor-displayalgo: the value of channelCali C:371.714447,R:221.028393,G:134.331479,B:47.956911,scales C:1.017574,R:1.092311,G:1.010372,B:1.025091
05-17 23:55:45.872  2444  3645 E libsensor-displayalgo: value of coefs 5,850.303000,7.300256,-2.660090,1.550054,-8.640300, line 99
05-17 23:55:45.872  2444  3645 D libsensor-displayalgo: brightness:372.000000,R:165.759944,G:200.148703,B:332.895639,EVENT C:310.010529,R:162.505524,G:117.503990,B:45.001530, lux: 0.000000
05-17 23:55:45.872  2444  3645 I libsensor-displayalgo: ##### the value of lux: 0.000000, cct: 0.000000
05-17 23:55:45.872  2444  3645 I libsensor-ssccalapi: value of set_lux: 0.000000
05-17 23:55:45.872  2444  3645 I libsensor-ssccalapi: value of set cct: 0.000000
05-17 23:55:45.872  2444  3645 I sensors : send_request:296,  send_request suid high 48dd16bd suid low 2c177798
05-17 23:55:45.873  2444  3523 I sensors : handle_resp_cb:364, _fifo_resp not empty
05-17 23:55:45.873  2444  3523 I sensors : handle_resp_cb:377,  handle_resp_cb suid high 48dd16bd suid low 2c177798,_fifo_resp.begin() 4580e1e0
05-17 23:55:45.873  2444  3523 I sensors : handle_resp_cb:379, _fifo_resp still not empty
05-17 23:55:45.873  2444  3645 I libsensor-displayalgo: the value of channelCali C:371.714447,R:221.028393,G:134.331479,B:47.956911,scales C:1.017574,R:1.092311,G:1.010372,B:1.025091
05-17 23:55:45.873  2444  3645 E libsensor-displayalgo: value of coefs 5,850.303000,7.300256,-2.660090,1.550054,-8.640300, line 99
05-17 23:55:45.874  2444  3645 D libsensor-displayalgo: brightness:372.000000,R:165.759944,G:200.148703,B:332.895639,EVENT C:317.510773,R:167.505692,G:122.504158,B:47.501614, lux: 0.000000
05-17 23:55:45.874  2444  3645 I libsensor-displayalgo: ##### the value of lux: 0.000000, cct: 0.000000
05-17 23:55:45.874  2444  3645 I libsensor-ssccalapi: value of set_lux: 0.000000
05-17 23:55:45.874  2444  3645 I libsensor-ssccalapi: value of set cct: 0.000000
05-17 23:55:45.874  2444  3645 I sensors : send_request:296,  send_request suid high 48dd16bd suid low 2c177798
05-17 23:55:45.874  2444  3523 I sensors : handle_resp_cb:364, _fifo_resp not empty
05-17 23:55:45.874  2444  3523 I sensors : handle_resp_cb:377,  handle_resp_cb suid high 48dd16bd suid low 2c177798,_fifo_resp.begin() 4580e1e0
05-17 23:55:45.874  2444  3523 I sensors : handle_resp_cb:379, _fifo_resp still not empty
05-17 23:55:45.875  2444  3645 I libsensor-displayalgo: the value of channelCali C:371.714447,R:221.028393,G:134.331479,B:47.956911,scales C:1.017574,R:1.092311,G:1.010372,B:1.025091
05-17 23:55:45.876  2444  3645 E libsensor-displayalgo: value of coefs 5,850.303000,7.300256,-2.660090,1.550054,-8.640300, line 99
05-17 23:55:45.876  2444  3645 D libsensor-displayalgo: brightness:372.000000,R:165.759944,G:200.148703,B:332.895639,EVENT C:307.510437,R:157.505341,G:117.503990,B:42.501442, lux: 0.000000
05-17 23:55:45.876  2444  3645 I libsensor-displayalgo: ##### the value of lux: 0.000000, cct: 0.000000
05-17 23:55:45.876  2444  3645 I libsensor-ssccalapi: value of set_lux: 0.000000
05-17 23:55:45.876  2444  3645 I libsensor-ssccalapi: value of set cct: 0.000000
05-17 23:55:45.876  2444  3645 I sensors : send_request:296,  send_request suid high 48dd16bd suid low 2c177798
05-17 23:55:45.876  2444  3523 I sensors : handle_resp_cb:364, _fifo_resp not empty
05-17 23:55:45.876  2444  3523 I sensors : handle_resp_cb:377,  handle_resp_cb suid high 48dd16bd suid low 2c177798,_fifo_resp.begin() 4580e1e0
05-17 23:55:45.876  2444  3523 I sensors : handle_resp_cb:379, _fifo_resp still not empty
05-17 23:55:45.877  2444  3645 I libsensor-displayalgo: the value of channelCali C:371.714447,R:221.028393,G:134.331479,B:47.956911,scales C:1.017574,R:1.092311,G:1.010372,B:1.025091
05-17 23:55:45.877  2444  3645 E libsensor-displayalgo: value of coefs 5,850.303000,7.300256,-2.660090,1.550054,-8.640300, line 99
05-17 23:55:45.877  2444  3645 D libsensor-displayalgo: brightness:372.000000,R:165.759944,G:200.148703,B:332.895639,EVENT C:317.510773,R:162.505524,G:125.004242,B:45.001530, lux: 0.000000
05-17 23:55:45.877  2444  3645 I libsensor-displayalgo: ##### the value of lux: 0.000000, cct: 0.000000
05-17 23:55:45.877  2444  3645 I libsensor-ssccalapi: value of set_lux: 0.000000
05-17 23:55:45.877  2444  3645 I libsensor-ssccalapi: value of set cct: 0.000000
05-17 23:55:45.877  2444  3645 I sensors : send_request:296,  send_request suid high 48dd16bd suid low 2c177798
05-17 23:55:45.878  2444  3523 I sensors : handle_resp_cb:364, _fifo_resp not empty
05-17 23:55:45.878  2444  3523 I sensors : handle_resp_cb:377,  handle_resp_cb suid high 48dd16bd suid low 2c177798,_fifo_resp.begin() 4580e1e0
05-17 23:55:45.878  2444  3523 I sensors : handle_resp_cb:379, _fifo_resp still not empty
05-17 23:55:45.879  2444  3645 I libsensor-displayalgo: the value of channelCali C:371.714447,R:221.028393,G:134.331479,B:47.956911,scales C:1.017574,R:1.092311,G:1.010372,B:1.025091
05-17 23:55:45.879  2444  3645 E libsensor-displayalgo: value of coefs 5,850.303000,7.300256,-2.660090,1.550054,-8.640300, line 99
05-17 23:55:45.879  2444  3645 D libsensor-displayalgo: brightness:372.000000,R:165.759944,G:200.148703,B:332.895639,EVENT C:312.510620,R:160.005432,G:122.504158,B:45.001530, lux: 0.000000
05-17 23:55:45.879  2444  3645 I libsensor-displayalgo: ##### the value of lux: 0.000000, cct: 0.000000
05-17 23:55:45.879  2444  3645 I libsensor-ssccalapi: value of set_lux: 0.000000
05-17 23:55:45.879  2444  3645 I libsensor-ssccalapi: value of set cct: 0.000000
05-17 23:55:45.879  2444  3645 I sensors : send_request:296,  send_request suid high 48dd16bd suid low 2c177798
05-17 23:55:45.880  2444  3523 I sensors : handle_resp_cb:364, _fifo_resp not empty
05-17 23:55:45.880  2444  3523 I sensors : handle_resp_cb:377,  handle_resp_cb suid high 48dd16bd suid low 2c177798,_fifo_resp.begin() 4580e1e0
05-17 23:55:45.880  2444  3523 I sensors : handle_resp_cb:379, _fifo_resp still not empty
05-17 23:55:45.896  6516 25001 W MediaProvider: isAppCloneUserPair for user 0: false
05-17 23:55:45.931  1657 10484 I MiStcImpl: Dispatching command: 35 SET_HISTOGRAM
05-17 23:55:45.950  6516 23910 I MediaProvider: Invalidating LocalCallingIdentity cache for package com.decoutkhanqindev.dexreader.baselineprofile. Reason: owned_database_row_deleted:/storage/emulated/0/Android/media/com.decoutkhanqindev.dexreader.baselineprofile/temporaryScript_958155625.sh
05-17 23:55:45.951  6516 23910 I MediaProvider: Deleted 0 0 0 0 0 0 1 items on external_primary due to com.android.shell
05-17 23:55:45.956 29591 29645 I UriTaskContentObserver: (REDACTED) Throttling content uri change event for %s
05-17 23:55:45.959   326   337 W System  : A resource failed to call close.
05-17 23:55:45.959   326   337 W System  : A resource failed to call close.
05-17 23:55:45.971  2444  3645 I libsensor-displayalgo: the value of channelCali C:371.714447,R:221.028393,G:134.331479,B:47.956911,scales C:1.017574,R:1.092311,G:1.010372,B:1.025091
05-17 23:55:45.971  2444  3645 E libsensor-displayalgo: value of coefs 5,850.303000,7.300256,-2.660090,1.550054,-8.640300, line 99
05-17 23:55:45.971  2444  3645 D libsensor-displayalgo: brightness:372.000000,R:165.759944,G:200.148703,B:332.895639,EVENT C:312.510620,R:165.005600,G:120.004074,B:45.001530, lux: 0.000000
05-17 23:55:45.971  2444  3645 I libsensor-displayalgo: ##### the value of lux: 0.000000, cct: 0.000000
05-17 23:55:45.971  2444  3645 I libsensor-ssccalapi: value of set_lux: 0.000000
05-17 23:55:45.971  2444  3645 I libsensor-ssccalapi: value of set cct: 0.000000
05-17 23:55:45.971  2444  3645 I sensors : send_request:296,  send_request suid high 48dd16bd suid low 2c177798
05-17 23:55:45.972  2444  3523 I sensors : handle_resp_cb:364, _fifo_resp not empty
05-17 23:55:45.972  2444  3523 I sensors : handle_resp_cb:377,  handle_resp_cb suid high 48dd16bd suid low 2c177798,_fifo_resp.begin() 4580e1e0
05-17 23:55:45.972  2444  3523 I sensors : handle_resp_cb:379, _fifo_resp still not empty
05-17 23:55:45.972  2444  3645 I libsensor-displayalgo: the value of channelCali C:371.714447,R:221.028393,G:134.331479,B:47.956911,scales C:1.017574,R:1.092311,G:1.010372,B:1.025091
05-17 23:55:45.972  2444  3645 E libsensor-displayalgo: value of coefs 5,850.303000,7.300256,-2.660090,1.550054,-8.640300, line 99
05-17 23:55:45.972  2444  3645 D libsensor-displayalgo: brightness:372.000000,R:165.759944,G:200.148703,B:332.895639,EVENT C:317.510773,R:165.005600,G:122.504158,B:47.501614, lux: 0.000000
05-17 23:55:45.972  2444  3645 I libsensor-displayalgo: ##### the value of lux: 0.000000, cct: 0.000000
05-17 23:55:45.972  2444  3645 I libsensor-ssccalapi: value of set_lux: 0.000000
05-17 23:55:45.972  2444  3645 I libsensor-ssccalapi: value of set cct: 0.000000
05-17 23:55:45.972  2444  3645 I sensors : send_request:296,  send_request suid high 48dd16bd suid low 2c177798
05-17 23:55:45.973  2444  3523 I sensors : handle_resp_cb:364, _fifo_resp not empty
05-17 23:55:45.973  2444  3523 I sensors : handle_resp_cb:377,  handle_resp_cb suid high 48dd16bd suid low 2c177798,_fifo_resp.begin() 4580e1e0
05-17 23:55:45.973  2444  3523 I sensors : handle_resp_cb:379, _fifo_resp still not empty
05-17 23:55:45.973  2444  3645 I libsensor-displayalgo: the value of channelCali C:371.714447,R:221.028393,G:134.331479,B:47.956911,scales C:1.017574,R:1.092311,G:1.010372,B:1.025091
05-17 23:55:45.974  2444  3645 E libsensor-displayalgo: value of coefs 5,850.303000,7.300256,-2.660090,1.550054,-8.640300, line 99
05-17 23:55:45.974  2444  3645 D libsensor-displayalgo: brightness:372.000000,R:165.759944,G:200.148703,B:332.895639,EVENT C:307.510437,R:160.005432,G:120.004074,B:45.001530, lux: 0.000000
05-17 23:55:45.974  2444  3645 I libsensor-displayalgo: ##### the value of lux: 0.000000, cct: 0.000000
05-17 23:55:45.974  2444  3645 I libsensor-ssccalapi: value of set_lux: 0.000000
05-17 23:55:45.974  2444  3645 I libsensor-ssccalapi: value of set cct: 0.000000
05-17 23:55:45.974  2444  3645 I sensors : send_request:296,  send_request suid high 48dd16bd suid low 2c177798
05-17 23:55:45.974  2444  3523 I sensors : handle_resp_cb:364, _fifo_resp not empty
05-17 23:55:45.974  2444  3523 I sensors : handle_resp_cb:377,  handle_resp_cb suid high 48dd16bd suid low 2c177798,_fifo_resp.begin() 4580e1e0
05-17 23:55:45.974  2444  3523 I sensors : handle_resp_cb:379, _fifo_resp still not empty
05-17 23:55:46.014  6516 27239 W MediaProvider: isAppCloneUserPair for user 0: false
05-17 23:55:46.071  2444  3645 I libsensor-displayalgo: the value of channelCali C:371.714447,R:221.028393,G:134.331479,B:47.956911,scales C:1.017574,R:1.092311,G:1.010372,B:1.025091
05-17 23:55:46.071  2444  3645 E libsensor-displayalgo: value of coefs 5,850.303000,7.300256,-2.660090,1.550054,-8.640300, line 99
05-17 23:55:46.071  2444  3645 D libsensor-displayalgo: brightness:372.000000,R:165.759944,G:200.148703,B:332.895639,EVENT C:317.510773,R:162.505524,G:122.504158,B:45.001530, lux: 0.000000
05-17 23:55:46.071  2444  3645 I libsensor-displayalgo: ##### the value of lux: 0.000000, cct: 0.000000
05-17 23:55:46.071  2444  3645 I libsensor-ssccalapi: value of set_lux: 0.000000
05-17 23:55:46.071  2444  3645 I libsensor-ssccalapi: value of set cct: 0.000000
05-17 23:55:46.071  2444  3645 I sensors : send_request:296,  send_request suid high 48dd16bd suid low 2c177798
05-17 23:55:46.073  2444  3523 I sensors : handle_resp_cb:364, _fifo_resp not empty
05-17 23:55:46.073  2444  3523 I sensors : handle_resp_cb:377,  handle_resp_cb suid high 48dd16bd suid low 2c177798,_fifo_resp.begin() 4580e1e0
05-17 23:55:46.073  2444  3523 I sensors : handle_resp_cb:379, _fifo_resp still not empty
05-17 23:55:46.073  2444  3645 I libsensor-displayalgo: the value of channelCali C:371.714447,R:221.028393,G:134.331479,B:47.956911,scales C:1.017574,R:1.092311,G:1.010372,B:1.025091
05-17 23:55:46.073  2444  3645 E libsensor-displayalgo: value of coefs 5,850.303000,7.300256,-2.660090,1.550054,-8.640300, line 99
05-17 23:55:46.073  2444  3645 D libsensor-displayalgo: brightness:372.000000,R:165.759944,G:200.148703,B:332.895639,EVENT C:312.510620,R:162.505524,G:120.004074,B:45.001530, lux: 0.000000
05-17 23:55:46.073  2444  3645 I libsensor-displayalgo: ##### the value of lux: 0.000000, cct: 0.000000
05-17 23:55:46.073  2444  3645 I libsensor-ssccalapi: value of set_lux: 0.000000
05-17 23:55:46.073  2444  3645 I libsensor-ssccalapi: value of set cct: 0.000000
05-17 23:55:46.073  2444  3645 I sensors : send_request:296,  send_request suid high 48dd16bd suid low 2c177798
05-17 23:55:46.074  2444  3523 I sensors : handle_resp_cb:364, _fifo_resp not empty
05-17 23:55:46.074  2444  3523 I sensors : handle_resp_cb:377,  handle_resp_cb suid high 48dd16bd suid low 2c177798,_fifo_resp.begin() 4580e1e0
05-17 23:55:46.074  2444  3523 I sensors : handle_resp_cb:379, _fifo_resp still not empty
05-17 23:55:46.075  2444  3645 I libsensor-displayalgo: the value of channelCali C:371.714447,R:221.028393,G:134.331479,B:47.956911,scales C:1.017574,R:1.092311,G:1.010372,B:1.025091
05-17 23:55:46.075  2444  3645 E libsensor-displayalgo: value of coefs 5,850.303000,7.300256,-2.660090,1.550054,-8.640300, line 99
05-17 23:55:46.075  2444  3645 D libsensor-displayalgo: brightness:372.000000,R:165.759944,G:200.148703,B:332.895639,EVENT C:312.510620,R:165.005600,G:120.004074,B:45.001530, lux: 0.000000
05-17 23:55:46.075  2444  3645 I libsensor-displayalgo: ##### the value of lux: 0.000000, cct: 0.000000
05-17 23:55:46.075  2444  3645 I libsensor-ssccalapi: value of set_lux: 0.000000
05-17 23:55:46.075  2444  3645 I libsensor-ssccalapi: value of set cct: 0.000000
05-17 23:55:46.075  2444  3645 I sensors : send_request:296,  send_request suid high 48dd16bd suid low 2c177798
05-17 23:55:46.076  2444  3523 I sensors : handle_resp_cb:364, _fifo_resp not empty
05-17 23:55:46.076  2444  3523 I sensors : handle_resp_cb:377,  handle_resp_cb suid high 48dd16bd suid low 2c177798,_fifo_resp.begin() 4580e1e0
05-17 23:55:46.076  2444  3523 I sensors : handle_resp_cb:379, _fifo_resp still not empty
05-17 23:55:46.077  2444  3645 I libsensor-displayalgo: the value of channelCali C:371.714447,R:221.028393,G:134.331479,B:47.956911,scales C:1.017574,R:1.092311,G:1.010372,B:1.025091
05-17 23:55:46.077  2444  3645 E libsensor-displayalgo: value of coefs 5,850.303000,7.300256,-2.660090,1.550054,-8.640300, line 99
05-17 23:55:46.077  2444  3645 D libsensor-displayalgo: brightness:372.000000,R:165.759944,G:200.148703,B:332.895639,EVENT C:320.010864,R:165.005600,G:122.504158,B:47.501614, lux: 0.000000
05-17 23:55:46.077  2444  3645 I libsensor-displayalgo: ##### the value of lux: 0.000000, cct: 0.000000
05-17 23:55:46.077  2444  3645 I libsensor-ssccalapi: value of set_lux: 0.000000
05-17 23:55:46.077  2444  3645 I libsensor-ssccalapi: value of set cct: 0.000000
05-17 23:55:46.077  2444  3645 I sensors : send_request:296,  send_request suid high 48dd16bd suid low 2c177798
05-17 23:55:46.078  2444  3523 I sensors : handle_resp_cb:364, _fifo_resp not empty
05-17 23:55:46.078  2444  3523 I sensors : handle_resp_cb:377,  handle_resp_cb suid high 48dd16bd suid low 2c177798,_fifo_resp.begin() 4580e1e0
05-17 23:55:46.078  2444  3523 I sensors : handle_resp_cb:379, _fifo_resp still not empty
05-17 23:55:46.078  2444  3645 I libsensor-displayalgo: the value of channelCali C:371.714447,R:221.028393,G:134.331479,B:47.956911,scales C:1.017574,R:1.092311,G:1.010372,B:1.025091
05-17 23:55:46.078  2444  3645 E libsensor-displayalgo: value of coefs 5,850.303000,7.300256,-2.660090,1.550054,-8.640300, line 99
05-17 23:55:46.078  2444  3645 D libsensor-displayalgo: brightness:372.000000,R:165.759944,G:200.148703,B:332.895639,EVENT C:312.510620,R:162.505524,G:120.004074,B:45.001530, lux: 0.000000
05-17 23:55:46.078  2444  3645 I libsensor-displayalgo: ##### the value of lux: 0.000000, cct: 0.000000
05-17 23:55:46.078  2444  3645 I libsensor-ssccalapi: value of set_lux: 0.000000
05-17 23:55:46.078  2444  3645 I libsensor-ssccalapi: value of set cct: 0.000000
05-17 23:55:46.078  2444  3645 I sensors : send_request:296,  send_request suid high 48dd16bd suid low 2c177798
05-17 23:55:46.079  6516 27155 I MediaProvider: Invalidating LocalCallingIdentity cache for package com.decoutkhanqindev.dexreader.baselineprofile. Reason: owned_database_row_deleted:/storage/emulated/0/Android/media/com.decoutkhanqindev.dexreader.baselineprofile/temporaryScript_2131151036.sh
05-17 23:55:46.079  2444  3523 I sensors : handle_resp_cb:364, _fifo_resp not empty
05-17 23:55:46.079  2444  3523 I sensors : handle_resp_cb:377,  handle_resp_cb suid high 48dd16bd suid low 2c177798,_fifo_resp.begin() 4580e1e0
05-17 23:55:46.079  2444  3523 I sensors : handle_resp_cb:379, _fifo_resp still not empty
05-17 23:55:46.080  6516 27155 I MediaProvider: Deleted 0 0 0 0 0 0 1 items on external_primary due to com.android.shell
05-17 23:55:46.081 29591 29645 I UriTaskContentObserver: (REDACTED) Throttling content uri change event for %s
05-17 23:55:46.106  8353  9602 W emon.lvoverseas: PerfMonitor async binderTransact :  time=1503ms interface=android.accounts.IAccountAuthenticator code=3
05-17 23:55:46.109  2626  3780 I MiuiNetworkPolicy: updateUidState uid = 99706, uidState = 10
05-17 23:55:46.111  2626  3780 I MiuiNetworkPolicy: updateUidState uid = 10322, uidState = 10
05-17 23:55:46.114  2626  3780 I MiuiNetworkPolicy: updateUidState uid = 99706, uidState = 6
05-17 23:55:46.117  2626  3780 I MiuiNetworkPolicy: updateUidState uid = 10322, uidState = 6
05-17 23:55:46.131  1657 10484 I MiStcImpl: Dispatching command: 35 SET_HISTOGRAM
05-17 23:55:46.147  6516 23910 W MediaProvider: isAppCloneUserPair for user 0: false
05-17 23:55:46.171  2444  3645 I libsensor-displayalgo: the value of channelCali C:371.714447,R:221.028393,G:134.331479,B:47.956911,scales C:1.017574,R:1.092311,G:1.010372,B:1.025091
05-17 23:55:46.171  2444  3645 E libsensor-displayalgo: value of coefs 5,850.303000,7.300256,-2.660090,1.550054,-8.640300, line 99
05-17 23:55:46.171  2444  3645 D libsensor-displayalgo: brightness:372.000000,R:165.759944,G:200.148703,B:332.895639,EVENT C:317.510773,R:165.005600,G:122.504158,B:45.001530, lux: 0.000000
05-17 23:55:46.171  2444  3645 I libsensor-displayalgo: ##### the value of lux: 0.000000, cct: 0.000000
05-17 23:55:46.171  2444  3645 I libsensor-ssccalapi: value of set_lux: 0.000000
05-17 23:55:46.171  2444  3645 I libsensor-ssccalapi: value of set cct: 0.000000
05-17 23:55:46.171  2444  3645 I sensors : send_request:296,  send_request suid high 48dd16bd suid low 2c177798
05-17 23:55:46.172  2444  3523 I sensors : handle_resp_cb:364, _fifo_resp not empty
05-17 23:55:46.172  2444  3523 I sensors : handle_resp_cb:377,  handle_resp_cb suid high 48dd16bd suid low 2c177798,_fifo_resp.begin() 4580e1e0
05-17 23:55:46.172  2444  3523 I sensors : handle_resp_cb:379, _fifo_resp still not empty
05-17 23:55:46.172  2444  3645 I libsensor-displayalgo: the value of channelCali C:371.714447,R:221.028393,G:134.331479,B:47.956911,scales C:1.017574,R:1.092311,G:1.010372,B:1.025091
05-17 23:55:46.172  2444  3645 E libsensor-displayalgo: value of coefs 5,850.303000,7.300256,-2.660090,1.550054,-8.640300, line 99
05-17 23:55:46.172  2444  3645 D libsensor-displayalgo: brightness:372.000000,R:165.759944,G:200.148703,B:332.895639,EVENT C:307.510437,R:162.505524,G:120.004074,B:45.001530, lux: 0.000000
05-17 23:55:46.172  2444  3645 I libsensor-displayalgo: ##### the value of lux: 0.000000, cct: 0.000000
05-17 23:55:46.172  2444  3645 I libsensor-ssccalapi: value of set_lux: 0.000000
05-17 23:55:46.172  2444  3645 I libsensor-ssccalapi: value of set cct: 0.000000
