05-17 23:55:48.841  1853  1853 W Layer   : gatherBufferInfo: Received unknown dataspace from gralloc
05-17 23:55:48.842  1853  1853 D RefreshRateSelector: Touch Boost
05-17 23:55:48.842  2626  2643 I ClipboardServiceI: checkProviderWakePathForClipboard: com.decoutkhanqindev.dexreaderis not a activePermissionOwner
05-17 23:55:48.842  1853  1853 D MI-SF   : mIsSupportAutomodeForMaxFpsSetting is 0(0), getCurrentBrightness() = 1272(1350), mIsKeepAutoMode 0
05-17 23:55:48.842  1853  1853 D RefreshRateSelector: fixedMode_group: 0, isFindModeGroup 0
05-17 23:55:48.843  1853  1853 D RefreshRateSelector: find max refresh rate:120, mode Group:0
05-17 23:55:48.845 29591 29600 I FontLog : (REDACTED) Received query %s, URI %s
05-17 23:55:48.845 29591 29600 I FontLog : (REDACTED) Query [%s] resolved to %s
05-17 23:55:48.845 25570 31639 D AdvertisingIdClient: AdvertisingIdClient already created.
05-17 23:55:48.849  2626  2644 I ActivityTaskManager: Displayed com.decoutkhanqindev.dexreader/.presentation.MainActivity for user 0: +998ms
05-17 23:55:48.851 29591 29600 I FontLog : (REDACTED) Fetch %s end status %s
05-17 23:55:48.853 29591 29784 I FontLog : (REDACTED) Pulling font file for id = %d, cache size = %d
05-17 23:55:48.849  9911  9911 W RenderThread: type=1400 audit(0.0:1023972): avc:  denied  { getattr } for  path="/sys/module/metis/parameters/minor_window_app" dev="sysfs" ino=61699 scontext=u:r:untrusted_app:s0:c159,c257,c512,c768 tcontext=u:object_r:sysfs_migt:s0 tclass=file permissive=0 app=com.facebook.katana
05-17 23:55:48.854 25570 31639 I AdvertisingIdClient: shouldSendLog 2250781559
05-17 23:55:48.857 25570 31639 I AdvertisingIdClient: GetInfoInternal elapse 9ms
05-17 23:55:48.857 29591 29784 I FontLog : (REDACTED) Pulling font file for id = %d, cache size = %d
05-17 23:55:48.858  4660  4929 W WindowOnBackDispatcher: sendCancelIfRunning: isInProgress=falsecallback=android.view.ViewRootImpl$$ExternalSyntheticLambda21@2b621d7
05-17 23:55:48.859  1853  1853 W Layer   : gatherBufferInfo: Received unknown dataspace from gralloc
05-17 23:55:48.860  1853  1951 I BpBinder: onLastStrongRef automatically unlinking death recipients:
05-17 23:55:48.864  2626  7399 W InputManager-JNI: Input channel object '10c3b3c Splash Screen com.decoutkhanqindev.dexreader (client)' was disposed without first being removed with the input manager!
05-17 23:55:48.865  1853  1951 D MI-SF   : [FpsStat] construct...
05-17 23:55:48.867  1853  1853 D MI-SF   : [FpsStat] construct...
05-17 23:55:48.873  9911  9911 W RenderThread: type=1400 audit(0.0:1023973): avc:  denied  { getattr } for  path="/sys/module/metis/parameters/minor_window_app" dev="sysfs" ino=61699 scontext=u:r:untrusted_app:s0:c159,c257,c512,c768 tcontext=u:object_r:sysfs_migt:s0 tclass=file permissive=0 app=com.facebook.katana
05-17 23:55:48.880  9911  9911 I HandWritingStubImpl: refreshLastKeyboardType: 1
05-17 23:55:48.880  9911  9911 I HandWritingStubImpl: getCurrentKeyboardType: 1
05-17 23:55:48.884  1853  1853 D MI-SF   : [FpsStat] distroy...
05-17 23:55:48.884  1853  1853 W Layer   : gatherBufferInfo: Received unknown dataspace from gralloc
05-17 23:55:48.888  4562  4575 W DynamicDDSService: appName is not found in cache: com.miui.home
05-17 23:55:48.888  1657  3124 I vendor.qti.hardware.display.composer-service: FrameNotifyProcess Sensor: notify citsensorservice to trigger cwb
05-17 23:55:48.889  2444  2528 I libcitsensorservice@2.0-impl: msg_transfer
05-17 23:55:48.889  2444  3621 I libsensor-parseRGB: request dump start
05-17 23:55:48.889  2444  3621 D vendor.xiaomi.sensor.citsensorservice@2.0-service: handle id:11 wxh:1280x2712 uwxuh:1220x2712 size: 10416128 fd:16 fd_meta:17 flags:0x4000228 usage:0x33  format:0x3 layer_count: 1 reserved_size = 0
05-17 23:55:48.889  1657  1987 D SDM     : HWCSession::SetCWBOutputBuffer: CWB config passed by cwb_client : tappoint 1  CWB_ROI : (817.000000 7.000000 978.000000 128.000000)
05-17 23:55:48.889  2626  5964 I ImeTracker: com.decoutkhanqindev.dexreader:9be68892: onRequestHide at ORIGIN_SERVER_HIDE_INPUT reason HIDE_UNSPECIFIED_WINDOW
05-17 23:55:48.889  2626  5964 I ImeTracker: com.decoutkhanqindev.dexreader:9be68892: onCancelled at PHASE_SERVER_SHOULD_HIDE
05-17 23:55:48.890  1657  3652 D SDM     : HWCSession::ProcessRequests: Successfully configured CWB buffer.
05-17 23:55:48.892  9609  9728 D MirrorManager:  sendAcceptInput 0 0
05-17 23:55:48.893 22423 22423 W Finsky  : [2] STU: Failed to get storage stats for package 'com.android.wifi' (1601: Error getting stats: android.content.pm.PackageManager.NameNotFoundException)
05-17 23:55:48.895  1853  3395 D MI-SF   : updateScene: module = 270 (Input), value = 0, pkg = com.decoutkhanqindev.dexreader, Vrr = 1
05-17 23:55:48.895  1853  3395 D RefreshRateSelector: Touch Boost
05-17 23:55:48.895  1853  3395 D MI-SF   : mIsSupportAutomodeForMaxFpsSetting is 0(0), getCurrentBrightness() = 1272(1350), mIsKeepAutoMode 0
05-17 23:55:48.895  1853  3395 D RefreshRateSelector: fixedMode_group: 0, isFindModeGroup 0
05-17 23:55:48.895  1853  3395 D RefreshRateSelector: find max refresh rate:120, mode Group:0
05-17 23:55:48.895  1853  3395 D MI-SF   : updateScene mSetInputFlag status 0
05-17 23:55:48.901  6516 29020 I MediaProvider: Invalidating LocalCallingIdentity cache for package com.decoutkhanqindev.dexreader.baselineprofile. Reason: owned_database_row_deleted:/storage/emulated/0/Android/media/com.decoutkhanqindev.dexreader.baselineprofile/temporaryScript_4081373023.sh
05-17 23:55:48.902  1657  3652 D SDM     : HWCSession::ProcessRequests: Pushing release fence in fenece wait queue.
05-17 23:55:48.902  1657  3652 D SDM     : HWCSession::ProcessRequests: Creating AsyncFenceWaits async thread.
05-17 23:55:48.902  1657  3652 D SDM     : HWCSession::ProcessRequests: Remove current CWB request from the pending request queue.
05-17 23:55:48.902  1657  3652 D SDM     : HWCSession::ProcessRequests: No pending cwb requests found in the queue.
05-17 23:55:48.903  6516 29020 I MediaProvider: Deleted 0 0 0 0 0 0 1 items on external_primary due to com.android.shell
05-17 23:55:48.910 31869 31869 I GoogleInputMethodService: GoogleInputMethodService.onFinishInput():2259
05-17 23:55:48.911   326   348 D Benchmark: Result: Starting: Intent { act=android.intent.action.MAIN cat=[android.intent.category.LAUNCHER] flg=0x10008000 pkg=com.decoutkhanqindev.dexreader cmp=com.decoutkhanqindev.dexreader/.presentation.MainActivity }
05-17 23:55:48.911   326   348 D Benchmark: Status: ok
05-17 23:55:48.911   326   348 D Benchmark: LaunchState: COLD
05-17 23:55:48.911   326   348 D Benchmark: Activity: com.decoutkhanqindev.dexreader/.presentation.MainActivity
05-17 23:55:48.911   326   348 D Benchmark: TotalTime: 998
05-17 23:55:48.911   326   348 D Benchmark: WaitTime: 1005
05-17 23:55:48.911   326   348 D Benchmark: Complete
05-17 23:55:48.912 31869 31869 I Module  : DeviceLockedStatusModuleProvider$Module.updateDeviceLockedStatus():103 repeatCheckTimes = 0, locked = false
05-17 23:55:48.913 31869 31869 I GoogleInputMethodService: GoogleInputMethodService.onStartInput():1446 onStartInput(EditorInfo{EditorInfo{packageName=com.decoutkhanqindev.dexreader, inputType=0, inputTypeString=NULL, enableLearning=false, autoCorrection=false, autoComplete=false, imeOptions=0, privateImeOptions=null, actionName=UNSPECIFIED, actionLabel=null, initialSelStart=-1, initialSelEnd=-1, initialCapsMode=0, label=null, fieldId=0, fieldName=null, extras=Bundle[mParcelledData.dataSize=72], hintText=null, hintLocales=[]}}, false)
05-17 23:55:48.913  1657  1804 D SDM     : HWDeviceDRM::SetupConcurrentWriteback: Tear down the Concurrent Writeback topology
05-17 23:55:48.913 31869 31869 I AndroidIME: LatinIMEBase.updateInputViewCoverNavigation():322 Update input view padding, isNavbarOverInputWindow=false, bottom inset=0
05-17 23:55:48.914 31869 31869 I Module  : DeviceLockedStatusModuleProvider$Module.updateDeviceLockedStatus():103 repeatCheckTimes = 1, locked = false
05-17 23:55:48.917 29591 29591 D BoundBrokerSvc: onRebind: Intent { act=com.google.android.gms.common.telemetry.service.START dat=chimera-action:/... cmp=com.google.android.gms/.chimera.PersistentApiService }
05-17 23:55:48.919  1657  3665 D SDM     : HWCSession::NotifyCWBStatus: Notify the client about buffer status 0.
05-17 23:55:48.920  1657  3665 D SDM     : HWCSession::PerformFenceWaits: Remove current release fence from the pending fence wait queue.
05-17 23:55:48.920  1657  3665 D SDM     : HWCSession::PerformFenceWaits: CWB fence queue is empty. No pending release fence to wait on.
05-17 23:55:48.921  2444  3622 D libsensor-parseRGB: the value of RGB [118.959202 118.959202 120.202145 815.970936 815.970936 817.145598 910.930974 910.930974 912.026773 410.728367 410.728367 412.011756]
05-17 23:55:48.925  1853  3395 D MI-SF   : [FpsStat] construct...
05-17 23:55:48.925  9911  9911 I HandWritingStubImpl: getCurrentKeyboardType: 1
05-17 23:55:48.928  4689  4689 D Launcher.Lifecycle: onStop:UserHandle{0},c5ba44a,false
05-17 23:55:48.928  4689  4689 D SoscSplitStateController: updateDividerFixedState: isFixed = false
05-17 23:55:48.928  4689  4689 D Launcher_UnlockAnimationStateMachine: onStop = IDLE
05-17 23:55:48.933  1853  1853 D MI-SF   : [FpsStat] construct...
05-17 23:55:48.941  4689  4689 E Launcher.application: setClickAppWaitForCallback = false
05-17 23:55:48.941 20260 20312 D LauncherOverlay: setActivityState:0
05-17 23:55:48.944  4689  4689 D EditorStubImpl: Type = 2, RectF = RectF(450.0, 709.0, 570.0, 829.0), mInsertionHandleData = [HandleData{mIsShow=false, mPosition=RectF(450.0, 709.0, 570.0, 829.0)}]
05-17 23:55:48.945  1697  6262 E ANDR-PERF-LM: VmRssMeter:: start() 358: Could not find pid, can not collect vmrss data
05-17 23:55:48.946  1697  6262 E ANDR-PERF-LM: AdaptiveLaunch: writeToDataBase() 64: Meter aborted or could not get meter data for this run
05-17 23:55:48.951  1657 10484 I MiStcImpl: Dispatching command: 35 SET_HISTOGRAM
05-17 23:55:48.955  1853  1853 D MI-SF   : [FpsStat] distroy...
05-17 23:55:48.957  7324 25335 D PMonitor:  onForegroundActivitiesChanged:pid = 4689,activity-uid=10150,foregroundActivities=false
05-17 23:55:48.966  1853  1853 D MI-SF   : [FpsStat] distroy...
05-17 23:55:48.967  2626  3780 I MiuiNetworkPolicy: updateUidState uid = 99622, uidState = 5
05-17 23:55:48.967  1697  6261 E ANDR-PERF-LM: VmRssMeter:: start() 358: Could not find pid, can not collect vmrss data
05-17 23:55:48.969  1853  1853 D MI-SF   : [FpsStat] distroy...
05-17 23:55:48.972  2626  3780 I MiuiNetworkPolicy: updateUidState uid = 10283, uidState = 5
05-17 23:55:48.972  9911  9957 W RenderInspector: QueueBuffer time out on com.decoutkhanqindev.dexreader/com.decoutkhanqindev.dexreader.presentation.MainActivity, count=1, avg=20 ms, max=20 ms.
05-17 23:55:48.972  2626  3780 I MiuiNetworkPolicy: updateUidState uid = 10281, uidState = 5
05-17 23:55:48.972  2626  3780 I MiuiNetworkPolicy: updateUidState uid = 10203, uidState = 5
05-17 23:55:48.974  2444  3645 I libsensor-displayalgo: the value of channelCali C:340.464818,R:208.246496,G:119.583887,B:41.279043,scales C:1.017574,R:1.092311,G:1.010372,B:1.025091
05-17 23:55:48.974  2444  3645 E libsensor-displayalgo: value of coefs 5,850.303000,7.300256,-2.660090,1.550054,-8.640300, line 99
05-17 23:55:48.974  2444  3645 D libsensor-displayalgo: brightness:372.000000,R:118.959202,G:118.959202,B:120.202145,EVENT C:292.509918,R:155.005264,G:112.503822,B:40.001358, lux: 0.000000
05-17 23:55:48.975  2444  3645 I libsensor-displayalgo: ##### the value of lux: 0.000000, cct: 0.000000
05-17 23:55:48.975  2444  3645 I libsensor-ssccalapi: value of set_lux: 0.000000
05-17 23:55:48.975  2444  3645 I libsensor-ssccalapi: value of set cct: 0.000000
05-17 23:55:48.975  2444  3645 I sensors : send_request:296,  send_request suid high 48dd16bd suid low 2c177798
05-17 23:55:48.976  1853  1853 D MI-SF   : Launcher Changed hasLauncher=0
05-17 23:55:48.977  1853  1853 D MI-SF   : [FpsStat] distroy...
05-17 23:55:48.977  2444  3523 I sensors : handle_resp_cb:364, _fifo_resp not empty
05-17 23:55:48.978  2444  3523 I sensors : handle_resp_cb:377,  handle_resp_cb suid high 48dd16bd suid low 2c177798,_fifo_resp.begin() 4580e1e0
05-17 23:55:48.978  2444  3523 I sensors : handle_resp_cb:379, _fifo_resp still not empty
05-17 23:55:48.981  2626  3780 I MiuiNetworkPolicy: updateUidState uid = 10185, uidState = 4
05-17 23:55:48.981  2626  3780 I MiuiNetworkPolicy: updateUidState uid = 10170, uidState = 4
05-17 23:55:48.981  2626  3780 I MiuiNetworkPolicy: updateUidState uid = 10164, uidState = 5
05-17 23:55:48.981  2626  3780 I MiuiNetworkPolicy: updateUidState uid = 10150, uidState = 5
05-17 23:55:49.004 20260 20260 I LauncherOverlayCallback: handleMessage WHAT_ACTIVITY_STATE_CHANGED what：0
05-17 23:55:49.004 20260 20260 D LauncherOverlay.Window: onStop
05-17 23:55:49.004 20260 20260 I LauncherOverlayCallback: handleMessage WHAT_LAUNCHER_STATE what：0
05-17 23:55:49.004 20260 20260 D LauncherOverlay.Window: launcherState 0
05-17 23:55:49.004 20260 20260 D LauncherOverlay.Window: resumedStateNow 0,resumedStateNew = 0
05-17 23:55:49.022  2626  4535 I NetworkBoostStatusManager: handle: 105
05-17 23:55:49.028  2626  4535 D SLM-SRV-SLAService: isModemSingnalStrengthStatus = 0
05-17 23:55:49.043  9911  9957 W RenderInspector: QueueBuffer time out on com.decoutkhanqindev.dexreader/com.decoutkhanqindev.dexreader.presentation.MainActivity, count=1, avg=12 ms, max=12 ms.
05-17 23:55:49.044  1853  1853 D MI-SF   : [FpsStat] distroy...
05-17 23:55:49.054  1853  1853 D MI-SF   : [FpsStat] distroy...
05-17 23:55:49.054  1853  1853 D MI-SF   : [FpsStat] distroy...
05-17 23:55:49.068  1853  1853 D MI-SF   : [FpsStat] distroy...
05-17 23:55:49.068  1853  1853 D MI-SF   : [FpsStat] distroy...
05-17 23:55:49.068  1853  1853 D MI-SF   : [FpsStat] distroy...
05-17 23:55:49.129  2626  2644 I ActivityTaskManager: Fully drawn com.decoutkhanqindev.dexreader/.presentation.MainActivity: +1s315ms
05-17 23:55:49.134  6516 27157 W MediaProvider: isAppCloneUserPair for user 0: false
05-17 23:55:49.148  2626  7384 I ClipboardServiceI: checkProviderWakePathForClipboard: com.google.android.apps.nbu.filesis not a activePermissionOwner
05-17 23:55:49.153  1657 10484 I MiStcImpl: Dispatching command: 35 SET_HISTOGRAM
05-17 23:55:49.170  8353 11991 W emon.lvoverseas: PerfMonitor async binderTransact :  time=1505ms interface=android.accounts.IAccountAuthenticator code=3
05-17 23:55:49.182 11028 31147 D MediaCodec: [mId: 19] video-debug Stats over last 5007ms:
05-17 23:55:49.182 11028 31147 D MediaCodec: [mId: 19] video-debug configure: ClientName: com.android.shell ComponentName: c2.android.vp8.encoder
05-17 23:55:49.182 11028 31147 D MediaCodec: [mId: 19] video-debug Qinput: 0, DQinput: 0 success out of 0 tries
05-17 23:55:49.182 11028 31147 D MediaCodec: [mId: 19] video-debug Render: 0, Drop: 68, DQoutput: 68 success out of 68 tries
05-17 23:55:49.191  2626  3780 I MiuiNetworkPolicy: updateUidState uid = 99706, uidState = 10
05-17 23:55:49.191  2626  3780 I MiuiNetworkPolicy: updateUidState uid = 10322, uidState = 10
05-17 23:55:49.196  2626  3780 I MiuiNetworkPolicy: updateUidState uid = 99706, uidState = 6
05-17 23:55:49.198  1657  3124 I vendor.qti.hardware.display.composer-service: FrameNotifyProcess Sensor: notify citsensorservice to trigger cwb
05-17 23:55:49.198  2444  2528 I libcitsensorservice@2.0-impl: msg_transfer
05-17 23:55:49.198  2444  3621 I libsensor-parseRGB: request dump start
05-17 23:55:49.198  2444  3621 D vendor.xiaomi.sensor.citsensorservice@2.0-service: handle id:11 wxh:1280x2712 uwxuh:1220x2712 size: 10416128 fd:16 fd_meta:17 flags:0x4000228 usage:0x33  format:0x3 layer_count: 1 reserved_size = 0
05-17 23:55:49.199  1657  1987 D SDM     : HWCSession::SetCWBOutputBuffer: CWB config passed by cwb_client : tappoint 1  CWB_ROI : (817.000000 7.000000 978.000000 128.000000)
05-17 23:55:49.199  1657  3652 D SDM     : HWCSession::ProcessRequests: Successfully configured CWB buffer.
05-17 23:55:49.200  2626  3780 I MiuiNetworkPolicy: updateUidState uid = 10322, uidState = 6
05-17 23:55:49.211  1657  3652 D SDM     : HWCSession::ProcessRequests: Pushing release fence in fenece wait queue.
05-17 23:55:49.211  1657  3652 D SDM     : HWCSession::ProcessRequests: Creating AsyncFenceWaits async thread.
05-17 23:55:49.211  1657  3652 D SDM     : HWCSession::ProcessRequests: Remove current CWB request from the pending request queue.
05-17 23:55:49.212  1657  3652 D SDM     : HWCSession::ProcessRequests: No pending cwb requests found in the queue.
05-17 23:55:49.217  1657  1804 D SDM     : HWDeviceDRM::SetupConcurrentWriteback: Tear down the Concurrent Writeback topology
05-17 23:55:49.227  1657  3665 D SDM     : HWCSession::NotifyCWBStatus: Notify the client about buffer status 0.
05-17 23:55:49.228  1657  3665 D SDM     : HWCSession::PerformFenceWaits: Remove current release fence from the pending fence wait queue.
05-17 23:55:49.228  1657  3665 D SDM     : HWCSession::PerformFenceWaits: CWB fence queue is empty. No pending release fence to wait on.
05-17 23:55:49.229  2444  3622 D libsensor-parseRGB: the value of RGB [112.198167 125.798682 152.293339 810.746359 821.314787 841.303503 905.125603 916.160604 935.271630 404.711815 416.874052 440.954117]
05-17 23:55:49.272  2444  3645 I libsensor-displayalgo: the value of channelCali C:341.396493,R:207.450681,G:120.626082,B:41.870094,scales C:1.017574,R:1.092311,G:1.010372,B:1.025091
05-17 23:55:49.272  2444  3645 E libsensor-displayalgo: value of coefs 5,850.303000,7.300256,-2.660090,1.550054,-8.640300, line 99
05-17 23:55:49.272  2444  3645 D libsensor-displayalgo: brightness:372.000000,R:112.198167,G:125.798682,B:152.293339,EVENT C:295.010010,R:152.505173,G:112.503822,B:40.001358, lux: 0.000000
05-17 23:55:49.272  2444  3645 I libsensor-displayalgo: ##### the value of lux: 0.000000, cct: 0.000000
05-17 23:55:49.272  2444  3645 I libsensor-ssccalapi: value of set_lux: 0.000000
05-17 23:55:49.272  2444  3645 I libsensor-ssccalapi: value of set cct: 0.000000
05-17 23:55:49.272  2444  3645 I sensors : send_request:296,  send_request suid high 48dd16bd suid low 2c177798
05-17 23:55:49.275  2444  3523 I sensors : handle_resp_cb:364, _fifo_resp not empty
05-17 23:55:49.275  2444  3523 I sensors : handle_resp_cb:377,  handle_resp_cb suid high 48dd16bd suid low 2c177798,_fifo_resp.begin() 4580e1e0
05-17 23:55:49.275  2444  3523 I sensors : handle_resp_cb:379, _fifo_resp still not empty
05-17 23:55:49.281  2626  3780 I MiuiNetworkPolicy: updateUidState uid = 10309, uidState = 10
05-17 23:55:49.282  2626  3780 I MiuiNetworkPolicy: updateUidState uid = 10309, uidState = 19
05-17 23:55:49.308  4641  4878 D Mi_ModemDebug_Service: start to querySmartTransmitStatus.
05-17 23:55:49.309  4641  4878 D OemHookAgent(com.xiaomi.mtb): Mtb is calling the mirilhook method: qcRilFeatureQueryCmn, defObj: null, iVal1: 10, iVal2: 1, iVal3: 0
05-17 23:55:49.309  4641  4878 D QC_RIL_OEM_HOOK: qcRilFeatureQueryCmn featureType = 10, ctlCode = 1
05-17 23:55:49.316   925   925 D QcrilMsgTunnelIfaceManager: handleMessage what = 1
05-17 23:55:49.317   925   925 I QcrilOemhookMsgTunnel: [0]invokeOemRilRequestRaw: serial=1388 length=28
05-17 23:55:49.335  2288  2288 D qcrilNrd: SUB[0][xiaomi_qcril_cmn.cpp:2429] xiaomi_qcril_hook_mod_sar_smart_transmit_get: function entry ------------->
05-17 23:55:49.335  2288  2288 D qcrilNrd: SUB[0][xiaomi_qcril_cmn.cpp:2431] xiaomi_qcril_hook_mod_sar_smart_transmit_get: xiaomi_qcril_hook_mod_sar_smart_transmit_get, cmd_ctl_code = 1, sub_id = 0
05-17 23:55:49.335  2288  2288 D qcrilNrd: SUB[0][xiaomi_extend_cmn.c:1486] xiaomi_modem_raw_content_get: function entry ------------->
05-17 23:55:49.335  2288  2288 D qcrilNrd: SUB[0][xiaomi_extend_cmn.c:1120] xiaomi_common_qmi_req: function entry ------------->
05-17 23:55:49.337  2288  2288 D qcrilNrd: SUB[0][xiaomi_extend_cmn.c:1158] xiaomi_common_qmi_req: function exit <-------------
05-17 23:55:49.337  2288  2288 D qcrilNrd: SUB[0][xiaomi_extend_cmn.c:1506] xiaomi_modem_raw_content_get: get result = 0, rsp.result = 0, type = 25, in_len = 256
05-17 23:55:49.337  2288  2288 D qcrilNrd: SUB[0][xiaomi_extend_cmn.c:1531] xiaomi_modem_raw_content_get: raw_content from modem: len: 20
05-17 23:55:49.337  2288  2288 D qcrilNrd: SUB[0][xiaomi_extend_cmn.c:1542] xiaomi_modem_raw_content_get: function exit <-------------
05-17 23:55:49.337  2288  2288 E qcrilNrd: SUB[0][xiaomi_qcril_cmn.cpp:2433] xiaomi_qcril_hook_mod_sar_smart_transmit_get: xiaomi_qcril_hook_mod_sar_smart_transmit_get, result = 0, len = 20
05-17 23:55:49.337  2288  2288 D qcrilNrd: SUB[0][xiaomi_qcril_cmn.cpp:2602] xiaomi_qcril_default_request_resp_params: instance_id 0, t -237853272, request_id -393004272, ril_err_no 0
05-17 23:55:49.337  2288  2288 D qcrilNrd: SUB[0][xiaomi_qcril_cmn.cpp:2636] xiaomi_qcril_send_request_response: instance_id 0, t -237853272, request_id -393004272, ril_err_no 0
05-17 23:55:49.339  2288  2288 D qcrilNrd: SUB[0][xiaomi_qcril_cmn.cpp:2449] xiaomi_qcril_hook_mod_sar_smart_transmit_get: function exit <-------------
05-17 23:55:49.339   925   968 I QcrilOemhookMsgTunnel: [0]processOemHookResponse serial no: 1388 error: 0length=20
05-17 23:55:49.341   925   925 D QcrilMsgTunnelIfaceManager: handleMessage what = 2
05-17 23:55:49.343  4641  4878 D QC_RIL_OEM_HOOK: sendOemRilRequestRaw returns value = 20
05-17 23:55:49.343  4641  4878 D Mi_ModemDebug_Service: querySmartTransmitStatus resultStr = 140300000000c401000001010000000000000200
05-17 23:55:49.341  9911  9911 W RenderThread: type=1400 audit(0.0:1023992): avc:  denied  { getattr } for  path="/sys/module/metis/parameters/minor_window_app" dev="sysfs" ino=61699 scontext=u:r:untrusted_app:s0:c159,c257,c512,c768 tcontext=u:object_r:sysfs_migt:s0 tclass=file permissive=0 app=com.facebook.katana
05-17 23:55:49.352  1657  3124 I vendor.qti.hardware.display.composer-service: FrameNotifyProcess Sensor: notify citsensorservice to trigger cwb
05-17 23:55:49.349  9911  9911 W RenderThread: type=1400 audit(0.0:1023993): avc:  denied  { getattr } for  path="/sys/module/metis/parameters/minor_window_app" dev="sysfs" ino=61699 scontext=u:r:untrusted_app:s0:c159,c257,c512,c768 tcontext=u:object_r:sysfs_migt:s0 tclass=file permissive=0 app=com.facebook.katana
05-17 23:55:49.353  2444  2528 I libcitsensorservice@2.0-impl: msg_transfer
05-17 23:55:49.353  2444  3621 I libsensor-parseRGB: request dump start
05-17 23:55:49.353  2444  3621 D vendor.xiaomi.sensor.citsensorservice@2.0-service: handle id:11 wxh:1280x2712 uwxuh:1220x2712 size: 10416128 fd:16 fd_meta:17 flags:0x4000228 usage:0x33  format:0x3 layer_count: 1 reserved_size = 0
05-17 23:55:49.354  1657  1987 D SDM     : HWCSession::SetCWBOutputBuffer: CWB config passed by cwb_client : tappoint 1  CWB_ROI : (817.000000 7.000000 978.000000 128.000000)
05-17 23:55:49.354  1657  3652 D SDM     : HWCSession::ProcessRequests: Successfully configured CWB buffer.
05-17 23:55:49.355  1657 10484 I MiStcImpl: Dispatching command: 35 SET_HISTOGRAM
05-17 23:55:49.363  1657  3652 D SDM     : HWCSession::ProcessRequests: Pushing release fence in fenece wait queue.
05-17 23:55:49.364  1657  3652 D SDM     : HWCSession::ProcessRequests: Creating AsyncFenceWaits async thread.
05-17 23:55:49.364  1657  3652 D SDM     : HWCSession::ProcessRequests: Remove current CWB request from the pending request queue.
05-17 23:55:49.364  1657  3652 D SDM     : HWCSession::ProcessRequests: No pending cwb requests found in the queue.
05-17 23:55:49.370  1657  1804 D SDM     : HWDeviceDRM::SetupConcurrentWriteback: Tear down the Concurrent Writeback topology
05-17 23:55:49.377  1657  3665 D SDM     : HWCSession::NotifyCWBStatus: Notify the client about buffer status 0.
05-17 23:55:49.378  1657  3665 D SDM     : HWCSession::PerformFenceWaits: Remove current release fence from the pending fence wait queue.
05-17 23:55:49.378  1657  3665 D SDM     : HWCSession::PerformFenceWaits: CWB fence queue is empty. No pending release fence to wait on.
05-17 23:55:49.378  2444  3622 D libsensor-parseRGB: the value of RGB [112.198167 125.798682 152.293339 810.746359 821.314787 841.303503 905.125603 916.160604 935.271630 404.711815 416.874052 440.954117]
05-17 23:55:49.428 22423 22423 W Finsky  : [2] STU: Failed to get storage stats for package 'com.android.apex.cts.shim' (1601: Error getting stats: android.content.pm.PackageManager.NameNotFoundException)
05-17 23:55:49.433  9911  9911 W RenderThread: type=1400 audit(0.0:1023994): avc:  denied  { getattr } for  path="/sys/module/metis/parameters/minor_window_app" dev="sysfs" ino=61699 scontext=u:r:untrusted_app:s0:c159,c257,c512,c768 tcontext=u:object_r:sysfs_migt:s0 tclass=file permissive=0 app=com.facebook.katana
05-17 23:55:49.439 10101 10103 E Parcel  : Reading a NULL string not supported here.
05-17 23:55:49.471  2444  3645 I libsensor-displayalgo: the value of channelCali C:341.396493,R:207.450681,G:120.626082,B:41.870094,scales C:1.017574,R:1.092311,G:1.010372,B:1.025091
05-17 23:55:49.471  2444  3645 E libsensor-displayalgo: value of coefs 5,850.303000,7.300256,-2.660090,1.550054,-8.640300, line 99
05-17 23:55:49.471  2444  3645 D libsensor-displayalgo: brightness:372.000000,R:112.198167,G:125.798682,B:152.293339,EVENT C:287.509766,R:152.505173,G:110.003738,B:40.001358, lux: 0.000000
05-17 23:55:49.471  2444  3645 I libsensor-displayalgo: ##### the value of lux: 0.000000, cct: 0.000000
05-17 23:55:49.471  2444  3645 I libsensor-ssccalapi: value of set_lux: 0.000000
05-17 23:55:49.471  2444  3645 I libsensor-ssccalapi: value of set cct: 0.000000
05-17 23:55:49.471  2444  3645 I sensors : send_request:296,  send_request suid high 48dd16bd suid low 2c177798
05-17 23:55:49.472  2444  3523 I sensors : handle_resp_cb:364, _fifo_resp not empty
05-17 23:55:49.473  2444  3523 I sensors : handle_resp_cb:377,  handle_resp_cb suid high 48dd16bd suid low 2c177798,_fifo_resp.begin() 4580e1e0
05-17 23:55:49.473  2444  3523 I sensors : handle_resp_cb:379, _fifo_resp still not empty
05-17 23:55:49.487  6516 23910 I MediaProvider: Invalidating LocalCallingIdentity cache for package com.decoutkhanqindev.dexreader.baselineprofile. Reason: owned_database_row_deleted:/storage/emulated/0/Android/media/com.decoutkhanqindev.dexreader.baselineprofile/temporaryScript_1838148158.sh
05-17 23:55:49.491  6516 23910 I MediaProvider: Deleted 0 0 0 0 0 0 1 items on external_primary due to com.android.shell
05-17 23:55:49.496   326   348 I System.out: 0 Flags,FrameTimelineVsyncId,IntendedVsync,Vsync,InputEventId,HandleInputStart,AnimationStart,PerformTraversalsStart,DrawStart,FrameDeadline,FrameInterval,FrameStartTime,SyncQueued,SyncStart,IssueDrawCommandsStart,SwapBuffers,FrameCompleted,DequeueBufferDuration,QueueBufferDuration,GpuCompleted,SwapBuffersCompleted,DisplayPresentTime,CommandSubmissionCompleted,
05-17 23:55:49.497   326   348 I System.out: 1 1,554977162,921111876600112,921112001440687,0,921112007565024,921112007568306,921112007704503,921112437465441,921111888266779,921112004557316,8322705,921112445231951,921112445548045,921112449611847,921112518340545,921112523574868,2670990,420833,921112520000649,921112523574868,921112541541534,921112518340545,
05-17 23:55:49.497   326   348 I System.out: 2 0,554977646,921112534263563,921112534263563,0,921112539702212,921112539703201,921112540909087,921112540996847,921112545930230,921112539639087,8325315,921112541285024,921112541529972,921112541765337,921112549225545,921112552731326,47083,1306771,921112551128774,921112552731326,921112574846534,921112549225545,
05-17 23:55:49.497   326   348 I System.out: 3 0,554977654,921112542588878,921112542588878,0,921112550858774,921112550859816,921112551351482,921112551433930,921112570906175,921112550820232,8325315,921112551748305,921112553358357,921112553628566,921112564517264,921112575899659,55989,1514687,921112566283201,921112575899659,921112591489607,921112564517264,
05-17 23:55:49.497   326   348 I System.out: 4 0,554977668,921112550931463,921112550931463,0,921112554142784,921112554143201,921112554512680,921112554624347,921112579231490,921112554115441,8325757,921112555077732,921112576336691,921112576572837,921112586378097,921112599909764,64687,724427,921112590024920,921112599909764,921112616489087,921112586378097,
05-17 23:55:49.497   326   348 I System.out: 5 0,554977676,921112559257220,921112575908734,0,921112578448253,921112578448930,921112578765962,921112578834191,921112604226915,921112578365284,8325757,921112579049243,921112600854295,921112601095753,921112603923878,921112628098566,58073,20223698,921112606398982,921112628098566,921112641581170,921112603923878,
05-17 23:55:49.497   326   348 I System.out: 6 0,554977713,921112584205764,921112609180965,0,921112616560232,921112616561014,921112616892524,921112616964034,921112620878429,921112616425545,8325067,921112617182680,921112634795962,921112635000024,921112640901899,921112645789764,60260,2437239,921112645593930,921112645789764,921112666401586,921112640901899,
05-17 23:55:49.498   326   348 I System.out: 7 0,554977765,921112617476069,921112634124853,0,921112636342159,921112636342680,921112636596482,921112636663878,921112662472967,921112636273670,8324392,921112639702003,921112646900597,921112647398774,921112651479295,921112658222472,103593,935312,921112655069555,921112658222472,921112674728409,921112651479295,
05-17 23:55:49.498   326   348 I System.out: 8 0,554977803,921112642433891,921112642433891,0,921112648337472,921112648338357,921112648732420,921112648813514,921112670797359,921112648307784,8323952,921112649055180,921112658523566,921112658786118,921112668634399,921112674107420,60573,2665833,921112670554711,921112674107420,921112683066639,921112668634399,
05-17 23:55:49.498   326   348 I System.out: 9 0,554977818,921112650767883,921112659091900,0,921112659273149,921112659273774,921112659914399,921112660103722,921112679121311,921112659196326,8324017,921112660454399,921112675021378,921112675445545,921112690156743,921112694417524,49531,2031094,921112692127420,921112694417524,921112708058514,921112690156743,
05-17 23:55:49.498   326   348 I System.out: 10 0,554977848,921112667404720,921112675728356,0,921112682258566,921112682259399,921112682758722,921112682857680,921112704054635,921112682179503,8323636,921112683166586,921112694973253,921112695225128,921112699302784,921112720793305,55000,12857969,921112709023878,921112720793305,921112741319920,921112699302784,
05-17 23:55:49.498   326   348 I System.out: 11 0,554977885,921112684041990,921112692365321,0,921112695785493,921112695786222,921112696111899,921112696180909,921112729013203,921112695721743,8323331,921112696828618,921112722318722,921112722557524,921112726875649,921112732611639,66094,1038594,921112731423826,921112732611639,921112749675649,921112726875649,
05-17 23:55:49.498   326   348 I System.out: 12 0,554977914,921112700683588,921112717329664,0,921112724827003,921112724827524,921112725189607,921112725255857,921112745648643,921112724741222,8323038,921112725479868,921112733047264,921112733271847,921112738358670,921112742606482,58958,1424635,921112742606482,921112741819295,921112757956691,921112738358670,
05-17 23:55:49.499   326   348 I System.out: 13 0,554977945,921112725643454,921112733965825,0,921112735341430,921112735342107,921112735759868,921112735868722,921112753971681,921112735263357,8322371,921112736286743,921112742940493,921112743240701,921112746775597,921112754107836,86198,3815416,921112754107836,921112752778461,921112774634607,921112746775597,
05-17 23:55:49.499   326   348 I System.out: 14 0,554977967,921112742281274,921112742281274,0,921112743664972,921112743665597,921112744128514,921112744208045,921112770599605,921112743642159,8321921,921112744467836,921112753549920,921112754270597,921112760877576,921112765371014,88437,1434063,921112765371014,921112765041482,921112782959607,921112760877576,
05-17 23:55:49.499   326   348 I System.out: 15 0,554977982,921112750603195,921112750603195,0,921112757820284,921112757821430,921112758286170,921112758398982,921112778921526,921112757790128,8321767,921112758787524,921112765867889,921112766137003,921112770490336,921112775082628,81927,1544270,921112772345701,921112775082628,921112799607941,921112770490336,
05-17 23:55:49.499   326   348 I System.out: 16 0,554978004,921112758925928,921112767247695,0,921112769988618,921112769989191,921112770303461,921112770366847,921112787243293,921112769892524,8321767,921112770582316,921112775886066,921112776463566,921112780510753,921112791326691,71302,5416250,921112787150961,921112791326691,921112807967732,921112780510753,
05-17 23:55:49.499   326   348 I System.out: 17 0,554978012,921112775552091,921112775552091,0,921112781238409,921112781239243,921112781659972,921112781779972,921112795565060,921112781209451,8320587,921112782068514,921112792752836,921112793032264,921112798370441,921112803140441,297812,889948,921112801613826,921112803140441,921112816257159,921112798370441,
05-17 23:55:49.499   326   348 I System.out: 18 0,554978027,921112783872678,921112792193265,0,921112793613305,921112793614503,921112794318149,921112794395701,921112820501106,921112793524243,8320587,921112794667107,921112803567368,921112803791586,921112810207211,921112814093878,55000,1433594,921112812435649,921112814093878,921112832891170,921112810207211,
05-17 23:55:49.499   326   348 I System.out: 19 0,554978042,921112800572744,921112800572744,0,921112804375649,921112804376274,921112804701847,921112804773826,921112828821693,921112804349034,8323907,921112804995753,921112814440076,921112814689816,921112820576639,921112823988982,60313,1143802,921112823808670,921112823988982,921112841221586,921112820576639,
05-17 23:55:49.499   326   348 I System.out: 20 0,554978050,921112808896651,921112808896651,0,921112815120545,921112815121170,921112815414607,921112815912055,921112837145600,921112815099399,8323907,921112816494503,921112824426170,921112824676795,921112830495961,921112833659086,52136,418177,921112832700545,921112833659086,921112849533045,921112830495961,
05-17 23:55:49.499   326   348 I System.out: 21 0,554978057,921112817227303,921112817227303,0,921112825106430,921112825107211,921112825513878,921112825603357,921112845469507,921112825079451,8323923,921112825888357,921112833832055,921112833925545,921112835001795,921112839203618,20625,564010,921112839203618,921112836344139,921112857846743,921112835001795,
05-17 23:55:49.499   326   348 I System.out: 22 0,554978065,921112825549560,921112833873483,0,921112834356639,921112834357211,921112834653774,921112834723149,921112853793430,921112834267159,8323923,921112835179555,921112836578305,921112836787836,921112842094451,921112847846170,313489,2066875,921112847846170,921112846406639,0,921112842094451,
05-17 23:55:49.499   326   348 I System.out: 23 0,554978074,921112842190921,921112842190921,0,921112842950701,921112842951274,921112849293826,921112849547003,921112862117353,921112842926326,8323504,921112913670701,921112914162576,921112914762211,921113063808826,921113070764711,61823,520573,921113070764711,921113066244659,0,921113063808826,
05-17 23:55:49.499   326   348 I System.out: 24 0,554978082,921112850515219,921112908780125,0,921112916454138,921112916454920,921112916918149,921112917007993,921113086915700,921112915913826,8323558,921112917104295,921113066568461,921113066714607,921113072906743,921113082016534,26093,515156,921113082016534,921113074709451,0,921113072906743,
05-17 23:55:49.499   326   348 I System.out: 25 0,554978097,921112917113399,921113066950151,0,921113067998201,921113067999086,921113069406951,921113069500493,921112928780066,921113067526951,8324264,921113073220909,921113074880493,921113075070441,921113156053670,0,22968,254479,0,921113157221430,0,921113156053670,
05-17 23:55:49.502   326   348 I PerfettoCapture: Stopping perfetto.
05-17 23:55:49.511  6516 27239 W MediaProvider: isAppCloneUserPair for user 0: false
05-17 23:55:49.513  9911  9911 W RenderThread: type=1400 audit(0.0:1023995): avc:  denied  { getattr } for  path="/sys/module/metis/parameters/minor_window_app" dev="sysfs" ino=61699 scontext=u:r:untrusted_app:s0:c159,c257,c512,c768 tcontext=u:object_r:sysfs_migt:s0 tclass=file permissive=0 app=com.facebook.katana
05-17 23:55:49.519 29591 29645 I UriTaskContentObserver: (REDACTED) Throttling content uri change event for %s
05-17 23:55:49.517  9911  9911 W RenderThread: type=1400 audit(0.0:1023996): avc:  denied  { getattr } for  path="/sys/module/metis/parameters/minor_window_app" dev="sysfs" ino=61699 scontext=u:r:untrusted_app:s0:c159,c257,c512,c768 tcontext=u:object_r:sysfs_migt:s0 tclass=file permissive=0 app=com.facebook.katana
05-17 23:55:49.528  2626  7384 I ClipboardServiceI: checkProviderWakePathForClipboard: com.google.android.documentsuiis not a activePermissionOwner
05-17 23:55:49.557  1657 10484 I MiStcImpl: Dispatching command: 35 SET_HISTOGRAM
05-17 23:55:49.559  9802  9802 I perfetto:    perfetto_cmd.cc:1265 SIGINT/SIGTERM received: disabling tracing.
05-17 23:55:49.575  4655  5102 D EuiccConnector: handleMessage: E msg.what=6
05-17 23:55:49.575  4655  5102 D EuiccConnector: processMsg: ConnectedState
05-17 23:55:49.575  4655  5102 D EuiccConnector: handleMessage: X
05-17 23:55:49.582  2255  2255 I perfetto:  probes_producer.cc:454 Producer stop (id=261)
05-17 23:55:49.583  2255  2255 I perfetto:    ftrace_procfs.cc:445 disabled ftrace in /sys/kernel/tracing/
05-17 23:55:49.589  2255  2255 I perfetto:    ftrace_procfs.cc:445 disabled ftrace in /sys/kernel/tracing/
05-17 23:55:49.593  6516 27157 I MediaProvider: Invalidating LocalCallingIdentity cache for package com.decoutkhanqindev.dexreader.baselineprofile. Reason: owned_database_row_deleted:/storage/emulated/0/Android/media/com.decoutkhanqindev.dexreader.baselineprofile/temporaryScript_2787262960.sh
05-17 23:55:49.595  6516 27157 I MediaProvider: Deleted 0 0 0 0 0 0 1 items on external_primary due to com.android.shell
05-17 23:55:49.599   326   348 D Benchmark: kill -TERM command output - Output(stdout=, stderr=)
05-17 23:55:49.608  2384 31150 D BufferPoolAccessor2.0: bufferpool2 0xb4000074712e8c28 : 66(1000521 size) total buffers - 1(26582 size) used buffers - 754/5722 (recycle/alloc) - 4977/5721 (fetch/transfer)
05-17 23:55:49.641  2255  2255 I perfetto:  probes_producer.cc:454 Producer stop (id=262)
05-17 23:55:49.641  2255  2255 I perfetto:  probes_producer.cc:454 Producer stop (id=263)
05-17 23:55:49.641  2255  2255 I perfetto:  probes_producer.cc:454 Producer stop (id=264)
05-17 23:55:49.643  2255  2255 I perfetto:  probes_producer.cc:454 Producer stop (id=265)
05-17 23:55:49.664  9911  9957 W RenderInspector: DequeueBuffer time out on com.decoutkhanqindev.dexreader/com.decoutkhanqindev.dexreader.presentation.MainActivity, count=1, avg=8 ms, max=8 ms.
05-17 23:55:49.697  9802  9802 I perfetto:    perfetto_cmd.cc:1210 Trace written into the output file
05-17 23:55:49.701  2260  2260 I perfetto: ng_service_impl.cc:2553 Tracing session 11 ended, total sessions:0
05-17 23:55:49.758  1657 10484 I MiStcImpl: Dispatching command: 35 SET_HISTOGRAM
05-17 23:55:49.785   326   348 D Benchmark: Waiting 100 ms for [ProcessPid(processName=perfetto, pid=9802)] to die
05-17 23:55:49.792 22423 22423 W Finsky  : [2] STU: Failed to get storage stats for package 'com.google.android.appsearch' (1601: Error getting stats: android.content.pm.PackageManager.NameNotFoundException)
05-17 23:55:49.810 22423 22423 W Finsky  : [2] STU: Failed to get storage stats for package 'com.google.android.art' (1601: Error getting stats: android.content.pm.PackageManager.NameNotFoundException)
05-17 23:55:49.846   326   348 I PerfettoCapture: Writing to /storage/emulated/0/Android/media/com.decoutkhanqindev.dexreader.baselineprofile/StartupBenchmarks_startupBaselineProfile_iter000_2026-05-17-16-55-49.perfetto-trace.
05-17 23:55:49.856  6516 27152 W MediaProvider: isAppCloneUserPair for user 0: false
05-17 23:55:49.864  4689 32613 I FA      : Application backgrounded at: timestamp_millis: 1779036947858
05-17 23:55:49.874 22423 22423 W Finsky  : [2] STU: Failed to get storage stats for package 'com.google.android.mediaprovider' (1601: Error getting stats: android.content.pm.PackageManager.NameNotFoundException)
05-17 23:55:49.893  6516 23910 W MediaProvider: isAppCloneUserPair for user 0: false
05-17 23:55:49.901 29591 29645 I UriTaskContentObserver: (REDACTED) Throttling content uri change event for %s
05-17 23:55:49.906 22423 22423 W Finsky  : [2] STU: Failed to get storage stats for package 'com.android.virt' (1601: Error getting stats: android.content.pm.PackageManager.NameNotFoundException)
05-17 23:55:49.911 22423 22423 W Finsky  : [2] STU: Failed to get storage stats for package 'com.google.android.resolv' (1601: Error getting stats: android.content.pm.PackageManager.NameNotFoundException)
05-17 23:55:49.938  9609 21808 D MiSight::  sendEvent id=905001001
05-17 23:55:49.938  9609 21808 D MiSightJni: MiSight: Java_com_miui_misight_MiSight_nativeSendEvent enter called. '{"time":"23:55:49","broadTemp":39245,"packageName":"com.decoutkhanqindev.dexreader","scenarioName":"normal"}'
05-17 23:55:49.939  9609 21808 D MiEvent : MiEvent: this 0x76409eb560, paylod=0xb4000076cae7a8c0
05-17 23:55:49.939  9609 21808 D MiEvent : flatten EventId 905001001 -t 1779036949 -paraList {"broadTemp":39245,"packageName":"com.decoutkhanqindev.dexreader","scenarioName":"normal","time":"23:55:49"}
05-17 23:55:49.940  9609 21808 D MiEvent : report:EventId 905001001 -t 1779036949 -paraList {"broadTemp":39245,"packageName":"com.decoutkhanqindev.dexreader","scenarioName":"normal","time":"23:55:49"} success
05-17 23:55:49.940  9609 21808 D MiEvent : ~MiEvent: this 0x76409eb560, paylod=0xb4000076cae7a8c0
05-17 23:55:49.941 22423 22423 W Finsky  : [2] STU: Failed to get storage stats for package 'com.google.android.configinfrastructure' (1601: Error getting stats: android.content.pm.PackageManager.NameNotFoundException)
05-17 23:55:49.942 22423 22423 W Finsky  : [2] STU: Failed to get storage stats for package 'com.google.android.media' (1601: Error getting stats: android.content.pm.PackageManager.NameNotFoundException)
05-17 23:55:49.943  6516 25464 I MediaProvider: Invalidating LocalCallingIdentity cache for package com.decoutkhanqindev.dexreader.baselineprofile. Reason: owned_database_row_deleted:/storage/emulated/0/Android/media/com.decoutkhanqindev.dexreader.baselineprofile/temporaryScript_2731926643.sh
05-17 23:55:49.947  6516 25464 I MediaProvider: Deleted 0 0 0 0 0 0 1 items on external_primary due to com.android.shell
05-17 23:55:49.947 29591 29645 I UriTaskContentObserver: (REDACTED) Throttling content uri change event for %s
05-17 23:55:49.951   326   348 D Benchmark: Moving /storage/emulated/0/Android/media/com.decoutkhanqindev.dexreader.baselineprofile/StartupBenchmarks_startupBaselineProfile_iter000_2026-05-17-16-55-49.perfetto-trace to /sdcard/Android/media/com.decoutkhanqindev.dexreader.baselineprofile/additional_test_output/StartupBenchmarks_startupBaselineProfile_iter000_2026-05-17-16-55-49.perfetto-trace
05-17 23:55:49.959  1657 10484 I MiStcImpl: Dispatching command: 35 SET_HISTOGRAM
05-17 23:55:49.969   326   348 D Benchmark: Iteration 0 captured UiState{highlight_process=HighlightProcess{cmdline=com.decoutkhanqindev.dexreader}}
05-17 23:55:50.019 22423 22423 W Finsky  : [2] STU: Failed to get storage stats for package 'com.android.vndk.v31' (1601: Error getting stats: android.content.pm.PackageManager.NameNotFoundException)
05-17 23:55:50.022 22423 22423 W Finsky  : [2] STU: Failed to get storage stats for package 'com.android.vndk.v30' (1601: Error getting stats: android.content.pm.PackageManager.NameNotFoundException)
05-17 23:55:50.022 22423 22423 W Finsky  : [2] STU: Failed to get storage stats for package 'com.android.vndk.v33' (1601: Error getting stats: android.content.pm.PackageManager.NameNotFoundException)
05-17 23:55:50.023 22423 22423 W Finsky  : [2] STU: Failed to get storage stats for package 'com.android.vndk.v32' (1601: Error getting stats: android.content.pm.PackageManager.NameNotFoundException)
05-17 23:55:50.025 22423 22423 W Finsky  : [2] STU: Failed to get storage stats for package 'com.android.vndk.v34' (1601: Error getting stats: android.content.pm.PackageManager.NameNotFoundException)
05-17 23:55:50.035  9609  9858 D UidObserver: onUidIdle uid=10415 uidstate=100
05-17 23:55:50.094  9458  9458 I perfetto:      http_server.cc:271 [HTTP] POST /parse [body=9323741B, origin=""]
05-17 23:55:50.107  2626  3780 D MiuiNetworkPolicy: updateLimit mLimitEnabled=true,enabled=false,mNetworkPriorityMode=0,mThermalForceMode=0
05-17 23:55:50.108  2626  3780 I MiuiNetworkPolicy: getDisableLimitTimeout when thermal mode is:0
05-17 23:55:50.115 22423 22423 W Finsky  : [2] STU: Failed to get storage stats for package 'com.google.android.sdkext' (1601: Error getting stats: android.content.pm.PackageManager.NameNotFoundException)
05-17 23:55:50.128 22423 22423 W Finsky  : [2] STU: Failed to get storage stats for package 'com.google.android.adservices' (1601: Error getting stats: android.content.pm.PackageManager.NameNotFoundException)
05-17 23:55:50.128 22423 22423 W Finsky  : [2] STU: Failed to get storage stats for package 'com.google.android.tethering' (1601: Error getting stats: android.content.pm.PackageManager.NameNotFoundException)
05-17 23:55:50.153  9458  9458 I perfetto:      http_server.cc:271 [HTTP] GET /notify_eof [body=0B, origin=""]
05-17 23:55:50.160  1657 10484 I MiStcImpl: Dispatching command: 35 SET_HISTOGRAM
05-17 23:55:50.185 22423 22423 W Finsky  : [2] STU: Failed to get storage stats for package 'com.android.runtime' (1601: Error getting stats: android.content.pm.PackageManager.NameNotFoundException)
05-17 23:55:50.221 22423 22423 W Finsky  : [2] STU: Failed to get storage stats for package 'com.google.android.cellbroadcast' (1601: Error getting stats: android.content.pm.PackageManager.NameNotFoundException)
05-17 23:55:50.361  1657 10484 I MiStcImpl: Dispatching command: 35 SET_HISTOGRAM
05-17 23:55:50.369  7467  7598 E msgr.msys: E[C 1]_MCCLogErrorInternal(330)=>172/1067/2858/-1
05-17 23:55:50.373 22423 22423 W Finsky  : [2] STU: Failed to get storage stats for package 'com.google.android.tzdata5' (1601: Error getting stats: android.content.pm.PackageManager.NameNotFoundException)
05-17 23:55:50.373 15855 26847 E fb4a.msys: E[C 1]_MCCLogErrorInternal(330)=>172/1067/2858/-1
05-17 23:55:50.377  7467  7598 E msgr.msys: E[C 1]_MCCLogErrorInternal(330)=>172/1067/2858/-1
05-17 23:55:50.377 15855 26847 E fb4a.msys: E[C 1]_MCCLogErrorInternal(330)=>172/1067/2858/-1
05-17 23:55:50.404 22423 22423 W Finsky  : [2] STU: Failed to get storage stats for package 'com.google.android.permission' (1601: Error getting stats: android.content.pm.PackageManager.NameNotFoundException)
05-17 23:55:50.471  2444  3645 I libsensor-displayalgo: the value of channelCali C:341.396493,R:207.450681,G:120.626082,B:41.870094,scales C:1.017574,R:1.092311,G:1.010372,B:1.025091
05-17 23:55:50.471  2444  3645 E libsensor-displayalgo: value of coefs 5,850.303000,7.300256,-2.660090,1.550054,-8.640300, line 99
05-17 23:55:50.471  2444  3645 D libsensor-displayalgo: brightness:372.000000,R:112.198167,G:125.798682,B:152.293339,EVENT C:302.510284,R:157.505341,G:115.003906,B:42.501442, lux: 0.000000
05-17 23:55:50.471  2444  3645 I libsensor-displayalgo: ##### the value of lux: 0.000000, cct: 0.000000
05-17 23:55:50.471  2444  3645 I libsensor-ssccalapi: value of set_lux: 0.000000
05-17 23:55:50.471  2444  3645 I libsensor-ssccalapi: value of set cct: 0.000000
05-17 23:55:50.471  2444  3645 I sensors : send_request:296,  send_request suid high 48dd16bd suid low 2c177798
05-17 23:55:50.473  2444  3523 I sensors : handle_resp_cb:364, _fifo_resp not empty
05-17 23:55:50.473  2444  3523 I sensors : handle_resp_cb:377,  handle_resp_cb suid high 48dd16bd suid low 2c177798,_fifo_resp.begin() 4580e1e0
05-17 23:55:50.473  2444  3523 I sensors : handle_resp_cb:379, _fifo_resp still not empty
05-17 23:55:50.562  1657 10484 I MiStcImpl: Dispatching command: 35 SET_HISTOGRAM
05-17 23:55:50.571  2444  3645 I libsensor-displayalgo: the value of channelCali C:341.396493,R:207.450681,G:120.626082,B:41.870094,scales C:1.017574,R:1.092311,G:1.010372,B:1.025091
05-17 23:55:50.571  2444  3645 E libsensor-displayalgo: value of coefs 5,850.303000,7.300256,-2.660090,1.550054,-8.640300, line 99
05-17 23:55:50.571  2444  3645 D libsensor-displayalgo: brightness:372.000000,R:112.198167,G:125.798682,B:152.293339,EVENT C:292.509918,R:152.505173,G:112.503822,B:42.501442, lux: 0.000000
05-17 23:55:50.571  2444  3645 I libsensor-displayalgo: ##### the value of lux: 0.000000, cct: 0.000000
05-17 23:55:50.571  2444  3645 I libsensor-ssccalapi: value of set_lux: 0.000000
05-17 23:55:50.571  2444  3645 I libsensor-ssccalapi: value of set cct: 0.000000
05-17 23:55:50.572  2444  3645 I sensors : send_request:296,  send_request suid high 48dd16bd suid low 2c177798
05-17 23:55:50.573  2444  3523 I sensors : handle_resp_cb:364, _fifo_resp not empty
05-17 23:55:50.573  2444  3523 I sensors : handle_resp_cb:377,  handle_resp_cb suid high 48dd16bd suid low 2c177798,_fifo_resp.begin() 4580e1e0
05-17 23:55:50.573  2444  3523 I sensors : handle_resp_cb:379, _fifo_resp still not empty
05-17 23:55:50.574  2444  3645 I libsensor-displayalgo: the value of channelCali C:341.396493,R:207.450681,G:120.626082,B:41.870094,scales C:1.017574,R:1.092311,G:1.010372,B:1.025091
05-17 23:55:50.574  2444  3645 E libsensor-displayalgo: value of coefs 5,850.303000,7.300256,-2.660090,1.550054,-8.640300, line 99
05-17 23:55:50.574  2444  3645 D libsensor-displayalgo: brightness:372.000000,R:112.198167,G:125.798682,B:152.293339,EVENT C:300.010193,R:157.505341,G:115.003906,B:42.501442, lux: 0.000000
05-17 23:55:50.574  2444  3645 I libsensor-displayalgo: ##### the value of lux: 0.000000, cct: 0.000000
05-17 23:55:50.574  2444  3645 I libsensor-ssccalapi: value of set_lux: 0.000000
