05-17 23:54:28.384  1370  1767 W FlagStore: java.util.concurrent.ExecutionException: gjvm: 17: 17: API: Phenotype.API is not available on this device. Connection failed with: ConnectionResult{statusCode=DEVELOPER_ERROR, resolution=null, message=null, clientMethodKey=null}
05-17 23:54:28.384  1370  1767 W FlagStore: 	at hjtn.j(:com.google.android.gms@261833029@26.18.33 (190400-913931251):21)
05-17 23:54:28.384  1370  1767 W FlagStore: 	at hjtw.t(:com.google.android.gms@261833029@26.18.33 (190400-913931251):24)
05-17 23:54:28.384  1370  1767 W FlagStore: 	at hjtn.get(:com.google.android.gms@261833029@26.18.33 (190400-913931251):1)
05-17 23:54:28.384  1370  1767 W FlagStore: 	at hjyb.a(:com.google.android.gms@261833029@26.18.33 (190400-913931251):2)
05-17 23:54:28.384  1370  1767 W FlagStore: 	at hjwr.s(:com.google.android.gms@261833029@26.18.33 (190400-913931251):10)
05-17 23:54:28.384  1370  1767 W FlagStore: 	at gkba.d(:com.google.android.gms@261833029@26.18.33 (190400-913931251):1)
05-17 23:54:28.384  1370  1767 W FlagStore: 	at gkae.run(:com.google.android.gms@261833029@26.18.33 (190400-913931251):5)
05-17 23:54:28.384  1370  1767 W FlagStore: 	at java.util.concurrent.Executors$RunnableAdapter.call(Executors.java:520)
05-17 23:54:28.384  1370  1767 W FlagStore: 	at java.util.concurrent.FutureTask.run(FutureTask.java:317)
05-17 23:54:28.384  1370  1767 W FlagStore: 	at java.util.concurrent.ScheduledThreadPoolExecutor$ScheduledFutureTask.run(ScheduledThreadPoolExecutor.java:348)
05-17 23:54:28.384  1370  1767 W FlagStore: 	at java.util.concurrent.ThreadPoolExecutor.runWorker(ThreadPoolExecutor.java:1154)
05-17 23:54:28.384  1370  1767 W FlagStore: 	at java.util.concurrent.ThreadPoolExecutor$Worker.run(ThreadPoolExecutor.java:652)
05-17 23:54:28.384  1370  1767 W FlagStore: 	at java.lang.Thread.run(Thread.java:1564)
05-17 23:54:28.384  1370  1767 W FlagStore: Caused by: gjvm: 17: 17: API: Phenotype.API is not available on this device. Connection failed with: ConnectionResult{statusCode=DEVELOPER_ERROR, resolution=null, message=null, clientMethodKey=null}
05-17 23:54:28.384  1370  1767 W FlagStore: 	at gjvo.a(:com.google.android.gms@261833029@26.18.33 (190400-913931251):13)
05-17 23:54:28.384  1370  1767 W FlagStore: 	at hjtd.d(:com.google.android.gms@261833029@26.18.33 (190400-913931251):3)
05-17 23:54:28.384  1370  1767 W FlagStore: 	at hjtf.run(:com.google.android.gms@261833029@26.18.33 (190400-913931251):139)
05-17 23:54:28.384  1370  1767 W FlagStore: 	at hjvn.execute(:com.google.android.gms@261833029@26.18.33 (190400-913931251):1)
05-17 23:54:28.384  1370  1767 W FlagStore: 	at hjtn.f(:com.google.android.gms@261833029@26.18.33 (190400-913931251):1)
05-17 23:54:28.384  1370  1767 W FlagStore: 	at hjtn.m(:com.google.android.gms@261833029@26.18.33 (190400-913931251):101)
05-17 23:54:28.384  1370  1767 W FlagStore: 	at hjtn.q(:com.google.android.gms@261833029@26.18.33 (190400-913931251):16)
05-17 23:54:28.384  1370  1767 W FlagStore: 	at gbjq.hH(:com.google.android.gms@261833029@26.18.33 (190400-913931251):35)
05-17 23:54:28.384  1370  1767 W FlagStore: 	at fnvi.run(:com.google.android.gms@261833029@26.18.33 (190400-913931251):12)
05-17 23:54:28.384  1370  1767 W FlagStore: 	at hjvn.execute(:com.google.android.gms@261833029@26.18.33 (190400-913931251):1)
05-17 23:54:28.384  1370  1767 W FlagStore: 	at fnvj.b(:com.google.android.gms@261833029@26.18.33 (190400-913931251):18)
05-17 23:54:28.384  1370  1767 W FlagStore: 	at fnvy.b(:com.google.android.gms@261833029@26.18.33 (190400-913931251):34)
05-17 23:54:28.384  1370  1767 W FlagStore: 	at fnwf.B(:com.google.android.gms@261833029@26.18.33 (190400-913931251):17)
05-17 23:54:28.384  1370  1767 W FlagStore: 	at fnva.run(:com.google.android.gms@261833029@26.18.33 (190400-913931251):60)
05-17 23:54:28.384  1370  1767 W FlagStore: 	at hjvn.execute(:com.google.android.gms@261833029@26.18.33 (190400-913931251):1)
05-17 23:54:28.384  1370  1767 W FlagStore: 	at fnvb.b(:com.google.android.gms@261833029@26.18.33 (190400-913931251):8)
05-17 23:54:28.384  1370  1767 W FlagStore: 	at fnvy.b(:com.google.android.gms@261833029@26.18.33 (190400-913931251):34)
05-17 23:54:28.384  1370  1767 W FlagStore: 	at fnwa.d(:com.google.android.gms@261833029@26.18.33 (190400-913931251):22)
05-17 23:54:28.384  1370  1767 W FlagStore: 	at bhpv.e(:com.google.android.gms@261833029@26.18.33 (190400-913931251):9)
05-17 23:54:28.384  1370  1767 W FlagStore: 	at bhsm.q(:com.google.android.gms@261833029@26.18.33 (190400-913931251):48)
05-17 23:54:28.384  1370  1767 W FlagStore: 	at bhsm.d(:com.google.android.gms@261833029@26.18.33 (190400-913931251):10)
05-17 23:54:28.384  1370  1767 W FlagStore: 	at bhsm.g(:com.google.android.gms@261833029@26.18.33 (190400-913931251):191)
05-17 23:54:28.384  1370  1767 W FlagStore: 	at bhsm.onConnectionFailed(:com.google.android.gms@261833029@26.18.33 (190400-913931251):2)
05-17 23:54:28.384  1370  1767 W FlagStore: 	at bhso.run(:com.google.android.gms@261833029@26.18.33 (190400-913931251):70)
05-17 23:54:28.384  1370  1767 W FlagStore: 	at android.os.Handler.handleCallback(Handler.java:958)
05-17 23:54:28.384  1370  1767 W FlagStore: 	at android.os.Handler.dispatchMessage(Handler.java:99)
05-17 23:54:28.384  1370  1767 W FlagStore: 	at cyek.mP(:com.google.android.gms@261833029@26.18.33 (190400-913931251):1)
05-17 23:54:28.384  1370  1767 W FlagStore: 	at cyek.dispatchMessage(:com.google.android.gms@261833029@26.18.33 (190400-913931251):5)
05-17 23:54:28.384  1370  1767 W FlagStore: 	at android.os.Looper.loopOnce(Looper.java:224)
05-17 23:54:28.384  1370  1767 W FlagStore: 	at android.os.Looper.loop(Looper.java:318)
05-17 23:54:28.384  1370  1767 W FlagStore: 	at android.os.HandlerThread.run(HandlerThread.java:67)
05-17 23:54:28.384  1370  1767 W FlagStore: Caused by: bhoa: 17: API: Phenotype.API is not available on this device. Connection failed with: ConnectionResult{statusCode=DEVELOPER_ERROR, resolution=null, message=null, clientMethodKey=null}
05-17 23:54:28.384  1370  1767 W FlagStore: 	at bimg.a(:com.google.android.gms@261833029@26.18.33 (190400-913931251):15)
05-17 23:54:28.384  1370  1767 W FlagStore: 	at bhpy.a(:com.google.android.gms@261833029@26.18.33 (190400-913931251):1)
05-17 23:54:28.384  1370  1767 W FlagStore: 	at bhpv.e(:com.google.android.gms@261833029@26.18.33 (190400-913931251):5)
05-17 23:54:28.384  1370  1767 W FlagStore: 	... 12 more
05-17 23:54:28.385  1370  1544 D nativeloader: Load /data/app/~~yWD3JApKUgAuI-3psyatCw==/com.google.android.gms-tWhXQCPi9BmOgyfukWLsag==/base.apk!/lib/arm64-v8a/libconscrypt_gmscore_jni.so using class loader ns clns-9 (caller=/data/app/~~yWD3JApKUgAuI-3psyatCw==/com.google.android.gms-tWhXQCPi9BmOgyfukWLsag==/base.apk): ok
05-17 23:54:28.385  1370  1544 V NativeCrypto: Registering com/google/android/gms/org/conscrypt/NativeCrypto's 336 native methods...
05-17 23:54:28.392  1370  1544 I ProviderInstaller: Installed default security provider GmsCore_OpenSSL
05-17 23:54:28.399  2626  4403 D ConnectivityService: requestNetwork for uid/pid:10415/1370 activeRequest: null callbackRequest: 112700 [NetworkRequest [ REQUEST id=112701, [ Capabilities: INTERNET&NOT_RESTRICTED&TRUSTED&NOT_VCN_MANAGED Uid: 10415 RequestorUid: 10415 RequestorPkg: com.decoutkhanqindev.dexreader UnderlyingNetworks: Null] ]] callback flags: 0 order: 2147483647 isUidTracked: false declaredMethods: AVAIL|LOST|BLK
05-17 23:54:28.399  1853  3395 D MI-SF   : [FpsStat] construct...
05-17 23:54:28.402  2626  3781 D WifiNetworkFactory: got request NetworkRequest [ REQUEST id=112701, [ Capabilities: INTERNET&NOT_RESTRICTED&TRUSTED&NOT_VCN_MANAGED Uid: 10415 RequestorUid: 10415 RequestorPkg: com.decoutkhanqindev.dexreader UnderlyingNetworks: Null] ]
05-17 23:54:28.402  2626  3781 D UntrustedWifiNetworkFactory: got request NetworkRequest [ REQUEST id=112701, [ Capabilities: INTERNET&NOT_RESTRICTED&TRUSTED&NOT_VCN_MANAGED Uid: 10415 RequestorUid: 10415 RequestorPkg: com.decoutkhanqindev.dexreader UnderlyingNetworks: Null] ]
05-17 23:54:28.402  2626  3781 D OemPaidWifiNetworkFactory: got request NetworkRequest [ REQUEST id=112701, [ Capabilities: INTERNET&NOT_RESTRICTED&TRUSTED&NOT_VCN_MANAGED Uid: 10415 RequestorUid: 10415 RequestorPkg: com.decoutkhanqindev.dexreader UnderlyingNetworks: Null] ]
05-17 23:54:28.402  2626  3781 D MultiInternetWifiNetworkFactory: got request NetworkRequest [ REQUEST id=112701, [ Capabilities: INTERNET&NOT_RESTRICTED&TRUSTED&NOT_VCN_MANAGED Uid: 10415 RequestorUid: 10415 RequestorPkg: com.decoutkhanqindev.dexreader UnderlyingNetworks: Null] ]
05-17 23:54:28.402  2626  3794 D ConnectivityService: NetReassign [112701 : null → 350] [c 1] [a 1] [i 1]
05-17 23:54:28.407  1853  1853 D MI-SF   : [FpsStat] construct...
05-17 23:54:28.408  1853  3395 D MI-SF   : [FpsStat] construct...
05-17 23:54:28.417  1853  3395 I SurfaceFlinger: sf.setTransactionState focusRequest transactionId:11278587647568 frontWin:5b9b795 com.decoutkhanqindev.dexreader/com.decoutkhanqindev.dexreader.presentation.MainActivity
05-17 23:54:28.420  1853  1853 I SurfaceFlinger: sf.transactionReadyTimelineCheck focusRequest transactionId:11278587647568 vsyncId: -1
05-17 23:54:28.421  1853  1853 D MI-SF   : [FpsStat] construct...
05-17 23:54:28.422  1853  1853 D MI-SF   : [FpsStat] distroy...
05-17 23:54:28.424  1370  1439 I AdrenoGLES-0: QUALCOMM build                   : 8f5499ec14, Ie6ef1a0a80
05-17 23:54:28.424  1370  1439 I AdrenoGLES-0: Build Date                       : 07/14/23
05-17 23:54:28.424  1370  1439 I AdrenoGLES-0: OpenGL ES Shader Compiler Version: EV031.36.08.24
05-17 23:54:28.424  1370  1439 I AdrenoGLES-0: Local Branch                     :
05-17 23:54:28.424  1370  1439 I AdrenoGLES-0: Remote Branch                    : refs/tags/AU_LINUX_ANDROID_LA.VENDOR.1.0.11.00.00.766.892
05-17 23:54:28.424  1370  1439 I AdrenoGLES-0: Remote Branch                    : NONE
05-17 23:54:28.424  1370  1439 I AdrenoGLES-0: Reconstruct Branch               : NOTHING
05-17 23:54:28.424  1370  1439 I AdrenoGLES-0: Build Config                     : S P 12.1.1 AArch64
05-17 23:54:28.424  1370  1439 I AdrenoGLES-0: Driver Path                      : /vendor/lib64/egl/libGLESv2_adreno.so
05-17 23:54:28.424  1370  1439 I AdrenoGLES-0: Driver Version                   : 0615.73
05-17 23:54:28.431  1853  1853 D MI-SF   : [FpsStat] distroy...
05-17 23:54:28.433  1370  1439 I AdrenoGLES-0: PFP: 0x01710158, ME: 0x00000000
05-17 23:54:28.434  1370  1370 D VRI[MainActivity]: vri.reportNextDraw android.view.ViewRootImpl.performTraversals:4341 android.view.ViewRootImpl.doTraversal:2981 android.view.ViewRootImpl$TraversalRunnable.run:10293 android.view.Choreographer$CallbackRecord.run:1675 android.view.Choreographer$CallbackRecord.run:1684
05-17 23:54:28.435  1370  1370 D VRI[MainActivity]: vri.Setup new sync=wmsSync-VRI[MainActivity]#0
05-17 23:54:28.462  2384 31150 D BufferPoolAccessor2.0: bufferpool2 0xb4000074712e8c28 : 66(1090148 size) total buffers - 1(2231 size) used buffers - 315/4000 (recycle/alloc) - 3690/3999 (fetch/transfer)
05-17 23:54:28.473  1853  3395 D MI-SF   : debug.config.media.video.dolby_vision_suports == true
05-17 23:54:28.473  1853  3395 D MI-SF   : debug.config.media.video.dolby_vision_suports == true
05-17 23:54:28.473  1853  3395 D MI-SF   : debug.config.media.video.dolby_vision_suports == true
05-17 23:54:28.473  1853  3395 D MI-SF   : debug.config.media.video.dolby_vision_suports == true
05-17 23:54:28.474  1657  3124 I vendor.qti.hardware.display.composer-service: FrameNotifyProcess Sensor: notify citsensorservice to trigger cwb
05-17 23:54:28.475  2444  2532 I libcitsensorservice@2.0-impl: msg_transfer
05-17 23:54:28.475  2444  3621 I libsensor-parseRGB: request dump start
05-17 23:54:28.475  2444  3621 D vendor.xiaomi.sensor.citsensorservice@2.0-service: handle id:11 wxh:1280x2712 uwxuh:1220x2712 size: 10416128 fd:16 fd_meta:17 flags:0x4000228 usage:0x33  format:0x3 layer_count: 1 reserved_size = 0
05-17 23:54:28.475  1657  1987 D SDM     : HWCSession::SetCWBOutputBuffer: CWB config passed by cwb_client : tappoint 1  CWB_ROI : (817.000000 7.000000 978.000000 128.000000)
05-17 23:54:28.475  1657  3652 D SDM     : HWCSession::ProcessRequests: Successfully configured CWB buffer.
05-17 23:54:28.477  1370  1439 E OpenGLRenderer: Unable to match the desired swap behavior.
05-17 23:54:28.485  1657  3652 D SDM     : HWCSession::ProcessRequests: Pushing release fence in fenece wait queue.
05-17 23:54:28.485  1657  3652 D SDM     : HWCSession::ProcessRequests: Creating AsyncFenceWaits async thread.
05-17 23:54:28.485  1657  3652 D SDM     : HWCSession::ProcessRequests: Remove current CWB request from the pending request queue.
05-17 23:54:28.485  1657  3652 D SDM     : HWCSession::ProcessRequests: No pending cwb requests found in the queue.
05-17 23:54:28.491  1370  1439 D OpenGLRenderer: makeCurrent grContext:0xb4000075aa36a640 reset mTextureAvailable
05-17 23:54:28.491  1657  1804 D SDM     : HWDeviceDRM::SetupConcurrentWriteback: Tear down the Concurrent Writeback topology
05-17 23:54:28.494  1370  1439 D indev.dexreader: MiuiProcessManagerServiceStub setSchedFifo
05-17 23:54:28.494  1370  1439 I MiuiProcessManagerImpl: setSchedFifo pid:1370, mode:3
05-17 23:54:28.501  1657  3665 D SDM     : HWCSession::NotifyCWBStatus: Notify the client about buffer status 0.
05-17 23:54:28.502  1657  3665 D SDM     : HWCSession::PerformFenceWaits: Remove current release fence from the pending fence wait queue.
05-17 23:54:28.502  1657  3665 D SDM     : HWCSession::PerformFenceWaits: CWB fence queue is empty. No pending release fence to wait on.
05-17 23:54:28.502  2444  3622 D libsensor-parseRGB: the value of RGB [118.959202 118.959202 118.959202 815.970936 815.970936 815.970936 910.930974 910.930974 910.930974 410.728367 410.728367 410.728367]
05-17 23:54:28.531  2626  4536 D SLM-SRV-SLAService: checktemp temperature = 40529 temperature_average = 40438 isPerformanceMode = false thermal_enable_slm = true
05-17 23:54:28.553  1370  1370 W RenderThread: type=1400 audit(0.0:1023169): avc:  denied  { getattr } for  path="/sys/module/metis/parameters/minor_window_app" dev="sysfs" ino=61699 scontext=u:r:untrusted_app:s0:c159,c257,c512,c768 tcontext=u:object_r:sysfs_migt:s0 tclass=file permissive=0 app=com.decoutkhanqindev.dexreader
05-17 23:54:28.555  1370  1370 D VRI[MainActivity]: vri.reportDrawFinished
05-17 23:54:28.557  1853  1853 W Layer   : gatherBufferInfo: Received unknown dataspace from gralloc
05-17 23:54:28.559  1853  3395 D MI-SF   : [FpsStat] construct...
05-17 23:54:28.564  1370  1370 I Choreographer: Skipped 58 frames!  The application may be doing too much work on its main thread.
05-17 23:54:28.574  1853  1853 D MI-SF   : [FpsStat] construct...
05-17 23:54:28.574  2444  3645 I libsensor-displayalgo: the value of channelCali C:340.420027,R:208.243068,G:119.574302,B:41.260394,scales C:1.017574,R:1.092311,G:1.010372,B:1.025091
05-17 23:54:28.574  2444  3645 E libsensor-displayalgo: value of coefs 5,850.303000,7.300256,-2.660090,1.550054,-8.640300, line 99
05-17 23:54:28.574  2444  3645 D libsensor-displayalgo: brightness:372.000000,R:118.959202,G:118.959202,B:118.959202,EVENT C:282.509583,R:150.005096,G:105.003563,B:37.501274, lux: 0.000000
05-17 23:54:28.574  2444  3645 I libsensor-displayalgo: ##### the value of lux: 0.000000, cct: 0.000000
05-17 23:54:28.575  2444  3645 I libsensor-ssccalapi: value of set_lux: 0.000000
05-17 23:54:28.575  2444  3645 I libsensor-ssccalapi: value of set cct: 0.000000
05-17 23:54:28.575  2444  3645 I sensors : send_request:296,  send_request suid high 48dd16bd suid low 2c177798
05-17 23:54:28.581  2444  3523 I sensors : handle_resp_cb:364, _fifo_resp not empty
05-17 23:54:28.582  2444  3523 I sensors : handle_resp_cb:377,  handle_resp_cb suid high 48dd16bd suid low 2c177798,_fifo_resp.begin() 4580e1e0
05-17 23:54:28.582  2444  3523 I sensors : handle_resp_cb:379, _fifo_resp still not empty
05-17 23:54:28.586  1657 10484 I MiStcImpl: Dispatching command: 35 SET_HISTOGRAM
05-17 23:54:28.587  2626  2644 I ActivityTaskManager: Displayed com.decoutkhanqindev.dexreader/.presentation.MainActivity for user 0: +986ms
05-17 23:54:28.585  1370  1370 W RenderThread: type=1400 audit(0.0:1023170): avc:  denied  { getattr } for  path="/sys/module/metis/parameters/minor_window_app" dev="sysfs" ino=61699 scontext=u:r:untrusted_app:s0:c159,c257,c512,c768 tcontext=u:object_r:sysfs_migt:s0 tclass=file permissive=0 app=com.decoutkhanqindev.dexreader
05-17 23:54:28.597  4660  4929 W WindowOnBackDispatcher: sendCancelIfRunning: isInProgress=falsecallback=android.view.ViewRootImpl$$ExternalSyntheticLambda21@e8962e3
05-17 23:54:28.599  1853  3122 I BpBinder: onLastStrongRef automatically unlinking death recipients:
05-17 23:54:28.599  1853  1853 W Layer   : gatherBufferInfo: Received unknown dataspace from gralloc
05-17 23:54:28.600  1853  1853 D RefreshRateSelector: Touch Boost
05-17 23:54:28.600  1853  1853 D MI-SF   : mIsSupportAutomodeForMaxFpsSetting is 0(0), getCurrentBrightness() = 1272(1350), mIsKeepAutoMode 0
05-17 23:54:28.600  1853  1853 D RefreshRateSelector: fixedMode_group: 0, isFindModeGroup 0
05-17 23:54:28.600  1853  1853 D RefreshRateSelector: find max refresh rate:120, mode Group:0
05-17 23:54:28.600  2626  5547 W InputManager-JNI: Input channel object 'a525251 Splash Screen com.decoutkhanqindev.dexreader (client)' was disposed without first being removed with the input manager!
05-17 23:54:28.601  1853  3122 D MI-SF   : [FpsStat] construct...
05-17 23:54:28.601  1370  1370 W RenderThread: type=1400 audit(0.0:1023171): avc:  denied  { getattr } for  path="/sys/module/metis/parameters/minor_window_app" dev="sysfs" ino=61699 scontext=u:r:untrusted_app:s0:c159,c257,c512,c768 tcontext=u:object_r:sysfs_migt:s0 tclass=file permissive=0 app=com.decoutkhanqindev.dexreader
05-17 23:54:28.609  2626  4959 I ClipboardServiceI: checkProviderWakePathForClipboard: com.decoutkhanqindev.dexreaderis not a activePermissionOwner
05-17 23:54:28.610  4562  4575 W DynamicDDSService: appName is not found in cache: com.miui.home
05-17 23:54:28.612  1370  1370 I HandWritingStubImpl: refreshLastKeyboardType: 1
05-17 23:54:28.612  1370  1370 I HandWritingStubImpl: getCurrentKeyboardType: 1
05-17 23:54:28.615  1853  1853 D MI-SF   : [FpsStat] construct...
05-17 23:54:28.615  1853  1853 W Layer   : gatherBufferInfo: Received unknown dataspace from gralloc
05-17 23:54:28.616  2626  5547 I ImeTracker: com.decoutkhanqindev.dexreader:b5e62f38: onRequestHide at ORIGIN_SERVER_HIDE_INPUT reason HIDE_UNSPECIFIED_WINDOW
05-17 23:54:28.616  2626  5547 I ImeTracker: com.decoutkhanqindev.dexreader:b5e62f38: onCancelled at PHASE_SERVER_SHOULD_HIDE
05-17 23:54:28.617  1370  1370 W RenderThread: type=1400 audit(0.0:1023172): avc:  denied  { getattr } for  path="/sys/module/metis/parameters/minor_window_app" dev="sysfs" ino=61699 scontext=u:r:untrusted_app:s0:c159,c257,c512,c768 tcontext=u:object_r:sysfs_migt:s0 tclass=file permissive=0 app=com.decoutkhanqindev.dexreader
05-17 23:54:28.619  9609 12294 D MirrorManager:  sendAcceptInput 0 0
05-17 23:54:28.623 29591 29786 I FontLog : (REDACTED) Received query %s, URI %s
05-17 23:54:28.624 29591 29786 I FontLog : (REDACTED) Query [%s] resolved to %s
05-17 23:54:28.626 29591 29786 I FontLog : (REDACTED) Fetch %s end status %s
05-17 23:54:28.626  1853  1853 D MI-SF   : [FpsStat] distroy...
05-17 23:54:28.629 29591 29785 I FontLog : (REDACTED) Pulling font file for id = %d, cache size = %d
05-17 23:54:28.630  1657  3124 I vendor.qti.hardware.display.composer-service: FrameNotifyProcess Sensor: notify citsensorservice to trigger cwb
05-17 23:54:28.631  1853  3122 D MI-SF   : updateScene: module = 270 (Input), value = 0, pkg = com.decoutkhanqindev.dexreader, Vrr = 1
05-17 23:54:28.631  2444  3770 I libcitsensorservice@2.0-impl: msg_transfer
05-17 23:54:28.631  1853  3122 D RefreshRateSelector: Touch Boost
05-17 23:54:28.631  1853  3122 D MI-SF   : mIsSupportAutomodeForMaxFpsSetting is 0(0), getCurrentBrightness() = 1272(1350), mIsKeepAutoMode 0
05-17 23:54:28.631  1853  3122 D RefreshRateSelector: fixedMode_group: 0, isFindModeGroup 0
05-17 23:54:28.631  1853  3122 D RefreshRateSelector: find max refresh rate:120, mode Group:0
05-17 23:54:28.631  1853  3122 D MI-SF   : updateScene mSetInputFlag status 0
05-17 23:54:28.631  2444  3621 I libsensor-parseRGB: request dump start
05-17 23:54:28.631  2444  3621 D vendor.xiaomi.sensor.citsensorservice@2.0-service: handle id:11 wxh:1280x2712 uwxuh:1220x2712 size: 10416128 fd:16 fd_meta:17 flags:0x4000228 usage:0x33  format:0x3 layer_count: 1 reserved_size = 0
05-17 23:54:28.631  1657  1987 D SDM     : HWCSession::SetCWBOutputBuffer: CWB config passed by cwb_client : tappoint 1  CWB_ROI : (817.000000 7.000000 978.000000 128.000000)
05-17 23:54:28.632  1657  3652 D SDM     : HWCSession::ProcessRequests: Successfully configured CWB buffer.
05-17 23:54:28.633 29591 29786 I FontLog : (REDACTED) Pulling font file for id = %d, cache size = %d
05-17 23:54:28.633  4689  4689 D Launcher.Lifecycle: onStop:UserHandle{0},c5ba44a,false
05-17 23:54:28.633  4689  4689 D SoscSplitStateController: updateDividerFixedState: isFixed = false
05-17 23:54:28.634  4689  4689 D Launcher_UnlockAnimationStateMachine: onStop = IDLE
05-17 23:54:28.637 31869 31869 I GoogleInputMethodService: GoogleInputMethodService.onFinishInput():2259
05-17 23:54:28.638 20260 20312 D LauncherOverlay: setActivityState:0
05-17 23:54:28.638 20260 20260 I LauncherOverlayCallback: handleMessage WHAT_ACTIVITY_STATE_CHANGED what：0
05-17 23:54:28.638 20260 20260 D LauncherOverlay.Window: onStop
05-17 23:54:28.638 20260 20260 I LauncherOverlayCallback: handleMessage WHAT_LAUNCHER_STATE what：0
05-17 23:54:28.638 20260 20260 D LauncherOverlay.Window: launcherState 0
05-17 23:54:28.638 20260 20260 D LauncherOverlay.Window: resumedStateNow 0,resumedStateNew = 0
05-17 23:54:28.638  1853  1853 W Layer   : gatherBufferInfo: Received unknown dataspace from gralloc
05-17 23:54:28.639 31869 31869 I Module  : DeviceLockedStatusModuleProvider$Module.updateDeviceLockedStatus():103 repeatCheckTimes = 0, locked = false
05-17 23:54:28.639 31869 31869 I GoogleInputMethodService: GoogleInputMethodService.onStartInput():1446 onStartInput(EditorInfo{EditorInfo{packageName=com.decoutkhanqindev.dexreader, inputType=0, inputTypeString=NULL, enableLearning=false, autoCorrection=false, autoComplete=false, imeOptions=0, privateImeOptions=null, actionName=UNSPECIFIED, actionLabel=null, initialSelStart=-1, initialSelEnd=-1, initialCapsMode=0, label=null, fieldId=0, fieldName=null, extras=Bundle[mParcelledData.dataSize=72], hintText=null, hintLocales=[]}}, false)
05-17 23:54:28.639 31869 31869 I AndroidIME: LatinIMEBase.updateInputViewCoverNavigation():322 Update input view padding, isNavbarOverInputWindow=false, bottom inset=0
05-17 23:54:28.640 31869 31869 I Module  : DeviceLockedStatusModuleProvider$Module.updateDeviceLockedStatus():103 repeatCheckTimes = 1, locked = false
05-17 23:54:28.644  1657  3652 D SDM     : HWCSession::ProcessRequests: Pushing release fence in fenece wait queue.
05-17 23:54:28.645  4689  4689 E Launcher.application: setClickAppWaitForCallback = false
05-17 23:54:28.645  1657  3652 D SDM     : HWCSession::ProcessRequests: Creating AsyncFenceWaits async thread.
05-17 23:54:28.645  1657  3652 D SDM     : HWCSession::ProcessRequests: Remove current CWB request from the pending request queue.
05-17 23:54:28.645  1657  3652 D SDM     : HWCSession::ProcessRequests: No pending cwb requests found in the queue.
05-17 23:54:28.648  1697  6262 E ANDR-PERF-LM: VmRssMeter:: start() 358: Could not find pid, can not collect vmrss data
05-17 23:54:28.648  1697  6262 E ANDR-PERF-LM: AdaptiveLaunch: writeToDataBase() 64: Meter aborted or could not get meter data for this run
05-17 23:54:28.651  1657  1804 D SDM     : HWDeviceDRM::SetupConcurrentWriteback: Tear down the Concurrent Writeback topology
05-17 23:54:28.652  1370  1370 I HandWritingStubImpl: getCurrentKeyboardType: 1
05-17 23:54:28.658  1853  3395 D MI-SF   : [FpsStat] construct...
05-17 23:54:28.660  1657  3665 D SDM     : HWCSession::NotifyCWBStatus: Notify the client about buffer status 0.
05-17 23:54:28.660  1657  3665 D SDM     : HWCSession::PerformFenceWaits: Remove current release fence from the pending fence wait queue.
05-17 23:54:28.660  1657  3665 D SDM     : HWCSession::PerformFenceWaits: CWB fence queue is empty. No pending release fence to wait on.
05-17 23:54:28.660  2444  3622 D libsensor-parseRGB: the value of RGB [117.561769 118.959202 122.958395 815.234226 815.970936 818.841147 909.727604 910.930974 913.478029 409.475281 410.728367 414.301637]
05-17 23:54:28.662  4689  4689 D EditorStubImpl: Type = 2, RectF = RectF(450.0, 709.0, 570.0, 829.0), mInsertionHandleData = [HandleData{mIsShow=false, mPosition=RectF(450.0, 709.0, 570.0, 829.0)}]
05-17 23:54:28.667  1853  1853 D MI-SF   : [FpsStat] construct...
05-17 23:54:28.668  1697  6261 E ANDR-PERF-LM: VmRssMeter:: start() 358: Could not find pid, can not collect vmrss data
05-17 23:54:28.674  2444  3645 I libsensor-displayalgo: the value of channelCali C:340.271764,R:208.025861,G:119.566448,B:41.291309,scales C:1.017574,R:1.092311,G:1.010372,B:1.025091
05-17 23:54:28.674  2444  3645 E libsensor-displayalgo: value of coefs 5,850.303000,7.300256,-2.660090,1.550054,-8.640300, line 99
05-17 23:54:28.674  2444  3645 D libsensor-displayalgo: brightness:372.000000,R:117.561769,G:118.959202,B:122.958395,EVENT C:290.009857,R:150.005096,G:110.003738,B:40.001358, lux: 0.000000
05-17 23:54:28.674  2444  3645 I libsensor-displayalgo: ##### the value of lux: 0.000000, cct: 0.000000
05-17 23:54:28.674  2444  3645 I libsensor-ssccalapi: value of set_lux: 0.000000
05-17 23:54:28.674  2444  3645 I libsensor-ssccalapi: value of set cct: 0.000000
05-17 23:54:28.675  2444  3645 I sensors : send_request:296,  send_request suid high 48dd16bd suid low 2c177798
05-17 23:54:28.677  2444  3523 I sensors : handle_resp_cb:364, _fifo_resp not empty
05-17 23:54:28.677  2444  3523 I sensors : handle_resp_cb:377,  handle_resp_cb suid high 48dd16bd suid low 2c177798,_fifo_resp.begin() 4580e1e0
05-17 23:54:28.677  2444  3523 I sensors : handle_resp_cb:379, _fifo_resp still not empty
05-17 23:54:28.680  4689  9269 D RecentsModel: onTaskStackChangedBackground
05-17 23:54:28.680  4689  9269 D EventBus: No subscribers registered for event class com.miui.home.recents.messages.RecentTasksChangedEvent
05-17 23:54:28.680  4689  9269 D EventBus: No subscribers registered for event class org.greenrobot.eventbus.NoSubscriberEvent
05-17 23:54:28.682  1853  1853 D MI-SF   : [FpsStat] distroy...
05-17 23:54:28.685 29591 29591 D BoundBrokerSvc: onRebind: Intent { act=com.google.android.gms.common.telemetry.service.START dat=chimera-action:/... cmp=com.google.android.gms/.chimera.PersistentApiService }
05-17 23:54:28.690  4689  5023 D RecentsModel: onTaskStackChangedBackground    MSG_TASK_STACK_CHANGE
05-17 23:54:28.694  1853  1853 D MI-SF   : [FpsStat] distroy...
05-17 23:54:28.695  2626  3780 I MiuiNetworkPolicy: updateUidState uid = 99622, uidState = 5
05-17 23:54:28.696  2626  3780 I MiuiNetworkPolicy: updateUidState uid = 10283, uidState = 5
05-17 23:54:28.696  2626  3780 I MiuiNetworkPolicy: updateUidState uid = 10281, uidState = 5
05-17 23:54:28.696  2626  3780 I MiuiNetworkPolicy: updateUidState uid = 10203, uidState = 5
05-17 23:54:28.696  2626  3780 I MiuiNetworkPolicy: updateUidState uid = 10185, uidState = 4
05-17 23:54:28.696  2626  3780 I MiuiNetworkPolicy: updateUidState uid = 10170, uidState = 4
05-17 23:54:28.696  2626  3780 I MiuiNetworkPolicy: updateUidState uid = 10164, uidState = 5
05-17 23:54:28.696  2626  3780 I MiuiNetworkPolicy: updateUidState uid = 10150, uidState = 5
05-17 23:54:28.703  4689  5023 D RecentsModel: preloadRecents
05-17 23:54:28.703  4689  5023 W RecentsModel: getRunningTask
05-17 23:54:28.705  4689  5023 W RecentsModel: getRunningTask   taskInfo=TaskInfo{userId=0 taskId=3030 displayId=0 isRunning=true baseIntent=Intent { act=android.intent.action.MAIN cat=[android.intent.category.LAUNCHER] flg=0x10008000 pkg=com.decoutkhanqindev.dexreader cmp=com.decoutkhanqindev.dexreader/.presentation.MainActivity } baseActivity=ComponentInfo{com.decoutkhanqindev.dexreader/com.decoutkhanqindev.dexreader.presentation.MainActivity} topActivity=ComponentInfo{com.decoutkhanqindev.dexreader/com.decoutkhanqindev.dexreader.presentation.MainActivity} origActivity=null realActivity=ComponentInfo{com.decoutkhanqindev.dexreader/com.decoutkhanqindev.dexreader.presentation.MainActivity} numActivities=1 lastActiveTime=2251789765 supportsSplitScreenMultiWindow=true supportsMultiWindow=true resizeMode=1 isResizeable=true minWidth=-1 minHeight=-1 defaultMinSize=200 token=WCT{android.window.IWindowContainerToken$Stub$Proxy@62890e9} topActivityType=1 pictureInPictureParams=null shouldDockBigOverlays=false launchIntoPipHostTaskId=-1 lastParentTaskIdBeforePip=-1 displayCutoutSafeInsets=null topActivityInfo=ActivityInfo{8a2e16e com.decoutkhanqindev.dexreader.presentation.MainActivity} launchCookies=[] positionInParent=Point(0, 0) parentTaskId=-1 isFocused=true isVisible=true isVisibleRequested=true isSleeping=false topActivityInSizeCompat=false topActivityInMiuiSizeCompat=false topActivityEligibleForLetterboxEducation= false topActivityLetterboxed= false isFromDoubleTap= false topActivityLetterboxVerticalPosition= -1 topActivityLetterboxHorizontalPosition= -1 topActivityLetterboxWidth=-1 topActivityLetterboxHeight=-1 locusId=null displayAreaFeatureId=1 cameraCompatControlState=hidden mIsCastMode=false mTopActivityMediaSize=null mTopActivityRecordName=ActivityRecord{d6cebbf u0 com.decoutkhanqindev.dexreader/.presentation.MainActivity t3030} mTopActivityOrientation=1 mTopActivityWindowIsNowVisible=true isTranslucent=false isEmbedded=false shouldBeVisible=true mBehindAppLockPkg=null mOriginatingUid=0}
05-17 23:54:28.705  4689  5023 W RecentsModel: getTaskInfoIgnoreHomeAndFreeform   taskInfo=ComponentInfo{com.decoutkhanqindev.dexreader/com.decoutkhanqindev.dexreader.presentation.MainActivity}
05-17 23:54:28.707  4689  5023 E ActivityManagerWrapper: get all recent tasks force including 3030
05-17 23:54:28.709  1853  1853 D RefreshRateSelector: Touch Boost
05-17 23:54:28.709  1853  1853 D MI-SF   : mIsSupportAutomodeForMaxFpsSetting is 0(0), getCurrentBrightness() = 1272(1350), mIsKeepAutoMode 0
05-17 23:54:28.709  1853  1853 D RefreshRateSelector: fixedMode_group: 0, isFindModeGroup 0
05-17 23:54:28.709  1853  1853 D RefreshRateSelector: find max refresh rate:120, mode Group:0
05-17 23:54:28.710  1853  1853 D MI-SF   : [FpsStat] distroy...
05-17 23:54:28.716  1853  1853 D MI-SF   : Launcher Changed hasLauncher=0
05-17 23:54:28.720  4689  5023 E ActivityManagerWrapper: getRecentTasks: size=3
05-17 23:54:28.722  4689  5023 E ActivityManagerWrapper: getRecentTasks: mainTaskId=3030   userId=0   windowMode=1   baseIntent=Intent { act=android.intent.action.MAIN flag=268468224 cmp=ComponentInfo{com.decoutkhanqindev.dexreader/com.decoutkhanqindev.dexreader.presentation.MainActivity} }
05-17 23:54:28.722  4689  5023 E ActivityManagerWrapper: getRecentTasks: mainTaskId=3027   userId=0   windowMode=1   baseIntent=Intent { act=android.intent.action.MAIN flag=270532608 cmp=ComponentInfo{com.android.settings/com.android.settings.MainSettings} }
05-17 23:54:28.722  4689  5023 E ActivityManagerWrapper: getRecentTasks: mainTaskId=3026   userId=0   windowMode=1   baseIntent=Intent { act=android.settings.APPLICATION_DETAILS_SETTINGS flag=268468224 cmp=ComponentInfo{com.android.settings/com.android.settings.applications.InstalledAppDetails} }
05-17 23:54:28.727  1853  1853 D MI-SF   : [FpsStat] distroy...
05-17 23:54:28.733  7324 25335 D PMonitor:  onForegroundActivitiesChanged:pid = 4689,activity-uid=10150,foregroundActivities=false
05-17 23:54:28.744  6516 27155 I MediaProvider: Invalidating LocalCallingIdentity cache for package com.decoutkhanqindev.dexreader.baselineprofile. Reason: owned_database_row_deleted:/storage/emulated/0/Android/media/com.decoutkhanqindev.dexreader.baselineprofile/temporaryScript_1210045482.sh
05-17 23:54:28.754  1370  1439 W RenderInspector: DequeueBuffer time out on com.decoutkhanqindev.dexreader/com.decoutkhanqindev.dexreader.presentation.MainActivity, count=3, avg=7 ms, max=9 ms.
05-17 23:54:28.766  6516 27155 I MediaProvider: Deleted 0 0 0 0 0 0 1 items on external_primary due to com.android.shell
05-17 23:54:28.770  1853  1853 D MI-SF   : [FpsStat] distroy...
05-17 23:54:28.770   326   348 D Benchmark: Result: Starting: Intent { act=android.intent.action.MAIN cat=[android.intent.category.LAUNCHER] flg=0x10008000 pkg=com.decoutkhanqindev.dexreader cmp=com.decoutkhanqindev.dexreader/.presentation.MainActivity }
05-17 23:54:28.770   326   348 D Benchmark: Status: ok
05-17 23:54:28.770   326   348 D Benchmark: LaunchState: COLD
05-17 23:54:28.770   326   348 D Benchmark: Activity: com.decoutkhanqindev.dexreader/.presentation.MainActivity
05-17 23:54:28.770   326   348 D Benchmark: TotalTime: 986
05-17 23:54:28.770   326   348 D Benchmark: WaitTime: 995
05-17 23:54:28.770   326   348 D Benchmark: Complete
05-17 23:54:28.781  1853  1853 D MI-SF   : [FpsStat] distroy...
05-17 23:54:28.782  1853  1853 D MI-SF   : [FpsStat] distroy...
05-17 23:54:28.787  1657 10484 I MiStcImpl: Dispatching command: 35 SET_HISTOGRAM
05-17 23:54:28.792  1853  1853 D MI-SF   : [FpsStat] distroy...
05-17 23:54:28.792  1853  1853 D MI-SF   : [FpsStat] distroy...
05-17 23:54:28.792  1853  1853 D MI-SF   : [FpsStat] distroy...
05-17 23:54:28.839  1370  1439 W RenderInspector: DequeueBuffer time out on com.decoutkhanqindev.dexreader/com.decoutkhanqindev.dexreader.presentation.MainActivity, count=1, avg=9 ms, max=9 ms.
05-17 23:54:28.902  2626  7404 I ClipboardServiceI: checkProviderWakePathForClipboard: com.google.android.apps.nbu.filesis not a activePermissionOwner
05-17 23:54:28.922  1657  3124 I vendor.qti.hardware.display.composer-service: FrameNotifyProcess Sensor: notify citsensorservice to trigger cwb
05-17 23:54:28.923  2444  2444 I libcitsensorservice@2.0-impl: msg_transfer
05-17 23:54:28.924  2444  3621 I libsensor-parseRGB: request dump start
05-17 23:54:28.924  2444  3621 D vendor.xiaomi.sensor.citsensorservice@2.0-service: handle id:11 wxh:1280x2712 uwxuh:1220x2712 size: 10416128 fd:16 fd_meta:17 flags:0x4000228 usage:0x33  format:0x3 layer_count: 1 reserved_size = 0
05-17 23:54:28.925  1657  1987 D SDM     : HWCSession::SetCWBOutputBuffer: CWB config passed by cwb_client : tappoint 1  CWB_ROI : (817.000000 7.000000 978.000000 128.000000)
05-17 23:54:28.925  1657  3652 D SDM     : HWCSession::ProcessRequests: Successfully configured CWB buffer.
05-17 23:54:28.930  1657  3652 D SDM     : HWCSession::ProcessRequests: Pushing release fence in fenece wait queue.
05-17 23:54:28.930  1657  3652 D SDM     : HWCSession::ProcessRequests: Creating AsyncFenceWaits async thread.
05-17 23:54:28.930  1657  3652 D SDM     : HWCSession::ProcessRequests: Remove current CWB request from the pending request queue.
05-17 23:54:28.930  1657  3652 D SDM     : HWCSession::ProcessRequests: No pending cwb requests found in the queue.
05-17 23:54:28.936  1657  3124 I vendor.qti.hardware.display.composer-service: FrameNotifyProcess Sensor: notify citsensorservice to trigger cwb
05-17 23:54:28.936  2444  2444 I libcitsensorservice@2.0-impl: msg_transfer
05-17 23:54:28.936  1657  1804 D SDM     : HWDeviceDRM::SetupConcurrentWriteback: Tear down the Concurrent Writeback topology
05-17 23:54:28.936  2444  3621 I libsensor-parseRGB: request dump start
05-17 23:54:28.936  2444  3621 D vendor.xiaomi.sensor.citsensorservice@2.0-service: handle id:11 wxh:1280x2712 uwxuh:1220x2712 size: 10416128 fd:16 fd_meta:17 flags:0x4000228 usage:0x33  format:0x3 layer_count: 1 reserved_size = 0
05-17 23:54:28.937  1657  1987 D SDM     : HWCSession::SetCWBOutputBuffer: CWB config passed by cwb_client : tappoint 1  CWB_ROI : (817.000000 7.000000 978.000000 128.000000)
05-17 23:54:28.937  1657  3652 W SDM     : HWCDisplay::SetReadbackBuffer: CWB teardown is currently undergoing on display = -1
05-17 23:54:28.943  1657  3665 D SDM     : HWCSession::NotifyCWBStatus: Notify the client about buffer status 0.
05-17 23:54:28.943  1657  3665 D SDM     : HWCSession::PerformFenceWaits: Remove current release fence from the pending fence wait queue.
05-17 23:54:28.943  1657  3665 D SDM     : HWCSession::PerformFenceWaits: CWB fence queue is empty. No pending release fence to wait on.
05-17 23:54:28.943  2626  2644 I ActivityTaskManager: Fully drawn com.decoutkhanqindev.dexreader/.presentation.MainActivity: +1s366ms
05-17 23:54:28.944  1657  3652 D SDM     : HWCSession::NotifyCWBStatus: Notify the client about buffer status -1.
05-17 23:54:28.944  1657  3652 D SDM     : HWCSession::ProcessRequests: Remove current CWB request from the pending request queue.
05-17 23:54:28.944  1657  3652 D SDM     : HWCSession::ProcessRequests: No pending cwb requests found in the queue.
05-17 23:54:28.949  2444  3622 D libsensor-parseRGB: the value of RGB [112.198167 125.798682 152.293339 810.746359 821.314787 841.303503 905.125603 916.160604 935.271630 404.711815 416.874052 440.954117]
05-17 23:54:28.974  6516 25001 W MediaProvider: isAppCloneUserPair for user 0: false
05-17 23:54:28.975  2444  3645 I libsensor-displayalgo: the value of channelCali C:341.396493,R:207.450681,G:120.626082,B:41.870094,scales C:1.017574,R:1.092311,G:1.010372,B:1.025091
05-17 23:54:28.975  2444  3645 E libsensor-displayalgo: value of coefs 5,850.303000,7.300256,-2.660090,1.550054,-8.640300, line 99
05-17 23:54:28.975  2444  3645 D libsensor-displayalgo: brightness:372.000000,R:112.198167,G:125.798682,B:152.293339,EVENT C:290.009857,R:152.505173,G:107.503647,B:40.001358, lux: 0.000000
05-17 23:54:28.975  2444  3645 I libsensor-displayalgo: ##### the value of lux: 0.000000, cct: 0.000000
05-17 23:54:28.975  2444  3645 I libsensor-ssccalapi: value of set_lux: 0.000000
05-17 23:54:28.975  2444  3645 I libsensor-ssccalapi: value of set cct: 0.000000
05-17 23:54:28.975  2444  3645 I sensors : send_request:296,  send_request suid high 48dd16bd suid low 2c177798
05-17 23:54:28.977  2444  3523 I sensors : handle_resp_cb:364, _fifo_resp not empty
05-17 23:54:28.977  2444  3523 I sensors : handle_resp_cb:377,  handle_resp_cb suid high 48dd16bd suid low 2c177798,_fifo_resp.begin() 4580e1e0
05-17 23:54:28.978  2444  3523 I sensors : handle_resp_cb:379, _fifo_resp still not empty
05-17 23:54:28.989  1657 10484 I MiStcImpl: Dispatching command: 35 SET_HISTOGRAM
05-17 23:54:29.047  2626  3780 I MiuiNetworkPolicy: updateUidState uid = 10309, uidState = 10
05-17 23:54:29.057  2626  3780 I MiuiNetworkPolicy: updateUidState uid = 10309, uidState = 19
05-17 23:54:29.189  1370  1370 W RenderThread: type=1400 audit(0.0:1023204): avc:  denied  { getattr } for  path="/sys/module/metis/parameters/minor_window_app" dev="sysfs" ino=61699 scontext=u:r:untrusted_app:s0:c159,c257,c512,c768 tcontext=u:object_r:sysfs_migt:s0 tclass=file permissive=0 app=com.decoutkhanqindev.dexreader
05-17 23:54:29.191  1657 10484 I MiStcImpl: Dispatching command: 35 SET_HISTOGRAM
05-17 23:54:29.260  2384 31150 D BufferPoolAccessor2.0: bufferpool2 0xb4000074712e8c28 : 66(653792 size) total buffers - 1(674 size) used buffers - 323/4039 (recycle/alloc) - 3721/4038 (fetch/transfer)
05-17 23:54:29.281  1370  1370 W RenderThread: type=1400 audit(0.0:1023205): avc:  denied  { getattr } for  path="/sys/module/metis/parameters/minor_window_app" dev="sysfs" ino=61699 scontext=u:r:untrusted_app:s0:c159,c257,c512,c768 tcontext=u:object_r:sysfs_migt:s0 tclass=file permissive=0 app=com.decoutkhanqindev.dexreader
05-17 23:54:29.369  1370  1370 W RenderThread: type=1400 audit(0.0:1023206): avc:  denied  { getattr } for  path="/sys/module/metis/parameters/minor_window_app" dev="sysfs" ino=61699 scontext=u:r:untrusted_app:s0:c159,c257,c512,c768 tcontext=u:object_r:sysfs_migt:s0 tclass=file permissive=0 app=com.decoutkhanqindev.dexreader
05-17 23:54:29.373  8353 12307 W emon.lvoverseas: PerfMonitor async binderTransact :  time=1502ms interface=android.accounts.IAccountAuthenticator code=3
05-17 23:54:29.377  1972  1993 E Parcel  : Reading a NULL string not supported here.
05-17 23:54:29.380  2626  3780 I MiuiNetworkPolicy: updateUidState uid = 99706, uidState = 10
05-17 23:54:29.383  2626  3780 I MiuiNetworkPolicy: updateUidState uid = 10322, uidState = 10
05-17 23:54:29.392  2626  3780 I MiuiNetworkPolicy: updateUidState uid = 99706, uidState = 6
05-17 23:54:29.392  2626  3780 I MiuiNetworkPolicy: updateUidState uid = 10322, uidState = 6
05-17 23:54:29.393  1657 10484 I MiStcImpl: Dispatching command: 35 SET_HISTOGRAM
05-17 23:54:29.419  6516 27152 I MediaProvider: Invalidating LocalCallingIdentity cache for package com.decoutkhanqindev.dexreader.baselineprofile. Reason: owned_database_row_deleted:/storage/emulated/0/Android/media/com.decoutkhanqindev.dexreader.baselineprofile/temporaryScript_2224753390.sh
05-17 23:54:29.420  6516 27152 I MediaProvider: Deleted 0 0 0 0 0 0 1 items on external_primary due to com.android.shell
05-17 23:54:29.424   326   348 I System.out: 0 Flags,FrameTimelineVsyncId,IntendedVsync,Vsync,InputEventId,HandleInputStart,AnimationStart,PerformTraversalsStart,DrawStart,FrameDeadline,FrameInterval,FrameStartTime,SyncQueued,SyncStart,IssueDrawCommandsStart,SwapBuffers,FrameCompleted,DequeueBufferDuration,QueueBufferDuration,GpuCompleted,SwapBuffersCompleted,DisplayPresentTime,CommandSubmissionCompleted,
05-17 23:54:29.425   326   348 I System.out: 1 1,554937772,921031633587814,921031783410688,0,921031786487399,921031786488544,921031786632190,921032200214221,921031645254481,921031783925836,8323493,921032212881409,921032213142971,921032217138076,921032271540003,921032277251565,44791,315730,921032273230211,921032277251565,921032290198596,921032271540003,
05-17 23:54:29.425   326   348 I System.out: 2 0,554938270,921032291247179,921032291247179,0,921032298096878,921032298097503,921032300740263,921032300815940,921032302913846,921032298064482,8324754,921032301470992,921032303573492,921032303887555,921032309457607,921032314127450,77708,1644739,921032311200680,921032314127450,921032331818232,921032309457607,
05-17 23:54:29.425   326   348 I System.out: 3 0,554938285,921032299550239,921032299550239,0,921032307812138,921032307812867,921032308574950,921032308657294,921032327888108,921032307785159,8324754,921032309249273,921032314717607,921032315110784,921032324840628,921032330425263,93542,1206511,921032326860367,921032330425263,921032348466357,921032324840628,
05-17 23:54:29.425   326   348 I System.out: 4 0,554938300,921032307866980,921032324516084,0,921032327996930,921032327997919,921032329106565,921032329180315,921032336212862,921032327879950,8324552,921032329830003,921032331575523,921032332175107,921032338883909,921032349319221,63646,8270208,921032341580107,921032349319221,921032373469117,921032338883909,
05-17 23:54:29.425   326   348 I System.out: 5 0,554938344,921032332835821,921032341160216,0,921032342297398,921032342298440,921032343300003,921032343378284,921032361156407,921032342214586,8324395,921032343914065,921032349652919,921032349948388,921032356386669,921032364961669,64219,1349740,921032364961669,921032360557450,921032381890992,921032356386669,
05-17 23:54:29.425   326   348 I System.out: 6 0,554938373,921032349473859,921032349473859,0,921032353621409,921032353621721,921032354273232,921032354343596,921032377800068,921032353600940,8324072,921032354881825,921032361834794,921032362059534,921032365632659,921032376102919,51302,1451562,921032376102919,921032369396721,921032390092450,921032365632659,
05-17 23:54:29.425   326   348 I System.out: 7 0,554938395,921032357797931,921032357797931,0,921032364742815,921032364743544,921032365750315,921032365833648,921032386124140,921032364717086,8324072,921032366398128,921032369729638,921032369957607,921032373210315,921032376447607,46979,1806146,921032376187607,921032376447607,921032398445888,921032373210315,
05-17 23:54:29.425   326   348 I System.out: 8 0,554938410,921032366105776,921032374429284,0,921032374680575,921032374681409,921032375326825,921032375390628,921032394448212,921032374580992,8323508,921032375886096,921032376851044,921032377173909,921032382229273,921032387147659,1065104,1471927,921032385417398,921032387147659,921032415077659,921032382229273,
05-17 23:54:29.425   326   348 I System.out: 9 0,554938433,921032382751562,921032382751562,0,921032383628284,921032383629117,921032384551878,921032384645940,921032402771720,921032383565940,8323373,921032394772919,921032394943961,921032395049430,921032396199013,921032409361044,27500,675157,921032409361044,921032398666044,921032431704169,921032396199013,
05-17 23:54:29.425   326   348 I System.out: 10 0,554938455,921032391088383,921032391088383,0,921032395653180,921032395653492,921032396653753,921032396837971,921032427711721,921032395626305,8323601,921032398084065,921032398912034,921032399095055,921032409704482,921032411155315,8991458,352292,921032411155315,921032411034794,921032440039430,921032409704482,
05-17 23:54:29.425   326   348 I System.out: 11 0,554938477,921032399411984,921032399411984,0,921032401769482,921032401770419,921032403354430,921032403511200,921032436035322,921032401728857,8323601,921032404355315,921032411228180,921032411299169,921032417978336,921032419650003,5165104,522084,921032419599169,921032419650003,921032448379221,921032417978336,
05-17 23:54:29.425   326   348 I System.out: 12 0,554938499,921032407729896,921032407729896,0,921032411920523,921032411921044,921032412945003,921032413017919,921032444358923,921032411896565,8323330,921032413593232,921032419802867,921032419882346,921032430862242,921032433407555,9238698,312969,921032433407555,921032431842607,921032456674169,921032430862242,
05-17 23:54:29.425   326   348 I System.out: 13 0,554938514,921032416047432,921032416047432,0,921032422011357,921032422011982,921032422766305,921032422839221,921032452682253,921032421984430,8322952,921032423396617,921032432362763,921032432467555,921032441351513,921032443057450,7620312,390469,921032443057450,921032442775523,921032473325523,921032441351513,
05-17 23:54:29.425   326   348 I System.out: 14 0,554938529,921032424370384,921032432693336,0,921032433614898,921032433615523,921032434561096,921032434665628,921032461005205,921032433511409,8322952,921032435327398,921032442955419,921032443029065,921032450567503,921032452253805,6271250,453958,921032452253805,921032452156200,921032481657242,921032450567503,
05-17 23:54:29.425   326   348 I System.out: 15 0,554938565,921032441005371,921032441005371,0,921032443751357,921032443752138,921032444516825,921032444599534,921032469328157,921032443722867,8322356,921032445233284,921032452377763,921032452486357,921032465200732,921032467962711,7686562,792083,921032467033492,921032467962711,921032489972294,921032465200732,
05-17 23:54:29.425   326   348 I System.out: 16 0,554938580,921032449352834,921032449352834,0,921032453383857,921032453385003,921032454110211,921032454191982,921032477650513,921032453353700,8324013,921032454808700,921032468576982,921032468952503,921032473974586,921032476734534,1213386,855365,921032475940888,921032476734534,921032498293492,921032473974586,
05-17 23:54:29.425   326   348 I System.out: 17 0,554938595,921032457676847,921032466000860,0,921032469916617,921032469918805,921032471079482,921032471156773,921032485974526,921032469813180,8324013,921032471679065,921032477218023,921032477548805,921032481501253,921032483863857,2311979,466250,921032483863857,921032482756253,921032514977815,921032481501253,
05-17 23:54:29.425   326   348 I System.out: 18 0,554938617,921032474317030,921032474317030,0,921032478682867,921032478683544,921032479679378,921032479752138,921032494298539,921032478655419,8323642,921032480441513,921032482986878,921032483096305,921032492544846,921032496156565,6423333,926510,921032494172971,921032496156565,921032523323752,921032492544846,
05-17 23:54:29.425   326   348 I System.out: 19 0,554938632,921032482630656,921032482630656,0,921032483830628,921032483831930,921032484511305,921032484576617,921032502622181,921032483807711,8323059,921032485119378,921032496552607,921032496869638,921032503796044,921032505837190,5556354,621094,921032505837190,921032505328700,921032531673336,921032503796044,
05-17 23:54:29.425   326   348 I System.out: 20 0,554938654,921032490941051,921032490941051,0,921032497636513,921032497637398,921032498411096,921032502493805,921032519266500,921032497608700,8322188,921032503350315,921032505498544,921032505592450,921032518324534,921032523662190,9103385,1895052,921032520426721,921032523662190,921032539934898,921032518324534,
05-17 23:54:29.425   326   348 I System.out: 21 0,554938662,921032499263239,921032499263239,0,921032506316409,921032506316773,921032507114690,921032507202242,921032535896470,921032506285575,8322188,921032507869690,921032524536565,921032524813388,921032529793700,921032535271982,107969,1195156,921032535205367,921032535271982,921032548275471,921032529793700,
05-17 23:54:29.425   326   348 I System.out: 22 0,554938677,921032507595554,921032524241548,0,921032526205315,921032526207138,921032527201721,921032527273909,921032544218658,921032526041669,8322997,921032527799117,921032535771461,921032536330263,921032539495836,921032544455159,63437,1717553,921032544178805,921032544455159,921032556578805,921032539495836,
05-17 23:54:29.425   326   348 I System.out: 23 0,554938694,921032532566618,921032532566618,0,921032537029273,921032537029846,921032537698700,921032537771148,921032552541655,921032537007450,8324280,921032538328284,921032544788596,921032545000315,921032548838648,921032553029950,49687,1117761,921032551772659,921032553029950,921032573214482,921032548838648,
