05-17 23:57:07.516 14489 14574 W FlagRegistrar: 	at bimg.a(:com.google.android.gms@261833029@26.18.33 (190400-913931251):15)
05-17 23:57:07.516 14489 14574 W FlagRegistrar: 	at bhpy.a(:com.google.android.gms@261833029@26.18.33 (190400-913931251):1)
05-17 23:57:07.516 14489 14574 W FlagRegistrar: 	at bhpv.e(:com.google.android.gms@261833029@26.18.33 (190400-913931251):5)
05-17 23:57:07.516 14489 14574 W FlagRegistrar: 	... 12 more
05-17 23:57:07.516  4660  4857 E SurfaceComposerClient: SurfaceComposerClient::Transaction::setAlpha: invalid alpha 1.000044, clamping
05-17 23:57:07.517 14489 14575 W FlagStore: Unable to update local snapshot for com.google.android.gms.providerinstaller#com.decoutkhanqindev.dexreader, may result in stale flags.
05-17 23:57:07.517 14489 14575 W FlagStore: java.util.concurrent.ExecutionException: gjvm: 17: 17: API: Phenotype.API is not available on this device. Connection failed with: ConnectionResult{statusCode=DEVELOPER_ERROR, resolution=null, message=null, clientMethodKey=null}
05-17 23:57:07.517 14489 14575 W FlagStore: 	at hjtn.j(:com.google.android.gms@261833029@26.18.33 (190400-913931251):21)
05-17 23:57:07.517 14489 14575 W FlagStore: 	at hjtw.t(:com.google.android.gms@261833029@26.18.33 (190400-913931251):24)
05-17 23:57:07.517 14489 14575 W FlagStore: 	at hjtn.get(:com.google.android.gms@261833029@26.18.33 (190400-913931251):1)
05-17 23:57:07.517 14489 14575 W FlagStore: 	at hjyb.a(:com.google.android.gms@261833029@26.18.33 (190400-913931251):2)
05-17 23:57:07.517 14489 14575 W FlagStore: 	at hjwr.s(:com.google.android.gms@261833029@26.18.33 (190400-913931251):10)
05-17 23:57:07.517 14489 14575 W FlagStore: 	at gkba.d(:com.google.android.gms@261833029@26.18.33 (190400-913931251):1)
05-17 23:57:07.517 14489 14575 W FlagStore: 	at gkae.run(:com.google.android.gms@261833029@26.18.33 (190400-913931251):5)
05-17 23:57:07.517 14489 14575 W FlagStore: 	at java.util.concurrent.Executors$RunnableAdapter.call(Executors.java:520)
05-17 23:57:07.517 14489 14575 W FlagStore: 	at java.util.concurrent.FutureTask.run(FutureTask.java:317)
05-17 23:57:07.517 14489 14575 W FlagStore: 	at java.util.concurrent.ScheduledThreadPoolExecutor$ScheduledFutureTask.run(ScheduledThreadPoolExecutor.java:348)
05-17 23:57:07.517 14489 14575 W FlagStore: 	at java.util.concurrent.ThreadPoolExecutor.runWorker(ThreadPoolExecutor.java:1154)
05-17 23:57:07.517 14489 14575 W FlagStore: 	at java.util.concurrent.ThreadPoolExecutor$Worker.run(ThreadPoolExecutor.java:652)
05-17 23:57:07.517 14489 14575 W FlagStore: 	at java.lang.Thread.run(Thread.java:1564)
05-17 23:57:07.517 14489 14575 W FlagStore: Caused by: gjvm: 17: 17: API: Phenotype.API is not available on this device. Connection failed with: ConnectionResult{statusCode=DEVELOPER_ERROR, resolution=null, message=null, clientMethodKey=null}
05-17 23:57:07.517 14489 14575 W FlagStore: 	at gjvo.a(:com.google.android.gms@261833029@26.18.33 (190400-913931251):13)
05-17 23:57:07.517 14489 14575 W FlagStore: 	at hjtd.d(:com.google.android.gms@261833029@26.18.33 (190400-913931251):3)
05-17 23:57:07.517 14489 14575 W FlagStore: 	at hjtf.run(:com.google.android.gms@261833029@26.18.33 (190400-913931251):139)
05-17 23:57:07.517 14489 14575 W FlagStore: 	at hjvn.execute(:com.google.android.gms@261833029@26.18.33 (190400-913931251):1)
05-17 23:57:07.517 14489 14575 W FlagStore: 	at hjtn.f(:com.google.android.gms@261833029@26.18.33 (190400-913931251):1)
05-17 23:57:07.517 14489 14575 W FlagStore: 	at hjtn.m(:com.google.android.gms@261833029@26.18.33 (190400-913931251):101)
05-17 23:57:07.517 14489 14575 W FlagStore: 	at hjtn.q(:com.google.android.gms@261833029@26.18.33 (190400-913931251):16)
05-17 23:57:07.517 14489 14575 W FlagStore: 	at gbjq.hH(:com.google.android.gms@261833029@26.18.33 (190400-913931251):35)
05-17 23:57:07.517 14489 14575 W FlagStore: 	at fnvi.run(:com.google.android.gms@261833029@26.18.33 (190400-913931251):12)
05-17 23:57:07.517 14489 14575 W FlagStore: 	at hjvn.execute(:com.google.android.gms@261833029@26.18.33 (190400-913931251):1)
05-17 23:57:07.517 14489 14575 W FlagStore: 	at fnvj.b(:com.google.android.gms@261833029@26.18.33 (190400-913931251):18)
05-17 23:57:07.517 14489 14575 W FlagStore: 	at fnvy.b(:com.google.android.gms@261833029@26.18.33 (190400-913931251):34)
05-17 23:57:07.517 14489 14575 W FlagStore: 	at fnwf.B(:com.google.android.gms@261833029@26.18.33 (190400-913931251):17)
05-17 23:57:07.517 14489 14575 W FlagStore: 	at fnva.run(:com.google.android.gms@261833029@26.18.33 (190400-913931251):60)
05-17 23:57:07.517 14489 14575 W FlagStore: 	at hjvn.execute(:com.google.android.gms@261833029@26.18.33 (190400-913931251):1)
05-17 23:57:07.517 14489 14575 W FlagStore: 	at fnvb.b(:com.google.android.gms@261833029@26.18.33 (190400-913931251):8)
05-17 23:57:07.517 14489 14575 W FlagStore: 	at fnvy.b(:com.google.android.gms@261833029@26.18.33 (190400-913931251):34)
05-17 23:57:07.517 14489 14575 W FlagStore: 	at fnwa.d(:com.google.android.gms@261833029@26.18.33 (190400-913931251):22)
05-17 23:57:07.517 14489 14575 W FlagStore: 	at bhpv.e(:com.google.android.gms@261833029@26.18.33 (190400-913931251):9)
05-17 23:57:07.517 14489 14575 W FlagStore: 	at bhsm.q(:com.google.android.gms@261833029@26.18.33 (190400-913931251):48)
05-17 23:57:07.517 14489 14575 W FlagStore: 	at bhsm.d(:com.google.android.gms@261833029@26.18.33 (190400-913931251):10)
05-17 23:57:07.517 14489 14575 W FlagStore: 	at bhsm.g(:com.google.android.gms@261833029@26.18.33 (190400-913931251):191)
05-17 23:57:07.517 14489 14575 W FlagStore: 	at bhsm.onConnectionFailed(:com.google.android.gms@261833029@26.18.33 (190400-913931251):2)
05-17 23:57:07.517 14489 14575 W FlagStore: 	at bhso.run(:com.google.android.gms@261833029@26.18.33 (190400-913931251):70)
05-17 23:57:07.517 14489 14575 W FlagStore: 	at android.os.Handler.handleCallback(Handler.java:958)
05-17 23:57:07.517 14489 14575 W FlagStore: 	at android.os.Handler.dispatchMessage(Handler.java:99)
05-17 23:57:07.517 14489 14575 W FlagStore: 	at cyek.mP(:com.google.android.gms@261833029@26.18.33 (190400-913931251):1)
05-17 23:57:07.517 14489 14575 W FlagStore: 	at cyek.dispatchMessage(:com.google.android.gms@261833029@26.18.33 (190400-913931251):5)
05-17 23:57:07.517 14489 14575 W FlagStore: 	at android.os.Looper.loopOnce(Looper.java:224)
05-17 23:57:07.517 14489 14575 W FlagStore: 	at android.os.Looper.loop(Looper.java:318)
05-17 23:57:07.517 14489 14575 W FlagStore: 	at android.os.HandlerThread.run(HandlerThread.java:67)
05-17 23:57:07.517 14489 14575 W FlagStore: Caused by: bhoa: 17: API: Phenotype.API is not available on this device. Connection failed with: ConnectionResult{statusCode=DEVELOPER_ERROR, resolution=null, message=null, clientMethodKey=null}
05-17 23:57:07.517 14489 14575 W FlagStore: 	at bimg.a(:com.google.android.gms@261833029@26.18.33 (190400-913931251):15)
05-17 23:57:07.517 14489 14575 W FlagStore: 	at bhpy.a(:com.google.android.gms@261833029@26.18.33 (190400-913931251):1)
05-17 23:57:07.517 14489 14575 W FlagStore: 	at bhpv.e(:com.google.android.gms@261833029@26.18.33 (190400-913931251):5)
05-17 23:57:07.517 14489 14575 W FlagStore: 	... 12 more
05-17 23:57:07.518 14489 14524 D indev.dexreader: MiuiProcessManagerServiceStub setSchedFifo
05-17 23:57:07.518 14489 14524 I MiuiProcessManagerImpl: setSchedFifo pid:14489, mode:3
05-17 23:57:07.522 14489 14553 I ProviderInstaller: Installed default security provider GmsCore_OpenSSL
05-17 23:57:07.525  4660  4857 E SurfaceComposerClient: SurfaceComposerClient::Transaction::setAlpha: invalid alpha 1.000055, clamping
05-17 23:57:07.533  4660  4857 E SurfaceComposerClient: SurfaceComposerClient::Transaction::setAlpha: invalid alpha 1.000063, clamping
05-17 23:57:07.541  4660  4857 E SurfaceComposerClient: SurfaceComposerClient::Transaction::setAlpha: invalid alpha 1.000064, clamping
05-17 23:57:07.541  2626  4391 D ConnectivityService: requestNetwork for uid/pid:10415/14489 activeRequest: null callbackRequest: 112790 [NetworkRequest [ REQUEST id=112791, [ Capabilities: INTERNET&NOT_RESTRICTED&TRUSTED&NOT_VCN_MANAGED Uid: 10415 RequestorUid: 10415 RequestorPkg: com.decoutkhanqindev.dexreader UnderlyingNetworks: Null] ]] callback flags: 0 order: 2147483647 isUidTracked: false declaredMethods: AVAIL|LOST|BLK
05-17 23:57:07.543  4660  4857 E SurfaceComposerClient: SurfaceComposerClient::Transaction::setAlpha: invalid alpha 1.000064, clamping
05-17 23:57:07.548  1657 10484 I MiStcImpl: Dispatching command: 35 SET_HISTOGRAM
05-17 23:57:07.551  2626  3780 I MiuiNetworkPolicy: updateUidState uid = 10178, uidState = 10
05-17 23:57:07.556  1853  1853 D MI-SF   : [FpsStat] distroy...
05-17 23:57:07.555  1938  1938 I MiuiWallpaper-MiuiKeyguardPictorialWallpaper: onVisibilityChanged, visible = false
05-17 23:57:07.557  2626  3781 D WifiNetworkFactory: got request NetworkRequest [ REQUEST id=112791, [ Capabilities: INTERNET&NOT_RESTRICTED&TRUSTED&NOT_VCN_MANAGED Uid: 10415 RequestorUid: 10415 RequestorPkg: com.decoutkhanqindev.dexreader UnderlyingNetworks: Null] ]
05-17 23:57:07.558  1853  1853 D MI-SF   : mIsSupportAutomodeForMaxFpsSetting is 0(0), getCurrentBrightness() = 1272(1350), mIsKeepAutoMode 0
05-17 23:57:07.558  1938  1938 I MiuiWallpaper-ImageWallpaper: onVisibilityChanged, visible = false
05-17 23:57:07.558  1853  1853 D RefreshRateSelector: fixedMode_group: 0, isFindModeGroup 0
05-17 23:57:07.558  1853  1853 D RefreshRateSelector: find max refresh rate:120, mode Group:0
05-17 23:57:07.558  2626  3781 D UntrustedWifiNetworkFactory: got request NetworkRequest [ REQUEST id=112791, [ Capabilities: INTERNET&NOT_RESTRICTED&TRUSTED&NOT_VCN_MANAGED Uid: 10415 RequestorUid: 10415 RequestorPkg: com.decoutkhanqindev.dexreader UnderlyingNetworks: Null] ]
05-17 23:57:07.558  2626  3781 D OemPaidWifiNetworkFactory: got request NetworkRequest [ REQUEST id=112791, [ Capabilities: INTERNET&NOT_RESTRICTED&TRUSTED&NOT_VCN_MANAGED Uid: 10415 RequestorUid: 10415 RequestorPkg: com.decoutkhanqindev.dexreader UnderlyingNetworks: Null] ]
05-17 23:57:07.560  1657  3124 I vendor.qti.hardware.display.composer-service: FrameNotifyProcess Sensor: notify citsensorservice to trigger cwb
05-17 23:57:07.561  2444  2444 I libcitsensorservice@2.0-impl: msg_transfer
05-17 23:57:07.561  2444  3621 I libsensor-parseRGB: request dump start
05-17 23:57:07.561  2444  3621 D vendor.xiaomi.sensor.citsensorservice@2.0-service: handle id:11 wxh:1280x2712 uwxuh:1220x2712 size: 10416128 fd:16 fd_meta:17 flags:0x4000228 usage:0x33  format:0x3 layer_count: 1 reserved_size = 0
05-17 23:57:07.561  1657  2058 D SDM     : HWCSession::SetCWBOutputBuffer: CWB config passed by cwb_client : tappoint 1  CWB_ROI : (817.000000 7.000000 978.000000 128.000000)
05-17 23:57:07.561  1853  3122 D MI-SF   : updateScene: module = 268 (Animation), value = 0, pkg = perf_interaction, Vrr = 1
05-17 23:57:07.561  1853  3122 D MI-SF   : updateScene mSetAnimationFlag status 0, vsync 60
05-17 23:57:07.562  1657  3652 D SDM     : HWCSession::ProcessRequests: Successfully configured CWB buffer.
05-17 23:57:07.565  1853  1853 D MI-SF   : [FpsStat] distroy...
05-17 23:57:07.568  2626  3780 I MiuiNetworkPolicy: updateUidState uid = 10178, uidState = 16
05-17 23:57:07.571  1657  3652 D SDM     : HWCSession::ProcessRequests: Pushing release fence in fenece wait queue.
05-17 23:57:07.575  1657  3652 D SDM     : HWCSession::ProcessRequests: Creating AsyncFenceWaits async thread.
05-17 23:57:07.575  1657  3652 D SDM     : HWCSession::ProcessRequests: Remove current CWB request from the pending request queue.
05-17 23:57:07.575  1657  3652 D SDM     : HWCSession::ProcessRequests: No pending cwb requests found in the queue.
05-17 23:57:07.575  2626  3781 D MultiInternetWifiNetworkFactory: got request NetworkRequest [ REQUEST id=112791, [ Capabilities: INTERNET&NOT_RESTRICTED&TRUSTED&NOT_VCN_MANAGED Uid: 10415 RequestorUid: 10415 RequestorPkg: com.decoutkhanqindev.dexreader UnderlyingNetworks: Null] ]
05-17 23:57:07.578  2626  3794 D ConnectivityService: NetReassign [112791 : null → 350] [c 0] [a 2] [i 33]
05-17 23:57:07.579  1657  1804 D SDM     : HWDeviceDRM::SetupConcurrentWriteback: Tear down the Concurrent Writeback topology
05-17 23:57:07.581  1657  3665 D SDM     : HWCSession::NotifyCWBStatus: Notify the client about buffer status 0.
05-17 23:57:07.581  1657  3665 D SDM     : HWCSession::PerformFenceWaits: Remove current release fence from the pending fence wait queue.
05-17 23:57:07.581  1657  3665 D SDM     : HWCSession::PerformFenceWaits: CWB fence queue is empty. No pending release fence to wait on.
05-17 23:57:07.581  2444  3622 D libsensor-parseRGB: the value of RGB [196.085942 196.085942 196.085942 787.476845 787.476845 787.476845 1009.185181 1009.185181 1009.185181 600.986332 600.986332 600.986332]
05-17 23:57:07.597  1853  3122 I BpBinder: onLastStrongRef automatically unlinking death recipients:
05-17 23:57:07.620  8353 11406 W emon.lvoverseas: PerfMonitor async binderTransact :  time=1501ms interface=android.accounts.IAccountAuthenticator code=3
05-17 23:57:07.624  2626  3780 I MiuiNetworkPolicy: updateUidState uid = 99706, uidState = 10
05-17 23:57:07.625  2626  3780 I MiuiNetworkPolicy: updateUidState uid = 10322, uidState = 10
05-17 23:57:07.630  2626  3780 I MiuiNetworkPolicy: updateUidState uid = 99706, uidState = 6
05-17 23:57:07.630  2626  3780 I MiuiNetworkPolicy: updateUidState uid = 10322, uidState = 6
05-17 23:57:07.649 14489 14489 W RenderThread: type=1400 audit(0.0:1024732): avc:  denied  { getattr } for  path="/sys/module/metis/parameters/minor_window_app" dev="sysfs" ino=61699 scontext=u:r:untrusted_app:s0:c159,c257,c512,c768 tcontext=u:object_r:sysfs_migt:s0 tclass=file permissive=0 app=com.ss.android.ugc.trill
05-17 23:57:07.653 14489 14489 D VRI[MainActivity]: vri.reportDrawFinished
05-17 23:57:07.655 14489 14489 I Choreographer: Skipped 52 frames!  The application may be doing too much work on its main thread.
05-17 23:57:07.656  1853  3395 D MI-SF   : [FpsStat] construct...
05-17 23:57:07.661  1853  1853 D MI-SF   : [FpsStat] construct...
05-17 23:57:07.662  1853  1853 W Layer   : gatherBufferInfo: Received unknown dataspace from gralloc
05-17 23:57:07.669 14489 14489 W RenderThread: type=1400 audit(0.0:1024733): avc:  denied  { getattr } for  path="/sys/module/metis/parameters/minor_window_app" dev="sysfs" ino=61699 scontext=u:r:untrusted_app:s0:c159,c257,c512,c768 tcontext=u:object_r:sysfs_migt:s0 tclass=file permissive=0 app=com.ss.android.ugc.trill
05-17 23:57:07.676  2444  3645 I libsensor-displayalgo: the value of channelCali C:373.367485,R:225.475528,G:135.893049,B:46.817456,scales C:1.017574,R:1.092311,G:1.010372,B:1.025091
05-17 23:57:07.676  2444  3645 E libsensor-displayalgo: value of coefs 5,850.303000,7.300256,-2.660090,1.550054,-8.640300, line 99
05-17 23:57:07.676  2444  3645 D libsensor-displayalgo: brightness:372.000000,R:196.085942,G:196.085942,B:196.085942,EVENT C:335.011383,R:180.006119,G:125.004242,B:45.001530, lux: 0.000000
05-17 23:57:07.676  2444  3645 I libsensor-displayalgo: ##### the value of lux: 0.000000, cct: 0.000000
05-17 23:57:07.676  2444  3645 I libsensor-ssccalapi: value of set_lux: 0.000000
05-17 23:57:07.676  2444  3645 I libsensor-ssccalapi: value of set cct: 0.000000
05-17 23:57:07.676  2444  3645 I sensors : send_request:296,  send_request suid high 48dd16bd suid low 2c177798
05-17 23:57:07.678  2444  3523 I sensors : handle_resp_cb:364, _fifo_resp not empty
05-17 23:57:07.678  2444  3523 I sensors : handle_resp_cb:377,  handle_resp_cb suid high 48dd16bd suid low 2c177798,_fifo_resp.begin() 4580e1e0
05-17 23:57:07.678  2444  3523 I sensors : handle_resp_cb:379, _fifo_resp still not empty
05-17 23:57:07.680  1853  1853 W Layer   : gatherBufferInfo: Received unknown dataspace from gralloc
05-17 23:57:07.681  1853  1853 D MI-SF   : mIsSupportAutomodeForMaxFpsSetting is 0(0), getCurrentBrightness() = 1272(1350), mIsKeepAutoMode 0
05-17 23:57:07.681  1853  1853 D RefreshRateSelector: fixedMode_group: 0, isFindModeGroup 0
05-17 23:57:07.681  1853  1853 D RefreshRateSelector: find max refresh rate:120, mode Group:0
05-17 23:57:07.685 14489 14489 W RenderThread: type=1400 audit(0.0:1024734): avc:  denied  { getattr } for  path="/sys/module/metis/parameters/minor_window_app" dev="sysfs" ino=61699 scontext=u:r:untrusted_app:s0:c159,c257,c512,c768 tcontext=u:object_r:sysfs_migt:s0 tclass=file permissive=0 app=com.ss.android.ugc.trill
05-17 23:57:07.687  2626  2644 I ActivityTaskManager: Displayed com.decoutkhanqindev.dexreader/.presentation.MainActivity for user 0: +791ms
05-17 23:57:07.690  1853  1853 W Layer   : gatherBufferInfo: Received unknown dataspace from gralloc
05-17 23:57:07.693 14489 14489 W RenderThread: type=1400 audit(0.0:1024735): avc:  denied  { getattr } for  path="/sys/module/metis/parameters/minor_window_app" dev="sysfs" ino=61699 scontext=u:r:untrusted_app:s0:c159,c257,c512,c768 tcontext=u:object_r:sysfs_migt:s0 tclass=file permissive=0 app=com.ss.android.ugc.trill
05-17 23:57:07.701 14489 14489 I HandWritingStubImpl: refreshLastKeyboardType: 1
05-17 23:57:07.701 14489 14489 I HandWritingStubImpl: getCurrentKeyboardType: 1
05-17 23:57:07.703  1853  1853 W Layer   : gatherBufferInfo: Received unknown dataspace from gralloc
05-17 23:57:07.704  2626  7395 I ClipboardServiceI: checkProviderWakePathForClipboard: com.decoutkhanqindev.dexreaderis not a activePermissionOwner
05-17 23:57:07.705  2626  6843 I ImeTracker: com.decoutkhanqindev.dexreader:33924ca5: onRequestHide at ORIGIN_SERVER_HIDE_INPUT reason HIDE_UNSPECIFIED_WINDOW
05-17 23:57:07.705  2626  6843 I ImeTracker: com.decoutkhanqindev.dexreader:33924ca5: onCancelled at PHASE_SERVER_SHOULD_HIDE
05-17 23:57:07.709 14489 14524 W RenderInspector: DequeueBuffer time out on com.decoutkhanqindev.dexreader/com.decoutkhanqindev.dexreader.presentation.MainActivity, count=1, avg=10 ms, max=10 ms.
05-17 23:57:07.709  4660  4929 W WindowOnBackDispatcher: sendCancelIfRunning: isInProgress=falsecallback=android.view.ViewRootImpl$$ExternalSyntheticLambda21@4edef14
05-17 23:57:07.714  1853  1951 I BpBinder: onLastStrongRef automatically unlinking death recipients:
05-17 23:57:07.715 29591 29783 I FontLog : (REDACTED) Received query %s, URI %s
05-17 23:57:07.715 29591 29783 I FontLog : (REDACTED) Query [%s] resolved to %s
05-17 23:57:07.715  2626  3123 W InputManager-JNI: Input channel object '2c7dd00 Splash Screen com.decoutkhanqindev.dexreader (client)' was disposed without first being removed with the input manager!
05-17 23:57:07.716 29591 29783 I FontLog : (REDACTED) Fetch %s end status %s
05-17 23:57:07.717 29591 29778 I FontLog : (REDACTED) Pulling font file for id = %d, cache size = %d
05-17 23:57:07.718  9609  9648 D MirrorManager:  sendAcceptInput 0 0
05-17 23:57:07.721  1853  1951 D MI-SF   : [FpsStat] construct...
05-17 23:57:07.721 29591 29786 I FontLog : (REDACTED) Pulling font file for id = %d, cache size = %d
05-17 23:57:07.728  1853  1853 D MI-SF   : [FpsStat] construct...
05-17 23:57:07.729  1853  1951 D MI-SF   : updateScene: module = 270 (Input), value = 0, pkg = com.decoutkhanqindev.dexreader, Vrr = 1
05-17 23:57:07.729  1853  1951 D MI-SF   : mIsSupportAutomodeForMaxFpsSetting is 0(0), getCurrentBrightness() = 1272(1350), mIsKeepAutoMode 0
05-17 23:57:07.729  1853  1951 D RefreshRateSelector: fixedMode_group: 0, isFindModeGroup 0
05-17 23:57:07.729  1853  1951 D RefreshRateSelector: find max refresh rate:120, mode Group:0
05-17 23:57:07.729  1853  1951 D MI-SF   : updateScene mSetInputFlag status 0
05-17 23:57:07.730  1853  2072 D RefreshRateSelector: Touch Boost
05-17 23:57:07.730  1853  2072 D MI-SF   : mIsSupportAutomodeForMaxFpsSetting is 0(0), getCurrentBrightness() = 1272(1350), mIsKeepAutoMode 0
05-17 23:57:07.730  1853  2072 D RefreshRateSelector: fixedMode_group: 0, isFindModeGroup 0
05-17 23:57:07.730  1853  2072 D RefreshRateSelector: find max refresh rate:120, mode Group:0
05-17 23:57:07.736  6516 23910 I MediaProvider: Invalidating LocalCallingIdentity cache for package com.decoutkhanqindev.dexreader.baselineprofile. Reason: owned_database_row_deleted:/storage/emulated/0/Android/media/com.decoutkhanqindev.dexreader.baselineprofile/temporaryScript_3600185225.sh
05-17 23:57:07.738  1853  1853 D MI-SF   : [FpsStat] distroy...
05-17 23:57:07.739  4562 29112 W DynamicDDSService: appName is not found in cache: com.miui.home
05-17 23:57:07.739 14489 14489 I HandWritingStubImpl: getCurrentKeyboardType: 1
05-17 23:57:07.742  6516 23910 I MediaProvider: Deleted 0 0 0 0 0 0 1 items on external_primary due to com.android.shell
05-17 23:57:07.744 31869 31869 I GoogleInputMethodService: GoogleInputMethodService.onFinishInput():2259
05-17 23:57:07.746   326   348 D Benchmark: Result: Starting: Intent { act=android.intent.action.MAIN cat=[android.intent.category.LAUNCHER] flg=0x10008000 pkg=com.decoutkhanqindev.dexreader cmp=com.decoutkhanqindev.dexreader/.presentation.MainActivity }
05-17 23:57:07.746   326   348 D Benchmark: Status: ok
05-17 23:57:07.746   326   348 D Benchmark: LaunchState: COLD
05-17 23:57:07.746   326   348 D Benchmark: Activity: com.decoutkhanqindev.dexreader/.presentation.MainActivity
05-17 23:57:07.746   326   348 D Benchmark: TotalTime: 791
05-17 23:57:07.746   326   348 D Benchmark: WaitTime: 808
05-17 23:57:07.746   326   348 D Benchmark: Complete
05-17 23:57:07.756  1853  3122 D MI-SF   : [FpsStat] construct...
05-17 23:57:07.760 31869 31869 I Module  : DeviceLockedStatusModuleProvider$Module.updateDeviceLockedStatus():103 repeatCheckTimes = 0, locked = false
05-17 23:57:07.760 31869 31869 I GoogleInputMethodService: GoogleInputMethodService.onStartInput():1446 onStartInput(EditorInfo{EditorInfo{packageName=com.decoutkhanqindev.dexreader, inputType=0, inputTypeString=NULL, enableLearning=false, autoCorrection=false, autoComplete=false, imeOptions=0, privateImeOptions=null, actionName=UNSPECIFIED, actionLabel=null, initialSelStart=-1, initialSelEnd=-1, initialCapsMode=0, label=null, fieldId=0, fieldName=null, extras=Bundle[mParcelledData.dataSize=72], hintText=null, hintLocales=[]}}, false)
05-17 23:57:07.760  1657 10484 I MiStcImpl: Dispatching command: 35 SET_HISTOGRAM
05-17 23:57:07.760 31869 31869 I AndroidIME: LatinIMEBase.updateInputViewCoverNavigation():322 Update input view padding, isNavbarOverInputWindow=false, bottom inset=0
05-17 23:57:07.763 31869 31869 I Module  : DeviceLockedStatusModuleProvider$Module.updateDeviceLockedStatus():103 repeatCheckTimes = 1, locked = false
05-17 23:57:07.763  1853  1853 D MI-SF   : [FpsStat] construct...
05-17 23:57:07.763  4689  4689 D Launcher.Lifecycle: onStop:UserHandle{0},c5ba44a,false
05-17 23:57:07.766  4689  4689 D SoscSplitStateController: updateDividerFixedState: isFixed = false
05-17 23:57:07.766  4689  4689 D Launcher_UnlockAnimationStateMachine: onStop = IDLE
05-17 23:57:07.767  4689  4689 E Launcher.application: setClickAppWaitForCallback = false
05-17 23:57:07.768 20260 20312 D LauncherOverlay: setActivityState:0
05-17 23:57:07.775 20260 20260 I LauncherOverlayCallback: handleMessage WHAT_ACTIVITY_STATE_CHANGED what：0
05-17 23:57:07.775 20260 20260 D LauncherOverlay.Window: onStop
05-17 23:57:07.775 20260 20260 I LauncherOverlayCallback: handleMessage WHAT_LAUNCHER_STATE what：0
05-17 23:57:07.775 20260 20260 D LauncherOverlay.Window: launcherState 0
05-17 23:57:07.775 20260 20260 D LauncherOverlay.Window: resumedStateNow 0,resumedStateNew = 0
05-17 23:57:07.788  1853  1853 D MI-SF   : [FpsStat] distroy...
05-17 23:57:07.822  4689  4689 D EditorStubImpl: Type = 2, RectF = RectF(450.0, 709.0, 570.0, 829.0), mInsertionHandleData = [HandleData{mIsShow=false, mPosition=RectF(450.0, 709.0, 570.0, 829.0)}]
05-17 23:57:07.824 29591 29591 D BoundBrokerSvc: onRebind: Intent { act=com.google.android.gms.common.telemetry.service.START dat=chimera-action:/... cmp=com.google.android.gms/.chimera.PersistentApiService }
05-17 23:57:07.828  1853  1853 D MI-SF   : [FpsStat] distroy...
05-17 23:57:07.848  2384 31150 D BufferPoolAccessor2.0: bufferpool2 0xb4000074712e8c28 : 66(1114427 size) total buffers - 1(740 size) used buffers - 1087/7435 (recycle/alloc) - 6359/7434 (fetch/transfer)
05-17 23:57:07.851  1853  1853 D MI-SF   : [FpsStat] distroy...
05-17 23:57:07.855  1853  1853 D MI-SF   : Launcher Changed hasLauncher=0
05-17 23:57:07.860  1657  3124 I vendor.qti.hardware.display.composer-service: FrameNotifyProcess Sensor: notify citsensorservice to trigger cwb
05-17 23:57:07.861  2444  2532 I libcitsensorservice@2.0-impl: msg_transfer
05-17 23:57:07.861  2444  3621 I libsensor-parseRGB: request dump start
05-17 23:57:07.861  2444  3621 D vendor.xiaomi.sensor.citsensorservice@2.0-service: handle id:11 wxh:1280x2712 uwxuh:1220x2712 size: 10416128 fd:16 fd_meta:17 flags:0x4000228 usage:0x33  format:0x3 layer_count: 1 reserved_size = 0
05-17 23:57:07.861  1657  2058 D SDM     : HWCSession::SetCWBOutputBuffer: CWB config passed by cwb_client : tappoint 1  CWB_ROI : (817.000000 7.000000 978.000000 128.000000)
05-17 23:57:07.863  1657  3652 D SDM     : HWCSession::ProcessRequests: Successfully configured CWB buffer.
05-17 23:57:07.866  2626  3780 I MiuiNetworkPolicy: updateUidState uid = 99622, uidState = 5
05-17 23:57:07.866  2626  3780 I MiuiNetworkPolicy: updateUidState uid = 10327, uidState = 19
05-17 23:57:07.866  2626  3780 I MiuiNetworkPolicy: updateUidState uid = 10283, uidState = 5
05-17 23:57:07.866  2626  3780 I MiuiNetworkPolicy: updateUidState uid = 10281, uidState = 5
05-17 23:57:07.866  2626  3780 I MiuiNetworkPolicy: updateUidState uid = 10203, uidState = 5
05-17 23:57:07.866  2626  3780 I MiuiNetworkPolicy: updateUidState uid = 10185, uidState = 4
05-17 23:57:07.866  2626  3780 I MiuiNetworkPolicy: updateUidState uid = 10170, uidState = 4
05-17 23:57:07.866  2626  3780 I MiuiNetworkPolicy: updateUidState uid = 10164, uidState = 5
05-17 23:57:07.866  2626  3780 I MiuiNetworkPolicy: updateUidState uid = 10150, uidState = 5
05-17 23:57:07.870  1657  3652 D SDM     : HWCSession::ProcessRequests: Pushing release fence in fenece wait queue.
05-17 23:57:07.870  1657  3652 D SDM     : HWCSession::ProcessRequests: Creating AsyncFenceWaits async thread.
05-17 23:57:07.870  1657  3652 D SDM     : HWCSession::ProcessRequests: Remove current CWB request from the pending request queue.
05-17 23:57:07.870  1657  3652 D SDM     : HWCSession::ProcessRequests: No pending cwb requests found in the queue.
05-17 23:57:07.876  1657  1804 D SDM     : HWDeviceDRM::SetupConcurrentWriteback: Tear down the Concurrent Writeback topology
05-17 23:57:07.881  1853  1853 D MI-SF   : [FpsStat] distroy...
05-17 23:57:07.884  1657  3665 D SDM     : HWCSession::NotifyCWBStatus: Notify the client about buffer status 0.
05-17 23:57:07.884  1657  3665 D SDM     : HWCSession::PerformFenceWaits: Remove current release fence from the pending fence wait queue.
05-17 23:57:07.884  1657  3665 D SDM     : HWCSession::PerformFenceWaits: CWB fence queue is empty. No pending release fence to wait on.
05-17 23:57:07.884  2444  3622 D libsensor-parseRGB: the value of RGB [190.310260 201.204395 223.137731 782.736916 791.196720 808.034307 1003.950715 1012.135896 1027.136538 595.870815 605.172504 623.756696]
05-17 23:57:07.884  7324 25335 D PMonitor:  onForegroundActivitiesChanged:pid = 4689,activity-uid=10150,foregroundActivities=false
05-17 23:57:07.895  1853  1853 D MI-SF   : [FpsStat] distroy...
05-17 23:57:07.903  1853  1853 D MI-SF   : [FpsStat] distroy...
05-17 23:57:07.903  1853  1853 D MI-SF   : [FpsStat] distroy...
05-17 23:57:07.911  1853  1853 D MI-SF   : [FpsStat] distroy...
05-17 23:57:07.911  1853  1853 D MI-SF   : [FpsStat] distroy...
05-17 23:57:07.911  1853  1853 D MI-SF   : [FpsStat] distroy...
05-17 23:57:07.962  1657 10484 I MiStcImpl: Dispatching command: 35 SET_HISTOGRAM
05-17 23:57:07.972  2444  3645 I libsensor-displayalgo: the value of channelCali C:373.789662,R:224.619293,G:136.626151,B:47.225317,scales C:1.017574,R:1.092311,G:1.010372,B:1.025091
05-17 23:57:07.973  2444  3645 E libsensor-displayalgo: value of coefs 5,850.303000,7.300256,-2.660090,1.550054,-8.640300, line 99
05-17 23:57:07.973  2444  3645 D libsensor-displayalgo: brightness:372.000000,R:190.310260,G:201.204395,B:223.137731,EVENT C:332.511292,R:180.006119,G:125.004242,B:47.501614, lux: 0.000000
05-17 23:57:07.973  2444  3645 I libsensor-displayalgo: ##### the value of lux: 0.000000, cct: 0.000000
05-17 23:57:07.976  2444  3645 I libsensor-ssccalapi: value of set_lux: 0.000000
05-17 23:57:07.976  2444  3645 I libsensor-ssccalapi: value of set cct: 0.000000
05-17 23:57:07.976  2444  3645 I sensors : send_request:296,  send_request suid high 48dd16bd suid low 2c177798
05-17 23:57:07.979  2444  3523 I sensors : handle_resp_cb:364, _fifo_resp not empty
05-17 23:57:07.979  2444  3523 I sensors : handle_resp_cb:377,  handle_resp_cb suid high 48dd16bd suid low 2c177798,_fifo_resp.begin() 4580e1e0
05-17 23:57:07.979  2444  3523 I sensors : handle_resp_cb:379, _fifo_resp still not empty
05-17 23:57:07.988  2626  2644 I ActivityTaskManager: Fully drawn com.decoutkhanqindev.dexreader/.presentation.MainActivity: +1s119ms
05-17 23:57:08.019  1697  6262 E ANDR-PERF-LM: VmRssMeter:: start() 358: Could not find pid, can not collect vmrss data
05-17 23:57:08.019  1697  6262 E ANDR-PERF-LM: AdaptiveLaunch: writeToDataBase() 64: Meter aborted or could not get meter data for this run
05-17 23:57:08.020  1697  6261 E ANDR-PERF-LM: VmRssMeter:: start() 358: Could not find pid, can not collect vmrss data
05-17 23:57:08.034  6516 27155 W MediaProvider: isAppCloneUserPair for user 0: false
05-17 23:57:08.050  1657  3124 I vendor.qti.hardware.display.composer-service: FrameNotifyProcess Sensor: notify citsensorservice to trigger cwb
05-17 23:57:08.051  2444  2444 I libcitsensorservice@2.0-impl: msg_transfer
05-17 23:57:08.051  2444  3621 I libsensor-parseRGB: request dump start
05-17 23:57:08.052  2444  3621 D vendor.xiaomi.sensor.citsensorservice@2.0-service: handle id:11 wxh:1280x2712 uwxuh:1220x2712 size: 10416128 fd:16 fd_meta:17 flags:0x4000228 usage:0x33  format:0x3 layer_count: 1 reserved_size = 0
05-17 23:57:08.052  1657  2058 D SDM     : HWCSession::SetCWBOutputBuffer: CWB config passed by cwb_client : tappoint 1  CWB_ROI : (817.000000 7.000000 978.000000 128.000000)
05-17 23:57:08.052  1657  3652 D SDM     : HWCSession::ProcessRequests: Successfully configured CWB buffer.
05-17 23:57:08.064  1657  3652 D SDM     : HWCSession::ProcessRequests: Pushing release fence in fenece wait queue.
05-17 23:57:08.065  1657  3652 D SDM     : HWCSession::ProcessRequests: Creating AsyncFenceWaits async thread.
05-17 23:57:08.065  1657  3652 D SDM     : HWCSession::ProcessRequests: Remove current CWB request from the pending request queue.
05-17 23:57:08.065  1657  3652 D SDM     : HWCSession::ProcessRequests: No pending cwb requests found in the queue.
05-17 23:57:08.069  1657  1804 D SDM     : HWDeviceDRM::SetupConcurrentWriteback: Tear down the Concurrent Writeback topology
05-17 23:57:08.076  2626  7395 I ClipboardServiceI: checkProviderWakePathForClipboard: com.google.android.apps.nbu.filesis not a activePermissionOwner
05-17 23:57:08.086  1657  3665 D SDM     : HWCSession::NotifyCWBStatus: Notify the client about buffer status 0.
05-17 23:57:08.086  1657  3665 D SDM     : HWCSession::PerformFenceWaits: Remove current release fence from the pending fence wait queue.
05-17 23:57:08.086  1657  3665 D SDM     : HWCSession::PerformFenceWaits: CWB fence queue is empty. No pending release fence to wait on.
05-17 23:57:08.087  2444  3622 D libsensor-parseRGB: the value of RGB [189.367507 202.844303 228.813629 782.206121 792.893294 813.169308 1003.563644 1014.225189 1032.292525 595.316038 606.884770 628.876487]
05-17 23:57:08.145 14489 14489 W RenderThread: type=1400 audit(0.0:1024771): avc:  denied  { getattr } for  path="/sys/module/metis/parameters/minor_window_app" dev="sysfs" ino=61699 scontext=u:r:untrusted_app:s0:c159,c257,c512,c768 tcontext=u:object_r:sysfs_migt:s0 tclass=file permissive=0 app=com.ss.android.ugc.trill
05-17 23:57:08.163  1657 10484 I MiStcImpl: Dispatching command: 35 SET_HISTOGRAM
05-17 23:57:08.172  2444  3645 I libsensor-displayalgo: the value of channelCali C:374.318714,R:224.629017,G:137.019934,B:47.374483,scales C:1.017574,R:1.092311,G:1.010372,B:1.025091
05-17 23:57:08.172  2444  3645 E libsensor-displayalgo: value of coefs 5,850.303000,7.300256,-2.660090,1.550054,-8.640300, line 99
05-17 23:57:08.172  2444  3645 D libsensor-displayalgo: brightness:372.000000,R:189.367507,G:202.844303,B:228.813629,EVENT C:335.011383,R:182.506195,G:125.004242,B:50.001698, lux: 0.000000
05-17 23:57:08.172  2444  3645 I libsensor-displayalgo: ##### the value of lux: 0.000000, cct: 0.000000
05-17 23:57:08.172  2444  3645 I libsensor-ssccalapi: value of set_lux: 0.000000
05-17 23:57:08.172  2444  3645 I libsensor-ssccalapi: value of set cct: 0.000000
05-17 23:57:08.172  2444  3645 I sensors : send_request:296,  send_request suid high 48dd16bd suid low 2c177798
05-17 23:57:08.173  2444  3523 I sensors : handle_resp_cb:364, _fifo_resp not empty
05-17 23:57:08.173  2444  3523 I sensors : handle_resp_cb:377,  handle_resp_cb suid high 48dd16bd suid low 2c177798,_fifo_resp.begin() 4580e1e0
05-17 23:57:08.173  2444  3523 I sensors : handle_resp_cb:379, _fifo_resp still not empty
05-17 23:57:08.181  2626  3780 I MiuiNetworkPolicy: updateUidState uid = 10309, uidState = 10
05-17 23:57:08.181 14489 14489 W RenderThread: type=1400 audit(0.0:1024772): avc:  denied  { getattr } for  path="/sys/module/metis/parameters/minor_window_app" dev="sysfs" ino=61699 scontext=u:r:untrusted_app:s0:c159,c257,c512,c768 tcontext=u:object_r:sysfs_migt:s0 tclass=file permissive=0 app=com.ss.android.ugc.trill
05-17 23:57:08.185  2626  3780 I MiuiNetworkPolicy: updateUidState uid = 10309, uidState = 19
05-17 23:57:08.185 14489 14489 W RenderThread: type=1400 audit(0.0:1024773): avc:  denied  { getattr } for  path="/sys/module/metis/parameters/minor_window_app" dev="sysfs" ino=61699 scontext=u:r:untrusted_app:s0:c159,c257,c512,c768 tcontext=u:object_r:sysfs_migt:s0 tclass=file permissive=0 app=com.ss.android.ugc.trill
05-17 23:57:08.193 14489 14489 W RenderThread: type=1400 audit(0.0:1024774): avc:  denied  { getattr } for  path="/sys/module/metis/parameters/minor_window_app" dev="sysfs" ino=61699 scontext=u:r:untrusted_app:s0:c159,c257,c512,c768 tcontext=u:object_r:sysfs_migt:s0 tclass=file permissive=0 app=com.ss.android.ugc.trill
05-17 23:57:08.205 14489 14489 W RenderThread: type=1400 audit(0.0:1024775): avc:  denied  { getattr } for  path="/sys/module/metis/parameters/minor_window_app" dev="sysfs" ino=61699 scontext=u:r:untrusted_app:s0:c159,c257,c512,c768 tcontext=u:object_r:sysfs_migt:s0 tclass=file permissive=0 app=com.ss.android.ugc.trill
05-17 23:57:08.248 22423 22423 W Finsky  : [2] STU: Failed to get storage stats for package 'com.google.mainline.primary.libs' (1601: Error getting stats: android.content.pm.PackageManager.NameNotFoundException)
05-17 23:57:08.280  6516 23910 I MediaProvider: Invalidating LocalCallingIdentity cache for package com.decoutkhanqindev.dexreader.baselineprofile. Reason: owned_database_row_deleted:/storage/emulated/0/Android/media/com.decoutkhanqindev.dexreader.baselineprofile/temporaryScript_1847735699.sh
05-17 23:57:08.285  6516 23910 I MediaProvider: Deleted 0 0 0 0 0 0 1 items on external_primary due to com.android.shell
05-17 23:57:08.291  2384 31150 D BufferPoolAccessor2.0: bufferpool2 0xb4000074712e8c28 : 66(780005 size) total buffers - 1(2261 size) used buffers - 1091/7456 (recycle/alloc) - 6376/7455 (fetch/transfer)
05-17 23:57:08.294   326   348 I System.out: 0 Flags,FrameTimelineVsyncId,IntendedVsync,Vsync,InputEventId,HandleInputStart,AnimationStart,PerformTraversalsStart,DrawStart,FrameDeadline,FrameInterval,FrameStartTime,SyncQueued,SyncStart,IssueDrawCommandsStart,SwapBuffers,FrameCompleted,DequeueBufferDuration,QueueBufferDuration,GpuCompleted,SwapBuffersCompleted,DisplayPresentTime,CommandSubmissionCompleted,
05-17 23:57:08.294   326   348 I System.out: 1 1,555032675,921190821052171,921190920893395,0,921190928775619,921190928776505,921190928821609,921191220139317,921190832718838,921190928271452,8320102,921191231408900,921191234334213,921191241495463,921191371617963,921191374627546,10504792,383855,921191373171609,921191374627546,921191394506348,921191371617963,
05-17 23:57:08.295   326   348 I System.out: 2 0,555033234,921191378817569,921191378817569,0,921191382481244,921191382481921,921191383127286,921191383204942,921191390484236,921191382454473,8324588,921191383466140,921191383598744,921191383881973,921191390768275,921191395767025,136406,1796354,921191393077129,921191395767025,921191411125775,921191390768275,
05-17 23:57:08.295   326   348 I System.out: 3 0,555033256,921191387142157,921191387142157,0,921191389409734,921191389410619,921191389981452,921191390105931,921191407133412,921191389356348,8324588,921191390404838,921191397052754,921191397335463,921191403799629,921191410087754,32760,955417,921191408302234,921191410087754,921191419487129,921191403799629,
05-17 23:57:08.295   326   348 I System.out: 4 0,555033263,921191395466745,921191395466745,0,921191397800098,921191397800775,921191398089577,921191398155619,921191423782588,921191397774942,8324588,921191398385515,921191410291713,921191410716348,921191418342338,921191422878275,53646,2340365,921191422878275,921191422340984,921191436120619,921191418342338,
05-17 23:57:08.295   326   348 I System.out: 5 0,555033278,921191403799381,921191412124165,0,921191415761192,921191415762129,921191416101348,921191416159056,921191432107176,921191415724681,8324784,921191416367806,921191422522650,921191422774629,921191425662129,921191430397442,32240,509323,921191427616713,921191430397442,921191444395723,921191425662129,
05-17 23:57:08.295   326   348 I System.out: 6 0,555033301,921191420448949,921191428773638,0,921191430685567,921191430686973,921191431140984,921191431218952,921191440431960,921191430626140,8324689,921191431615306,921191432000827,921191432231244,921191433289265,921191434997025,14062,232031,921191434997025,921191434408536,921191452733327,921191433289265,
05-17 23:57:08.295   326   348 I System.out: 7 0,555033324,921191437095419,921191437095419,0,921191437776504,921191437777442,921191438148223,921191438211504,921191448762086,921191437751817,8324689,921191438425411,921191438487077,921191438555046,921191439275098,921191442213223,13281,2171250,921191440681192,921191442213223,921191461054994,921191439275098,
05-17 23:57:08.295   326   348 I System.out: 8 0,555033346,921191445428543,921191445428543,0,921191446138015,921191446139265,921191448455775,921191448536765,921191457095210,921191446110254,8325165,921191448879213,921191449564161,921191449913900,921191453369265,921191456702234,34739,700156,921191455439265,921191456702234,921191469379942,921191453369265,
05-17 23:57:08.295   326   348 I System.out: 9 0,555033368,921191453744832,921191453744832,0,921191454809629,921191454810984,921191455181765,921191457040254,921191465411499,921191454776713,8325012,921191460660098,921191460852286,921191461269369,921191465884681,921191471490567,177396,2689219,921191471490567,921191471064056,921191486026036,921191465884681,
05-17 23:57:08.295   326   348 I System.out: 10 0,555033383,921191462061406,921191462061406,0,921191462938952,921191462940202,921191463339161,921191463420827,921191490386535,921191462899838,8324716,921191463642494,921191471466661,921191471697338,921191476123379,921191479498640,46458,1353229,921191478899681,921191479498640,921191494363744,921191476123379,
05-17 23:57:08.295   326   348 I System.out: 11 0,555033398,921191470381032,921191470381032,0,921191472142286,921191472143275,921191472435359,921191472491609,921191498711251,921191472119265,8324592,921191472695671,921191479624681,921191479811817,921191485587963,921191496922181,23125,2866354,921191496922181,921191494656661,921191511006140,921191485587963,
05-17 23:57:08.295   326   348 I System.out: 12 0,555033413,921191478699613,921191478699613,0,921191480200723,921191480201452,921191480488119,921191480552963,921191507035843,921191480181765,8324352,921191480793119,921191494843484,921191495065202,921191498922234,921191504893223,28490,2021198,921191504893223,921191502844056,921191519321036,921191498922234,
05-17 23:57:08.295   326   348 I System.out: 13 0,555033435,921191487019973,921191495344125,0,921191495700463,921191495700984,921191496225827,921191496298275,921191515360195,921191495666504,8324152,921191497083015,921191503001817,921191503222546,921191506018015,921191510181244,24635,817552,921191510181244,921191509116400,921191527659265,921191506018015,
05-17 23:57:08.295   326   348 I System.out: 14 0,555033458,921191503660897,921191503660897,0,921191504622494,921191504622911,921191505048484,921191505106609,921191523684347,921191504592911,8323775,921191505421869,921191509230567,921191509342338,921191510852234,921191513766713,11198,275052,921191513766713,921191511731036,921191535973900,921191510852234,
05-17 23:57:08.295   326   348 I System.out: 15 0,555033480,921191511979933,921191511979933,0,921191512731921,921191512732442,921191513148327,921191513217494,921191532008122,921191512704369,8323501,921191513433848,921191513509838,921191513605046,921191519820567,921191521316296,5241875,376927,921191521316296,921191521039213,921191544294213,921191519820567,
05-17 23:57:08.295   326   348 I System.out: 16 0,555033502,921191520298911,921191520298911,0,921191521254681,921191521255254,921191521638900,921191521700098,921191540331623,921191521226296,8323150,921191521918952,921191521996713,921191522076140,921191529992858,921191531461504,6686145,304479,921191531461504,921191530842442,921191552619994,921191529992858,
05-17 23:57:08.295   326   348 I System.out: 17 0,555033517,921191528617890,921191528617890,0,921191530073900,921191530074681,921191530612181,921191530699161,921191548654773,921191530045306,8322847,921191531007025,921191531520515,921191531783640,921191538719786,921191542679004,3549375,659479,921191542679004,921191541381765,921191560951713,921191538719786,
05-17 23:57:08.295   326   348 I System.out: 18 0,555033532,921191536940970,921191536940970,0,921191537623119,921191537623796,921191538022806,921191538087963,921191556977620,921191537593640,8322797,921191538286869,921191541526036,921191541731296,921191547626713,921191563058900,2154584,741615,921191563058900,921191549716296,921191569258119,921191547626713,
05-17 23:57:08.295   326   348 I System.out: 19 0,555033554,921191545257209,921191545257209,0,921191545974108,921191545974838,921191546273640,921191546335931,921191581898825,921191545947650,8322220,921191546558848,921191549871244,921191550107494,921191553393327,921191566201348,269687,4230782,921191563073796,921191566201348,921191577613379,921191553393327,
05-17 23:57:08.295   326   348 I System.out: 20 0,555033569,921191553575365,921191553575365,0,921191554826973,921191554828379,921191555598171,921191555691921,921191590221045,921191554758640,8321840,921191556227963,921191566593848,921191566973119,921191570337442,921191573445515,70209,372084,921191572451661,921191573445515,921191585927806,921191570337442,
05-17 23:57:08.295   326   348 I System.out: 21 0,555033584,921191561902216,921191561902216,0,921191567542650,921191567543275,921191567866400,921191567922754,921191598542885,921191567509681,8322205,921191568221921,921191573518275,921191573593952,921191574925463,921191580874056,9948,434895,921191580874056,921191577456192,921191594735567,921191574925463,
05-17 23:57:08.295   326   348 I System.out: 22 0,555033606,921191570227795,921191570227795,0,921191573992963,921191573994004,921191574380358,921191574453900,921191606865090,921191573969056,8322409,921191574695515,921191577620463,921191577741556,921191580263171,921191581947129,800677,359010,921191581947129,921191581731713,921191602752911,921191580263171,
05-17 23:57:08.295   326   348 I System.out: 23 0,555033628,921191578550204,921191578550204,0,921191579501244,921191579501921,921191580321608,921191580418275,921191615187499,921191579460411,8322409,921191580807911,921191581811348,921191581879265,921191588241296,921191589930619,5297500,338750,921191589930619,921191589463952,921191610934890,921191588241296,
05-17 23:57:08.295   326   348 I System.out: 24 0,555033643,921191586885717,921191586885717,0,921191587723952,921191587724473,921191588267233,921191588352286,921191623509908,921191587691921,8323272,921191588589421,921191589683640,921191589761192,921191596734369,921191598366452,5177916,515729,921191598366452,921191597999317,921191619192858,921191596734369,
05-17 23:57:08.295   326   348 I System.out: 25 0,555033658,921191595208989,921191595208989,0,921191595961973,921191595962546,921191596376869,921191596452702,921191631833180,921191595931192,8323272,921191596687546,921191598092233,921191598186608,921191604589786,921191606311296,5087396,330781,921191606311296,921191605740671,921191635853483,921191604589786,
05-17 23:57:08.295   326   348 I System.out: 26 0,555033673,921191603659548,921191603659548,0,921191604298848,921191604299525,921191604615983,921191604685879,921191640156452,921191604268848,8330998,921191604904056,921191605841088,921191605948015,921191615004369,921191616635827,7885052,470313,921191616635827,921191616305411,921191644180202,921191615004369,
05-17 23:57:08.295   326   348 I System.out: 27 0,555033695,921191611990546,921191611990546,0,921191619552181,921191619552806,921191619878692,921191619936192,921191648487450,921191619391608,8330998,921191620568848,921191620719421,921191620828223,921191625341556,921191627044629,3664375,367812,921191627044629,921191626508744,921191652508067,921191625341556,
05-17 23:57:08.295   326   348 I System.out: 28 0,555033703,921191620342084,921191620342084,0,921191621409577,921191621410306,921191621863171,921191621986921,921191656818448,921191621380931,8332773,921191622469369,921191626631400,921191626738015,921191633938015,921191637528067,6168229,314531,921191637528067,921191634705515,921191660818483,921191633938015,
05-17 23:57:08.295   326   348 I System.out: 29 0,555033717,921191628645553,921191628645553,0,921191630708119,921191630709786,921191631214369,921191631343536,921191665151221,921191630645254,8331328,921191631759525,921191634781713,921191634864942,921191643693015,921191645901765,7213177,288229,921191645901765,921191644747598,921191669147181,921191643693015,
05-17 23:57:08.295   326   348 I System.out: 30 0,555033725,921191636976881,921191636976881,0,921191640319786,921191640320827,921191640815775,921191640913275,921191673482549,921191640282181,8331328,921191641347598,921191645254161,921191645390723,921191650421661,921191657770150,3197708,361823,921191657770150,921191651267494,921191677551661,921191650421661,
05-17 23:57:08.295   326   348 I System.out: 31 0,555033740,921191645278376,921191645278376,0,921191647171973,921191647172963,921191647664473,921191647805306,921191681813877,921191647137806,8329815,921191648712598,921191651348067,921191651422286,921191657559004,921191666014004,2836354,670677,921191666014004,921191659434004,921191685812442,921191657559004,
05-17 23:57:08.295   326   348 I System.out: 32 0,555033755,921191653582458,921191653582458,0,921191654441973,921191654443223,921191655135150,921191655266140,921191690143692,921191654371244,8327380,921191655835202,921191659579994,921191659774108,921191667747233,921191673930202,3573907,897656,921191673930202,921191669722963,921191694112442,921191667747233,
05-17 23:57:08.295   326   348 I System.out: 33 0,555033763,921191661890239,921191661890239,0,921191662969317,921191662970306,921191663832806,921191663985619,921191698471072,921191662922442,8326016,921191664612858,921191669995515,921191670318536,921191674931088,921191682419838,1854531,744167,921191682419838,921191676877546,921191702443692,921191674931088,
05-17 23:57:08.295   326   348 I System.out: 34 0,555033771,921191670193987,921191670193987,0,921191671190254,921191671191192,921191671925827,921191672177598,921191706797088,921191671140046,8326016,921191672793015,921191677107025,921191677704890,921191683672911,921191690249213,2928906,614948,921191690249213,921191685386713,921191710800358,921191683672911,
05-17 23:57:08.296   326   348 I System.out: 35 0,555033779,921191678502138,921191678502138,0,921191680225723,921191680226817,921191680874629,921191681024890,921191715123104,921191680172077,8324983,921191681514213,921191685538796,921191685934473,921191691637338,921191698959161,2401771,653489,921191698959161,921191693412442,921191719099265,921191691637338,
05-17 23:57:08.296   326   348 I System.out: 36 0,555033787,921191686828582,921191686828582,0,921191688656973,921191688659473,921191689136765,921191689258536,921191723448087,921191688591504,8323988,921191689528327,921191693478275,921191693549525,921191699732702,921191707523275,2612760,673906,921191707523275,921191702108223,921191727452598,921191699732702,
05-17 23:57:08.296   326   348 I System.out: 37 0,555033795,921191695139790,921191695139790,0,921191696294004,921191696294994,921191697070202,921191697244525,921191731772075,921191696246036,8322645,921191697695046,921191702256504,921191702468171,921191708356973,921191716293067,3006250,587865,921191716293067,921191710353536,921191735765931,921191708356973,
05-17 23:57:08.296   326   348 I System.out: 38 0,555033803,921191703444224,921191703444224,0,921191704747233,921191704749681,921191707776973,921191708282702,921191740094720,921191704691817,8322645,921191766580879,921191766679838,921191766803171,921191841949160,921191848109994,16145,339010,921191848109994,921191843857181,921191860599473,921191841949160,
