05-17 23:57:10.774  2444  3523 I sensors : handle_resp_cb:364, _fifo_resp not empty
05-17 23:57:10.774  2444  3523 I sensors : handle_resp_cb:377,  handle_resp_cb suid high 48dd16bd suid low 2c177798,_fifo_resp.begin() 4580e1e0
05-17 23:57:10.774  2444  3523 I sensors : handle_resp_cb:379, _fifo_resp still not empty
05-17 23:57:10.774  2444  3645 I libsensor-displayalgo: the value of channelCali C:374.318714,R:224.629017,G:137.019934,B:47.374483,scales C:1.017574,R:1.092311,G:1.010372,B:1.025091
05-17 23:57:10.774  2444  3645 E libsensor-displayalgo: value of coefs 5,850.303000,7.300256,-2.660090,1.550054,-8.640300, line 99
05-17 23:57:10.774  2444  3645 D libsensor-displayalgo: brightness:372.000000,R:189.367507,G:202.844303,B:228.813629,EVENT C:330.011200,R:180.006119,G:125.004242,B:45.001530, lux: 0.000000
05-17 23:57:10.774  2444  3645 I libsensor-displayalgo: ##### the value of lux: 0.000000, cct: 0.000000
05-17 23:57:10.774  2444  3645 I libsensor-ssccalapi: value of set_lux: 0.000000
05-17 23:57:10.774  2444  3645 I libsensor-ssccalapi: value of set cct: 0.000000
05-17 23:57:10.774  2444  3645 I sensors : send_request:296,  send_request suid high 48dd16bd suid low 2c177798
05-17 23:57:10.776  2444  3523 I sensors : handle_resp_cb:364, _fifo_resp not empty
05-17 23:57:10.776  2444  3523 I sensors : handle_resp_cb:377,  handle_resp_cb suid high 48dd16bd suid low 2c177798,_fifo_resp.begin() 4580e1e0
05-17 23:57:10.776  2444  3523 I sensors : handle_resp_cb:379, _fifo_resp still not empty
05-17 23:57:10.776  2444  3645 I libsensor-displayalgo: the value of channelCali C:374.318714,R:224.629017,G:137.019934,B:47.374483,scales C:1.017574,R:1.092311,G:1.010372,B:1.025091
05-17 23:57:10.776  2444  3645 E libsensor-displayalgo: value of coefs 5,850.303000,7.300256,-2.660090,1.550054,-8.640300, line 99
05-17 23:57:10.776  2444  3645 D libsensor-displayalgo: brightness:372.000000,R:189.367507,G:202.844303,B:228.813629,EVENT C:327.511108,R:177.506027,G:125.004242,B:45.001530, lux: 0.000000
05-17 23:57:10.776  2444  3645 I libsensor-displayalgo: ##### the value of lux: 0.000000, cct: 0.000000
05-17 23:57:10.776  2444  3645 I libsensor-ssccalapi: value of set_lux: 0.000000
05-17 23:57:10.776  2444  3645 I libsensor-ssccalapi: value of set cct: 0.000000
05-17 23:57:10.776  2444  3645 I sensors : send_request:296,  send_request suid high 48dd16bd suid low 2c177798
05-17 23:57:10.777  2444  3523 I sensors : handle_resp_cb:364, _fifo_resp not empty
05-17 23:57:10.777  2444  3523 I sensors : handle_resp_cb:377,  handle_resp_cb suid high 48dd16bd suid low 2c177798,_fifo_resp.begin() 4580e1e0
05-17 23:57:10.777  2444  3523 I sensors : handle_resp_cb:379, _fifo_resp still not empty
05-17 23:57:10.777  1657 10484 I MiStcImpl: Dispatching command: 35 SET_HISTOGRAM
05-17 23:57:10.783 22423 22423 W Finsky  : [2] STU: Failed to get storage stats for package 'com.google.android.ipsec' (1601: Error getting stats: android.content.pm.PackageManager.NameNotFoundException)
05-17 23:57:10.786 22423 22423 W Finsky  : [2] STU: Failed to get storage stats for package 'com.android.devicelock' (1601: Error getting stats: android.content.pm.PackageManager.NameNotFoundException)
05-17 23:57:10.803 22423 22423 W Finsky  : [2] STU: Failed to get storage stats for package 'com.google.android.ondevicepersonalization' (1601: Error getting stats: android.content.pm.PackageManager.NameNotFoundException)
05-17 23:57:10.815 22423 22423 W Finsky  : [2] STU: Failed to get storage stats for package 'com.google.android.healthfitness' (1601: Error getting stats: android.content.pm.PackageManager.NameNotFoundException)
05-17 23:57:10.854 22423 22423 W Finsky  : [2] STU: Failed to get storage stats for package 'com.android.uwb' (1601: Error getting stats: android.content.pm.PackageManager.NameNotFoundException)
05-17 23:57:10.854 22423 22423 W Finsky  : [2] STU: Failed to get storage stats for package 'com.google.android.extservices' (1601: Error getting stats: android.content.pm.PackageManager.NameNotFoundException)
05-17 23:57:10.871  2444  3645 I libsensor-displayalgo: the value of channelCali C:374.318714,R:224.629017,G:137.019934,B:47.374483,scales C:1.017574,R:1.092311,G:1.010372,B:1.025091
05-17 23:57:10.871  2444  3645 E libsensor-displayalgo: value of coefs 5,850.303000,7.300256,-2.660090,1.550054,-8.640300, line 99
05-17 23:57:10.871  2444  3645 D libsensor-displayalgo: brightness:372.000000,R:189.367507,G:202.844303,B:228.813629,EVENT C:330.011200,R:177.506027,G:122.504158,B:45.001530, lux: 0.000000
05-17 23:57:10.871  2444  3645 I libsensor-displayalgo: ##### the value of lux: 0.000000, cct: 0.000000
05-17 23:57:10.871  2444  3645 I libsensor-ssccalapi: value of set_lux: 0.000000
05-17 23:57:10.871  2444  3645 I libsensor-ssccalapi: value of set cct: 0.000000
05-17 23:57:10.871  2444  3645 I sensors : send_request:296,  send_request suid high 48dd16bd suid low 2c177798
05-17 23:57:10.872  2444  3523 I sensors : handle_resp_cb:364, _fifo_resp not empty
05-17 23:57:10.872  2444  3523 I sensors : handle_resp_cb:377,  handle_resp_cb suid high 48dd16bd suid low 2c177798,_fifo_resp.begin() 4580e1e0
05-17 23:57:10.872  2444  3523 I sensors : handle_resp_cb:379, _fifo_resp still not empty
05-17 23:57:10.872  2444  3645 I libsensor-displayalgo: the value of channelCali C:374.318714,R:224.629017,G:137.019934,B:47.374483,scales C:1.017574,R:1.092311,G:1.010372,B:1.025091
05-17 23:57:10.872  2444  3645 E libsensor-displayalgo: value of coefs 5,850.303000,7.300256,-2.660090,1.550054,-8.640300, line 99
05-17 23:57:10.872  2444  3645 D libsensor-displayalgo: brightness:372.000000,R:189.367507,G:202.844303,B:228.813629,EVENT C:335.011383,R:177.506027,G:125.004242,B:47.501614, lux: 0.000000
05-17 23:57:10.872  2444  3645 I libsensor-displayalgo: ##### the value of lux: 0.000000, cct: 0.000000
05-17 23:57:10.872  2444  3645 I libsensor-ssccalapi: value of set_lux: 0.000000
05-17 23:57:10.872  2444  3645 I libsensor-ssccalapi: value of set cct: 0.000000
05-17 23:57:10.872  2444  3645 I sensors : send_request:296,  send_request suid high 48dd16bd suid low 2c177798
05-17 23:57:10.873  2444  3523 I sensors : handle_resp_cb:364, _fifo_resp not empty
05-17 23:57:10.873  2444  3523 I sensors : handle_resp_cb:377,  handle_resp_cb suid high 48dd16bd suid low 2c177798,_fifo_resp.begin() 4580e1e0
05-17 23:57:10.873  2444  3523 I sensors : handle_resp_cb:379, _fifo_resp still not empty
05-17 23:57:10.873  2444  3645 I libsensor-displayalgo: the value of channelCali C:374.318714,R:224.629017,G:137.019934,B:47.374483,scales C:1.017574,R:1.092311,G:1.010372,B:1.025091
05-17 23:57:10.873  2444  3645 E libsensor-displayalgo: value of coefs 5,850.303000,7.300256,-2.660090,1.550054,-8.640300, line 99
05-17 23:57:10.873  2444  3645 D libsensor-displayalgo: brightness:372.000000,R:189.367507,G:202.844303,B:228.813629,EVENT C:327.511108,R:175.005936,G:122.504158,B:47.501614, lux: 0.000000
05-17 23:57:10.873  2444  3645 I libsensor-displayalgo: ##### the value of lux: 0.000000, cct: 0.000000
05-17 23:57:10.873  2444  3645 I libsensor-ssccalapi: value of set_lux: 0.000000
05-17 23:57:10.873  2444  3645 I libsensor-ssccalapi: value of set cct: 0.000000
05-17 23:57:10.873  2444  3645 I sensors : send_request:296,  send_request suid high 48dd16bd suid low 2c177798
05-17 23:57:10.874  2444  3523 I sensors : handle_resp_cb:364, _fifo_resp not empty
05-17 23:57:10.874  2444  3523 I sensors : handle_resp_cb:377,  handle_resp_cb suid high 48dd16bd suid low 2c177798,_fifo_resp.begin() 4580e1e0
05-17 23:57:10.874  2444  3523 I sensors : handle_resp_cb:379, _fifo_resp still not empty
05-17 23:57:10.874  2444  3645 I libsensor-displayalgo: the value of channelCali C:374.318714,R:224.629017,G:137.019934,B:47.374483,scales C:1.017574,R:1.092311,G:1.010372,B:1.025091
05-17 23:57:10.874  2444  3645 E libsensor-displayalgo: value of coefs 5,850.303000,7.300256,-2.660090,1.550054,-8.640300, line 99
05-17 23:57:10.874  2444  3645 D libsensor-displayalgo: brightness:372.000000,R:189.367507,G:202.844303,B:228.813629,EVENT C:332.511292,R:180.006119,G:125.004242,B:45.001530, lux: 0.000000
05-17 23:57:10.874  2444  3645 I libsensor-displayalgo: ##### the value of lux: 0.000000, cct: 0.000000
05-17 23:57:10.874  2444  3645 I libsensor-ssccalapi: value of set_lux: 0.000000
05-17 23:57:10.874  2444  3645 I libsensor-ssccalapi: value of set cct: 0.000000
05-17 23:57:10.874  2444  3645 I sensors : send_request:296,  send_request suid high 48dd16bd suid low 2c177798
05-17 23:57:10.876  2444  3523 I sensors : handle_resp_cb:364, _fifo_resp not empty
05-17 23:57:10.876  2444  3523 I sensors : handle_resp_cb:377,  handle_resp_cb suid high 48dd16bd suid low 2c177798,_fifo_resp.begin() 4580e1e0
05-17 23:57:10.876  2444  3523 I sensors : handle_resp_cb:379, _fifo_resp still not empty
05-17 23:57:10.876  2444  3645 I libsensor-displayalgo: the value of channelCali C:374.318714,R:224.629017,G:137.019934,B:47.374483,scales C:1.017574,R:1.092311,G:1.010372,B:1.025091
05-17 23:57:10.876  2444  3645 E libsensor-displayalgo: value of coefs 5,850.303000,7.300256,-2.660090,1.550054,-8.640300, line 99
05-17 23:57:10.876  2444  3645 D libsensor-displayalgo: brightness:372.000000,R:189.367507,G:202.844303,B:228.813629,EVENT C:327.511108,R:177.506027,G:125.004242,B:45.001530, lux: 0.000000
05-17 23:57:10.876  2444  3645 I libsensor-displayalgo: ##### the value of lux: 0.000000, cct: 0.000000
05-17 23:57:10.876  2444  3645 I libsensor-ssccalapi: value of set_lux: 0.000000
05-17 23:57:10.876  2444  3645 I libsensor-ssccalapi: value of set cct: 0.000000
05-17 23:57:10.876  2444  3645 I sensors : send_request:296,  send_request suid high 48dd16bd suid low 2c177798
05-17 23:57:10.877  2444  3523 I sensors : handle_resp_cb:364, _fifo_resp not empty
05-17 23:57:10.877  2444  3523 I sensors : handle_resp_cb:377,  handle_resp_cb suid high 48dd16bd suid low 2c177798,_fifo_resp.begin() 4580e1e0
05-17 23:57:10.877  2444  3523 I sensors : handle_resp_cb:379, _fifo_resp still not empty
05-17 23:57:10.920 22423 22423 W Finsky  : [2] STU: Failed to get storage stats for package 'com.google.android.os.statsd' (1601: Error getting stats: android.content.pm.PackageManager.NameNotFoundException)
05-17 23:57:10.933 22423 22423 W Finsky  : [2] STU: Failed to get storage stats for package 'com.android.rkpd' (1601: Error getting stats: android.content.pm.PackageManager.NameNotFoundException)
05-17 23:57:10.937 22423 22423 W Finsky  : [2] STU: Failed to get storage stats for package 'com.google.android.scheduling' (1601: Error getting stats: android.content.pm.PackageManager.NameNotFoundException)
05-17 23:57:10.971  2444  3645 I libsensor-displayalgo: the value of channelCali C:374.318714,R:224.629017,G:137.019934,B:47.374483,scales C:1.017574,R:1.092311,G:1.010372,B:1.025091
05-17 23:57:10.971  2444  3645 E libsensor-displayalgo: value of coefs 5,850.303000,7.300256,-2.660090,1.550054,-8.640300, line 99
05-17 23:57:10.971  2444  3645 D libsensor-displayalgo: brightness:372.000000,R:189.367507,G:202.844303,B:228.813629,EVENT C:330.011200,R:177.506027,G:125.004242,B:45.001530, lux: 0.000000
05-17 23:57:10.971  2444  3645 I libsensor-displayalgo: ##### the value of lux: 0.000000, cct: 0.000000
05-17 23:57:10.971  2444  3645 I libsensor-ssccalapi: value of set_lux: 0.000000
05-17 23:57:10.971  2444  3645 I libsensor-ssccalapi: value of set cct: 0.000000
05-17 23:57:10.971  2444  3645 I sensors : send_request:296,  send_request suid high 48dd16bd suid low 2c177798
05-17 23:57:10.972  2444  3523 I sensors : handle_resp_cb:364, _fifo_resp not empty
05-17 23:57:10.972  2444  3523 I sensors : handle_resp_cb:377,  handle_resp_cb suid high 48dd16bd suid low 2c177798,_fifo_resp.begin() 4580e1e0
05-17 23:57:10.972  2444  3523 I sensors : handle_resp_cb:379, _fifo_resp still not empty
05-17 23:57:10.972  2444  3645 I libsensor-displayalgo: the value of channelCali C:374.318714,R:224.629017,G:137.019934,B:47.374483,scales C:1.017574,R:1.092311,G:1.010372,B:1.025091
05-17 23:57:10.972  2444  3645 E libsensor-displayalgo: value of coefs 5,850.303000,7.300256,-2.660090,1.550054,-8.640300, line 99
05-17 23:57:10.972  2444  3645 D libsensor-displayalgo: brightness:372.000000,R:189.367507,G:202.844303,B:228.813629,EVENT C:330.011200,R:177.506027,G:125.004242,B:47.501614, lux: 0.000000
05-17 23:57:10.972  2444  3645 I libsensor-displayalgo: ##### the value of lux: 0.000000, cct: 0.000000
05-17 23:57:10.972  2444  3645 I libsensor-ssccalapi: value of set_lux: 0.000000
05-17 23:57:10.972  2444  3645 I libsensor-ssccalapi: value of set cct: 0.000000
05-17 23:57:10.972  2444  3645 I sensors : send_request:296,  send_request suid high 48dd16bd suid low 2c177798
05-17 23:57:10.973  2444  3523 I sensors : handle_resp_cb:364, _fifo_resp not empty
05-17 23:57:10.973  2444  3523 I sensors : handle_resp_cb:377,  handle_resp_cb suid high 48dd16bd suid low 2c177798,_fifo_resp.begin() 4580e1e0
05-17 23:57:10.973  2444  3523 I sensors : handle_resp_cb:379, _fifo_resp still not empty
05-17 23:57:10.973  2444  3645 I libsensor-displayalgo: the value of channelCali C:374.318714,R:224.629017,G:137.019934,B:47.374483,scales C:1.017574,R:1.092311,G:1.010372,B:1.025091
05-17 23:57:10.973  2444  3645 E libsensor-displayalgo: value of coefs 5,850.303000,7.300256,-2.660090,1.550054,-8.640300, line 99
05-17 23:57:10.973  2444  3645 D libsensor-displayalgo: brightness:372.000000,R:189.367507,G:202.844303,B:228.813629,EVENT C:327.511108,R:177.506027,G:122.504158,B:47.501614, lux: 0.000000
05-17 23:57:10.973  2444  3645 I libsensor-displayalgo: ##### the value of lux: 0.000000, cct: 0.000000
05-17 23:57:10.973  2444  3645 I libsensor-ssccalapi: value of set_lux: 0.000000
05-17 23:57:10.973  2444  3645 I libsensor-ssccalapi: value of set cct: 0.000000
05-17 23:57:10.973  2444  3645 I sensors : send_request:296,  send_request suid high 48dd16bd suid low 2c177798
05-17 23:57:10.974  2444  3523 I sensors : handle_resp_cb:364, _fifo_resp not empty
05-17 23:57:10.974  2444  3523 I sensors : handle_resp_cb:377,  handle_resp_cb suid high 48dd16bd suid low 2c177798,_fifo_resp.begin() 4580e1e0
05-17 23:57:10.974  2444  3523 I sensors : handle_resp_cb:379, _fifo_resp still not empty
05-17 23:57:10.974  2444  3645 I libsensor-displayalgo: the value of channelCali C:374.318714,R:224.629017,G:137.019934,B:47.374483,scales C:1.017574,R:1.092311,G:1.010372,B:1.025091
05-17 23:57:10.974  2444  3645 E libsensor-displayalgo: value of coefs 5,850.303000,7.300256,-2.660090,1.550054,-8.640300, line 99
05-17 23:57:10.974  2444  3645 D libsensor-displayalgo: brightness:372.000000,R:189.367507,G:202.844303,B:228.813629,EVENT C:335.011383,R:180.006119,G:125.004242,B:47.501614, lux: 0.000000
05-17 23:57:10.974  2444  3645 I libsensor-displayalgo: ##### the value of lux: 0.000000, cct: 0.000000
05-17 23:57:10.974  2444  3645 I libsensor-ssccalapi: value of set_lux: 0.000000
05-17 23:57:10.974  2444  3645 I libsensor-ssccalapi: value of set cct: 0.000000
05-17 23:57:10.974  2444  3645 I sensors : send_request:296,  send_request suid high 48dd16bd suid low 2c177798
05-17 23:57:10.976  2444  3523 I sensors : handle_resp_cb:364, _fifo_resp not empty
05-17 23:57:10.976  2444  3523 I sensors : handle_resp_cb:377,  handle_resp_cb suid high 48dd16bd suid low 2c177798,_fifo_resp.begin() 4580e1e0
05-17 23:57:10.976  2444  3523 I sensors : handle_resp_cb:379, _fifo_resp still not empty
05-17 23:57:10.976  2444  3645 I libsensor-displayalgo: the value of channelCali C:374.318714,R:224.629017,G:137.019934,B:47.374483,scales C:1.017574,R:1.092311,G:1.010372,B:1.025091
05-17 23:57:10.976  2444  3645 E libsensor-displayalgo: value of coefs 5,850.303000,7.300256,-2.660090,1.550054,-8.640300, line 99
05-17 23:57:10.976  2444  3645 D libsensor-displayalgo: brightness:372.000000,R:189.367507,G:202.844303,B:228.813629,EVENT C:327.511108,R:175.005936,G:120.004074,B:47.501614, lux: 0.000000
05-17 23:57:10.976  2444  3645 I libsensor-displayalgo: ##### the value of lux: 0.000000, cct: 0.000000
05-17 23:57:10.976  2444  3645 I libsensor-ssccalapi: value of set_lux: 0.000000
05-17 23:57:10.976  2444  3645 I libsensor-ssccalapi: value of set cct: 0.000000
05-17 23:57:10.976  2444  3645 I sensors : send_request:296,  send_request suid high 48dd16bd suid low 2c177798
05-17 23:57:10.977  2444  3523 I sensors : handle_resp_cb:364, _fifo_resp not empty
05-17 23:57:10.977  2444  3523 I sensors : handle_resp_cb:377,  handle_resp_cb suid high 48dd16bd suid low 2c177798,_fifo_resp.begin() 4580e1e0
05-17 23:57:10.977  2444  3523 I sensors : handle_resp_cb:379, _fifo_resp still not empty
05-17 23:57:10.978  1657 10484 I MiStcImpl: Dispatching command: 35 SET_HISTOGRAM
05-17 23:57:10.980 22423 22423 I Finsky  : [2] App states replicator found 68 unowned apps
05-17 23:57:11.000 29591 29785 E AuthPII : [RequestTokenManager] getToken() -> BAD_AUTHENTICATION. App: com.android.vending, Service: oauth2:https://www.googleapis.com/auth/googleplay
05-17 23:57:11.000 29591 29785 E AuthPII : bibt: Long live credential not available.
05-17 23:57:11.000 29591 29785 E AuthPII : 	at ahbx.a(:com.google.android.gms@261833029@26.18.33 (190400-913931251):1347)
05-17 23:57:11.000 29591 29785 E AuthPII : 	at ahce.b(:com.google.android.gms@261833029@26.18.33 (190400-913931251):26)
05-17 23:57:11.000 29591 29785 E AuthPII : 	at ahcc.a(:com.google.android.gms@261833029@26.18.33 (190400-913931251):745)
05-17 23:57:11.000 29591 29785 E AuthPII : 	at ahcb.b(:com.google.android.gms@261833029@26.18.33 (190400-913931251):151)
05-17 23:57:11.000 29591 29785 E AuthPII : 	at aaql.d(:com.google.android.gms@261833029@26.18.33 (190400-913931251):107)
05-17 23:57:11.000 29591 29785 E AuthPII : 	at agvo.getAuthToken(:com.google.android.gms@261833029@26.18.33 (190400-913931251):411)
05-17 23:57:11.000 29591 29785 E AuthPII : 	at android.accounts.AbstractAccountAuthenticator$Transport.getAuthToken(AbstractAccountAuthenticator.java:251)
05-17 23:57:11.000 29591 29785 E AuthPII : 	at android.accounts.IAccountAuthenticator$Stub.onTransact(IAccountAuthenticator.java:253)
05-17 23:57:11.000 29591 29785 E AuthPII : 	at android.os.Binder.transact(Binder.java:1190)
05-17 23:57:11.000 29591 29785 E AuthPII : 	at cnmk.onTransact(:com.google.android.gms@261833029@26.18.33 (190400-913931251):12)
05-17 23:57:11.000 29591 29785 E AuthPII : 	at android.os.Binder.transact(Binder.java:1190)
05-17 23:57:11.000 29591 29785 E AuthPII : 	at cawv.onTransact(:com.google.android.gms@261833029@26.18.33 (190400-913931251):169)
05-17 23:57:11.000 29591 29785 E AuthPII : 	at android.os.Binder.execTransactInternal(Binder.java:1351)
05-17 23:57:11.000 29591 29785 E AuthPII : 	at android.os.Binder.execTransact(Binder.java:1282)
05-17 23:57:11.000 29591 29785 E AuthPII : Message is Long live credential not available.
05-17 23:57:11.000 29591 29785 E AuthPII : bibt: Long live credential not available.
05-17 23:57:11.000 29591 29785 E AuthPII : 	at ahbx.a(:com.google.android.gms@261833029@26.18.33 (190400-913931251):1347)
05-17 23:57:11.000 29591 29785 E AuthPII : 	at ahce.b(:com.google.android.gms@261833029@26.18.33 (190400-913931251):26)
05-17 23:57:11.000 29591 29785 E AuthPII : 	at ahcc.a(:com.google.android.gms@261833029@26.18.33 (190400-913931251):745)
05-17 23:57:11.000 29591 29785 E AuthPII : 	at ahcb.b(:com.google.android.gms@261833029@26.18.33 (190400-913931251):151)
05-17 23:57:11.000 29591 29785 E AuthPII : 	at aaql.d(:com.google.android.gms@261833029@26.18.33 (190400-913931251):107)
05-17 23:57:11.000 29591 29785 E AuthPII : 	at agvo.getAuthToken(:com.google.android.gms@261833029@26.18.33 (190400-913931251):411)
05-17 23:57:11.000 29591 29785 E AuthPII : 	at android.accounts.AbstractAccountAuthenticator$Transport.getAuthToken(AbstractAccountAuthenticator.java:251)
05-17 23:57:11.000 29591 29785 E AuthPII : 	at android.accounts.IAccountAuthenticator$Stub.onTransact(IAccountAuthenticator.java:253)
05-17 23:57:11.000 29591 29785 E AuthPII : 	at android.os.Binder.transact(Binder.java:1190)
05-17 23:57:11.000 29591 29785 E AuthPII : 	at cnmk.onTransact(:com.google.android.gms@261833029@26.18.33 (190400-913931251):12)
05-17 23:57:11.000 29591 29785 E AuthPII : 	at android.os.Binder.transact(Binder.java:1190)
05-17 23:57:11.000 29591 29785 E AuthPII : 	at cawv.onTransact(:com.google.android.gms@261833029@26.18.33 (190400-913931251):169)
05-17 23:57:11.000 29591 29785 E AuthPII : 	at android.os.Binder.execTransactInternal(Binder.java:1351)
05-17 23:57:11.000 29591 29785 E AuthPII : 	at android.os.Binder.execTransact(Binder.java:1282)
05-17 23:57:11.011 29591 29785 I Auth    : (REDACTED) [GetToken] GetToken failed for app=%s with userRecoverable status: %s
05-17 23:57:11.011 29591 29785 W Auth    : [ChimeraGetToken] exception while trying to fetch auth tokens for app=com.google.android.gsf, scope=oauth2:https://www.googleapis.com/auth/googleplay [CONTEXT service_id=153 ]
05-17 23:57:11.011 29591 29785 W Auth    : ahbw: GetToken failed with status code and recovery intent: BadAuthentication
05-17 23:57:11.011 29591 29785 W Auth    : 	at ahcb.b(:com.google.android.gms@261833029@26.18.33 (190400-913931251):352)
05-17 23:57:11.011 29591 29785 W Auth    : 	at aaql.d(:com.google.android.gms@261833029@26.18.33 (190400-913931251):107)
05-17 23:57:11.011 29591 29785 W Auth    : 	at agvo.getAuthToken(:com.google.android.gms@261833029@26.18.33 (190400-913931251):411)
05-17 23:57:11.011 29591 29785 W Auth    : 	at android.accounts.AbstractAccountAuthenticator$Transport.getAuthToken(AbstractAccountAuthenticator.java:251)
05-17 23:57:11.011 29591 29785 W Auth    : 	at android.accounts.IAccountAuthenticator$Stub.onTransact(IAccountAuthenticator.java:253)
05-17 23:57:11.011 29591 29785 W Auth    : 	at android.os.Binder.transact(Binder.java:1190)
05-17 23:57:11.011 29591 29785 W Auth    : 	at cnmk.onTransact(:com.google.android.gms@261833029@26.18.33 (190400-913931251):12)
05-17 23:57:11.011 29591 29785 W Auth    : 	at android.os.Binder.transact(Binder.java:1190)
05-17 23:57:11.011 29591 29785 W Auth    : 	at cawv.onTransact(:com.google.android.gms@261833029@26.18.33 (190400-913931251):169)
05-17 23:57:11.011 29591 29785 W Auth    : 	at android.os.Binder.execTransactInternal(Binder.java:1351)
05-17 23:57:11.011 29591 29785 W Auth    : 	at android.os.Binder.execTransact(Binder.java:1282)
05-17 23:57:11.012 29591 29785 W GLSActivity: [GmsAccountAuthenticatorImpl] error status while fetching token:BadAuthentication
05-17 23:57:11.014 22423 14579 I Finsky  : [1976] Completed 1 account content syncs with 0 successful.
05-17 23:57:11.014 22423 22423 I Finsky  : [2] [ContentSync] Installation state replication failed, parameters=Id: 12-1, CT: 1779036952913, Constraints: [{ L: 60000, D: 86400000, C: CHARGING_NONE, I: IDLE_NONE, N: NET_ANY, B: BATTERY_ANY }].
05-17 23:57:11.014 22423 22423 I Finsky  : [2] [ContentSync] Scheduling replication attempt 3.
05-17 23:57:11.015 22423 22423 I Finsky  : [2] SCH: jobFinished: 12-1. TimeElapsed: 3522ms.
05-17 23:57:11.015 22423 22423 I Finsky  : [2] WM::SCH: Logging work end for 12-1
05-17 23:57:11.017 22423 14577 I Finsky  : [1974] SCH: Attempting to reschedule job: Id: 12-1, Constraints: [{ L: 80000, D: 86400000, C: CHARGING_NONE, I: IDLE_NONE, N: NET_ANY, B: BATTERY_ANY }]
05-17 23:57:11.020 22423 22470 I Finsky  : [1341] SCH: Scheduling phonesky job Id: 1-1337, CT: 1779026403118, Constraints: [{ L: 42747375, D: 85947375, C: CHARGING_NONE, I: IDLE_NONE, N: NET_ANY, B: BATTERY_ANY }]
05-17 23:57:11.020 22423 22470 I Finsky  : [1341] SCH: Scheduling phonesky job Id: 34-245, CT: 1779026406031, Constraints: [{ L: 604800000, D: 2481144102, C: CHARGING_NONE, I: IDLE_NONE, N: NET_ANY, B: BATTERY_ANY }]
05-17 23:57:11.020 22423 22470 I Finsky  : [1341] SCH: Scheduling phonesky job Id: 34-254, CT: 1779026406032, Constraints: [{ L: 604800000, D: 2560368209, C: CHARGING_NONE, I: IDLE_NONE, N: NET_ANY, B: BATTERY_ANY }]
05-17 23:57:11.021 22423 22470 I Finsky  : [1341] SCH: Scheduling phonesky job Id: 34-257, CT: 1779026406028, Constraints: [{ L: 47567892, D: 1343567892, C: CHARGING_NONE, I: IDLE_NONE, N: NET_ANY, B: BATTERY_ANY }]
05-17 23:57:11.022 22423 22474 I Finsky  : [1344] SCH: Scheduling 1 system job(s)
05-17 23:57:11.023 22423 22474 I Finsky  : [1344] SCH: Scheduling system job Id: 9399, L: 32119471, D: 75319471, C: false, I: false, N: 1
05-17 23:57:11.025 22423 14573 I Finsky  : [1973] SCH: job service finished with id 9394.
05-17 23:57:11.027  2626  3780 I MiuiNetworkPolicy: updateUidState uid = 10157, uidState = 10
05-17 23:57:11.029  2626  3780 I MiuiNetworkPolicy: updateUidState uid = 10157, uidState = 19
05-17 23:57:11.064 22423 22466 I Finsky  : [1339] WM::SCH: Logging work initialize for 12-1
05-17 23:57:11.067 22423 22471 I Finsky  : [1342] SCH: Scheduling phonesky job Id: 12-1, CT: 1779037031017, Constraints: [{ L: 80000, D: 86400000, C: CHARGING_NONE, I: IDLE_NONE, N: NET_ANY, B: BATTERY_ANY }]
05-17 23:57:11.070 22423 22474 I Finsky  : [1344] SCH: Scheduling 1 system job(s)
05-17 23:57:11.070 22423 22474 I Finsky  : [1344] SCH: Scheduling system job Id: 9399, L: 79947, D: 75319423, C: false, I: false, N: 1
05-17 23:57:11.071  2444  3645 I libsensor-displayalgo: the value of channelCali C:374.318714,R:224.629017,G:137.019934,B:47.374483,scales C:1.017574,R:1.092311,G:1.010372,B:1.025091
05-17 23:57:11.071  2444  3645 E libsensor-displayalgo: value of coefs 5,850.303000,7.300256,-2.660090,1.550054,-8.640300, line 99
05-17 23:57:11.071  2444  3645 D libsensor-displayalgo: brightness:372.000000,R:189.367507,G:202.844303,B:228.813629,EVENT C:327.511108,R:177.506027,G:122.504158,B:45.001530, lux: 0.000000
05-17 23:57:11.071  2444  3645 I libsensor-displayalgo: ##### the value of lux: 0.000000, cct: 0.000000
05-17 23:57:11.071  2444  3645 I libsensor-ssccalapi: value of set_lux: 0.000000
05-17 23:57:11.071  2444  3645 I libsensor-ssccalapi: value of set cct: 0.000000
05-17 23:57:11.071  2444  3645 I sensors : send_request:296,  send_request suid high 48dd16bd suid low 2c177798
05-17 23:57:11.073  2444  3523 I sensors : handle_resp_cb:364, _fifo_resp not empty
05-17 23:57:11.073  2444  3523 I sensors : handle_resp_cb:377,  handle_resp_cb suid high 48dd16bd suid low 2c177798,_fifo_resp.begin() 4580e1e0
05-17 23:57:11.073  2444  3523 I sensors : handle_resp_cb:379, _fifo_resp still not empty
05-17 23:57:11.171  2444  3645 I libsensor-displayalgo: the value of channelCali C:374.318714,R:224.629017,G:137.019934,B:47.374483,scales C:1.017574,R:1.092311,G:1.010372,B:1.025091
05-17 23:57:11.171  2444  3645 E libsensor-displayalgo: value of coefs 5,850.303000,7.300256,-2.660090,1.550054,-8.640300, line 99
05-17 23:57:11.171  2444  3645 D libsensor-displayalgo: brightness:372.000000,R:189.367507,G:202.844303,B:228.813629,EVENT C:327.511108,R:177.506027,G:122.504158,B:45.001530, lux: 0.000000
05-17 23:57:11.172  2444  3645 I libsensor-displayalgo: ##### the value of lux: 0.000000, cct: 0.000000
05-17 23:57:11.172  2444  3645 I libsensor-ssccalapi: value of set_lux: 0.000000
05-17 23:57:11.172  2444  3645 I libsensor-ssccalapi: value of set cct: 0.000000
05-17 23:57:11.172  2444  3645 I sensors : send_request:296,  send_request suid high 48dd16bd suid low 2c177798
05-17 23:57:11.172  2444  3523 I sensors : handle_resp_cb:364, _fifo_resp not empty
05-17 23:57:11.172  2444  3523 I sensors : handle_resp_cb:377,  handle_resp_cb suid high 48dd16bd suid low 2c177798,_fifo_resp.begin() 4580e1e0
05-17 23:57:11.172  2444  3523 I sensors : handle_resp_cb:379, _fifo_resp still not empty
05-17 23:57:11.173  2444  3645 I libsensor-displayalgo: the value of channelCali C:374.318714,R:224.629017,G:137.019934,B:47.374483,scales C:1.017574,R:1.092311,G:1.010372,B:1.025091
05-17 23:57:11.173  2444  3645 E libsensor-displayalgo: value of coefs 5,850.303000,7.300256,-2.660090,1.550054,-8.640300, line 99
05-17 23:57:11.173  2444  3645 D libsensor-displayalgo: brightness:372.000000,R:189.367507,G:202.844303,B:228.813629,EVENT C:332.511292,R:180.006119,G:127.504326,B:47.501614, lux: 0.000000
05-17 23:57:11.173  2444  3645 I libsensor-displayalgo: ##### the value of lux: 0.000000, cct: 0.000000
05-17 23:57:11.173  2444  3645 I libsensor-ssccalapi: value of set_lux: 0.000000
05-17 23:57:11.173  2444  3645 I libsensor-ssccalapi: value of set cct: 0.000000
05-17 23:57:11.173  2444  3645 I sensors : send_request:296,  send_request suid high 48dd16bd suid low 2c177798
05-17 23:57:11.173  2444  3523 I sensors : handle_resp_cb:364, _fifo_resp not empty
05-17 23:57:11.173  2444  3523 I sensors : handle_resp_cb:377,  handle_resp_cb suid high 48dd16bd suid low 2c177798,_fifo_resp.begin() 4580e1e0
05-17 23:57:11.173  2444  3523 I sensors : handle_resp_cb:379, _fifo_resp still not empty
05-17 23:57:11.174  2444  3645 I libsensor-displayalgo: the value of channelCali C:374.318714,R:224.629017,G:137.019934,B:47.374483,scales C:1.017574,R:1.092311,G:1.010372,B:1.025091
05-17 23:57:11.174  2444  3645 E libsensor-displayalgo: value of coefs 5,850.303000,7.300256,-2.660090,1.550054,-8.640300, line 99
05-17 23:57:11.174  2444  3645 D libsensor-displayalgo: brightness:372.000000,R:189.367507,G:202.844303,B:228.813629,EVENT C:330.011200,R:175.005936,G:125.004242,B:45.001530, lux: 0.000000
05-17 23:57:11.174  2444  3645 I libsensor-displayalgo: ##### the value of lux: 0.000000, cct: 0.000000
05-17 23:57:11.174  2444  3645 I libsensor-ssccalapi: value of set_lux: 0.000000
05-17 23:57:11.174  2444  3645 I libsensor-ssccalapi: value of set cct: 0.000000
05-17 23:57:11.174  2444  3645 I sensors : send_request:296,  send_request suid high 48dd16bd suid low 2c177798
05-17 23:57:11.175  2444  3523 I sensors : handle_resp_cb:364, _fifo_resp not empty
05-17 23:57:11.175  2444  3523 I sensors : handle_resp_cb:377,  handle_resp_cb suid high 48dd16bd suid low 2c177798,_fifo_resp.begin() 4580e1e0
05-17 23:57:11.175  2444  3523 I sensors : handle_resp_cb:379, _fifo_resp still not empty
05-17 23:57:11.175  2444  3645 I libsensor-displayalgo: the value of channelCali C:374.318714,R:224.629017,G:137.019934,B:47.374483,scales C:1.017574,R:1.092311,G:1.010372,B:1.025091
05-17 23:57:11.175  2444  3645 E libsensor-displayalgo: value of coefs 5,850.303000,7.300256,-2.660090,1.550054,-8.640300, line 99
05-17 23:57:11.175  2444  3645 D libsensor-displayalgo: brightness:372.000000,R:189.367507,G:202.844303,B:228.813629,EVENT C:330.011200,R:177.506027,G:125.004242,B:45.001530, lux: 0.000000
05-17 23:57:11.175  2444  3645 I libsensor-displayalgo: ##### the value of lux: 0.000000, cct: 0.000000
05-17 23:57:11.175  2444  3645 I libsensor-ssccalapi: value of set_lux: 0.000000
05-17 23:57:11.175  2444  3645 I libsensor-ssccalapi: value of set cct: 0.000000
05-17 23:57:11.175  2444  3645 I sensors : send_request:296,  send_request suid high 48dd16bd suid low 2c177798
05-17 23:57:11.177  2444  3523 I sensors : handle_resp_cb:364, _fifo_resp not empty
05-17 23:57:11.177  2444  3523 I sensors : handle_resp_cb:377,  handle_resp_cb suid high 48dd16bd suid low 2c177798,_fifo_resp.begin() 4580e1e0
05-17 23:57:11.177  2444  3523 I sensors : handle_resp_cb:379, _fifo_resp still not empty
05-17 23:57:11.179  1657 10484 I MiStcImpl: Dispatching command: 35 SET_HISTOGRAM
05-17 23:57:11.233  9609  9858 D UidObserver: onUidIdle uid=10415 uidstate=100
05-17 23:57:11.270  4503 16449 D IpClient/wlan0: interfaceLinkStateChanged: ifindex 27 up
05-17 23:57:11.272  2444  3645 I libsensor-displayalgo: the value of channelCali C:374.318714,R:224.629017,G:137.019934,B:47.374483,scales C:1.017574,R:1.092311,G:1.010372,B:1.025091
05-17 23:57:11.272  2444  3645 E libsensor-displayalgo: value of coefs 5,850.303000,7.300256,-2.660090,1.550054,-8.640300, line 99
05-17 23:57:11.272  2444  3645 D libsensor-displayalgo: brightness:372.000000,R:189.367507,G:202.844303,B:228.813629,EVENT C:335.011383,R:182.506195,G:125.004242,B:45.001530, lux: 0.000000
05-17 23:57:11.272  2444  3645 I libsensor-displayalgo: ##### the value of lux: 0.000000, cct: 0.000000
05-17 23:57:11.272  2444  3645 I libsensor-ssccalapi: value of set_lux: 0.000000
05-17 23:57:11.272  2444  3645 I libsensor-ssccalapi: value of set cct: 0.000000
05-17 23:57:11.272  2444  3645 I sensors : send_request:296,  send_request suid high 48dd16bd suid low 2c177798
05-17 23:57:11.274  2444  3523 I sensors : handle_resp_cb:364, _fifo_resp not empty
05-17 23:57:11.274  2444  3523 I sensors : handle_resp_cb:377,  handle_resp_cb suid high 48dd16bd suid low 2c177798,_fifo_resp.begin() 4580e1e0
05-17 23:57:11.274  2444  3523 I sensors : handle_resp_cb:379, _fifo_resp still not empty
05-17 23:57:11.274  2444  3645 I libsensor-displayalgo: the value of channelCali C:374.318714,R:224.629017,G:137.019934,B:47.374483,scales C:1.017574,R:1.092311,G:1.010372,B:1.025091
05-17 23:57:11.275  2444  3645 E libsensor-displayalgo: value of coefs 5,850.303000,7.300256,-2.660090,1.550054,-8.640300, line 99
05-17 23:57:11.275  2444  3645 D libsensor-displayalgo: brightness:372.000000,R:189.367507,G:202.844303,B:228.813629,EVENT C:325.011047,R:177.506027,G:122.504158,B:45.001530, lux: 0.000000
05-17 23:57:11.275  2444  3645 I libsensor-displayalgo: ##### the value of lux: 0.000000, cct: 0.000000
05-17 23:57:11.275  2444  3645 I libsensor-ssccalapi: value of set_lux: 0.000000
05-17 23:57:11.275  2444  3645 I libsensor-ssccalapi: value of set cct: 0.000000
05-17 23:57:11.275  2444  3645 I sensors : send_request:296,  send_request suid high 48dd16bd suid low 2c177798
05-17 23:57:11.275  2444  3523 I sensors : handle_resp_cb:364, _fifo_resp not empty
05-17 23:57:11.275  2444  3523 I sensors : handle_resp_cb:377,  handle_resp_cb suid high 48dd16bd suid low 2c177798,_fifo_resp.begin() 4580e1e0
05-17 23:57:11.275  2444  3523 I sensors : handle_resp_cb:379, _fifo_resp still not empty
05-17 23:57:11.277  2444  3645 I libsensor-displayalgo: the value of channelCali C:374.318714,R:224.629017,G:137.019934,B:47.374483,scales C:1.017574,R:1.092311,G:1.010372,B:1.025091
05-17 23:57:11.277  2444  3645 E libsensor-displayalgo: value of coefs 5,850.303000,7.300256,-2.660090,1.550054,-8.640300, line 99
05-17 23:57:11.277  2444  3645 D libsensor-displayalgo: brightness:372.000000,R:189.367507,G:202.844303,B:228.813629,EVENT C:332.511292,R:177.506027,G:127.504326,B:47.501614, lux: 0.000000
05-17 23:57:11.277  2444  3645 I libsensor-displayalgo: ##### the value of lux: 0.000000, cct: 0.000000
05-17 23:57:11.277  2444  3645 I libsensor-ssccalapi: value of set_lux: 0.000000
05-17 23:57:11.277  2444  3645 I libsensor-ssccalapi: value of set cct: 0.000000
05-17 23:57:11.277  2444  3645 I sensors : send_request:296,  send_request suid high 48dd16bd suid low 2c177798
05-17 23:57:11.278  2444  3523 I sensors : handle_resp_cb:364, _fifo_resp not empty
05-17 23:57:11.278  2444  3523 I sensors : handle_resp_cb:377,  handle_resp_cb suid high 48dd16bd suid low 2c177798,_fifo_resp.begin() 4580e1e0
05-17 23:57:11.278  2444  3523 I sensors : handle_resp_cb:379, _fifo_resp still not empty
05-17 23:57:11.279  2444  3645 I libsensor-displayalgo: the value of channelCali C:374.318714,R:224.629017,G:137.019934,B:47.374483,scales C:1.017574,R:1.092311,G:1.010372,B:1.025091
05-17 23:57:11.279  2444  3645 E libsensor-displayalgo: value of coefs 5,850.303000,7.300256,-2.660090,1.550054,-8.640300, line 99
05-17 23:57:11.279  2444  3645 D libsensor-displayalgo: brightness:372.000000,R:189.367507,G:202.844303,B:228.813629,EVENT C:327.511108,R:175.005936,G:125.004242,B:45.001530, lux: 0.000000
05-17 23:57:11.279  2444  3645 I libsensor-displayalgo: ##### the value of lux: 0.000000, cct: 0.000000
05-17 23:57:11.279  2444  3645 I libsensor-ssccalapi: value of set_lux: 0.000000
05-17 23:57:11.279  2444  3645 I libsensor-ssccalapi: value of set cct: 0.000000
05-17 23:57:11.279  2444  3645 I sensors : send_request:296,  send_request suid high 48dd16bd suid low 2c177798
05-17 23:57:11.279  2444  3523 I sensors : handle_resp_cb:364, _fifo_resp not empty
05-17 23:57:11.279  2444  3523 I sensors : handle_resp_cb:377,  handle_resp_cb suid high 48dd16bd suid low 2c177798,_fifo_resp.begin() 4580e1e0
05-17 23:57:11.279  2444  3523 I sensors : handle_resp_cb:379, _fifo_resp still not empty
05-17 23:57:11.280  2444  3645 I libsensor-displayalgo: the value of channelCali C:374.318714,R:224.629017,G:137.019934,B:47.374483,scales C:1.017574,R:1.092311,G:1.010372,B:1.025091
05-17 23:57:11.280  2444  3645 E libsensor-displayalgo: value of coefs 5,850.303000,7.300256,-2.660090,1.550054,-8.640300, line 99
05-17 23:57:11.280  2444  3645 D libsensor-displayalgo: brightness:372.000000,R:189.367507,G:202.844303,B:228.813629,EVENT C:332.511292,R:177.506027,G:125.004242,B:47.501614, lux: 0.000000
05-17 23:57:11.280  2444  3645 I libsensor-displayalgo: ##### the value of lux: 0.000000, cct: 0.000000
05-17 23:57:11.280  2444  3645 I libsensor-ssccalapi: value of set_lux: 0.000000
05-17 23:57:11.280  2444  3645 I libsensor-ssccalapi: value of set cct: 0.000000
05-17 23:57:11.280  2444  3645 I sensors : send_request:296,  send_request suid high 48dd16bd suid low 2c177798
05-17 23:57:11.282  2444  3523 I sensors : handle_resp_cb:364, _fifo_resp not empty
05-17 23:57:11.282  2444  3523 I sensors : handle_resp_cb:377,  handle_resp_cb suid high 48dd16bd suid low 2c177798,_fifo_resp.begin() 4580e1e0
05-17 23:57:11.282  2444  3523 I sensors : handle_resp_cb:379, _fifo_resp still not empty
05-17 23:57:11.372  2444  3645 I libsensor-displayalgo: the value of channelCali C:374.318714,R:224.629017,G:137.019934,B:47.374483,scales C:1.017574,R:1.092311,G:1.010372,B:1.025091
05-17 23:57:11.372  2444  3645 E libsensor-displayalgo: value of coefs 5,850.303000,7.300256,-2.660090,1.550054,-8.640300, line 99
05-17 23:57:11.372  2444  3645 D libsensor-displayalgo: brightness:372.000000,R:189.367507,G:202.844303,B:228.813629,EVENT C:332.511292,R:175.005936,G:125.004242,B:45.001530, lux: 0.000000
05-17 23:57:11.372  2444  3645 I libsensor-displayalgo: ##### the value of lux: 0.000000, cct: 0.000000
05-17 23:57:11.372  2444  3645 I libsensor-ssccalapi: value of set_lux: 0.000000
05-17 23:57:11.372  2444  3645 I libsensor-ssccalapi: value of set cct: 0.000000
05-17 23:57:11.372  2444  3645 I sensors : send_request:296,  send_request suid high 48dd16bd suid low 2c177798
05-17 23:57:11.374  2444  3523 I sensors : handle_resp_cb:364, _fifo_resp not empty
05-17 23:57:11.374  2444  3523 I sensors : handle_resp_cb:377,  handle_resp_cb suid high 48dd16bd suid low 2c177798,_fifo_resp.begin() 4580e1e0
05-17 23:57:11.374  2444  3523 I sensors : handle_resp_cb:379, _fifo_resp still not empty
05-17 23:57:11.374  2444  3645 I libsensor-displayalgo: the value of channelCali C:374.318714,R:224.629017,G:137.019934,B:47.374483,scales C:1.017574,R:1.092311,G:1.010372,B:1.025091
05-17 23:57:11.374  2444  3645 E libsensor-displayalgo: value of coefs 5,850.303000,7.300256,-2.660090,1.550054,-8.640300, line 99
05-17 23:57:11.374  2444  3645 D libsensor-displayalgo: brightness:372.000000,R:189.367507,G:202.844303,B:228.813629,EVENT C:330.011200,R:177.506027,G:125.004242,B:45.001530, lux: 0.000000
05-17 23:57:11.374  2444  3645 I libsensor-displayalgo: ##### the value of lux: 0.000000, cct: 0.000000
05-17 23:57:11.374  2444  3645 I libsensor-ssccalapi: value of set_lux: 0.000000
05-17 23:57:11.374  2444  3645 I libsensor-ssccalapi: value of set cct: 0.000000
05-17 23:57:11.375  2444  3645 I sensors : send_request:296,  send_request suid high 48dd16bd suid low 2c177798
05-17 23:57:11.375  2444  3523 I sensors : handle_resp_cb:364, _fifo_resp not empty
05-17 23:57:11.375  2444  3523 I sensors : handle_resp_cb:377,  handle_resp_cb suid high 48dd16bd suid low 2c177798,_fifo_resp.begin() 4580e1e0
05-17 23:57:11.375  2444  3523 I sensors : handle_resp_cb:379, _fifo_resp still not empty
05-17 23:57:11.377  2444  3645 I libsensor-displayalgo: the value of channelCali C:374.318714,R:224.629017,G:137.019934,B:47.374483,scales C:1.017574,R:1.092311,G:1.010372,B:1.025091
05-17 23:57:11.377  2444  3645 E libsensor-displayalgo: value of coefs 5,850.303000,7.300256,-2.660090,1.550054,-8.640300, line 99
05-17 23:57:11.377  2444  3645 D libsensor-displayalgo: brightness:372.000000,R:189.367507,G:202.844303,B:228.813629,EVENT C:335.011383,R:177.506027,G:127.504326,B:45.001530, lux: 0.000000
05-17 23:57:11.377  2444  3645 I libsensor-displayalgo: ##### the value of lux: 0.000000, cct: 0.000000
05-17 23:57:11.377  2444  3645 I libsensor-ssccalapi: value of set_lux: 0.000000
05-17 23:57:11.377  2444  3645 I libsensor-ssccalapi: value of set cct: 0.000000
05-17 23:57:11.377  2444  3645 I sensors : send_request:296,  send_request suid high 48dd16bd suid low 2c177798
05-17 23:57:11.378  2444  3523 I sensors : handle_resp_cb:364, _fifo_resp not empty
05-17 23:57:11.378  2444  3523 I sensors : handle_resp_cb:377,  handle_resp_cb suid high 48dd16bd suid low 2c177798,_fifo_resp.begin() 4580e1e0
05-17 23:57:11.378  2444  3523 I sensors : handle_resp_cb:379, _fifo_resp still not empty
05-17 23:57:11.378  2444  3645 I libsensor-displayalgo: the value of channelCali C:374.318714,R:224.629017,G:137.019934,B:47.374483,scales C:1.017574,R:1.092311,G:1.010372,B:1.025091
05-17 23:57:11.378  2444  3645 E libsensor-displayalgo: value of coefs 5,850.303000,7.300256,-2.660090,1.550054,-8.640300, line 99
05-17 23:57:11.378  2444  3645 D libsensor-displayalgo: brightness:372.000000,R:189.367507,G:202.844303,B:228.813629,EVENT C:325.011047,R:177.506027,G:125.004242,B:45.001530, lux: 0.000000
05-17 23:57:11.378  2444  3645 I libsensor-displayalgo: ##### the value of lux: 0.000000, cct: 0.000000
05-17 23:57:11.378  2444  3645 I libsensor-ssccalapi: value of set_lux: 0.000000
05-17 23:57:11.378  2444  3645 I libsensor-ssccalapi: value of set cct: 0.000000
05-17 23:57:11.379  2444  3645 I sensors : send_request:296,  send_request suid high 48dd16bd suid low 2c177798
05-17 23:57:11.380  1657 10484 I MiStcImpl: Dispatching command: 35 SET_HISTOGRAM
05-17 23:57:11.380  2444  3523 I sensors : handle_resp_cb:364, _fifo_resp not empty
05-17 23:57:11.380  2444  3523 I sensors : handle_resp_cb:377,  handle_resp_cb suid high 48dd16bd suid low 2c177798,_fifo_resp.begin() 4580e1e0
05-17 23:57:11.380  2444  3523 I sensors : handle_resp_cb:379, _fifo_resp still not empty
05-17 23:57:11.380  2444  3645 I libsensor-displayalgo: the value of channelCali C:374.318714,R:224.629017,G:137.019934,B:47.374483,scales C:1.017574,R:1.092311,G:1.010372,B:1.025091
05-17 23:57:11.381  2444  3645 E libsensor-displayalgo: value of coefs 5,850.303000,7.300256,-2.660090,1.550054,-8.640300, line 99
05-17 23:57:11.381  2444  3645 D libsensor-displayalgo: brightness:372.000000,R:189.367507,G:202.844303,B:228.813629,EVENT C:332.511292,R:177.506027,G:122.504158,B:45.001530, lux: 0.000000
05-17 23:57:11.381  2444  3645 I libsensor-displayalgo: ##### the value of lux: 0.000000, cct: 0.000000
05-17 23:57:11.381  2444  3645 I libsensor-ssccalapi: value of set_lux: 0.000000
05-17 23:57:11.381  2444  3645 I libsensor-ssccalapi: value of set cct: 0.000000
05-17 23:57:11.381  2444  3645 I sensors : send_request:296,  send_request suid high 48dd16bd suid low 2c177798
05-17 23:57:11.382  2444  3523 I sensors : handle_resp_cb:364, _fifo_resp not empty
05-17 23:57:11.382  2444  3523 I sensors : handle_resp_cb:377,  handle_resp_cb suid high 48dd16bd suid low 2c177798,_fifo_resp.begin() 4580e1e0
05-17 23:57:11.382  2444  3523 I sensors : handle_resp_cb:379, _fifo_resp still not empty
05-17 23:57:11.472  2444  3645 I libsensor-displayalgo: the value of channelCali C:374.318714,R:224.629017,G:137.019934,B:47.374483,scales C:1.017574,R:1.092311,G:1.010372,B:1.025091
05-17 23:57:11.472  2444  3645 E libsensor-displayalgo: value of coefs 5,850.303000,7.300256,-2.660090,1.550054,-8.640300, line 99
05-17 23:57:11.472  2444  3645 D libsensor-displayalgo: brightness:372.000000,R:189.367507,G:202.844303,B:228.813629,EVENT C:327.511108,R:177.506027,G:122.504158,B:47.501614, lux: 0.000000
05-17 23:57:11.472  2444  3645 I libsensor-displayalgo: ##### the value of lux: 0.000000, cct: 0.000000
05-17 23:57:11.472  2444  3645 I libsensor-ssccalapi: value of set_lux: 0.000000
05-17 23:57:11.472  2444  3645 I libsensor-ssccalapi: value of set cct: 0.000000
05-17 23:57:11.472  2444  3645 I sensors : send_request:296,  send_request suid high 48dd16bd suid low 2c177798
05-17 23:57:11.473  2444  3523 I sensors : handle_resp_cb:364, _fifo_resp not empty
05-17 23:57:11.473  2444  3523 I sensors : handle_resp_cb:377,  handle_resp_cb suid high 48dd16bd suid low 2c177798,_fifo_resp.begin() 4580e1e0
05-17 23:57:11.473  2444  3523 I sensors : handle_resp_cb:379, _fifo_resp still not empty
05-17 23:57:11.474  2444  3645 I libsensor-displayalgo: the value of channelCali C:374.318714,R:224.629017,G:137.019934,B:47.374483,scales C:1.017574,R:1.092311,G:1.010372,B:1.025091
05-17 23:57:11.474  2444  3645 E libsensor-displayalgo: value of coefs 5,850.303000,7.300256,-2.660090,1.550054,-8.640300, line 99
05-17 23:57:11.474  2444  3645 D libsensor-displayalgo: brightness:372.000000,R:189.367507,G:202.844303,B:228.813629,EVENT C:327.511108,R:180.006119,G:122.504158,B:45.001530, lux: 0.000000
05-17 23:57:11.474  2444  3645 I libsensor-displayalgo: ##### the value of lux: 0.000000, cct: 0.000000
05-17 23:57:11.474  2444  3645 I libsensor-ssccalapi: value of set_lux: 0.000000
05-17 23:57:11.474  2444  3645 I libsensor-ssccalapi: value of set cct: 0.000000
05-17 23:57:11.474  2444  3645 I sensors : send_request:296,  send_request suid high 48dd16bd suid low 2c177798
05-17 23:57:11.475  2444  3523 I sensors : handle_resp_cb:364, _fifo_resp not empty
05-17 23:57:11.475  2444  3523 I sensors : handle_resp_cb:377,  handle_resp_cb suid high 48dd16bd suid low 2c177798,_fifo_resp.begin() 4580e1e0
05-17 23:57:11.475  2444  3523 I sensors : handle_resp_cb:379, _fifo_resp still not empty
05-17 23:57:11.476  2444  3645 I libsensor-displayalgo: the value of channelCali C:374.318714,R:224.629017,G:137.019934,B:47.374483,scales C:1.017574,R:1.092311,G:1.010372,B:1.025091
05-17 23:57:11.477  2444  3645 E libsensor-displayalgo: value of coefs 5,850.303000,7.300256,-2.660090,1.550054,-8.640300, line 99
05-17 23:57:11.477  2444  3645 D libsensor-displayalgo: brightness:372.000000,R:189.367507,G:202.844303,B:228.813629,EVENT C:337.511444,R:180.006119,G:130.004410,B:45.001530, lux: 0.000000
05-17 23:57:11.477  2444  3645 I libsensor-displayalgo: ##### the value of lux: 0.000000, cct: 0.000000
05-17 23:57:11.477  2444  3645 I libsensor-ssccalapi: value of set_lux: 0.000000
05-17 23:57:11.477  2444  3645 I libsensor-ssccalapi: value of set cct: 0.000000
05-17 23:57:11.477  2444  3645 I sensors : send_request:296,  send_request suid high 48dd16bd suid low 2c177798
05-17 23:57:11.478  2444  3523 I sensors : handle_resp_cb:364, _fifo_resp not empty
05-17 23:57:11.478  2444  3523 I sensors : handle_resp_cb:377,  handle_resp_cb suid high 48dd16bd suid low 2c177798,_fifo_resp.begin() 4580e1e0
05-17 23:57:11.478  2444  3523 I sensors : handle_resp_cb:379, _fifo_resp still not empty
05-17 23:57:11.478  2444  3645 I libsensor-displayalgo: the value of channelCali C:374.318714,R:224.629017,G:137.019934,B:47.374483,scales C:1.017574,R:1.092311,G:1.010372,B:1.025091
05-17 23:57:11.478  2444  3645 E libsensor-displayalgo: value of coefs 5,850.303000,7.300256,-2.660090,1.550054,-8.640300, line 99
05-17 23:57:11.478  2444  3645 D libsensor-displayalgo: brightness:372.000000,R:189.367507,G:202.844303,B:228.813629,EVENT C:322.510956,R:175.005936,G:122.504158,B:45.001530, lux: 0.000000
05-17 23:57:11.478  2444  3645 I libsensor-displayalgo: ##### the value of lux: 0.000000, cct: 0.000000
05-17 23:57:11.478  2444  3645 I libsensor-ssccalapi: value of set_lux: 0.000000
05-17 23:57:11.478  2444  3645 I libsensor-ssccalapi: value of set cct: 0.000000
05-17 23:57:11.478  2444  3645 I sensors : send_request:296,  send_request suid high 48dd16bd suid low 2c177798
05-17 23:57:11.480  2444  3523 I sensors : handle_resp_cb:364, _fifo_resp not empty
05-17 23:57:11.480  2444  3523 I sensors : handle_resp_cb:377,  handle_resp_cb suid high 48dd16bd suid low 2c177798,_fifo_resp.begin() 4580e1e0
05-17 23:57:11.480  2444  3523 I sensors : handle_resp_cb:379, _fifo_resp still not empty
05-17 23:57:11.480  2444  3645 I libsensor-displayalgo: the value of channelCali C:374.318714,R:224.629017,G:137.019934,B:47.374483,scales C:1.017574,R:1.092311,G:1.010372,B:1.025091
05-17 23:57:11.480  2444  3645 E libsensor-displayalgo: value of coefs 5,850.303000,7.300256,-2.660090,1.550054,-8.640300, line 99
05-17 23:57:11.480  2444  3645 D libsensor-displayalgo: brightness:372.000000,R:189.367507,G:202.844303,B:228.813629,EVENT C:332.511292,R:182.506195,G:125.004242,B:50.001698, lux: 0.000000
05-17 23:57:11.481  2444  3645 I libsensor-displayalgo: ##### the value of lux: 0.000000, cct: 0.000000
05-17 23:57:11.481  2444  3645 I libsensor-ssccalapi: value of set_lux: 0.000000
05-17 23:57:11.481  2444  3645 I libsensor-ssccalapi: value of set cct: 0.000000
05-17 23:57:11.481  2444  3645 I sensors : send_request:296,  send_request suid high 48dd16bd suid low 2c177798
05-17 23:57:11.481  2444  3523 I sensors : handle_resp_cb:364, _fifo_resp not empty
05-17 23:57:11.481  2444  3523 I sensors : handle_resp_cb:377,  handle_resp_cb suid high 48dd16bd suid low 2c177798,_fifo_resp.begin() 4580e1e0
05-17 23:57:11.481  2444  3523 I sensors : handle_resp_cb:379, _fifo_resp still not empty
05-17 23:57:11.572  2444  3645 I libsensor-displayalgo: the value of channelCali C:374.318714,R:224.629017,G:137.019934,B:47.374483,scales C:1.017574,R:1.092311,G:1.010372,B:1.025091
05-17 23:57:11.572  2444  3645 E libsensor-displayalgo: value of coefs 5,850.303000,7.300256,-2.660090,1.550054,-8.640300, line 99
