05-17 23:57:12.380  2444  3523 I sensors : handle_resp_cb:377,  handle_resp_cb suid high 48dd16bd suid low 2c177798,_fifo_resp.begin() 4580e1e0
05-17 23:57:12.380  2444  3523 I sensors : handle_resp_cb:379, _fifo_resp still not empty
05-17 23:57:12.381  2444  3645 I libsensor-displayalgo: the value of channelCali C:374.318714,R:224.629017,G:137.019934,B:47.374483,scales C:1.017574,R:1.092311,G:1.010372,B:1.025091
05-17 23:57:12.381  2444  3645 E libsensor-displayalgo: value of coefs 5,850.303000,7.300256,-2.660090,1.550054,-8.640300, line 99
05-17 23:57:12.381  2444  3645 D libsensor-displayalgo: brightness:372.000000,R:189.367507,G:202.844303,B:228.813629,EVENT C:325.011047,R:177.506027,G:122.504158,B:45.001530, lux: 0.000000
05-17 23:57:12.381  2444  3645 I libsensor-displayalgo: ##### the value of lux: 0.000000, cct: 0.000000
05-17 23:57:12.381  2444  3645 I libsensor-ssccalapi: value of set_lux: 0.000000
05-17 23:57:12.381  2444  3645 I libsensor-ssccalapi: value of set cct: 0.000000
05-17 23:57:12.381  2444  3645 I sensors : send_request:296,  send_request suid high 48dd16bd suid low 2c177798
05-17 23:57:12.381  2444  3523 I sensors : handle_resp_cb:364, _fifo_resp not empty
05-17 23:57:12.381  2444  3523 I sensors : handle_resp_cb:377,  handle_resp_cb suid high 48dd16bd suid low 2c177798,_fifo_resp.begin() 4580e1e0
05-17 23:57:12.381  2444  3523 I sensors : handle_resp_cb:379, _fifo_resp still not empty
05-17 23:57:12.385  1657 10484 I MiStcImpl: Dispatching command: 35 SET_HISTOGRAM
05-17 23:57:12.472  2444  3645 I libsensor-displayalgo: the value of channelCali C:374.318714,R:224.629017,G:137.019934,B:47.374483,scales C:1.017574,R:1.092311,G:1.010372,B:1.025091
05-17 23:57:12.472  2444  3645 E libsensor-displayalgo: value of coefs 5,850.303000,7.300256,-2.660090,1.550054,-8.640300, line 99
05-17 23:57:12.472  2444  3645 D libsensor-displayalgo: brightness:372.000000,R:189.367507,G:202.844303,B:228.813629,EVENT C:335.011383,R:180.006119,G:125.004242,B:45.001530, lux: 0.000000
05-17 23:57:12.472  2444  3645 I libsensor-displayalgo: ##### the value of lux: 0.000000, cct: 0.000000
05-17 23:57:12.472  2444  3645 I libsensor-ssccalapi: value of set_lux: 0.000000
05-17 23:57:12.472  2444  3645 I libsensor-ssccalapi: value of set cct: 0.000000
05-17 23:57:12.472  2444  3645 I sensors : send_request:296,  send_request suid high 48dd16bd suid low 2c177798
05-17 23:57:12.474  2444  3523 I sensors : handle_resp_cb:364, _fifo_resp not empty
05-17 23:57:12.474  2444  3523 I sensors : handle_resp_cb:377,  handle_resp_cb suid high 48dd16bd suid low 2c177798,_fifo_resp.begin() 4580e1e0
05-17 23:57:12.474  2444  3523 I sensors : handle_resp_cb:379, _fifo_resp still not empty
05-17 23:57:12.474  2444  3645 I libsensor-displayalgo: the value of channelCali C:374.318714,R:224.629017,G:137.019934,B:47.374483,scales C:1.017574,R:1.092311,G:1.010372,B:1.025091
05-17 23:57:12.474  2444  3645 E libsensor-displayalgo: value of coefs 5,850.303000,7.300256,-2.660090,1.550054,-8.640300, line 99
05-17 23:57:12.474  2444  3645 D libsensor-displayalgo: brightness:372.000000,R:189.367507,G:202.844303,B:228.813629,EVENT C:330.011200,R:175.005936,G:125.004242,B:47.501614, lux: 0.000000
05-17 23:57:12.474  2444  3645 I libsensor-displayalgo: ##### the value of lux: 0.000000, cct: 0.000000
05-17 23:57:12.474  2444  3645 I libsensor-ssccalapi: value of set_lux: 0.000000
05-17 23:57:12.474  2444  3645 I libsensor-ssccalapi: value of set cct: 0.000000
05-17 23:57:12.474  2444  3645 I sensors : send_request:296,  send_request suid high 48dd16bd suid low 2c177798
05-17 23:57:12.475  2444  3523 I sensors : handle_resp_cb:364, _fifo_resp not empty
05-17 23:57:12.475  2444  3523 I sensors : handle_resp_cb:377,  handle_resp_cb suid high 48dd16bd suid low 2c177798,_fifo_resp.begin() 4580e1e0
05-17 23:57:12.475  2444  3523 I sensors : handle_resp_cb:379, _fifo_resp still not empty
05-17 23:57:12.476  2444  3645 I libsensor-displayalgo: the value of channelCali C:374.318714,R:224.629017,G:137.019934,B:47.374483,scales C:1.017574,R:1.092311,G:1.010372,B:1.025091
05-17 23:57:12.476  2444  3645 E libsensor-displayalgo: value of coefs 5,850.303000,7.300256,-2.660090,1.550054,-8.640300, line 99
05-17 23:57:12.476  2444  3645 D libsensor-displayalgo: brightness:372.000000,R:189.367507,G:202.844303,B:228.813629,EVENT C:330.011200,R:180.006119,G:122.504158,B:45.001530, lux: 0.000000
05-17 23:57:12.476  2444  3645 I libsensor-displayalgo: ##### the value of lux: 0.000000, cct: 0.000000
05-17 23:57:12.476  2444  3645 I libsensor-ssccalapi: value of set_lux: 0.000000
05-17 23:57:12.476  2444  3645 I libsensor-ssccalapi: value of set cct: 0.000000
05-17 23:57:12.476  2444  3645 I sensors : send_request:296,  send_request suid high 48dd16bd suid low 2c177798
05-17 23:57:12.477  2444  3523 I sensors : handle_resp_cb:364, _fifo_resp not empty
05-17 23:57:12.477  2444  3523 I sensors : handle_resp_cb:377,  handle_resp_cb suid high 48dd16bd suid low 2c177798,_fifo_resp.begin() 4580e1e0
05-17 23:57:12.477  2444  3523 I sensors : handle_resp_cb:379, _fifo_resp still not empty
05-17 23:57:12.478  2444  3645 I libsensor-displayalgo: the value of channelCali C:374.318714,R:224.629017,G:137.019934,B:47.374483,scales C:1.017574,R:1.092311,G:1.010372,B:1.025091
05-17 23:57:12.478  2444  3645 E libsensor-displayalgo: value of coefs 5,850.303000,7.300256,-2.660090,1.550054,-8.640300, line 99
05-17 23:57:12.478  2444  3645 D libsensor-displayalgo: brightness:372.000000,R:189.367507,G:202.844303,B:228.813629,EVENT C:335.011383,R:182.506195,G:125.004242,B:45.001530, lux: 0.000000
05-17 23:57:12.478  2444  3645 I libsensor-displayalgo: ##### the value of lux: 0.000000, cct: 0.000000
05-17 23:57:12.478  2444  3645 I libsensor-ssccalapi: value of set_lux: 0.000000
05-17 23:57:12.478  2444  3645 I libsensor-ssccalapi: value of set cct: 0.000000
05-17 23:57:12.478  2444  3645 I sensors : send_request:296,  send_request suid high 48dd16bd suid low 2c177798
05-17 23:57:12.479  2444  3523 I sensors : handle_resp_cb:364, _fifo_resp not empty
05-17 23:57:12.479  2444  3523 I sensors : handle_resp_cb:377,  handle_resp_cb suid high 48dd16bd suid low 2c177798,_fifo_resp.begin() 4580e1e0
05-17 23:57:12.479  2444  3523 I sensors : handle_resp_cb:379, _fifo_resp still not empty
05-17 23:57:12.480  2444  3645 I libsensor-displayalgo: the value of channelCali C:374.318714,R:224.629017,G:137.019934,B:47.374483,scales C:1.017574,R:1.092311,G:1.010372,B:1.025091
05-17 23:57:12.480  2444  3645 E libsensor-displayalgo: value of coefs 5,850.303000,7.300256,-2.660090,1.550054,-8.640300, line 99
05-17 23:57:12.480  2444  3645 D libsensor-displayalgo: brightness:372.000000,R:189.367507,G:202.844303,B:228.813629,EVENT C:327.511108,R:177.506027,G:120.004074,B:47.501614, lux: 0.000000
05-17 23:57:12.480  2444  3645 I libsensor-displayalgo: ##### the value of lux: 0.000000, cct: 0.000000
05-17 23:57:12.480  2444  3645 I libsensor-ssccalapi: value of set_lux: 0.000000
05-17 23:57:12.480  2444  3645 I libsensor-ssccalapi: value of set cct: 0.000000
05-17 23:57:12.480  2444  3645 I sensors : send_request:296,  send_request suid high 48dd16bd suid low 2c177798
05-17 23:57:12.481  2444  3523 I sensors : handle_resp_cb:364, _fifo_resp not empty
05-17 23:57:12.481  2444  3523 I sensors : handle_resp_cb:377,  handle_resp_cb suid high 48dd16bd suid low 2c177798,_fifo_resp.begin() 4580e1e0
05-17 23:57:12.481  2444  3523 I sensors : handle_resp_cb:379, _fifo_resp still not empty
05-17 23:57:12.571  2444  3645 I libsensor-displayalgo: the value of channelCali C:374.318714,R:224.629017,G:137.019934,B:47.374483,scales C:1.017574,R:1.092311,G:1.010372,B:1.025091
05-17 23:57:12.571  2444  3645 E libsensor-displayalgo: value of coefs 5,850.303000,7.300256,-2.660090,1.550054,-8.640300, line 99
05-17 23:57:12.572  2444  3645 D libsensor-displayalgo: brightness:372.000000,R:189.367507,G:202.844303,B:228.813629,EVENT C:335.011383,R:180.006119,G:127.504326,B:47.501614, lux: 0.000000
05-17 23:57:12.572  2444  3645 I libsensor-displayalgo: ##### the value of lux: 0.000000, cct: 0.000000
05-17 23:57:12.572  2444  3645 I libsensor-ssccalapi: value of set_lux: 0.000000
05-17 23:57:12.572  2444  3645 I libsensor-ssccalapi: value of set cct: 0.000000
05-17 23:57:12.572  2444  3645 I sensors : send_request:296,  send_request suid high 48dd16bd suid low 2c177798
05-17 23:57:12.573  2444  3523 I sensors : handle_resp_cb:364, _fifo_resp not empty
05-17 23:57:12.573  2444  3523 I sensors : handle_resp_cb:377,  handle_resp_cb suid high 48dd16bd suid low 2c177798,_fifo_resp.begin() 4580e1e0
05-17 23:57:12.573  2444  3523 I sensors : handle_resp_cb:379, _fifo_resp still not empty
05-17 23:57:12.574  2444  3645 I libsensor-displayalgo: the value of channelCali C:374.318714,R:224.629017,G:137.019934,B:47.374483,scales C:1.017574,R:1.092311,G:1.010372,B:1.025091
05-17 23:57:12.574  2444  3645 E libsensor-displayalgo: value of coefs 5,850.303000,7.300256,-2.660090,1.550054,-8.640300, line 99
05-17 23:57:12.574  2444  3645 D libsensor-displayalgo: brightness:372.000000,R:189.367507,G:202.844303,B:228.813629,EVENT C:327.511108,R:175.005936,G:122.504158,B:45.001530, lux: 0.000000
05-17 23:57:12.574  2444  3645 I libsensor-displayalgo: ##### the value of lux: 0.000000, cct: 0.000000
05-17 23:57:12.574  2444  3645 I libsensor-ssccalapi: value of set_lux: 0.000000
05-17 23:57:12.574  2444  3645 I libsensor-ssccalapi: value of set cct: 0.000000
05-17 23:57:12.574  2444  3645 I sensors : send_request:296,  send_request suid high 48dd16bd suid low 2c177798
05-17 23:57:12.575  2444  3523 I sensors : handle_resp_cb:364, _fifo_resp not empty
05-17 23:57:12.575  2444  3523 I sensors : handle_resp_cb:377,  handle_resp_cb suid high 48dd16bd suid low 2c177798,_fifo_resp.begin() 4580e1e0
05-17 23:57:12.575  2444  3523 I sensors : handle_resp_cb:379, _fifo_resp still not empty
05-17 23:57:12.576  2444  3645 I libsensor-displayalgo: the value of channelCali C:374.318714,R:224.629017,G:137.019934,B:47.374483,scales C:1.017574,R:1.092311,G:1.010372,B:1.025091
05-17 23:57:12.576  2444  3645 E libsensor-displayalgo: value of coefs 5,850.303000,7.300256,-2.660090,1.550054,-8.640300, line 99
05-17 23:57:12.576  2444  3645 D libsensor-displayalgo: brightness:372.000000,R:189.367507,G:202.844303,B:228.813629,EVENT C:332.511292,R:175.005936,G:125.004242,B:47.501614, lux: 0.000000
05-17 23:57:12.576  2444  3645 I libsensor-displayalgo: ##### the value of lux: 0.000000, cct: 0.000000
05-17 23:57:12.576  2444  3645 I libsensor-ssccalapi: value of set_lux: 0.000000
05-17 23:57:12.576  2444  3645 I libsensor-ssccalapi: value of set cct: 0.000000
05-17 23:57:12.576  2444  3645 I sensors : send_request:296,  send_request suid high 48dd16bd suid low 2c177798
05-17 23:57:12.577  2444  3523 I sensors : handle_resp_cb:364, _fifo_resp not empty
05-17 23:57:12.578  2444  3523 I sensors : handle_resp_cb:377,  handle_resp_cb suid high 48dd16bd suid low 2c177798,_fifo_resp.begin() 4580e1e0
05-17 23:57:12.578  2444  3523 I sensors : handle_resp_cb:379, _fifo_resp still not empty
05-17 23:57:12.578  2444  3645 I libsensor-displayalgo: the value of channelCali C:374.318714,R:224.629017,G:137.019934,B:47.374483,scales C:1.017574,R:1.092311,G:1.010372,B:1.025091
05-17 23:57:12.579  2444  3645 E libsensor-displayalgo: value of coefs 5,850.303000,7.300256,-2.660090,1.550054,-8.640300, line 99
05-17 23:57:12.579  2444  3645 D libsensor-displayalgo: brightness:372.000000,R:189.367507,G:202.844303,B:228.813629,EVENT C:332.511292,R:177.506027,G:125.004242,B:47.501614, lux: 0.000000
05-17 23:57:12.579  2444  3645 I libsensor-displayalgo: ##### the value of lux: 0.000000, cct: 0.000000
05-17 23:57:12.579  2444  3645 I libsensor-ssccalapi: value of set_lux: 0.000000
05-17 23:57:12.579  2444  3645 I libsensor-ssccalapi: value of set cct: 0.000000
05-17 23:57:12.579  2444  3645 I sensors : send_request:296,  send_request suid high 48dd16bd suid low 2c177798
05-17 23:57:12.581  2444  3523 I sensors : handle_resp_cb:364, _fifo_resp not empty
05-17 23:57:12.581  2444  3523 I sensors : handle_resp_cb:377,  handle_resp_cb suid high 48dd16bd suid low 2c177798,_fifo_resp.begin() 4580e1e0
05-17 23:57:12.581  2444  3523 I sensors : handle_resp_cb:379, _fifo_resp still not empty
05-17 23:57:12.582  2444  3645 I libsensor-displayalgo: the value of channelCali C:374.318714,R:224.629017,G:137.019934,B:47.374483,scales C:1.017574,R:1.092311,G:1.010372,B:1.025091
05-17 23:57:12.582  2444  3645 E libsensor-displayalgo: value of coefs 5,850.303000,7.300256,-2.660090,1.550054,-8.640300, line 99
05-17 23:57:12.582  2444  3645 D libsensor-displayalgo: brightness:372.000000,R:189.367507,G:202.844303,B:228.813629,EVENT C:332.511292,R:177.506027,G:122.504158,B:45.001530, lux: 0.000000
05-17 23:57:12.582  2444  3645 I libsensor-displayalgo: ##### the value of lux: 0.000000, cct: 0.000000
05-17 23:57:12.582  2444  3645 I libsensor-ssccalapi: value of set_lux: 0.000000
05-17 23:57:12.582  2444  3645 I libsensor-ssccalapi: value of set cct: 0.000000
05-17 23:57:12.582  2444  3645 I sensors : send_request:296,  send_request suid high 48dd16bd suid low 2c177798
05-17 23:57:12.583  2444  3523 I sensors : handle_resp_cb:364, _fifo_resp not empty
05-17 23:57:12.583  2444  3523 I sensors : handle_resp_cb:377,  handle_resp_cb suid high 48dd16bd suid low 2c177798,_fifo_resp.begin() 4580e1e0
05-17 23:57:12.583  2444  3523 I sensors : handle_resp_cb:379, _fifo_resp still not empty
05-17 23:57:12.586  1657 10484 I MiStcImpl: Dispatching command: 35 SET_HISTOGRAM
05-17 23:57:12.672  2444  3645 I libsensor-displayalgo: the value of channelCali C:374.318714,R:224.629017,G:137.019934,B:47.374483,scales C:1.017574,R:1.092311,G:1.010372,B:1.025091
05-17 23:57:12.672  2444  3645 E libsensor-displayalgo: value of coefs 5,850.303000,7.300256,-2.660090,1.550054,-8.640300, line 99
05-17 23:57:12.672  2444  3645 D libsensor-displayalgo: brightness:372.000000,R:189.367507,G:202.844303,B:228.813629,EVENT C:325.011047,R:175.005936,G:120.004074,B:45.001530, lux: 0.000000
05-17 23:57:12.672  2444  3645 I libsensor-displayalgo: ##### the value of lux: 0.000000, cct: 0.000000
05-17 23:57:12.672  2444  3645 I libsensor-ssccalapi: value of set_lux: 0.000000
05-17 23:57:12.672  2444  3645 I libsensor-ssccalapi: value of set cct: 0.000000
05-17 23:57:12.672  2444  3645 I sensors : send_request:296,  send_request suid high 48dd16bd suid low 2c177798
05-17 23:57:12.674  2444  3523 I sensors : handle_resp_cb:364, _fifo_resp not empty
05-17 23:57:12.674  2444  3523 I sensors : handle_resp_cb:377,  handle_resp_cb suid high 48dd16bd suid low 2c177798,_fifo_resp.begin() 4580e1e0
05-17 23:57:12.674  2444  3523 I sensors : handle_resp_cb:379, _fifo_resp still not empty
05-17 23:57:12.675  2444  3645 I libsensor-displayalgo: the value of channelCali C:374.318714,R:224.629017,G:137.019934,B:47.374483,scales C:1.017574,R:1.092311,G:1.010372,B:1.025091
05-17 23:57:12.675  2444  3645 E libsensor-displayalgo: value of coefs 5,850.303000,7.300256,-2.660090,1.550054,-8.640300, line 99
05-17 23:57:12.675  2444  3645 D libsensor-displayalgo: brightness:372.000000,R:189.367507,G:202.844303,B:228.813629,EVENT C:330.011200,R:177.506027,G:125.004242,B:47.501614, lux: 0.000000
05-17 23:57:12.675  2444  3645 I libsensor-displayalgo: ##### the value of lux: 0.000000, cct: 0.000000
05-17 23:57:12.675  2444  3645 I libsensor-ssccalapi: value of set_lux: 0.000000
05-17 23:57:12.675  2444  3645 I libsensor-ssccalapi: value of set cct: 0.000000
05-17 23:57:12.675  2444  3645 I sensors : send_request:296,  send_request suid high 48dd16bd suid low 2c177798
05-17 23:57:12.677  2444  3523 I sensors : handle_resp_cb:364, _fifo_resp not empty
05-17 23:57:12.678  2444  3523 I sensors : handle_resp_cb:377,  handle_resp_cb suid high 48dd16bd suid low 2c177798,_fifo_resp.begin() 4580e1e0
05-17 23:57:12.678  2444  3523 I sensors : handle_resp_cb:379, _fifo_resp still not empty
05-17 23:57:12.772  2444  3645 I libsensor-displayalgo: the value of channelCali C:374.318714,R:224.629017,G:137.019934,B:47.374483,scales C:1.017574,R:1.092311,G:1.010372,B:1.025091
05-17 23:57:12.772  2444  3645 E libsensor-displayalgo: value of coefs 5,850.303000,7.300256,-2.660090,1.550054,-8.640300, line 99
05-17 23:57:12.772  2444  3645 D libsensor-displayalgo: brightness:372.000000,R:189.367507,G:202.844303,B:228.813629,EVENT C:332.511292,R:180.006119,G:127.504326,B:47.501614, lux: 0.000000
05-17 23:57:12.772  2444  3645 I libsensor-displayalgo: ##### the value of lux: 0.000000, cct: 0.000000
05-17 23:57:12.772  2444  3645 I libsensor-ssccalapi: value of set_lux: 0.000000
05-17 23:57:12.772  2444  3645 I libsensor-ssccalapi: value of set cct: 0.000000
05-17 23:57:12.772  2444  3645 I sensors : send_request:296,  send_request suid high 48dd16bd suid low 2c177798
05-17 23:57:12.773 14489 14646 D ProfileInstaller: Skipping profile installation for com.decoutkhanqindev.dexreader
05-17 23:57:12.774  2444  3523 I sensors : handle_resp_cb:364, _fifo_resp not empty
05-17 23:57:12.774  2444  3523 I sensors : handle_resp_cb:377,  handle_resp_cb suid high 48dd16bd suid low 2c177798,_fifo_resp.begin() 4580e1e0
05-17 23:57:12.774  2444  3523 I sensors : handle_resp_cb:379, _fifo_resp still not empty
05-17 23:57:12.775  2444  3645 I libsensor-displayalgo: the value of channelCali C:374.318714,R:224.629017,G:137.019934,B:47.374483,scales C:1.017574,R:1.092311,G:1.010372,B:1.025091
05-17 23:57:12.775  2444  3645 E libsensor-displayalgo: value of coefs 5,850.303000,7.300256,-2.660090,1.550054,-8.640300, line 99
05-17 23:57:12.775  2444  3645 D libsensor-displayalgo: brightness:372.000000,R:189.367507,G:202.844303,B:228.813629,EVENT C:327.511108,R:175.005936,G:122.504158,B:45.001530, lux: 0.000000
05-17 23:57:12.775  2444  3645 I libsensor-displayalgo: ##### the value of lux: 0.000000, cct: 0.000000
05-17 23:57:12.775  2444  3645 I libsensor-ssccalapi: value of set_lux: 0.000000
05-17 23:57:12.775  2444  3645 I libsensor-ssccalapi: value of set cct: 0.000000
05-17 23:57:12.775  2444  3645 I sensors : send_request:296,  send_request suid high 48dd16bd suid low 2c177798
05-17 23:57:12.776  2444  3523 I sensors : handle_resp_cb:364, _fifo_resp not empty
05-17 23:57:12.776  2444  3523 I sensors : handle_resp_cb:377,  handle_resp_cb suid high 48dd16bd suid low 2c177798,_fifo_resp.begin() 4580e1e0
05-17 23:57:12.776  2444  3523 I sensors : handle_resp_cb:379, _fifo_resp still not empty
05-17 23:57:12.778  2444  3645 I libsensor-displayalgo: the value of channelCali C:374.318714,R:224.629017,G:137.019934,B:47.374483,scales C:1.017574,R:1.092311,G:1.010372,B:1.025091
05-17 23:57:12.778  2444  3645 E libsensor-displayalgo: value of coefs 5,850.303000,7.300256,-2.660090,1.550054,-8.640300, line 99
05-17 23:57:12.778  2444  3645 D libsensor-displayalgo: brightness:372.000000,R:189.367507,G:202.844303,B:228.813629,EVENT C:335.011383,R:177.506027,G:125.004242,B:45.001530, lux: 0.000000
05-17 23:57:12.778  2444  3645 I libsensor-displayalgo: ##### the value of lux: 0.000000, cct: 0.000000
05-17 23:57:12.778  2444  3645 I libsensor-ssccalapi: value of set_lux: 0.000000
05-17 23:57:12.778  2444  3645 I libsensor-ssccalapi: value of set cct: 0.000000
05-17 23:57:12.778  2444  3645 I sensors : send_request:296,  send_request suid high 48dd16bd suid low 2c177798
05-17 23:57:12.780  2444  3523 I sensors : handle_resp_cb:364, _fifo_resp not empty
05-17 23:57:12.780  2444  3523 I sensors : handle_resp_cb:377,  handle_resp_cb suid high 48dd16bd suid low 2c177798,_fifo_resp.begin() 4580e1e0
05-17 23:57:12.780  2444  3523 I sensors : handle_resp_cb:379, _fifo_resp still not empty
05-17 23:57:12.781  2444  3645 I libsensor-displayalgo: the value of channelCali C:374.318714,R:224.629017,G:137.019934,B:47.374483,scales C:1.017574,R:1.092311,G:1.010372,B:1.025091
05-17 23:57:12.781  2444  3645 E libsensor-displayalgo: value of coefs 5,850.303000,7.300256,-2.660090,1.550054,-8.640300, line 99
05-17 23:57:12.781  2444  3645 D libsensor-displayalgo: brightness:372.000000,R:189.367507,G:202.844303,B:228.813629,EVENT C:327.511108,R:175.005936,G:122.504158,B:45.001530, lux: 0.000000
05-17 23:57:12.781  2444  3645 I libsensor-displayalgo: ##### the value of lux: 0.000000, cct: 0.000000
05-17 23:57:12.781  2444  3645 I libsensor-ssccalapi: value of set_lux: 0.000000
05-17 23:57:12.781  2444  3645 I libsensor-ssccalapi: value of set cct: 0.000000
05-17 23:57:12.781  2444  3645 I sensors : send_request:296,  send_request suid high 48dd16bd suid low 2c177798
05-17 23:57:12.783  2444  3523 I sensors : handle_resp_cb:364, _fifo_resp not empty
05-17 23:57:12.783  2444  3523 I sensors : handle_resp_cb:377,  handle_resp_cb suid high 48dd16bd suid low 2c177798,_fifo_resp.begin() 4580e1e0
05-17 23:57:12.783  2444  3523 I sensors : handle_resp_cb:379, _fifo_resp still not empty
05-17 23:57:12.783  2444  3645 I libsensor-displayalgo: the value of channelCali C:374.318714,R:224.629017,G:137.019934,B:47.374483,scales C:1.017574,R:1.092311,G:1.010372,B:1.025091
05-17 23:57:12.783  2444  3645 E libsensor-displayalgo: value of coefs 5,850.303000,7.300256,-2.660090,1.550054,-8.640300, line 99
05-17 23:57:12.783  2444  3645 D libsensor-displayalgo: brightness:372.000000,R:189.367507,G:202.844303,B:228.813629,EVENT C:332.511292,R:177.506027,G:125.004242,B:45.001530, lux: 0.000000
05-17 23:57:12.783  2444  3645 I libsensor-displayalgo: ##### the value of lux: 0.000000, cct: 0.000000
05-17 23:57:12.783  2444  3645 I libsensor-ssccalapi: value of set_lux: 0.000000
05-17 23:57:12.783  2444  3645 I libsensor-ssccalapi: value of set cct: 0.000000
05-17 23:57:12.783  2444  3645 I sensors : send_request:296,  send_request suid high 48dd16bd suid low 2c177798
05-17 23:57:12.785  2444  3523 I sensors : handle_resp_cb:364, _fifo_resp not empty
05-17 23:57:12.785  2444  3523 I sensors : handle_resp_cb:377,  handle_resp_cb suid high 48dd16bd suid low 2c177798,_fifo_resp.begin() 4580e1e0
05-17 23:57:12.785  2444  3523 I sensors : handle_resp_cb:379, _fifo_resp still not empty
05-17 23:57:12.786  1657 10484 I MiStcImpl: Dispatching command: 35 SET_HISTOGRAM
05-17 23:57:12.872  2444  3645 I libsensor-displayalgo: the value of channelCali C:374.318714,R:224.629017,G:137.019934,B:47.374483,scales C:1.017574,R:1.092311,G:1.010372,B:1.025091
05-17 23:57:12.872  2444  3645 E libsensor-displayalgo: value of coefs 5,850.303000,7.300256,-2.660090,1.550054,-8.640300, line 99
05-17 23:57:12.872  2444  3645 D libsensor-displayalgo: brightness:372.000000,R:189.367507,G:202.844303,B:228.813629,EVENT C:330.011200,R:177.506027,G:125.004242,B:45.001530, lux: 0.000000
05-17 23:57:12.872  2444  3645 I libsensor-displayalgo: ##### the value of lux: 0.000000, cct: 0.000000
05-17 23:57:12.872  2444  3645 I libsensor-ssccalapi: value of set_lux: 0.000000
05-17 23:57:12.872  2444  3645 I libsensor-ssccalapi: value of set cct: 0.000000
05-17 23:57:12.872  2444  3645 I sensors : send_request:296,  send_request suid high 48dd16bd suid low 2c177798
05-17 23:57:12.873  2444  3523 I sensors : handle_resp_cb:364, _fifo_resp not empty
05-17 23:57:12.873  2444  3523 I sensors : handle_resp_cb:377,  handle_resp_cb suid high 48dd16bd suid low 2c177798,_fifo_resp.begin() 4580e1e0
05-17 23:57:12.873  2444  3523 I sensors : handle_resp_cb:379, _fifo_resp still not empty
05-17 23:57:12.874  2444  3645 I libsensor-displayalgo: the value of channelCali C:374.318714,R:224.629017,G:137.019934,B:47.374483,scales C:1.017574,R:1.092311,G:1.010372,B:1.025091
05-17 23:57:12.874  2444  3645 E libsensor-displayalgo: value of coefs 5,850.303000,7.300256,-2.660090,1.550054,-8.640300, line 99
05-17 23:57:12.874  2444  3645 D libsensor-displayalgo: brightness:372.000000,R:189.367507,G:202.844303,B:228.813629,EVENT C:332.511292,R:177.506027,G:122.504158,B:45.001530, lux: 0.000000
05-17 23:57:12.874  2444  3645 I libsensor-displayalgo: ##### the value of lux: 0.000000, cct: 0.000000
05-17 23:57:12.874  2444  3645 I libsensor-ssccalapi: value of set_lux: 0.000000
05-17 23:57:12.874  2444  3645 I libsensor-ssccalapi: value of set cct: 0.000000
05-17 23:57:12.874  2444  3645 I sensors : send_request:296,  send_request suid high 48dd16bd suid low 2c177798
05-17 23:57:12.875  2444  3523 I sensors : handle_resp_cb:364, _fifo_resp not empty
05-17 23:57:12.875  2444  3523 I sensors : handle_resp_cb:377,  handle_resp_cb suid high 48dd16bd suid low 2c177798,_fifo_resp.begin() 4580e1e0
05-17 23:57:12.875  2444  3523 I sensors : handle_resp_cb:379, _fifo_resp still not empty
05-17 23:57:12.876  2444  3645 I libsensor-displayalgo: the value of channelCali C:374.318714,R:224.629017,G:137.019934,B:47.374483,scales C:1.017574,R:1.092311,G:1.010372,B:1.025091
05-17 23:57:12.876  2444  3645 E libsensor-displayalgo: value of coefs 5,850.303000,7.300256,-2.660090,1.550054,-8.640300, line 99
05-17 23:57:12.876  2444  3645 D libsensor-displayalgo: brightness:372.000000,R:189.367507,G:202.844303,B:228.813629,EVENT C:335.011383,R:180.006119,G:127.504326,B:45.001530, lux: 0.000000
05-17 23:57:12.876  2444  3645 I libsensor-displayalgo: ##### the value of lux: 0.000000, cct: 0.000000
05-17 23:57:12.876  2444  3645 I libsensor-ssccalapi: value of set_lux: 0.000000
05-17 23:57:12.876  2444  3645 I libsensor-ssccalapi: value of set cct: 0.000000
05-17 23:57:12.876  2444  3645 I sensors : send_request:296,  send_request suid high 48dd16bd suid low 2c177798
05-17 23:57:12.878  2444  3523 I sensors : handle_resp_cb:364, _fifo_resp not empty
05-17 23:57:12.878  2444  3523 I sensors : handle_resp_cb:377,  handle_resp_cb suid high 48dd16bd suid low 2c177798,_fifo_resp.begin() 4580e1e0
05-17 23:57:12.878  2444  3523 I sensors : handle_resp_cb:379, _fifo_resp still not empty
05-17 23:57:12.878  2444  3645 I libsensor-displayalgo: the value of channelCali C:374.318714,R:224.629017,G:137.019934,B:47.374483,scales C:1.017574,R:1.092311,G:1.010372,B:1.025091
05-17 23:57:12.878  2444  3645 E libsensor-displayalgo: value of coefs 5,850.303000,7.300256,-2.660090,1.550054,-8.640300, line 99
05-17 23:57:12.878  2444  3645 D libsensor-displayalgo: brightness:372.000000,R:189.367507,G:202.844303,B:228.813629,EVENT C:325.011047,R:175.005936,G:122.504158,B:45.001530, lux: 0.000000
05-17 23:57:12.878  2444  3645 I libsensor-displayalgo: ##### the value of lux: 0.000000, cct: 0.000000
05-17 23:57:12.878  2444  3645 I libsensor-ssccalapi: value of set_lux: 0.000000
05-17 23:57:12.878  2444  3645 I libsensor-ssccalapi: value of set cct: 0.000000
05-17 23:57:12.878  2444  3645 I sensors : send_request:296,  send_request suid high 48dd16bd suid low 2c177798
05-17 23:57:12.880  2444  3523 I sensors : handle_resp_cb:364, _fifo_resp not empty
05-17 23:57:12.880  2444  3523 I sensors : handle_resp_cb:377,  handle_resp_cb suid high 48dd16bd suid low 2c177798,_fifo_resp.begin() 4580e1e0
05-17 23:57:12.880  2444  3523 I sensors : handle_resp_cb:379, _fifo_resp still not empty
05-17 23:57:12.881  2444  3645 I libsensor-displayalgo: the value of channelCali C:374.318714,R:224.629017,G:137.019934,B:47.374483,scales C:1.017574,R:1.092311,G:1.010372,B:1.025091
05-17 23:57:12.881  2444  3645 E libsensor-displayalgo: value of coefs 5,850.303000,7.300256,-2.660090,1.550054,-8.640300, line 99
05-17 23:57:12.881  2444  3645 D libsensor-displayalgo: brightness:372.000000,R:189.367507,G:202.844303,B:228.813629,EVENT C:332.511292,R:177.506027,G:125.004242,B:45.001530, lux: 0.000000
05-17 23:57:12.881  2444  3645 I libsensor-displayalgo: ##### the value of lux: 0.000000, cct: 0.000000
05-17 23:57:12.881  2444  3645 I libsensor-ssccalapi: value of set_lux: 0.000000
05-17 23:57:12.881  2444  3645 I libsensor-ssccalapi: value of set cct: 0.000000
05-17 23:57:12.881  2444  3645 I sensors : send_request:296,  send_request suid high 48dd16bd suid low 2c177798
05-17 23:57:12.881  2444  3523 I sensors : handle_resp_cb:364, _fifo_resp not empty
05-17 23:57:12.881  2444  3523 I sensors : handle_resp_cb:377,  handle_resp_cb suid high 48dd16bd suid low 2c177798,_fifo_resp.begin() 4580e1e0
05-17 23:57:12.881  2444  3523 I sensors : handle_resp_cb:379, _fifo_resp still not empty
05-17 23:57:12.891 29591 29591 D BoundBrokerSvc: onUnbind: Intent { act=com.google.android.gms.common.telemetry.service.START dat=chimera-action:/... cmp=com.google.android.gms/.chimera.PersistentApiService }
05-17 23:57:12.972  2444  3645 I libsensor-displayalgo: the value of channelCali C:374.318714,R:224.629017,G:137.019934,B:47.374483,scales C:1.017574,R:1.092311,G:1.010372,B:1.025091
05-17 23:57:12.972  2444  3645 E libsensor-displayalgo: value of coefs 5,850.303000,7.300256,-2.660090,1.550054,-8.640300, line 99
05-17 23:57:12.972  2444  3645 D libsensor-displayalgo: brightness:372.000000,R:189.367507,G:202.844303,B:228.813629,EVENT C:327.511108,R:177.506027,G:122.504158,B:45.001530, lux: 0.000000
05-17 23:57:12.972  2444  3645 I libsensor-displayalgo: ##### the value of lux: 0.000000, cct: 0.000000
05-17 23:57:12.972  2444  3645 I libsensor-ssccalapi: value of set_lux: 0.000000
05-17 23:57:12.972  2444  3645 I libsensor-ssccalapi: value of set cct: 0.000000
05-17 23:57:12.972  2444  3645 I sensors : send_request:296,  send_request suid high 48dd16bd suid low 2c177798
05-17 23:57:12.973  2444  3523 I sensors : handle_resp_cb:364, _fifo_resp not empty
05-17 23:57:12.973  2444  3523 I sensors : handle_resp_cb:377,  handle_resp_cb suid high 48dd16bd suid low 2c177798,_fifo_resp.begin() 4580e1e0
05-17 23:57:12.973  2444  3523 I sensors : handle_resp_cb:379, _fifo_resp still not empty
05-17 23:57:12.974  2444  3645 I libsensor-displayalgo: the value of channelCali C:374.318714,R:224.629017,G:137.019934,B:47.374483,scales C:1.017574,R:1.092311,G:1.010372,B:1.025091
05-17 23:57:12.974  2444  3645 E libsensor-displayalgo: value of coefs 5,850.303000,7.300256,-2.660090,1.550054,-8.640300, line 99
05-17 23:57:12.974  2444  3645 D libsensor-displayalgo: brightness:372.000000,R:189.367507,G:202.844303,B:228.813629,EVENT C:327.511108,R:177.506027,G:122.504158,B:45.001530, lux: 0.000000
05-17 23:57:12.974  2444  3645 I libsensor-displayalgo: ##### the value of lux: 0.000000, cct: 0.000000
05-17 23:57:12.974  2444  3645 I libsensor-ssccalapi: value of set_lux: 0.000000
05-17 23:57:12.974  2444  3645 I libsensor-ssccalapi: value of set cct: 0.000000
05-17 23:57:12.974  2444  3645 I sensors : send_request:296,  send_request suid high 48dd16bd suid low 2c177798
05-17 23:57:12.975  2444  3523 I sensors : handle_resp_cb:364, _fifo_resp not empty
05-17 23:57:12.975  2444  3523 I sensors : handle_resp_cb:377,  handle_resp_cb suid high 48dd16bd suid low 2c177798,_fifo_resp.begin() 4580e1e0
05-17 23:57:12.975  2444  3523 I sensors : handle_resp_cb:379, _fifo_resp still not empty
05-17 23:57:12.976  2444  3645 I libsensor-displayalgo: the value of channelCali C:374.318714,R:224.629017,G:137.019934,B:47.374483,scales C:1.017574,R:1.092311,G:1.010372,B:1.025091
05-17 23:57:12.976  2444  3645 E libsensor-displayalgo: value of coefs 5,850.303000,7.300256,-2.660090,1.550054,-8.640300, line 99
05-17 23:57:12.976  2444  3645 D libsensor-displayalgo: brightness:372.000000,R:189.367507,G:202.844303,B:228.813629,EVENT C:332.511292,R:177.506027,G:125.004242,B:47.501614, lux: 0.000000
05-17 23:57:12.976  2444  3645 I libsensor-displayalgo: ##### the value of lux: 0.000000, cct: 0.000000
05-17 23:57:12.976  2444  3645 I libsensor-ssccalapi: value of set_lux: 0.000000
05-17 23:57:12.976  2444  3645 I libsensor-ssccalapi: value of set cct: 0.000000
05-17 23:57:12.976  2444  3645 I sensors : send_request:296,  send_request suid high 48dd16bd suid low 2c177798
05-17 23:57:12.977  2444  3523 I sensors : handle_resp_cb:364, _fifo_resp not empty
05-17 23:57:12.977  2444  3523 I sensors : handle_resp_cb:377,  handle_resp_cb suid high 48dd16bd suid low 2c177798,_fifo_resp.begin() 4580e1e0
05-17 23:57:12.977  2444  3523 I sensors : handle_resp_cb:379, _fifo_resp still not empty
05-17 23:57:12.987  1657 10484 I MiStcImpl: Dispatching command: 35 SET_HISTOGRAM
05-17 23:57:13.072  2444  3645 I libsensor-displayalgo: the value of channelCali C:374.318714,R:224.629017,G:137.019934,B:47.374483,scales C:1.017574,R:1.092311,G:1.010372,B:1.025091
05-17 23:57:13.072  2444  3645 E libsensor-displayalgo: value of coefs 5,850.303000,7.300256,-2.660090,1.550054,-8.640300, line 99
05-17 23:57:13.072  2444  3645 D libsensor-displayalgo: brightness:372.000000,R:189.367507,G:202.844303,B:228.813629,EVENT C:327.511108,R:177.506027,G:122.504158,B:45.001530, lux: 0.000000
05-17 23:57:13.072  2444  3645 I libsensor-displayalgo: ##### the value of lux: 0.000000, cct: 0.000000
05-17 23:57:13.072  2444  3645 I libsensor-ssccalapi: value of set_lux: 0.000000
05-17 23:57:13.072  2444  3645 I libsensor-ssccalapi: value of set cct: 0.000000
05-17 23:57:13.072  2444  3645 I sensors : send_request:296,  send_request suid high 48dd16bd suid low 2c177798
05-17 23:57:13.074  2444  3523 I sensors : handle_resp_cb:364, _fifo_resp not empty
05-17 23:57:13.074  2444  3523 I sensors : handle_resp_cb:377,  handle_resp_cb suid high 48dd16bd suid low 2c177798,_fifo_resp.begin() 4580e1e0
05-17 23:57:13.074  2444  3523 I sensors : handle_resp_cb:379, _fifo_resp still not empty
05-17 23:57:13.074  2444  3645 I libsensor-displayalgo: the value of channelCali C:374.318714,R:224.629017,G:137.019934,B:47.374483,scales C:1.017574,R:1.092311,G:1.010372,B:1.025091
05-17 23:57:13.074  2444  3645 E libsensor-displayalgo: value of coefs 5,850.303000,7.300256,-2.660090,1.550054,-8.640300, line 99
05-17 23:57:13.074  2444  3645 D libsensor-displayalgo: brightness:372.000000,R:189.367507,G:202.844303,B:228.813629,EVENT C:332.511292,R:177.506027,G:127.504326,B:45.001530, lux: 0.000000
05-17 23:57:13.075  2444  3645 I libsensor-displayalgo: ##### the value of lux: 0.000000, cct: 0.000000
05-17 23:57:13.075  2444  3645 I libsensor-ssccalapi: value of set_lux: 0.000000
05-17 23:57:13.075  2444  3645 I libsensor-ssccalapi: value of set cct: 0.000000
05-17 23:57:13.075  2444  3645 I sensors : send_request:296,  send_request suid high 48dd16bd suid low 2c177798
05-17 23:57:13.075  2444  3523 I sensors : handle_resp_cb:364, _fifo_resp not empty
05-17 23:57:13.075  2444  3523 I sensors : handle_resp_cb:377,  handle_resp_cb suid high 48dd16bd suid low 2c177798,_fifo_resp.begin() 4580e1e0
05-17 23:57:13.075  2444  3523 I sensors : handle_resp_cb:379, _fifo_resp still not empty
05-17 23:57:13.076  2444  3645 I libsensor-displayalgo: the value of channelCali C:374.318714,R:224.629017,G:137.019934,B:47.374483,scales C:1.017574,R:1.092311,G:1.010372,B:1.025091
05-17 23:57:13.077  2444  3645 E libsensor-displayalgo: value of coefs 5,850.303000,7.300256,-2.660090,1.550054,-8.640300, line 99
05-17 23:57:13.077  2444  3645 D libsensor-displayalgo: brightness:372.000000,R:189.367507,G:202.844303,B:228.813629,EVENT C:327.511108,R:177.506027,G:122.504158,B:45.001530, lux: 0.000000
05-17 23:57:13.077  2444  3645 I libsensor-displayalgo: ##### the value of lux: 0.000000, cct: 0.000000
05-17 23:57:13.077  2444  3645 I libsensor-ssccalapi: value of set_lux: 0.000000
05-17 23:57:13.077  2444  3645 I libsensor-ssccalapi: value of set cct: 0.000000
05-17 23:57:13.077  2444  3645 I sensors : send_request:296,  send_request suid high 48dd16bd suid low 2c177798
05-17 23:57:13.078  2444  3523 I sensors : handle_resp_cb:364, _fifo_resp not empty
05-17 23:57:13.078  2444  3523 I sensors : handle_resp_cb:377,  handle_resp_cb suid high 48dd16bd suid low 2c177798,_fifo_resp.begin() 4580e1e0
05-17 23:57:13.078  2444  3523 I sensors : handle_resp_cb:379, _fifo_resp still not empty
05-17 23:57:13.079  2444  3645 I libsensor-displayalgo: the value of channelCali C:374.318714,R:224.629017,G:137.019934,B:47.374483,scales C:1.017574,R:1.092311,G:1.010372,B:1.025091
05-17 23:57:13.079  2444  3645 E libsensor-displayalgo: value of coefs 5,850.303000,7.300256,-2.660090,1.550054,-8.640300, line 99
05-17 23:57:13.079  2444  3645 D libsensor-displayalgo: brightness:372.000000,R:189.367507,G:202.844303,B:228.813629,EVENT C:330.011200,R:177.506027,G:125.004242,B:45.001530, lux: 0.000000
05-17 23:57:13.079  2444  3645 I libsensor-displayalgo: ##### the value of lux: 0.000000, cct: 0.000000
05-17 23:57:13.079  2444  3645 I libsensor-ssccalapi: value of set_lux: 0.000000
05-17 23:57:13.079  2444  3645 I libsensor-ssccalapi: value of set cct: 0.000000
05-17 23:57:13.079  2444  3645 I sensors : send_request:296,  send_request suid high 48dd16bd suid low 2c177798
05-17 23:57:13.081  2444  3523 I sensors : handle_resp_cb:364, _fifo_resp not empty
05-17 23:57:13.081  2444  3523 I sensors : handle_resp_cb:377,  handle_resp_cb suid high 48dd16bd suid low 2c177798,_fifo_resp.begin() 4580e1e0
05-17 23:57:13.081  2444  3523 I sensors : handle_resp_cb:379, _fifo_resp still not empty
05-17 23:57:13.172  2444  3645 I libsensor-displayalgo: the value of channelCali C:374.318714,R:224.629017,G:137.019934,B:47.374483,scales C:1.017574,R:1.092311,G:1.010372,B:1.025091
05-17 23:57:13.172  2444  3645 E libsensor-displayalgo: value of coefs 5,850.303000,7.300256,-2.660090,1.550054,-8.640300, line 99
05-17 23:57:13.172  2444  3645 D libsensor-displayalgo: brightness:372.000000,R:189.367507,G:202.844303,B:228.813629,EVENT C:327.511108,R:177.506027,G:122.504158,B:45.001530, lux: 0.000000
05-17 23:57:13.172  2444  3645 I libsensor-displayalgo: ##### the value of lux: 0.000000, cct: 0.000000
05-17 23:57:13.172  2444  3645 I libsensor-ssccalapi: value of set_lux: 0.000000
05-17 23:57:13.172  2444  3645 I libsensor-ssccalapi: value of set cct: 0.000000
05-17 23:57:13.172  2444  3645 I sensors : send_request:296,  send_request suid high 48dd16bd suid low 2c177798
05-17 23:57:13.173  2444  3523 I sensors : handle_resp_cb:364, _fifo_resp not empty
05-17 23:57:13.173  2444  3523 I sensors : handle_resp_cb:377,  handle_resp_cb suid high 48dd16bd suid low 2c177798,_fifo_resp.begin() 4580e1e0
05-17 23:57:13.174  2444  3523 I sensors : handle_resp_cb:379, _fifo_resp still not empty
05-17 23:57:13.174  2444  3645 I libsensor-displayalgo: the value of channelCali C:374.318714,R:224.629017,G:137.019934,B:47.374483,scales C:1.017574,R:1.092311,G:1.010372,B:1.025091
05-17 23:57:13.174  2444  3645 E libsensor-displayalgo: value of coefs 5,850.303000,7.300256,-2.660090,1.550054,-8.640300, line 99
05-17 23:57:13.174  2444  3645 D libsensor-displayalgo: brightness:372.000000,R:189.367507,G:202.844303,B:228.813629,EVENT C:332.511292,R:177.506027,G:125.004242,B:45.001530, lux: 0.000000
05-17 23:57:13.174  2444  3645 I libsensor-displayalgo: ##### the value of lux: 0.000000, cct: 0.000000
05-17 23:57:13.175  2444  3645 I libsensor-ssccalapi: value of set_lux: 0.000000
05-17 23:57:13.175  2444  3645 I libsensor-ssccalapi: value of set cct: 0.000000
05-17 23:57:13.175  2444  3645 I sensors : send_request:296,  send_request suid high 48dd16bd suid low 2c177798
05-17 23:57:13.175  2444  3523 I sensors : handle_resp_cb:364, _fifo_resp not empty
05-17 23:57:13.175  2444  3523 I sensors : handle_resp_cb:377,  handle_resp_cb suid high 48dd16bd suid low 2c177798,_fifo_resp.begin() 4580e1e0
05-17 23:57:13.175  2444  3523 I sensors : handle_resp_cb:379, _fifo_resp still not empty
05-17 23:57:13.176  2444  3645 I libsensor-displayalgo: the value of channelCali C:374.318714,R:224.629017,G:137.019934,B:47.374483,scales C:1.017574,R:1.092311,G:1.010372,B:1.025091
05-17 23:57:13.177  2444  3645 E libsensor-displayalgo: value of coefs 5,850.303000,7.300256,-2.660090,1.550054,-8.640300, line 99
05-17 23:57:13.177  2444  3645 D libsensor-displayalgo: brightness:372.000000,R:189.367507,G:202.844303,B:228.813629,EVENT C:327.511108,R:175.005936,G:125.004242,B:45.001530, lux: 0.000000
05-17 23:57:13.177  2444  3645 I libsensor-displayalgo: ##### the value of lux: 0.000000, cct: 0.000000
05-17 23:57:13.177  2444  3645 I libsensor-ssccalapi: value of set_lux: 0.000000
05-17 23:57:13.177  2444  3645 I libsensor-ssccalapi: value of set cct: 0.000000
05-17 23:57:13.177  2444  3645 I sensors : send_request:296,  send_request suid high 48dd16bd suid low 2c177798
05-17 23:57:13.178  2444  3523 I sensors : handle_resp_cb:364, _fifo_resp not empty
05-17 23:57:13.178  2444  3523 I sensors : handle_resp_cb:377,  handle_resp_cb suid high 48dd16bd suid low 2c177798,_fifo_resp.begin() 4580e1e0
05-17 23:57:13.178  2444  3523 I sensors : handle_resp_cb:379, _fifo_resp still not empty
05-17 23:57:13.179  2444  3645 I libsensor-displayalgo: the value of channelCali C:374.318714,R:224.629017,G:137.019934,B:47.374483,scales C:1.017574,R:1.092311,G:1.010372,B:1.025091
05-17 23:57:13.179  2444  3645 E libsensor-displayalgo: value of coefs 5,850.303000,7.300256,-2.660090,1.550054,-8.640300, line 99
05-17 23:57:13.179  2444  3645 D libsensor-displayalgo: brightness:372.000000,R:189.367507,G:202.844303,B:228.813629,EVENT C:332.511292,R:180.006119,G:125.004242,B:47.501614, lux: 0.000000
05-17 23:57:13.179  2444  3645 I libsensor-displayalgo: ##### the value of lux: 0.000000, cct: 0.000000
05-17 23:57:13.179  2444  3645 I libsensor-ssccalapi: value of set_lux: 0.000000
05-17 23:57:13.179  2444  3645 I libsensor-ssccalapi: value of set cct: 0.000000
05-17 23:57:13.179  2444  3645 I sensors : send_request:296,  send_request suid high 48dd16bd suid low 2c177798
05-17 23:57:13.181  2444  3523 I sensors : handle_resp_cb:364, _fifo_resp not empty
05-17 23:57:13.181  2444  3523 I sensors : handle_resp_cb:377,  handle_resp_cb suid high 48dd16bd suid low 2c177798,_fifo_resp.begin() 4580e1e0
05-17 23:57:13.181  2444  3523 I sensors : handle_resp_cb:379, _fifo_resp still not empty
05-17 23:57:13.181  2444  3645 I libsensor-displayalgo: the value of channelCali C:374.318714,R:224.629017,G:137.019934,B:47.374483,scales C:1.017574,R:1.092311,G:1.010372,B:1.025091
05-17 23:57:13.181  2444  3645 E libsensor-displayalgo: value of coefs 5,850.303000,7.300256,-2.660090,1.550054,-8.640300, line 99
05-17 23:57:13.181  2444  3645 D libsensor-displayalgo: brightness:372.000000,R:189.367507,G:202.844303,B:228.813629,EVENT C:332.511292,R:180.006119,G:125.004242,B:45.001530, lux: 0.000000
05-17 23:57:13.181  2444  3645 I libsensor-displayalgo: ##### the value of lux: 0.000000, cct: 0.000000
05-17 23:57:13.181  2444  3645 I libsensor-ssccalapi: value of set_lux: 0.000000
05-17 23:57:13.181  2444  3645 I libsensor-ssccalapi: value of set cct: 0.000000
05-17 23:57:13.181  2444  3645 I sensors : send_request:296,  send_request suid high 48dd16bd suid low 2c177798
05-17 23:57:13.182  2444  3523 I sensors : handle_resp_cb:364, _fifo_resp not empty
05-17 23:57:13.182  2444  3523 I sensors : handle_resp_cb:377,  handle_resp_cb suid high 48dd16bd suid low 2c177798,_fifo_resp.begin() 4580e1e0
05-17 23:57:13.182  2444  3523 I sensors : handle_resp_cb:379, _fifo_resp still not empty
05-17 23:57:13.188  1657 10484 I MiStcImpl: Dispatching command: 35 SET_HISTOGRAM
05-17 23:57:13.272  2444  3645 I libsensor-displayalgo: the value of channelCali C:374.318714,R:224.629017,G:137.019934,B:47.374483,scales C:1.017574,R:1.092311,G:1.010372,B:1.025091
05-17 23:57:13.272  2444  3645 E libsensor-displayalgo: value of coefs 5,850.303000,7.300256,-2.660090,1.550054,-8.640300, line 99
05-17 23:57:13.272  2444  3645 D libsensor-displayalgo: brightness:372.000000,R:189.367507,G:202.844303,B:228.813629,EVENT C:327.511108,R:175.005936,G:125.004242,B:45.001530, lux: 0.000000
05-17 23:57:13.272  2444  3645 I libsensor-displayalgo: ##### the value of lux: 0.000000, cct: 0.000000
05-17 23:57:13.272  2444  3645 I libsensor-ssccalapi: value of set_lux: 0.000000
05-17 23:57:13.272  2444  3645 I libsensor-ssccalapi: value of set cct: 0.000000
05-17 23:57:13.272  2444  3645 I sensors : send_request:296,  send_request suid high 48dd16bd suid low 2c177798
05-17 23:57:13.274  2444  3523 I sensors : handle_resp_cb:364, _fifo_resp not empty
05-17 23:57:13.274  2444  3523 I sensors : handle_resp_cb:377,  handle_resp_cb suid high 48dd16bd suid low 2c177798,_fifo_resp.begin() 4580e1e0
05-17 23:57:13.274  2444  3523 I sensors : handle_resp_cb:379, _fifo_resp still not empty
05-17 23:57:13.274  2444  3645 I libsensor-displayalgo: the value of channelCali C:374.318714,R:224.629017,G:137.019934,B:47.374483,scales C:1.017574,R:1.092311,G:1.010372,B:1.025091
05-17 23:57:13.274  2444  3645 E libsensor-displayalgo: value of coefs 5,850.303000,7.300256,-2.660090,1.550054,-8.640300, line 99
05-17 23:57:13.274  2444  3645 D libsensor-displayalgo: brightness:372.000000,R:189.367507,G:202.844303,B:228.813629,EVENT C:335.011383,R:177.506027,G:125.004242,B:45.001530, lux: 0.000000
05-17 23:57:13.275  2444  3645 I libsensor-displayalgo: ##### the value of lux: 0.000000, cct: 0.000000
05-17 23:57:13.275  2444  3645 I libsensor-ssccalapi: value of set_lux: 0.000000
05-17 23:57:13.275  2444  3645 I libsensor-ssccalapi: value of set cct: 0.000000
05-17 23:57:13.275  2444  3645 I sensors : send_request:296,  send_request suid high 48dd16bd suid low 2c177798
05-17 23:57:13.275  2444  3523 I sensors : handle_resp_cb:364, _fifo_resp not empty
05-17 23:57:13.275  2444  3523 I sensors : handle_resp_cb:377,  handle_resp_cb suid high 48dd16bd suid low 2c177798,_fifo_resp.begin() 4580e1e0
05-17 23:57:13.275  2444  3523 I sensors : handle_resp_cb:379, _fifo_resp still not empty
05-17 23:57:13.276  2444  3645 I libsensor-displayalgo: the value of channelCali C:374.318714,R:224.629017,G:137.019934,B:47.374483,scales C:1.017574,R:1.092311,G:1.010372,B:1.025091
05-17 23:57:13.276  2444  3645 E libsensor-displayalgo: value of coefs 5,850.303000,7.300256,-2.660090,1.550054,-8.640300, line 99
05-17 23:57:13.276  2444  3645 D libsensor-displayalgo: brightness:372.000000,R:189.367507,G:202.844303,B:228.813629,EVENT C:330.011200,R:172.505859,G:122.504158,B:45.001530, lux: 0.000000
05-17 23:57:13.276  2444  3645 I libsensor-displayalgo: ##### the value of lux: 0.000000, cct: 0.000000
05-17 23:57:13.276  2444  3645 I libsensor-ssccalapi: value of set_lux: 0.000000
05-17 23:57:13.276  2444  3645 I libsensor-ssccalapi: value of set cct: 0.000000
05-17 23:57:13.276  2444  3645 I sensors : send_request:296,  send_request suid high 48dd16bd suid low 2c177798
05-17 23:57:13.277  2444  3523 I sensors : handle_resp_cb:364, _fifo_resp not empty
05-17 23:57:13.278  2444  3523 I sensors : handle_resp_cb:377,  handle_resp_cb suid high 48dd16bd suid low 2c177798,_fifo_resp.begin() 4580e1e0
05-17 23:57:13.278  2444  3523 I sensors : handle_resp_cb:379, _fifo_resp still not empty
05-17 23:57:13.279  2444  3645 I libsensor-displayalgo: the value of channelCali C:374.318714,R:224.629017,G:137.019934,B:47.374483,scales C:1.017574,R:1.092311,G:1.010372,B:1.025091
05-17 23:57:13.279  2444  3645 E libsensor-displayalgo: value of coefs 5,850.303000,7.300256,-2.660090,1.550054,-8.640300, line 99
05-17 23:57:13.279  2444  3645 D libsensor-displayalgo: brightness:372.000000,R:189.367507,G:202.844303,B:228.813629,EVENT C:330.011200,R:180.006119,G:125.004242,B:45.001530, lux: 0.000000
05-17 23:57:13.279  2444  3645 I libsensor-displayalgo: ##### the value of lux: 0.000000, cct: 0.000000
05-17 23:57:13.279  2444  3645 I libsensor-ssccalapi: value of set_lux: 0.000000
05-17 23:57:13.279  2444  3645 I libsensor-ssccalapi: value of set cct: 0.000000
05-17 23:57:13.279  2444  3645 I sensors : send_request:296,  send_request suid high 48dd16bd suid low 2c177798
05-17 23:57:13.280  2444  3523 I sensors : handle_resp_cb:364, _fifo_resp not empty
05-17 23:57:13.280  2444  3523 I sensors : handle_resp_cb:377,  handle_resp_cb suid high 48dd16bd suid low 2c177798,_fifo_resp.begin() 4580e1e0
05-17 23:57:13.280  2444  3523 I sensors : handle_resp_cb:379, _fifo_resp still not empty
05-17 23:57:13.281  2444  3645 I libsensor-displayalgo: the value of channelCali C:374.318714,R:224.629017,G:137.019934,B:47.374483,scales C:1.017574,R:1.092311,G:1.010372,B:1.025091
05-17 23:57:13.281  2444  3645 E libsensor-displayalgo: value of coefs 5,850.303000,7.300256,-2.660090,1.550054,-8.640300, line 99
05-17 23:57:13.281  2444  3645 D libsensor-displayalgo: brightness:372.000000,R:189.367507,G:202.844303,B:228.813629,EVENT C:327.511108,R:175.005936,G:125.004242,B:47.501614, lux: 0.000000
05-17 23:57:13.281  2444  3645 I libsensor-displayalgo: ##### the value of lux: 0.000000, cct: 0.000000
05-17 23:57:13.281  2444  3645 I libsensor-ssccalapi: value of set_lux: 0.000000
05-17 23:57:13.281  2444  3645 I libsensor-ssccalapi: value of set cct: 0.000000
05-17 23:57:13.281  2444  3645 I sensors : send_request:296,  send_request suid high 48dd16bd suid low 2c177798
05-17 23:57:13.283  2444  3523 I sensors : handle_resp_cb:364, _fifo_resp not empty
05-17 23:57:13.283  2444  3523 I sensors : handle_resp_cb:377,  handle_resp_cb suid high 48dd16bd suid low 2c177798,_fifo_resp.begin() 4580e1e0
05-17 23:57:13.283  2444  3523 I sensors : handle_resp_cb:379, _fifo_resp still not empty
05-17 23:57:13.372  2444  3645 I libsensor-displayalgo: the value of channelCali C:374.318714,R:224.629017,G:137.019934,B:47.374483,scales C:1.017574,R:1.092311,G:1.010372,B:1.025091
05-17 23:57:13.372  2444  3645 E libsensor-displayalgo: value of coefs 5,850.303000,7.300256,-2.660090,1.550054,-8.640300, line 99
05-17 23:57:13.372  2444  3645 D libsensor-displayalgo: brightness:372.000000,R:189.367507,G:202.844303,B:228.813629,EVENT C:330.011200,R:177.506027,G:125.004242,B:45.001530, lux: 0.000000
05-17 23:57:13.372  2444  3645 I libsensor-displayalgo: ##### the value of lux: 0.000000, cct: 0.000000
05-17 23:57:13.372  2444  3645 I libsensor-ssccalapi: value of set_lux: 0.000000
05-17 23:57:13.372  2444  3645 I libsensor-ssccalapi: value of set cct: 0.000000
05-17 23:57:13.372  2444  3645 I sensors : send_request:296,  send_request suid high 48dd16bd suid low 2c177798
05-17 23:57:13.374  2444  3523 I sensors : handle_resp_cb:364, _fifo_resp not empty
